[INFO] Scanning for projects...
[WARNING] 
[WARNING] Some problems were encountered while building the effective model for org.llin.demo.northwind:northwind-frontend:war:0.0.1-SNAPSHOT
[WARNING] 'dependencies.dependency.(groupId:artifactId:type:classifier)' must be unique: org.springframework.boot:spring-boot-starter-security:jar -> duplicate declaration of version (?) @ line 79, column 15
[WARNING] 
[WARNING] It is highly recommended to fix these problems because they threaten the stability of your build.
[WARNING] 
[WARNING] For this reason, future Maven versions might no longer support building such malformed projects.
[WARNING] 
[INFO] 
[INFO] -------------< org.llin.demo.northwind:northwind-frontend >-------------
[INFO] Building northwind-frontend 0.0.1-SNAPSHOT
[INFO] --------------------------------[ war ]---------------------------------
Downloading from central: https://repo.maven.apache.org/maven2/org/springframework/boot/spring-boot-starter-aop/3.4.6/spring-boot-starter-aop-3.4.6.pom
Progress (1): 2.5 kB                    Downloaded from central: https://repo.maven.apache.org/maven2/org/springframework/boot/spring-boot-starter-aop/3.4.6/spring-boot-starter-aop-3.4.6.pom (2.5 kB at 5.1 kB/s)
Downloading from central: https://repo.maven.apache.org/maven2/org/springframework/boot/spring-boot-starter-actuator/3.4.6/spring-boot-starter-actuator-3.4.6.pom
Progress (1): 2.8 kB                    Downloaded from central: https://repo.maven.apache.org/maven2/org/springframework/boot/spring-boot-starter-actuator/3.4.6/spring-boot-starter-actuator-3.4.6.pom (2.8 kB at 22 kB/s)
Downloading from central: https://repo.maven.apache.org/maven2/org/springframework/boot/spring-boot-actuator-autoconfigure/3.4.6/spring-boot-actuator-autoconfigure-3.4.6.pom
Progress (1): 2.9 kB                    Downloaded from central: https://repo.maven.apache.org/maven2/org/springframework/boot/spring-boot-actuator-autoconfigure/3.4.6/spring-boot-actuator-autoconfigure-3.4.6.pom (2.9 kB at 21 kB/s)
Downloading from central: https://repo.maven.apache.org/maven2/org/springframework/boot/spring-boot-actuator/3.4.6/spring-boot-actuator-3.4.6.pom
Progress (1): 2.0 kB                    Downloaded from central: https://repo.maven.apache.org/maven2/org/springframework/boot/spring-boot-actuator/3.4.6/spring-boot-actuator-3.4.6.pom (2.0 kB at 15 kB/s)
Downloading from central: https://repo.maven.apache.org/maven2/io/micrometer/micrometer-jakarta9/1.14.7/micrometer-jakarta9-1.14.7.pom
Progress (1): 3.8 kB                    Downloaded from central: https://repo.maven.apache.org/maven2/io/micrometer/micrometer-jakarta9/1.14.7/micrometer-jakarta9-1.14.7.pom (3.8 kB at 33 kB/s)
Downloading from central: https://repo.maven.apache.org/maven2/io/micrometer/micrometer-core/1.14.7/micrometer-core-1.14.7.pom
Progress (1): 4.1 kBProgress (1): 8.2 kBProgress (1): 11 kB                    Downloaded from central: https://repo.maven.apache.org/maven2/io/micrometer/micrometer-core/1.14.7/micrometer-core-1.14.7.pom (11 kB at 81 kB/s)
Downloading from central: https://repo.maven.apache.org/maven2/org/hdrhistogram/HdrHistogram/2.2.2/HdrHistogram-2.2.2.pom
Progress (1): 4.1 kBProgress (1): 8.2 kBProgress (1): 12 kB Progress (1): 13 kB                   Downloaded from central: https://repo.maven.apache.org/maven2/org/hdrhistogram/HdrHistogram/2.2.2/HdrHistogram-2.2.2.pom (13 kB at 142 kB/s)
Downloading from central: https://repo.maven.apache.org/maven2/org/latencyutils/LatencyUtils/2.0.3/LatencyUtils-2.0.3.pom
Progress (1): 4.1 kBProgress (1): 7.2 kB                    Downloaded from central: https://repo.maven.apache.org/maven2/org/latencyutils/LatencyUtils/2.0.3/LatencyUtils-2.0.3.pom (7.2 kB at 80 kB/s)
Downloading from central: https://repo.maven.apache.org/maven2/org/springframework/boot/spring-boot-starter-cache/3.4.6/spring-boot-starter-cache-3.4.6.pom
Progress (1): 2.3 kB                    Downloaded from central: https://repo.maven.apache.org/maven2/org/springframework/boot/spring-boot-starter-cache/3.4.6/spring-boot-starter-cache-3.4.6.pom (2.3 kB at 10.0 kB/s)
Downloading from central: https://repo.maven.apache.org/maven2/ognl/ognl/3.3.4/ognl-3.3.4.pom
Progress (1): 4.1 kBProgress (1): 8.2 kBProgress (1): 9.0 kB                    Downloaded from central: https://repo.maven.apache.org/maven2/ognl/ognl/3.3.4/ognl-3.3.4.pom (9.0 kB at 107 kB/s)
Downloading from central: https://repo.maven.apache.org/maven2/org/javassist/javassist/3.29.0-GA/javassist-3.29.0-GA.pom
Progress (1): 4.1 kBProgress (1): 8.2 kBProgress (1): 11 kB                    Downloaded from central: https://repo.maven.apache.org/maven2/org/javassist/javassist/3.29.0-GA/javassist-3.29.0-GA.pom (11 kB at 118 kB/s)
Downloading from central: https://repo.maven.apache.org/maven2/org/thymeleaf/thymeleaf-spring5/3.1.3.RELEASE/thymeleaf-spring5-3.1.3.RELEASE.pom
Progress (1): 4.1 kBProgress (1): 4.6 kB                    Downloaded from central: https://repo.maven.apache.org/maven2/org/thymeleaf/thymeleaf-spring5/3.1.3.RELEASE/thymeleaf-spring5-3.1.3.RELEASE.pom (4.6 kB at 28 kB/s)
Downloading from central: https://repo.maven.apache.org/maven2/org/springframework/security/spring-security-test/6.4.6/spring-security-test-6.4.6.pom
Progress (1): 2.7 kB                    Downloaded from central: https://repo.maven.apache.org/maven2/org/springframework/security/spring-security-test/6.4.6/spring-security-test-6.4.6.pom (2.7 kB at 20 kB/s)
Downloading from central: https://repo.maven.apache.org/maven2/com/fasterxml/jackson/dataformat/jackson-dataformat-xml/2.18.4/jackson-dataformat-xml-2.18.4.pom
Progress (1): 4.1 kBProgress (1): 8.2 kBProgress (1): 9.5 kB                    Downloaded from central: https://repo.maven.apache.org/maven2/com/fasterxml/jackson/dataformat/jackson-dataformat-xml/2.18.4/jackson-dataformat-xml-2.18.4.pom (9.5 kB at 79 kB/s)
Downloading from central: https://repo.maven.apache.org/maven2/org/codehaus/woodstox/stax2-api/4.2.2/stax2-api-4.2.2.pom
Progress (1): 4.1 kBProgress (1): 6.3 kB                    Downloaded from central: https://repo.maven.apache.org/maven2/org/codehaus/woodstox/stax2-api/4.2.2/stax2-api-4.2.2.pom (6.3 kB at 82 kB/s)
Downloading from central: https://repo.maven.apache.org/maven2/com/fasterxml/oss-parent/55/oss-parent-55.pom
Progress (1): 4.1 kBProgress (1): 8.2 kBProgress (1): 12 kB Progress (1): 16 kBProgress (1): 20 kBProgress (1): 24 kB                   Downloaded from central: https://repo.maven.apache.org/maven2/com/fasterxml/oss-parent/55/oss-parent-55.pom (24 kB at 274 kB/s)
Downloading from central: https://repo.maven.apache.org/maven2/com/fasterxml/woodstox/woodstox-core/7.0.0/woodstox-core-7.0.0.pom
Progress (1): 4.1 kBProgress (1): 8.2 kBProgress (1): 9.5 kB                    Downloaded from central: https://repo.maven.apache.org/maven2/com/fasterxml/woodstox/woodstox-core/7.0.0/woodstox-core-7.0.0.pom (9.5 kB at 99 kB/s)
Downloading from central: https://repo.maven.apache.org/maven2/com/fasterxml/oss-parent/59/oss-parent-59.pom
Progress (1): 4.1 kBProgress (1): 8.2 kBProgress (1): 12 kB Progress (1): 16 kBProgress (1): 20 kBProgress (1): 24 kB                   Downloaded from central: https://repo.maven.apache.org/maven2/com/fasterxml/oss-parent/59/oss-parent-59.pom (24 kB at 218 kB/s)
Downloading from central: https://repo.maven.apache.org/maven2/org/apache/xmlgraphics/fop/2.7/fop-2.7.pom
Progress (1): 2.7 kB                    Downloaded from central: https://repo.maven.apache.org/maven2/org/apache/xmlgraphics/fop/2.7/fop-2.7.pom (2.7 kB at 23 kB/s)
Downloading from central: https://repo.maven.apache.org/maven2/org/apache/xmlgraphics/fop-parent/2.7/fop-parent-2.7.pom
Progress (1): 4.1 kBProgress (1): 6.0 kB                    Downloaded from central: https://repo.maven.apache.org/maven2/org/apache/xmlgraphics/fop-parent/2.7/fop-parent-2.7.pom (6.0 kB at 42 kB/s)
Downloading from central: https://repo.maven.apache.org/maven2/org/apache/xmlgraphics/fop-util/2.7/fop-util-2.7.pom
Progress (1): 3.3 kB                    Downloaded from central: https://repo.maven.apache.org/maven2/org/apache/xmlgraphics/fop-util/2.7/fop-util-2.7.pom (3.3 kB at 24 kB/s)
Downloading from central: https://repo.maven.apache.org/maven2/org/apache/xmlgraphics/xmlgraphics-commons/2.7/xmlgraphics-commons-2.7.pom
Progress (1): 3.5 kB                    Downloaded from central: https://repo.maven.apache.org/maven2/org/apache/xmlgraphics/xmlgraphics-commons/2.7/xmlgraphics-commons-2.7.pom (3.5 kB at 42 kB/s)
Downloading from central: https://repo.maven.apache.org/maven2/commons-io/commons-io/1.3.1/commons-io-1.3.1.pom
Progress (1): 4.1 kBProgress (1): 6.8 kB                    Downloaded from central: https://repo.maven.apache.org/maven2/commons-io/commons-io/1.3.1/commons-io-1.3.1.pom (6.8 kB at 64 kB/s)
Downloading from central: https://repo.maven.apache.org/maven2/commons-logging/commons-logging/1.0.4/commons-logging-1.0.4.pom
Progress (1): 4.1 kBProgress (1): 5.3 kB                    Downloaded from central: https://repo.maven.apache.org/maven2/commons-logging/commons-logging/1.0.4/commons-logging-1.0.4.pom (5.3 kB at 45 kB/s)
Downloading from central: https://repo.maven.apache.org/maven2/org/apache/xmlgraphics/fop-events/2.7/fop-events-2.7.pom
Progress (1): 4.1 kBProgress (1): 5.1 kB                    Downloaded from central: https://repo.maven.apache.org/maven2/org/apache/xmlgraphics/fop-events/2.7/fop-events-2.7.pom (5.1 kB at 40 kB/s)
Downloading from central: https://repo.maven.apache.org/maven2/com/thoughtworks/qdox/qdox/1.12/qdox-1.12.pom
Progress (1): 4.1 kBProgress (1): 8.2 kBProgress (1): 12 kB Progress (1): 16 kBProgress (1): 19 kB                   Downloaded from central: https://repo.maven.apache.org/maven2/com/thoughtworks/qdox/qdox/1.12/qdox-1.12.pom (19 kB at 135 kB/s)
Downloading from central: https://repo.maven.apache.org/maven2/org/apache/xmlgraphics/fop-core/2.7/fop-core-2.7.pom
Progress (1): 4.1 kBProgress (1): 8.2 kBProgress (1): 12 kB Progress (1): 14 kB                   Downloaded from central: https://repo.maven.apache.org/maven2/org/apache/xmlgraphics/fop-core/2.7/fop-core-2.7.pom (14 kB at 115 kB/s)
Downloading from central: https://repo.maven.apache.org/maven2/org/apache/xmlgraphics/batik-anim/1.14/batik-anim-1.14.pom
Progress (1): 3.7 kB                    Downloaded from central: https://repo.maven.apache.org/maven2/org/apache/xmlgraphics/batik-anim/1.14/batik-anim-1.14.pom (3.7 kB at 36 kB/s)
Downloading from central: https://repo.maven.apache.org/maven2/org/apache/xmlgraphics/batik/1.14/batik-1.14.pom
Progress (1): 4.1 kBProgress (1): 7.2 kB                    Downloaded from central: https://repo.maven.apache.org/maven2/org/apache/xmlgraphics/batik/1.14/batik-1.14.pom (7.2 kB at 69 kB/s)
Downloading from central: https://repo.maven.apache.org/maven2/org/apache/xmlgraphics/batik-awt-util/1.14/batik-awt-util-1.14.pom
Progress (1): 2.8 kB                    Downloaded from central: https://repo.maven.apache.org/maven2/org/apache/xmlgraphics/batik-awt-util/1.14/batik-awt-util-1.14.pom (2.8 kB at 20 kB/s)
Downloading from central: https://repo.maven.apache.org/maven2/org/apache/xmlgraphics/batik-shared-resources/1.14/batik-shared-resources-1.14.pom
Progress (1): 1.7 kB                    Downloaded from central: https://repo.maven.apache.org/maven2/org/apache/xmlgraphics/batik-shared-resources/1.14/batik-shared-resources-1.14.pom (1.7 kB at 14 kB/s)
Downloading from central: https://repo.maven.apache.org/maven2/org/apache/xmlgraphics/batik-util/1.14/batik-util-1.14.pom
Progress (1): 3.9 kB                    Downloaded from central: https://repo.maven.apache.org/maven2/org/apache/xmlgraphics/batik-util/1.14/batik-util-1.14.pom (3.9 kB at 40 kB/s)
Downloading from central: https://repo.maven.apache.org/maven2/org/apache/xmlgraphics/batik-constants/1.14/batik-constants-1.14.pom
Progress (1): 2.4 kB                    Downloaded from central: https://repo.maven.apache.org/maven2/org/apache/xmlgraphics/batik-constants/1.14/batik-constants-1.14.pom (2.4 kB at 27 kB/s)
Downloading from central: https://repo.maven.apache.org/maven2/org/apache/xmlgraphics/batik-i18n/1.14/batik-i18n-1.14.pom
Progress (1): 2.4 kB                    Downloaded from central: https://repo.maven.apache.org/maven2/org/apache/xmlgraphics/batik-i18n/1.14/batik-i18n-1.14.pom (2.4 kB at 20 kB/s)
Downloading from central: https://repo.maven.apache.org/maven2/org/apache/xmlgraphics/xmlgraphics-commons/2.6/xmlgraphics-commons-2.6.pom
Progress (1): 3.5 kB                    Downloaded from central: https://repo.maven.apache.org/maven2/org/apache/xmlgraphics/xmlgraphics-commons/2.6/xmlgraphics-commons-2.6.pom (3.5 kB at 24 kB/s)
Downloading from central: https://repo.maven.apache.org/maven2/org/apache/xmlgraphics/batik-css/1.14/batik-css-1.14.pom
Progress (1): 2.9 kB                    Downloaded from central: https://repo.maven.apache.org/maven2/org/apache/xmlgraphics/batik-css/1.14/batik-css-1.14.pom (2.9 kB at 32 kB/s)
Downloading from central: https://repo.maven.apache.org/maven2/xml-apis/xml-apis-ext/1.3.04/xml-apis-ext-1.3.04.pom
Progress (1): 1.8 kB                    Downloaded from central: https://repo.maven.apache.org/maven2/xml-apis/xml-apis-ext/1.3.04/xml-apis-ext-1.3.04.pom (1.8 kB at 16 kB/s)
Downloading from central: https://repo.maven.apache.org/maven2/org/apache/apache/3/apache-3.pom
Progress (1): 3.4 kB                    Downloaded from central: https://repo.maven.apache.org/maven2/org/apache/apache/3/apache-3.pom (3.4 kB at 30 kB/s)
Downloading from central: https://repo.maven.apache.org/maven2/org/apache/xmlgraphics/batik-dom/1.14/batik-dom-1.14.pom
Progress (1): 3.5 kB                    Downloaded from central: https://repo.maven.apache.org/maven2/org/apache/xmlgraphics/batik-dom/1.14/batik-dom-1.14.pom (3.5 kB at 36 kB/s)
Downloading from central: https://repo.maven.apache.org/maven2/org/apache/xmlgraphics/batik-ext/1.14/batik-ext-1.14.pom
Progress (1): 2.4 kB                    Downloaded from central: https://repo.maven.apache.org/maven2/org/apache/xmlgraphics/batik-ext/1.14/batik-ext-1.14.pom (2.4 kB at 18 kB/s)
Downloading from central: https://repo.maven.apache.org/maven2/org/apache/xmlgraphics/batik-xml/1.14/batik-xml-1.14.pom
Progress (1): 2.6 kB                    Downloaded from central: https://repo.maven.apache.org/maven2/org/apache/xmlgraphics/batik-xml/1.14/batik-xml-1.14.pom (2.6 kB at 18 kB/s)
Downloading from central: https://repo.maven.apache.org/maven2/xalan/xalan/2.7.2/xalan-2.7.2.pom
Progress (1): 1.3 kB                    Downloaded from central: https://repo.maven.apache.org/maven2/xalan/xalan/2.7.2/xalan-2.7.2.pom (1.3 kB at 15 kB/s)
Downloading from central: https://repo.maven.apache.org/maven2/xalan/serializer/2.7.2/serializer-2.7.2.pom
Progress (1): 1.1 kB                    Downloaded from central: https://repo.maven.apache.org/maven2/xalan/serializer/2.7.2/serializer-2.7.2.pom (1.1 kB at 9.7 kB/s)
Downloading from central: https://repo.maven.apache.org/maven2/org/apache/xmlgraphics/batik-parser/1.14/batik-parser-1.14.pom
Progress (1): 3.1 kB                    Downloaded from central: https://repo.maven.apache.org/maven2/org/apache/xmlgraphics/batik-parser/1.14/batik-parser-1.14.pom (3.1 kB at 20 kB/s)
Downloading from central: https://repo.maven.apache.org/maven2/org/apache/xmlgraphics/batik-svg-dom/1.14/batik-svg-dom-1.14.pom
Progress (1): 3.6 kB                    Downloaded from central: https://repo.maven.apache.org/maven2/org/apache/xmlgraphics/batik-svg-dom/1.14/batik-svg-dom-1.14.pom (3.6 kB at 37 kB/s)
Downloading from central: https://repo.maven.apache.org/maven2/org/apache/xmlgraphics/batik-bridge/1.14/batik-bridge-1.14.pom
Progress (1): 4.1 kBProgress (1): 4.6 kB                    Downloaded from central: https://repo.maven.apache.org/maven2/org/apache/xmlgraphics/batik-bridge/1.14/batik-bridge-1.14.pom (4.6 kB at 40 kB/s)
Downloading from central: https://repo.maven.apache.org/maven2/org/apache/xmlgraphics/batik-gvt/1.14/batik-gvt-1.14.pom
Progress (1): 2.7 kB                    Downloaded from central: https://repo.maven.apache.org/maven2/org/apache/xmlgraphics/batik-gvt/1.14/batik-gvt-1.14.pom (2.7 kB at 24 kB/s)
Downloading from central: https://repo.maven.apache.org/maven2/org/apache/xmlgraphics/batik-script/1.14/batik-script-1.14.pom
Progress (1): 3.4 kB                    Downloaded from central: https://repo.maven.apache.org/maven2/org/apache/xmlgraphics/batik-script/1.14/batik-script-1.14.pom (3.4 kB at 22 kB/s)
Downloading from central: https://repo.maven.apache.org/maven2/org/apache/xmlgraphics/batik-extension/1.14/batik-extension-1.14.pom
Progress (1): 4.1 kBProgress (1): 4.2 kB                    Downloaded from central: https://repo.maven.apache.org/maven2/org/apache/xmlgraphics/batik-extension/1.14/batik-extension-1.14.pom (4.2 kB at 31 kB/s)
Downloading from central: https://repo.maven.apache.org/maven2/org/apache/xmlgraphics/batik-transcoder/1.14/batik-transcoder-1.14.pom
Progress (1): 3.9 kB                    Downloaded from central: https://repo.maven.apache.org/maven2/org/apache/xmlgraphics/batik-transcoder/1.14/batik-transcoder-1.14.pom (3.9 kB at 41 kB/s)
Downloading from central: https://repo.maven.apache.org/maven2/org/apache/xmlgraphics/batik-svggen/1.14/batik-svggen-1.14.pom
Progress (1): 2.7 kB                    Downloaded from central: https://repo.maven.apache.org/maven2/org/apache/xmlgraphics/batik-svggen/1.14/batik-svggen-1.14.pom (2.7 kB at 32 kB/s)
Downloading from central: https://repo.maven.apache.org/maven2/org/apache/pdfbox/fontbox/2.0.24/fontbox-2.0.24.pom
Progress (1): 4.1 kBProgress (1): 5.2 kB                    Downloaded from central: https://repo.maven.apache.org/maven2/org/apache/pdfbox/fontbox/2.0.24/fontbox-2.0.24.pom (5.2 kB at 47 kB/s)
Downloading from central: https://repo.maven.apache.org/maven2/org/apache/pdfbox/pdfbox-parent/2.0.24/pdfbox-parent-2.0.24.pom
Progress (1): 4.1 kBProgress (1): 8.2 kBProgress (1): 12 kB Progress (1): 16 kBProgress (1): 20 kB                   Downloaded from central: https://repo.maven.apache.org/maven2/org/apache/pdfbox/pdfbox-parent/2.0.24/pdfbox-parent-2.0.24.pom (20 kB at 209 kB/s)
Downloading from central: https://repo.maven.apache.org/maven2/org/projectlombok/lombok/1.18.38/lombok-1.18.38.pom
Progress (1): 1.5 kB                    Downloaded from central: https://repo.maven.apache.org/maven2/org/projectlombok/lombok/1.18.38/lombok-1.18.38.pom (1.5 kB at 13 kB/s)
Downloading from central: https://repo.maven.apache.org/maven2/com/azure/azure-core-http-netty/1.15.0/azure-core-http-netty-1.15.0.pom
Progress (1): 4.1 kBProgress (1): 8.2 kBProgress (1): 12 kB                    Downloaded from central: https://repo.maven.apache.org/maven2/com/azure/azure-core-http-netty/1.15.0/azure-core-http-netty-1.15.0.pom (12 kB at 79 kB/s)
Downloading from central: https://repo.maven.apache.org/maven2/com/azure/azure-core/1.49.0/azure-core-1.49.0.pom
Progress (1): 4.1 kBProgress (1): 8.2 kBProgress (1): 12 kB Progress (1): 14 kB                   Downloaded from central: https://repo.maven.apache.org/maven2/com/azure/azure-core/1.49.0/azure-core-1.49.0.pom (14 kB at 57 kB/s)
Downloading from central: https://repo.maven.apache.org/maven2/com/azure/azure-json/1.1.0/azure-json-1.1.0.pom
Progress (1): 4.1 kBProgress (1): 8.2 kBProgress (1): 10 kB                    Downloaded from central: https://repo.maven.apache.org/maven2/com/azure/azure-json/1.1.0/azure-json-1.1.0.pom (10 kB at 125 kB/s)
Downloading from central: https://repo.maven.apache.org/maven2/com/azure/azure-xml/1.0.0/azure-xml-1.0.0.pom
Progress (1): 4.1 kBProgress (1): 5.7 kB                    Downloaded from central: https://repo.maven.apache.org/maven2/com/azure/azure-xml/1.0.0/azure-xml-1.0.0.pom (5.7 kB at 50 kB/s)
Downloading from central: https://repo.maven.apache.org/maven2/org/springframework/boot/spring-boot-starter-aop/3.4.6/spring-boot-starter-aop-3.4.6.jar
Downloading from central: https://repo.maven.apache.org/maven2/org/springframework/boot/spring-boot-starter-actuator/3.4.6/spring-boot-starter-actuator-3.4.6.jar
Downloading from central: https://repo.maven.apache.org/maven2/org/springframework/boot/spring-boot-actuator-autoconfigure/3.4.6/spring-boot-actuator-autoconfigure-3.4.6.jar
Downloading from central: https://repo.maven.apache.org/maven2/io/micrometer/micrometer-jakarta9/1.14.7/micrometer-jakarta9-1.14.7.jar
Downloading from central: https://repo.maven.apache.org/maven2/org/springframework/boot/spring-boot-actuator/3.4.6/spring-boot-actuator-3.4.6.jar
Progress (1): 4.1/4.8 kBProgress (1): 4.8 kB    Progress (2): 4.8 kB | 2.3/33 kBProgress (2): 4.8 kB | 5.0/33 kBProgress (2): 4.8 kB | 7.7/33 kBProgress (2): 4.8 kB | 11/33 kB Progress (2): 4.8 kB | 14/33 kBProgress (2): 4.8 kB | 16/33 kBProgress (2): 4.8 kB | 19/33 kBProgress (2): 4.8 kB | 22/33 kBProgress (2): 4.8 kB | 25/33 kBProgress (2): 4.8 kB | 27/33 kBProgress (2): 4.8 kB | 30/33 kBProgress (3): 4.8 kB | 30/33 kB | 4.5/827 kBProgress (3): 4.8 kB | 33 kB | 4.5/827 kB   Progress (3): 4.8 kB | 33 kB | 8.7/827 kBProgress (3): 4.8 kB | 33 kB | 13/827 kB Progress (3): 4.8 kB | 33 kB | 17/827 kBProgress (3): 4.8 kB | 33 kB | 21/827 kBProgress (4): 4.8 kB | 33 kB | 21/827 kB | 2.3/698 kBProgress (4): 4.8 kB | 33 kB | 25/827 kB | 2.3/698 kBProgress (4): 4.8 kB | 33 kB | 25/827 kB | 5.0/698 kBProgress (4): 4.8 kB | 33 kB | 29/827 kB | 5.0/698 kBProgress (4): 4.8 kB | 33 kB | 29/827 kB | 7.7/698 kBProgress (4): 4.8 kB | 33 kB | 33/827 kB | 7.7/698 kBProgress (4): 4.8 kB | 33 kB | 33/827 kB | 10/698 kB Progress (4): 4.8 kB | 33 kB | 37/827 kB | 10/698 kBProgress (4): 4.8 kB | 33 kB | 37/827 kB | 13/698 kBProgress (4): 4.8 kB | 33 kB | 37/827 kB | 16/698 kBProgress (4): 4.8 kB | 33 kB | 37/827 kB | 19/698 kBProgress (4): 4.8 kB | 33 kB | 42/827 kB | 19/698 kBProgress (4): 4.8 kB | 33 kB | 42/827 kB | 21/698 kBProgress (5): 4.8 kB | 33 kB | 42/827 kB | 21/698 kB | 2.3/4.8 kBProgress (5): 4.8 kB | 33 kB | 42/827 kB | 24/698 kB | 2.3/4.8 kBProgress (5): 4.8 kB | 33 kB | 46/827 kB | 24/698 kB | 2.3/4.8 kBProgress (5): 4.8 kB | 33 kB | 46/827 kB | 27/698 kB | 2.3/4.8 kBProgress (5): 4.8 kB | 33 kB | 46/827 kB | 27/698 kB | 4.8 kB    Progress (5): 4.8 kB | 33 kB | 46/827 kB | 30/698 kB | 4.8 kBProgress (5): 4.8 kB | 33 kB | 46/827 kB | 32/698 kB | 4.8 kBProgress (5): 4.8 kB | 33 kB | 50/827 kB | 32/698 kB | 4.8 kBProgress (5): 4.8 kB | 33 kB | 50/827 kB | 35/698 kB | 4.8 kBProgress (5): 4.8 kB | 33 kB | 54/827 kB | 35/698 kB | 4.8 kBProgress (5): 4.8 kB | 33 kB | 54/827 kB | 38/698 kB | 4.8 kB                                                             Downloaded from central: https://repo.maven.apache.org/maven2/org/springframework/boot/spring-boot-starter-aop/3.4.6/spring-boot-starter-aop-3.4.6.jar (4.8 kB at 40 kB/s)
Progress (4): 33 kB | 54/827 kB | 41/698 kB | 4.8 kBProgress (4): 33 kB | 59/827 kB | 41/698 kB | 4.8 kBProgress (4): 33 kB | 59/827 kB | 43/698 kB | 4.8 kB                                                    Downloading from central: https://repo.maven.apache.org/maven2/io/micrometer/micrometer-core/1.14.7/micrometer-core-1.14.7.jar
Progress (4): 33 kB | 59/827 kB | 46/698 kB | 4.8 kBProgress (4): 33 kB | 65/827 kB | 46/698 kB | 4.8 kBProgress (4): 33 kB | 65/827 kB | 49/698 kB | 4.8 kBProgress (4): 33 kB | 69/827 kB | 49/698 kB | 4.8 kBProgress (4): 33 kB | 69/827 kB | 52/698 kB | 4.8 kBProgress (4): 33 kB | 73/827 kB | 52/698 kB | 4.8 kBProgress (4): 33 kB | 73/827 kB | 54/698 kB | 4.8 kBProgress (4): 33 kB | 77/827 kB | 54/698 kB | 4.8 kBProgress (4): 33 kB | 82/827 kB | 54/698 kB | 4.8 kBProgress (4): 33 kB | 86/827 kB | 54/698 kB | 4.8 kBProgress (4): 33 kB | 90/827 kB | 54/698 kB | 4.8 kBProgress (4): 33 kB | 90/827 kB | 58/698 kB | 4.8 kBProgress (4): 33 kB | 94/827 kB | 58/698 kB | 4.8 kBProgress (4): 33 kB | 94/827 kB | 62/698 kB | 4.8 kBProgress (4): 33 kB | 94/827 kB | 67/698 kB | 4.8 kBProgress (4): 33 kB | 94/827 kB | 71/698 kB | 4.8 kBProgress (4): 33 kB | 94/827 kB | 75/698 kB | 4.8 kBProgress (4): 33 kB | 99/827 kB | 75/698 kB | 4.8 kBProgress (4): 33 kB | 99/827 kB | 79/698 kB | 4.8 kBProgress (4): 33 kB | 99/827 kB | 81/698 kB | 4.8 kBProgress (4): 33 kB | 103/827 kB | 81/698 kB | 4.8 kBProgress (4): 33 kB | 103/827 kB | 85/698 kB | 4.8 kBProgress (4): 33 kB | 103/827 kB | 89/698 kB | 4.8 kBProgress (4): 33 kB | 107/827 kB | 89/698 kB | 4.8 kBProgress (4): 33 kB | 107/827 kB | 93/698 kB | 4.8 kBProgress (4): 33 kB | 111/827 kB | 93/698 kB | 4.8 kBProgress (4): 33 kB | 111/827 kB | 97/698 kB | 4.8 kBProgress (4): 33 kB | 115/827 kB | 97/698 kB | 4.8 kBProgress (4): 33 kB | 115/827 kB | 101/698 kB | 4.8 kBProgress (4): 33 kB | 120/827 kB | 101/698 kB | 4.8 kBProgress (4): 33 kB | 120/827 kB | 106/698 kB | 4.8 kBProgress (4): 33 kB | 124/827 kB | 106/698 kB | 4.8 kBProgress (4): 33 kB | 124/827 kB | 110/698 kB | 4.8 kBProgress (4): 33 kB | 124/827 kB | 114/698 kB | 4.8 kBProgress (4): 33 kB | 124/827 kB | 118/698 kB | 4.8 kBProgress (4): 33 kB | 124/827 kB | 122/698 kB | 4.8 kBProgress (4): 33 kB | 124/827 kB | 126/698 kB | 4.8 kBProgress (4): 33 kB | 128/827 kB | 126/698 kB | 4.8 kBProgress (4): 33 kB | 128/827 kB | 130/698 kB | 4.8 kBProgress (4): 33 kB | 132/827 kB | 130/698 kB | 4.8 kBProgress (4): 33 kB | 138/827 kB | 130/698 kB | 4.8 kBProgress (4): 33 kB | 147/827 kB | 130/698 kB | 4.8 kBProgress (4): 33 kB | 151/827 kB | 130/698 kB | 4.8 kBProgress (4): 33 kB | 155/827 kB | 130/698 kB | 4.8 kBProgress (4): 33 kB | 159/827 kB | 130/698 kB | 4.8 kBProgress (4): 33 kB | 164/827 kB | 130/698 kB | 4.8 kBProgress (4): 33 kB | 164/827 kB | 134/698 kB | 4.8 kBProgress (4): 33 kB | 168/827 kB | 134/698 kB | 4.8 kBProgress (4): 33 kB | 168/827 kB | 138/698 kB | 4.8 kBProgress (4): 33 kB | 172/827 kB | 138/698 kB | 4.8 kBProgress (4): 33 kB | 172/827 kB | 142/698 kB | 4.8 kBProgress (4): 33 kB | 176/827 kB | 142/698 kB | 4.8 kBProgress (4): 33 kB | 181/827 kB | 142/698 kB | 4.8 kBProgress (4): 33 kB | 185/827 kB | 142/698 kB | 4.8 kBProgress (4): 33 kB | 189/827 kB | 142/698 kB | 4.8 kBProgress (4): 33 kB | 193/827 kB | 142/698 kB | 4.8 kBProgress (4): 33 kB | 197/827 kB | 142/698 kB | 4.8 kBProgress (4): 33 kB | 202/827 kB | 142/698 kB | 4.8 kBProgress (5): 33 kB | 202/827 kB | 142/698 kB | 4.8 kB | 7.7/875 kBProgress (5): 33 kB | 202/827 kB | 142/698 kB | 4.8 kB | 16/875 kB Progress (5): 33 kB | 202/827 kB | 142/698 kB | 4.8 kB | 24/875 kBProgress (5): 33 kB | 202/827 kB | 142/698 kB | 4.8 kB | 32/875 kBProgress (5): 33 kB | 202/827 kB | 142/698 kB | 4.8 kB | 40/875 kBProgress (5): 33 kB | 202/827 kB | 142/698 kB | 4.8 kB | 49/875 kBProgress (5): 33 kB | 202/827 kB | 142/698 kB | 4.8 kB | 57/875 kBProgress (5): 33 kB | 202/827 kB | 147/698 kB | 4.8 kB | 57/875 kBProgress (5): 33 kB | 206/827 kB | 147/698 kB | 4.8 kB | 57/875 kBProgress (5): 33 kB | 206/827 kB | 151/698 kB | 4.8 kB | 57/875 kBProgress (5): 33 kB | 210/827 kB | 151/698 kB | 4.8 kB | 57/875 kBProgress (5): 33 kB | 210/827 kB | 155/698 kB | 4.8 kB | 57/875 kBProgress (5): 33 kB | 214/827 kB | 155/698 kB | 4.8 kB | 57/875 kBProgress (5): 33 kB | 214/827 kB | 159/698 kB | 4.8 kB | 57/875 kBProgress (5): 33 kB | 219/827 kB | 159/698 kB | 4.8 kB | 57/875 kBProgress (5): 33 kB | 219/827 kB | 163/698 kB | 4.8 kB | 57/875 kBProgress (5): 33 kB | 227/827 kB | 163/698 kB | 4.8 kB | 57/875 kBProgress (5): 33 kB | 227/827 kB | 167/698 kB | 4.8 kB | 57/875 kBProgress (5): 33 kB | 235/827 kB | 167/698 kB | 4.8 kB | 57/875 kBProgress (5): 33 kB | 235/827 kB | 171/698 kB | 4.8 kB | 57/875 kBProgress (5): 33 kB | 243/827 kB | 171/698 kB | 4.8 kB | 57/875 kBProgress (5): 33 kB | 243/827 kB | 175/698 kB | 4.8 kB | 57/875 kBProgress (5): 33 kB | 251/827 kB | 175/698 kB | 4.8 kB | 57/875 kBProgress (5): 33 kB | 251/827 kB | 179/698 kB | 4.8 kB | 57/875 kBProgress (5): 33 kB | 260/827 kB | 179/698 kB | 4.8 kB | 57/875 kBProgress (5): 33 kB | 260/827 kB | 183/698 kB | 4.8 kB | 57/875 kBProgress (5): 33 kB | 268/827 kB | 183/698 kB | 4.8 kB | 57/875 kBProgress (5): 33 kB | 268/827 kB | 188/698 kB | 4.8 kB | 57/875 kBProgress (5): 33 kB | 274/827 kB | 188/698 kB | 4.8 kB | 57/875 kBProgress (5): 33 kB | 274/827 kB | 192/698 kB | 4.8 kB | 57/875 kBProgress (5): 33 kB | 274/827 kB | 194/698 kB | 4.8 kB | 57/875 kBProgress (5): 33 kB | 282/827 kB | 194/698 kB | 4.8 kB | 57/875 kBProgress (5): 33 kB | 282/827 kB | 198/698 kB | 4.8 kB | 57/875 kBProgress (5): 33 kB | 290/827 kB | 198/698 kB | 4.8 kB | 57/875 kBProgress (5): 33 kB | 290/827 kB | 202/698 kB | 4.8 kB | 57/875 kBProgress (5): 33 kB | 290/827 kB | 206/698 kB | 4.8 kB | 57/875 kBProgress (5): 33 kB | 298/827 kB | 206/698 kB | 4.8 kB | 57/875 kBProgress (5): 33 kB | 298/827 kB | 210/698 kB | 4.8 kB | 57/875 kBProgress (5): 33 kB | 306/827 kB | 210/698 kB | 4.8 kB | 57/875 kBProgress (5): 33 kB | 306/827 kB | 214/698 kB | 4.8 kB | 57/875 kBProgress (5): 33 kB | 314/827 kB | 214/698 kB | 4.8 kB | 57/875 kBProgress (5): 33 kB | 314/827 kB | 218/698 kB | 4.8 kB | 57/875 kBProgress (5): 33 kB | 323/827 kB | 218/698 kB | 4.8 kB | 57/875 kBProgress (5): 33 kB | 323/827 kB | 222/698 kB | 4.8 kB | 57/875 kBProgress (5): 33 kB | 331/827 kB | 222/698 kB | 4.8 kB | 57/875 kBProgress (5): 33 kB | 339/827 kB | 222/698 kB | 4.8 kB | 57/875 kBProgress (5): 33 kB | 339/827 kB | 227/698 kB | 4.8 kB | 57/875 kBProgress (5): 33 kB | 339/827 kB | 231/698 kB | 4.8 kB | 57/875 kBProgress (5): 33 kB | 339/827 kB | 235/698 kB | 4.8 kB | 57/875 kBProgress (5): 33 kB | 339/827 kB | 239/698 kB | 4.8 kB | 57/875 kBProgress (5): 33 kB | 339/827 kB | 243/698 kB | 4.8 kB | 57/875 kBProgress (5): 33 kB | 339/827 kB | 247/698 kB | 4.8 kB | 57/875 kBProgress (5): 33 kB | 339/827 kB | 251/698 kB | 4.8 kB | 57/875 kBProgress (5): 33 kB | 347/827 kB | 251/698 kB | 4.8 kB | 57/875 kBProgress (5): 33 kB | 347/827 kB | 255/698 kB | 4.8 kB | 57/875 kBProgress (5): 33 kB | 347/827 kB | 255/698 kB | 4.8 kB | 65/875 kBProgress (5): 33 kB | 355/827 kB | 255/698 kB | 4.8 kB | 65/875 kBProgress (5): 33 kB | 355/827 kB | 255/698 kB | 4.8 kB | 73/875 kBProgress (5): 33 kB | 355/827 kB | 259/698 kB | 4.8 kB | 73/875 kBProgress (5): 33 kB | 364/827 kB | 259/698 kB | 4.8 kB | 73/875 kBProgress (5): 33 kB | 364/827 kB | 259/698 kB | 4.8 kB | 81/875 kBProgress (5): 33 kB | 364/827 kB | 263/698 kB | 4.8 kB | 81/875 kBProgress (5): 33 kB | 364/827 kB | 263/698 kB | 4.8 kB | 90/875 kBProgress (5): 33 kB | 372/827 kB | 263/698 kB | 4.8 kB | 90/875 kBProgress (5): 33 kB | 372/827 kB | 268/698 kB | 4.8 kB | 90/875 kBProgress (5): 33 kB | 372/827 kB | 268/698 kB | 4.8 kB | 98/875 kBProgress (5): 33 kB | 380/827 kB | 268/698 kB | 4.8 kB | 98/875 kBProgress (5): 33 kB | 380/827 kB | 270/698 kB | 4.8 kB | 98/875 kBProgress (5): 33 kB | 388/827 kB | 270/698 kB | 4.8 kB | 98/875 kBProgress (5): 33 kB | 388/827 kB | 270/698 kB | 4.8 kB | 106/875 kBProgress (5): 33 kB | 388/827 kB | 270/698 kB | 4.8 kB | 114/875 kBProgress (5): 33 kB | 388/827 kB | 270/698 kB | 4.8 kB | 122/875 kBProgress (5): 33 kB | 388/827 kB | 270/698 kB | 4.8 kB | 131/875 kB                                                                   Downloaded from central: https://repo.maven.apache.org/maven2/io/micrometer/micrometer-jakarta9/1.14.7/micrometer-jakarta9-1.14.7.jar (33 kB at 175 kB/s)
Progress (4): 396/827 kB | 270/698 kB | 4.8 kB | 131/875 kBProgress (4): 396/827 kB | 274/698 kB | 4.8 kB | 131/875 kBProgress (4): 396/827 kB | 274/698 kB | 4.8 kB | 139/875 kBProgress (4): 396/827 kB | 278/698 kB | 4.8 kB | 139/875 kBProgress (4): 405/827 kB | 278/698 kB | 4.8 kB | 139/875 kB                                                           Downloading from central: https://repo.maven.apache.org/maven2/org/hdrhistogram/HdrHistogram/2.2.2/HdrHistogram-2.2.2.jar
Progress (4): 413/827 kB | 278/698 kB | 4.8 kB | 139/875 kBProgress (4): 413/827 kB | 278/698 kB | 4.8 kB | 147/875 kBProgress (4): 413/827 kB | 282/698 kB | 4.8 kB | 147/875 kBProgress (4): 413/827 kB | 282/698 kB | 4.8 kB | 155/875 kBProgress (4): 421/827 kB | 282/698 kB | 4.8 kB | 155/875 kBProgress (4): 421/827 kB | 286/698 kB | 4.8 kB | 155/875 kBProgress (4): 421/827 kB | 286/698 kB | 4.8 kB | 163/875 kBProgress (4): 429/827 kB | 286/698 kB | 4.8 kB | 163/875 kBProgress (4): 429/827 kB | 290/698 kB | 4.8 kB | 163/875 kBProgress (4): 429/827 kB | 290/698 kB | 4.8 kB | 172/875 kBProgress (4): 429/827 kB | 294/698 kB | 4.8 kB | 172/875 kBProgress (4): 437/827 kB | 294/698 kB | 4.8 kB | 172/875 kBProgress (4): 437/827 kB | 294/698 kB | 4.8 kB | 180/875 kBProgress (4): 437/827 kB | 299/698 kB | 4.8 kB | 180/875 kBProgress (4): 446/827 kB | 299/698 kB | 4.8 kB | 180/875 kBProgress (4): 446/827 kB | 299/698 kB | 4.8 kB | 188/875 kBProgress (4): 454/827 kB | 299/698 kB | 4.8 kB | 188/875 kBProgress (4): 454/827 kB | 303/698 kB | 4.8 kB | 188/875 kBProgress (4): 462/827 kB | 303/698 kB | 4.8 kB | 188/875 kBProgress (4): 462/827 kB | 307/698 kB | 4.8 kB | 188/875 kBProgress (4): 470/827 kB | 307/698 kB | 4.8 kB | 188/875 kBProgress (4): 470/827 kB | 311/698 kB | 4.8 kB | 188/875 kBProgress (4): 470/827 kB | 315/698 kB | 4.8 kB | 188/875 kBProgress (4): 478/827 kB | 315/698 kB | 4.8 kB | 188/875 kBProgress (4): 478/827 kB | 319/698 kB | 4.8 kB | 188/875 kBProgress (4): 487/827 kB | 319/698 kB | 4.8 kB | 188/875 kBProgress (4): 487/827 kB | 319/698 kB | 4.8 kB | 196/875 kBProgress (4): 487/827 kB | 323/698 kB | 4.8 kB | 196/875 kBProgress (4): 487/827 kB | 323/698 kB | 4.8 kB | 204/875 kBProgress (4): 495/827 kB | 323/698 kB | 4.8 kB | 204/875 kBProgress (4): 495/827 kB | 327/698 kB | 4.8 kB | 204/875 kBProgress (4): 503/827 kB | 327/698 kB | 4.8 kB | 204/875 kBProgress (4): 503/827 kB | 331/698 kB | 4.8 kB | 204/875 kBProgress (4): 503/827 kB | 335/698 kB | 4.8 kB | 204/875 kBProgress (4): 511/827 kB | 335/698 kB | 4.8 kB | 204/875 kBProgress (4): 511/827 kB | 340/698 kB | 4.8 kB | 204/875 kBProgress (4): 519/827 kB | 340/698 kB | 4.8 kB | 204/875 kBProgress (4): 519/827 kB | 344/698 kB | 4.8 kB | 204/875 kBProgress (4): 519/827 kB | 348/698 kB | 4.8 kB | 204/875 kBProgress (4): 527/827 kB | 348/698 kB | 4.8 kB | 204/875 kBProgress (4): 527/827 kB | 352/698 kB | 4.8 kB | 204/875 kBProgress (4): 536/827 kB | 352/698 kB | 4.8 kB | 204/875 kBProgress (4): 536/827 kB | 356/698 kB | 4.8 kB | 204/875 kBProgress (4): 536/827 kB | 360/698 kB | 4.8 kB | 204/875 kBProgress (4): 544/827 kB | 360/698 kB | 4.8 kB | 204/875 kBProgress (4): 544/827 kB | 364/698 kB | 4.8 kB | 204/875 kBProgress (4): 552/827 kB | 364/698 kB | 4.8 kB | 204/875 kBProgress (4): 552/827 kB | 368/698 kB | 4.8 kB | 204/875 kBProgress (4): 560/827 kB | 368/698 kB | 4.8 kB | 204/875 kBProgress (4): 560/827 kB | 372/698 kB | 4.8 kB | 204/875 kBProgress (4): 560/827 kB | 376/698 kB | 4.8 kB | 204/875 kBProgress (4): 568/827 kB | 376/698 kB | 4.8 kB | 204/875 kBProgress (4): 568/827 kB | 376/698 kB | 4.8 kB | 213/875 kBProgress (4): 568/827 kB | 380/698 kB | 4.8 kB | 213/875 kBProgress (4): 568/827 kB | 380/698 kB | 4.8 kB | 221/875 kBProgress (4): 577/827 kB | 380/698 kB | 4.8 kB | 221/875 kBProgress (4): 577/827 kB | 385/698 kB | 4.8 kB | 221/875 kBProgress (4): 577/827 kB | 385/698 kB | 4.8 kB | 229/875 kBProgress (4): 585/827 kB | 385/698 kB | 4.8 kB | 229/875 kBProgress (4): 585/827 kB | 385/698 kB | 4.8 kB | 237/875 kBProgress (4): 585/827 kB | 389/698 kB | 4.8 kB | 237/875 kBProgress (4): 585/827 kB | 393/698 kB | 4.8 kB | 237/875 kBProgress (4): 593/827 kB | 393/698 kB | 4.8 kB | 237/875 kBProgress (4): 593/827 kB | 397/698 kB | 4.8 kB | 237/875 kBProgress (4): 593/827 kB | 401/698 kB | 4.8 kB | 237/875 kBProgress (4): 601/827 kB | 401/698 kB | 4.8 kB | 237/875 kBProgress (4): 601/827 kB | 405/698 kB | 4.8 kB | 237/875 kBProgress (4): 609/827 kB | 405/698 kB | 4.8 kB | 237/875 kBProgress (4): 609/827 kB | 409/698 kB | 4.8 kB | 237/875 kBProgress (4): 609/827 kB | 413/698 kB | 4.8 kB | 237/875 kBProgress (4): 618/827 kB | 413/698 kB | 4.8 kB | 237/875 kBProgress (4): 618/827 kB | 417/698 kB | 4.8 kB | 237/875 kBProgress (4): 626/827 kB | 417/698 kB | 4.8 kB | 237/875 kBProgress (4): 626/827 kB | 421/698 kB | 4.8 kB | 237/875 kBProgress (4): 634/827 kB | 421/698 kB | 4.8 kB | 237/875 kBProgress (4): 634/827 kB | 421/698 kB | 4.8 kB | 245/875 kBProgress (4): 634/827 kB | 426/698 kB | 4.8 kB | 245/875 kBProgress (4): 642/827 kB | 426/698 kB | 4.8 kB | 245/875 kBProgress (4): 642/827 kB | 426/698 kB | 4.8 kB | 253/875 kBProgress (4): 650/827 kB | 426/698 kB | 4.8 kB | 253/875 kBProgress (4): 650/827 kB | 430/698 kB | 4.8 kB | 253/875 kBProgress (4): 650/827 kB | 430/698 kB | 4.8 kB | 262/875 kBProgress (4): 659/827 kB | 430/698 kB | 4.8 kB | 262/875 kBProgress (4): 659/827 kB | 434/698 kB | 4.8 kB | 262/875 kBProgress (4): 667/827 kB | 434/698 kB | 4.8 kB | 262/875 kBProgress (4): 667/827 kB | 438/698 kB | 4.8 kB | 262/875 kBProgress (4): 667/827 kB | 438/698 kB | 4.8 kB | 270/875 kBProgress (4): 675/827 kB | 438/698 kB | 4.8 kB | 270/875 kBProgress (4): 675/827 kB | 442/698 kB | 4.8 kB | 270/875 kB                                                           Downloaded from central: https://repo.maven.apache.org/maven2/org/springframework/boot/spring-boot-starter-actuator/3.4.6/spring-boot-starter-actuator-3.4.6.jar (4.8 kB at 22 kB/s)
Progress (3): 675/827 kB | 446/698 kB | 270/875 kBProgress (3): 683/827 kB | 446/698 kB | 270/875 kBProgress (3): 683/827 kB | 446/698 kB | 278/875 kBProgress (3): 683/827 kB | 446/698 kB | 286/875 kBProgress (3): 683/827 kB | 450/698 kB | 286/875 kB                                                  Downloading from central: https://repo.maven.apache.org/maven2/org/latencyutils/LatencyUtils/2.0.3/LatencyUtils-2.0.3.jar
Progress (3): 683/827 kB | 454/698 kB | 286/875 kBProgress (3): 683/827 kB | 454/698 kB | 294/875 kBProgress (3): 691/827 kB | 454/698 kB | 294/875 kBProgress (3): 691/827 kB | 454/698 kB | 303/875 kBProgress (3): 691/827 kB | 458/698 kB | 303/875 kBProgress (3): 699/827 kB | 458/698 kB | 303/875 kBProgress (3): 699/827 kB | 458/698 kB | 311/875 kBProgress (3): 699/827 kB | 462/698 kB | 311/875 kBProgress (3): 708/827 kB | 462/698 kB | 311/875 kBProgress (3): 708/827 kB | 462/698 kB | 319/875 kBProgress (3): 716/827 kB | 462/698 kB | 319/875 kBProgress (3): 716/827 kB | 466/698 kB | 319/875 kBProgress (3): 716/827 kB | 466/698 kB | 327/875 kBProgress (3): 724/827 kB | 466/698 kB | 327/875 kBProgress (3): 724/827 kB | 471/698 kB | 327/875 kBProgress (3): 724/827 kB | 471/698 kB | 335/875 kBProgress (3): 724/827 kB | 475/698 kB | 335/875 kBProgress (3): 732/827 kB | 475/698 kB | 335/875 kBProgress (3): 732/827 kB | 475/698 kB | 344/875 kBProgress (3): 732/827 kB | 479/698 kB | 344/875 kBProgress (3): 740/827 kB | 479/698 kB | 344/875 kBProgress (3): 740/827 kB | 479/698 kB | 352/875 kBProgress (3): 749/827 kB | 479/698 kB | 352/875 kBProgress (3): 749/827 kB | 483/698 kB | 352/875 kBProgress (3): 749/827 kB | 483/698 kB | 360/875 kBProgress (3): 757/827 kB | 483/698 kB | 360/875 kBProgress (3): 757/827 kB | 483/698 kB | 368/875 kBProgress (3): 757/827 kB | 487/698 kB | 368/875 kBProgress (3): 765/827 kB | 487/698 kB | 368/875 kBProgress (3): 765/827 kB | 487/698 kB | 376/875 kBProgress (3): 765/827 kB | 491/698 kB | 376/875 kBProgress (3): 773/827 kB | 491/698 kB | 376/875 kBProgress (3): 773/827 kB | 491/698 kB | 385/875 kBProgress (3): 781/827 kB | 491/698 kB | 385/875 kBProgress (4): 781/827 kB | 491/698 kB | 385/875 kB | 2.3/177 kBProgress (4): 781/827 kB | 495/698 kB | 385/875 kB | 2.3/177 kBProgress (4): 790/827 kB | 495/698 kB | 385/875 kB | 2.3/177 kBProgress (4): 790/827 kB | 495/698 kB | 393/875 kB | 2.3/177 kBProgress (4): 790/827 kB | 495/698 kB | 401/875 kB | 2.3/177 kBProgress (4): 798/827 kB | 495/698 kB | 401/875 kB | 2.3/177 kBProgress (4): 798/827 kB | 495/698 kB | 401/875 kB | 5.0/177 kBProgress (4): 798/827 kB | 499/698 kB | 401/875 kB | 5.0/177 kBProgress (4): 798/827 kB | 499/698 kB | 401/875 kB | 7.7/177 kBProgress (4): 806/827 kB | 499/698 kB | 401/875 kB | 7.7/177 kBProgress (4): 806/827 kB | 499/698 kB | 409/875 kB | 7.7/177 kBProgress (4): 814/827 kB | 499/698 kB | 409/875 kB | 7.7/177 kBProgress (4): 814/827 kB | 499/698 kB | 409/875 kB | 10/177 kB Progress (4): 814/827 kB | 503/698 kB | 409/875 kB | 10/177 kBProgress (4): 814/827 kB | 503/698 kB | 409/875 kB | 13/177 kBProgress (4): 822/827 kB | 503/698 kB | 409/875 kB | 13/177 kBProgress (4): 822/827 kB | 503/698 kB | 417/875 kB | 13/177 kBProgress (4): 827 kB | 503/698 kB | 417/875 kB | 13/177 kB    Progress (4): 827 kB | 503/698 kB | 417/875 kB | 15/177 kBProgress (4): 827 kB | 507/698 kB | 417/875 kB | 15/177 kBProgress (4): 827 kB | 507/698 kB | 417/875 kB | 18/177 kBProgress (4): 827 kB | 507/698 kB | 426/875 kB | 18/177 kBProgress (4): 827 kB | 507/698 kB | 426/875 kB | 22/177 kBProgress (4): 827 kB | 512/698 kB | 426/875 kB | 22/177 kBProgress (4): 827 kB | 512/698 kB | 426/875 kB | 26/177 kBProgress (4): 827 kB | 512/698 kB | 434/875 kB | 26/177 kBProgress (4): 827 kB | 512/698 kB | 434/875 kB | 31/177 kBProgress (4): 827 kB | 516/698 kB | 434/875 kB | 31/177 kBProgress (4): 827 kB | 516/698 kB | 434/875 kB | 35/177 kBProgress (4): 827 kB | 516/698 kB | 442/875 kB | 35/177 kBProgress (4): 827 kB | 516/698 kB | 442/875 kB | 39/177 kBProgress (4): 827 kB | 520/698 kB | 442/875 kB | 39/177 kBProgress (4): 827 kB | 520/698 kB | 442/875 kB | 43/177 kBProgress (4): 827 kB | 520/698 kB | 450/875 kB | 43/177 kBProgress (4): 827 kB | 520/698 kB | 450/875 kB | 45/177 kBProgress (4): 827 kB | 524/698 kB | 450/875 kB | 45/177 kBProgress (4): 827 kB | 524/698 kB | 450/875 kB | 49/177 kBProgress (4): 827 kB | 528/698 kB | 450/875 kB | 49/177 kBProgress (4): 827 kB | 528/698 kB | 450/875 kB | 53/177 kBProgress (4): 827 kB | 532/698 kB | 450/875 kB | 53/177 kBProgress (4): 827 kB | 532/698 kB | 450/875 kB | 57/177 kBProgress (4): 827 kB | 536/698 kB | 450/875 kB | 57/177 kBProgress (4): 827 kB | 536/698 kB | 450/875 kB | 61/177 kBProgress (4): 827 kB | 540/698 kB | 450/875 kB | 61/177 kBProgress (4): 827 kB | 544/698 kB | 450/875 kB | 61/177 kBProgress (4): 827 kB | 548/698 kB | 450/875 kB | 61/177 kBProgress (4): 827 kB | 552/698 kB | 450/875 kB | 61/177 kBProgress (4): 827 kB | 557/698 kB | 450/875 kB | 61/177 kBProgress (4): 827 kB | 561/698 kB | 450/875 kB | 61/177 kBProgress (4): 827 kB | 565/698 kB | 450/875 kB | 61/177 kBProgress (4): 827 kB | 569/698 kB | 450/875 kB | 61/177 kBProgress (4): 827 kB | 573/698 kB | 450/875 kB | 61/177 kBProgress (4): 827 kB | 577/698 kB | 450/875 kB | 61/177 kBProgress (4): 827 kB | 581/698 kB | 450/875 kB | 61/177 kBProgress (4): 827 kB | 585/698 kB | 450/875 kB | 61/177 kBProgress (4): 827 kB | 589/698 kB | 450/875 kB | 61/177 kBProgress (4): 827 kB | 593/698 kB | 450/875 kB | 61/177 kBProgress (4): 827 kB | 598/698 kB | 450/875 kB | 61/177 kBProgress (4): 827 kB | 602/698 kB | 450/875 kB | 61/177 kBProgress (4): 827 kB | 606/698 kB | 450/875 kB | 61/177 kBProgress (4): 827 kB | 610/698 kB | 450/875 kB | 61/177 kBProgress (4): 827 kB | 614/698 kB | 450/875 kB | 61/177 kBProgress (4): 827 kB | 618/698 kB | 450/875 kB | 61/177 kBProgress (4): 827 kB | 622/698 kB | 450/875 kB | 61/177 kBProgress (4): 827 kB | 626/698 kB | 450/875 kB | 61/177 kBProgress (4): 827 kB | 630/698 kB | 450/875 kB | 61/177 kBProgress (4): 827 kB | 634/698 kB | 450/875 kB | 61/177 kBProgress (4): 827 kB | 639/698 kB | 450/875 kB | 61/177 kBProgress (4): 827 kB | 643/698 kB | 450/875 kB | 61/177 kBProgress (4): 827 kB | 647/698 kB | 450/875 kB | 61/177 kBProgress (4): 827 kB | 651/698 kB | 450/875 kB | 61/177 kBProgress (4): 827 kB | 655/698 kB | 450/875 kB | 61/177 kBProgress (4): 827 kB | 659/698 kB | 450/875 kB | 61/177 kBProgress (4): 827 kB | 663/698 kB | 450/875 kB | 61/177 kBProgress (4): 827 kB | 667/698 kB | 450/875 kB | 61/177 kBProgress (4): 827 kB | 671/698 kB | 450/875 kB | 61/177 kBProgress (4): 827 kB | 675/698 kB | 450/875 kB | 61/177 kBProgress (4): 827 kB | 679/698 kB | 450/875 kB | 61/177 kBProgress (4): 827 kB | 684/698 kB | 450/875 kB | 61/177 kBProgress (4): 827 kB | 688/698 kB | 450/875 kB | 61/177 kBProgress (4): 827 kB | 692/698 kB | 450/875 kB | 61/177 kBProgress (4): 827 kB | 696/698 kB | 450/875 kB | 61/177 kBProgress (4): 827 kB | 698 kB | 450/875 kB | 61/177 kB    Progress (4): 827 kB | 698 kB | 450/875 kB | 65/177 kBProgress (4): 827 kB | 698 kB | 458/875 kB | 65/177 kBProgress (4): 827 kB | 698 kB | 458/875 kB | 70/177 kBProgress (4): 827 kB | 698 kB | 466/875 kB | 70/177 kBProgress (4): 827 kB | 698 kB | 466/875 kB | 74/177 kBProgress (4): 827 kB | 698 kB | 466/875 kB | 78/177 kBProgress (4): 827 kB | 698 kB | 475/875 kB | 78/177 kBProgress (4): 827 kB | 698 kB | 475/875 kB | 82/177 kBProgress (4): 827 kB | 698 kB | 483/875 kB | 82/177 kBProgress (4): 827 kB | 698 kB | 483/875 kB | 86/177 kBProgress (4): 827 kB | 698 kB | 483/875 kB | 90/177 kBProgress (4): 827 kB | 698 kB | 491/875 kB | 90/177 kBProgress (4): 827 kB | 698 kB | 491/875 kB | 94/177 kBProgress (4): 827 kB | 698 kB | 499/875 kB | 94/177 kBProgress (4): 827 kB | 698 kB | 499/875 kB | 98/177 kBProgress (4): 827 kB | 698 kB | 507/875 kB | 98/177 kBProgress (4): 827 kB | 698 kB | 507/875 kB | 102/177 kBProgress (4): 827 kB | 698 kB | 516/875 kB | 102/177 kBProgress (4): 827 kB | 698 kB | 516/875 kB | 106/177 kBProgress (4): 827 kB | 698 kB | 524/875 kB | 106/177 kBProgress (4): 827 kB | 698 kB | 524/875 kB | 111/177 kBProgress (4): 827 kB | 698 kB | 532/875 kB | 111/177 kBProgress (4): 827 kB | 698 kB | 532/875 kB | 113/177 kBProgress (4): 827 kB | 698 kB | 532/875 kB | 117/177 kBProgress (4): 827 kB | 698 kB | 540/875 kB | 117/177 kBProgress (4): 827 kB | 698 kB | 540/875 kB | 121/177 kBProgress (4): 827 kB | 698 kB | 548/875 kB | 121/177 kBProgress (4): 827 kB | 698 kB | 548/875 kB | 125/177 kBProgress (4): 827 kB | 698 kB | 557/875 kB | 125/177 kBProgress (4): 827 kB | 698 kB | 557/875 kB | 129/177 kBProgress (4): 827 kB | 698 kB | 565/875 kB | 129/177 kBProgress (4): 827 kB | 698 kB | 565/875 kB | 133/177 kBProgress (4): 827 kB | 698 kB | 573/875 kB | 133/177 kBProgress (4): 827 kB | 698 kB | 573/875 kB | 137/177 kBProgress (4): 827 kB | 698 kB | 581/875 kB | 137/177 kBProgress (4): 827 kB | 698 kB | 581/875 kB | 141/177 kBProgress (4): 827 kB | 698 kB | 589/875 kB | 141/177 kBProgress (4): 827 kB | 698 kB | 589/875 kB | 145/177 kBProgress (4): 827 kB | 698 kB | 598/875 kB | 145/177 kBProgress (4): 827 kB | 698 kB | 598/875 kB | 150/177 kBProgress (4): 827 kB | 698 kB | 598/875 kB | 154/177 kBProgress (4): 827 kB | 698 kB | 598/875 kB | 158/177 kBProgress (4): 827 kB | 698 kB | 606/875 kB | 158/177 kBProgress (4): 827 kB | 698 kB | 606/875 kB | 162/177 kBProgress (4): 827 kB | 698 kB | 614/875 kB | 162/177 kBProgress (4): 827 kB | 698 kB | 614/875 kB | 166/177 kBProgress (4): 827 kB | 698 kB | 614/875 kB | 170/177 kBProgress (4): 827 kB | 698 kB | 622/875 kB | 170/177 kBProgress (4): 827 kB | 698 kB | 622/875 kB | 172/177 kBProgress (4): 827 kB | 698 kB | 630/875 kB | 172/177 kBProgress (4): 827 kB | 698 kB | 630/875 kB | 176/177 kBProgress (4): 827 kB | 698 kB | 630/875 kB | 177 kB    Progress (4): 827 kB | 698 kB | 638/875 kB | 177 kBProgress (4): 827 kB | 698 kB | 647/875 kB | 177 kBProgress (4): 827 kB | 698 kB | 655/875 kB | 177 kBProgress (4): 827 kB | 698 kB | 663/875 kB | 177 kBProgress (4): 827 kB | 698 kB | 671/875 kB | 177 kBProgress (4): 827 kB | 698 kB | 679/875 kB | 177 kBProgress (4): 827 kB | 698 kB | 688/875 kB | 177 kBProgress (4): 827 kB | 698 kB | 696/875 kB | 177 kBProgress (4): 827 kB | 698 kB | 704/875 kB | 177 kBProgress (4): 827 kB | 698 kB | 712/875 kB | 177 kBProgress (4): 827 kB | 698 kB | 720/875 kB | 177 kBProgress (4): 827 kB | 698 kB | 729/875 kB | 177 kBProgress (4): 827 kB | 698 kB | 737/875 kB | 177 kBProgress (4): 827 kB | 698 kB | 745/875 kB | 177 kBProgress (5): 827 kB | 698 kB | 745/875 kB | 177 kB | 2.3/30 kBProgress (5): 827 kB | 698 kB | 745/875 kB | 177 kB | 5.0/30 kBProgress (5): 827 kB | 698 kB | 745/875 kB | 177 kB | 7.7/30 kBProgress (5): 827 kB | 698 kB | 745/875 kB | 177 kB | 10/30 kB Progress (5): 827 kB | 698 kB | 745/875 kB | 177 kB | 13/30 kBProgress (5): 827 kB | 698 kB | 745/875 kB | 177 kB | 15/30 kBProgress (5): 827 kB | 698 kB | 745/875 kB | 177 kB | 18/30 kBProgress (5): 827 kB | 698 kB | 745/875 kB | 177 kB | 21/30 kBProgress (5): 827 kB | 698 kB | 745/875 kB | 177 kB | 24/30 kBProgress (5): 827 kB | 698 kB | 745/875 kB | 177 kB | 26/30 kBProgress (5): 827 kB | 698 kB | 745/875 kB | 177 kB | 29/30 kBProgress (5): 827 kB | 698 kB | 745/875 kB | 177 kB | 30 kB   Progress (5): 827 kB | 698 kB | 753/875 kB | 177 kB | 30 kBProgress (5): 827 kB | 698 kB | 761/875 kB | 177 kB | 30 kBProgress (5): 827 kB | 698 kB | 770/875 kB | 177 kB | 30 kBProgress (5): 827 kB | 698 kB | 778/875 kB | 177 kB | 30 kBProgress (5): 827 kB | 698 kB | 786/875 kB | 177 kB | 30 kBProgress (5): 827 kB | 698 kB | 794/875 kB | 177 kB | 30 kBProgress (5): 827 kB | 698 kB | 802/875 kB | 177 kB | 30 kBProgress (5): 827 kB | 698 kB | 811/875 kB | 177 kB | 30 kBProgress (5): 827 kB | 698 kB | 819/875 kB | 177 kB | 30 kBProgress (5): 827 kB | 698 kB | 827/875 kB | 177 kB | 30 kBProgress (5): 827 kB | 698 kB | 835/875 kB | 177 kB | 30 kBProgress (5): 827 kB | 698 kB | 843/875 kB | 177 kB | 30 kBProgress (5): 827 kB | 698 kB | 851/875 kB | 177 kB | 30 kBProgress (5): 827 kB | 698 kB | 860/875 kB | 177 kB | 30 kBProgress (5): 827 kB | 698 kB | 868/875 kB | 177 kB | 30 kBProgress (5): 827 kB | 698 kB | 875 kB | 177 kB | 30 kB                                                           Downloaded from central: https://repo.maven.apache.org/maven2/org/hdrhistogram/HdrHistogram/2.2.2/HdrHistogram-2.2.2.jar (177 kB at 561 kB/s)
Downloading from central: https://repo.maven.apache.org/maven2/org/springframework/boot/spring-boot-starter-cache/3.4.6/spring-boot-starter-cache-3.4.6.jar
Downloaded from central: https://repo.maven.apache.org/maven2/org/latencyutils/LatencyUtils/2.0.3/LatencyUtils-2.0.3.jar (30 kB at 91 kB/s)
Downloading from central: https://repo.maven.apache.org/maven2/ognl/ognl/3.3.4/ognl-3.3.4.jar
Downloaded from central: https://repo.maven.apache.org/maven2/org/springframework/boot/spring-boot-actuator-autoconfigure/3.4.6/spring-boot-actuator-autoconfigure-3.4.6.jar (827 kB at 2.5 MB/s)
Downloading from central: https://repo.maven.apache.org/maven2/org/javassist/javassist/3.29.0-GA/javassist-3.29.0-GA.jar
Downloaded from central: https://repo.maven.apache.org/maven2/org/springframework/boot/spring-boot-actuator/3.4.6/spring-boot-actuator-3.4.6.jar (698 kB at 2.0 MB/s)
Downloading from central: https://repo.maven.apache.org/maven2/org/thymeleaf/thymeleaf-spring5/3.1.3.RELEASE/thymeleaf-spring5-3.1.3.RELEASE.jar
Downloaded from central: https://repo.maven.apache.org/maven2/io/micrometer/micrometer-core/1.14.7/micrometer-core-1.14.7.jar (875 kB at 2.2 MB/s)
Downloading from central: https://repo.maven.apache.org/maven2/org/springframework/security/spring-security-test/6.4.6/spring-security-test-6.4.6.jar
Progress (1): 4.1/186 kBProgress (1): 7.7/186 kBProgress (1): 12/186 kB Progress (1): 16/186 kBProgress (1): 20/186 kBProgress (2): 20/186 kB | 3.2/794 kBProgress (2): 24/186 kB | 3.2/794 kBProgress (2): 24/186 kB | 7.3/794 kBProgress (2): 28/186 kB | 7.3/794 kBProgress (2): 28/186 kB | 11/794 kB Progress (2): 32/186 kB | 11/794 kBProgress (2): 36/186 kB | 11/794 kBProgress (2): 36/186 kB | 15/794 kBProgress (2): 36/186 kB | 20/794 kBProgress (2): 40/186 kB | 20/794 kBProgress (2): 45/186 kB | 20/794 kBProgress (2): 49/186 kB | 20/794 kBProgress (2): 53/186 kB | 20/794 kBProgress (2): 57/186 kB | 20/794 kBProgress (2): 57/186 kB | 24/794 kBProgress (2): 57/186 kB | 28/794 kBProgress (2): 57/186 kB | 32/794 kBProgress (2): 57/186 kB | 36/794 kBProgress (2): 57/186 kB | 40/794 kBProgress (2): 57/186 kB | 44/794 kBProgress (2): 57/186 kB | 48/794 kBProgress (2): 57/186 kB | 52/794 kBProgress (2): 57/186 kB | 56/794 kBProgress (2): 57/186 kB | 61/794 kBProgress (2): 57/186 kB | 65/794 kBProgress (2): 57/186 kB | 69/794 kBProgress (2): 57/186 kB | 73/794 kBProgress (2): 57/186 kB | 77/794 kBProgress (2): 61/186 kB | 77/794 kBProgress (2): 65/186 kB | 77/794 kBProgress (2): 69/186 kB | 77/794 kBProgress (2): 73/186 kB | 77/794 kBProgress (2): 77/186 kB | 77/794 kBProgress (2): 81/186 kB | 77/794 kBProgress (2): 86/186 kB | 77/794 kBProgress (2): 90/186 kB | 77/794 kBProgress (2): 90/186 kB | 81/794 kBProgress (2): 94/186 kB | 81/794 kBProgress (2): 94/186 kB | 85/794 kBProgress (2): 98/186 kB | 85/794 kBProgress (2): 98/186 kB | 89/794 kBProgress (2): 98/186 kB | 93/794 kBProgress (2): 102/186 kB | 93/794 kBProgress (2): 106/186 kB | 93/794 kBProgress (2): 106/186 kB | 97/794 kBProgress (2): 106/186 kB | 101/794 kBProgress (2): 106/186 kB | 106/794 kBProgress (2): 106/186 kB | 110/794 kBProgress (2): 110/186 kB | 110/794 kBProgress (2): 114/186 kB | 110/794 kBProgress (2): 118/186 kB | 110/794 kBProgress (2): 118/186 kB | 114/794 kBProgress (2): 118/186 kB | 118/794 kBProgress (2): 118/186 kB | 122/794 kBProgress (2): 122/186 kB | 122/794 kBProgress (2): 122/186 kB | 126/794 kBProgress (2): 122/186 kB | 130/794 kBProgress (2): 122/186 kB | 134/794 kBProgress (2): 122/186 kB | 138/794 kBProgress (2): 122/186 kB | 142/794 kBProgress (2): 126/186 kB | 142/794 kBProgress (2): 131/186 kB | 142/794 kBProgress (2): 135/186 kB | 142/794 kBProgress (2): 139/186 kB | 142/794 kBProgress (2): 139/186 kB | 147/794 kBProgress (2): 139/186 kB | 151/794 kBProgress (2): 139/186 kB | 155/794 kBProgress (2): 139/186 kB | 159/794 kBProgress (2): 139/186 kB | 163/794 kBProgress (2): 139/186 kB | 167/794 kBProgress (2): 139/186 kB | 171/794 kBProgress (2): 139/186 kB | 175/794 kBProgress (3): 139/186 kB | 175/794 kB | 4.1/4.8 kBProgress (3): 139/186 kB | 175/794 kB | 4.8 kB    Progress (3): 143/186 kB | 175/794 kB | 4.8 kBProgress (3): 147/186 kB | 175/794 kB | 4.8 kBProgress (3): 151/186 kB | 175/794 kB | 4.8 kBProgress (3): 155/186 kB | 175/794 kB | 4.8 kBProgress (3): 159/186 kB | 175/794 kB | 4.8 kBProgress (3): 163/186 kB | 175/794 kB | 4.8 kBProgress (3): 167/186 kB | 175/794 kB | 4.8 kBProgress (3): 172/186 kB | 175/794 kB | 4.8 kBProgress (3): 172/186 kB | 179/794 kB | 4.8 kBProgress (3): 172/186 kB | 183/794 kB | 4.8 kBProgress (3): 172/186 kB | 187/794 kB | 4.8 kBProgress (3): 172/186 kB | 192/794 kB | 4.8 kBProgress (3): 172/186 kB | 196/794 kB | 4.8 kBProgress (3): 172/186 kB | 199/794 kB | 4.8 kBProgress (3): 176/186 kB | 199/794 kB | 4.8 kBProgress (3): 180/186 kB | 199/794 kB | 4.8 kBProgress (3): 184/186 kB | 199/794 kB | 4.8 kBProgress (3): 186 kB | 199/794 kB | 4.8 kB    Progress (3): 186 kB | 203/794 kB | 4.8 kBProgress (3): 186 kB | 207/794 kB | 4.8 kBProgress (3): 186 kB | 211/794 kB | 4.8 kBProgress (3): 186 kB | 216/794 kB | 4.8 kBProgress (3): 186 kB | 220/794 kB | 4.8 kBProgress (3): 186 kB | 224/794 kB | 4.8 kBProgress (3): 186 kB | 228/794 kB | 4.8 kBProgress (3): 186 kB | 232/794 kB | 4.8 kBProgress (3): 186 kB | 236/794 kB | 4.8 kBProgress (3): 186 kB | 240/794 kB | 4.8 kBProgress (3): 186 kB | 244/794 kB | 4.8 kBProgress (3): 186 kB | 248/794 kB | 4.8 kBProgress (3): 186 kB | 252/794 kB | 4.8 kBProgress (3): 186 kB | 256/794 kB | 4.8 kBProgress (3): 186 kB | 261/794 kB | 4.8 kBProgress (3): 186 kB | 265/794 kB | 4.8 kBProgress (3): 186 kB | 269/794 kB | 4.8 kBProgress (3): 186 kB | 273/794 kB | 4.8 kBProgress (3): 186 kB | 277/794 kB | 4.8 kBProgress (4): 186 kB | 277/794 kB | 4.8 kB | 2.3/265 kBProgress (4): 186 kB | 281/794 kB | 4.8 kB | 2.3/265 kBProgress (4): 186 kB | 285/794 kB | 4.8 kB | 2.3/265 kBProgress (4): 186 kB | 289/794 kB | 4.8 kB | 2.3/265 kBProgress (4): 186 kB | 293/794 kB | 4.8 kB | 2.3/265 kBProgress (4): 186 kB | 293/794 kB | 4.8 kB | 5.0/265 kBProgress (4): 186 kB | 297/794 kB | 4.8 kB | 5.0/265 kBProgress (4): 186 kB | 302/794 kB | 4.8 kB | 5.0/265 kBProgress (4): 186 kB | 302/794 kB | 4.8 kB | 7.7/265 kBProgress (4): 186 kB | 306/794 kB | 4.8 kB | 7.7/265 kBProgress (4): 186 kB | 306/794 kB | 4.8 kB | 11/265 kB Progress (4): 186 kB | 310/794 kB | 4.8 kB | 11/265 kBProgress (4): 186 kB | 310/794 kB | 4.8 kB | 14/265 kBProgress (4): 186 kB | 314/794 kB | 4.8 kB | 14/265 kBProgress (4): 186 kB | 318/794 kB | 4.8 kB | 14/265 kBProgress (4): 186 kB | 318/794 kB | 4.8 kB | 18/265 kBProgress (4): 186 kB | 322/794 kB | 4.8 kB | 18/265 kBProgress (4): 186 kB | 326/794 kB | 4.8 kB | 18/265 kBProgress (4): 186 kB | 330/794 kB | 4.8 kB | 18/265 kBProgress (4): 186 kB | 330/794 kB | 4.8 kB | 22/265 kBProgress (4): 186 kB | 334/794 kB | 4.8 kB | 22/265 kBProgress (4): 186 kB | 334/794 kB | 4.8 kB | 26/265 kBProgress (4): 186 kB | 338/794 kB | 4.8 kB | 26/265 kBProgress (4): 186 kB | 338/794 kB | 4.8 kB | 30/265 kBProgress (4): 186 kB | 342/794 kB | 4.8 kB | 30/265 kBProgress (4): 186 kB | 342/794 kB | 4.8 kB | 34/265 kBProgress (4): 186 kB | 347/794 kB | 4.8 kB | 34/265 kBProgress (4): 186 kB | 347/794 kB | 4.8 kB | 38/265 kBProgress (4): 186 kB | 347/794 kB | 4.8 kB | 40/265 kBProgress (4): 186 kB | 351/794 kB | 4.8 kB | 40/265 kBProgress (4): 186 kB | 351/794 kB | 4.8 kB | 45/265 kBProgress (4): 186 kB | 355/794 kB | 4.8 kB | 45/265 kBProgress (4): 186 kB | 359/794 kB | 4.8 kB | 45/265 kBProgress (4): 186 kB | 363/794 kB | 4.8 kB | 45/265 kBProgress (4): 186 kB | 367/794 kB | 4.8 kB | 45/265 kBProgress (4): 186 kB | 367/794 kB | 4.8 kB | 49/265 kBProgress (4): 186 kB | 371/794 kB | 4.8 kB | 49/265 kBProgress (4): 186 kB | 371/794 kB | 4.8 kB | 53/265 kBProgress (4): 186 kB | 375/794 kB | 4.8 kB | 53/265 kBProgress (4): 186 kB | 379/794 kB | 4.8 kB | 53/265 kBProgress (4): 186 kB | 383/794 kB | 4.8 kB | 53/265 kBProgress (4): 186 kB | 383/794 kB | 4.8 kB | 57/265 kBProgress (4): 186 kB | 388/794 kB | 4.8 kB | 57/265 kBProgress (4): 186 kB | 392/794 kB | 4.8 kB | 57/265 kBProgress (4): 186 kB | 392/794 kB | 4.8 kB | 61/265 kBProgress (4): 186 kB | 396/794 kB | 4.8 kB | 61/265 kBProgress (4): 186 kB | 400/794 kB | 4.8 kB | 61/265 kBProgress (4): 186 kB | 404/794 kB | 4.8 kB | 61/265 kBProgress (4): 186 kB | 408/794 kB | 4.8 kB | 61/265 kBProgress (4): 186 kB | 412/794 kB | 4.8 kB | 61/265 kBProgress (4): 186 kB | 416/794 kB | 4.8 kB | 61/265 kBProgress (4): 186 kB | 420/794 kB | 4.8 kB | 61/265 kBProgress (4): 186 kB | 424/794 kB | 4.8 kB | 61/265 kBProgress (4): 186 kB | 429/794 kB | 4.8 kB | 61/265 kBProgress (4): 186 kB | 433/794 kB | 4.8 kB | 61/265 kBProgress (4): 186 kB | 437/794 kB | 4.8 kB | 61/265 kBProgress (4): 186 kB | 441/794 kB | 4.8 kB | 61/265 kBProgress (4): 186 kB | 445/794 kB | 4.8 kB | 61/265 kBProgress (4): 186 kB | 449/794 kB | 4.8 kB | 61/265 kBProgress (4): 186 kB | 453/794 kB | 4.8 kB | 61/265 kBProgress (4): 186 kB | 457/794 kB | 4.8 kB | 61/265 kBProgress (4): 186 kB | 461/794 kB | 4.8 kB | 61/265 kBProgress (4): 186 kB | 465/794 kB | 4.8 kB | 61/265 kBProgress (4): 186 kB | 469/794 kB | 4.8 kB | 61/265 kBProgress (4): 186 kB | 474/794 kB | 4.8 kB | 61/265 kBProgress (4): 186 kB | 478/794 kB | 4.8 kB | 61/265 kBProgress (4): 186 kB | 482/794 kB | 4.8 kB | 61/265 kBProgress (4): 186 kB | 486/794 kB | 4.8 kB | 61/265 kBProgress (4): 186 kB | 490/794 kB | 4.8 kB | 61/265 kBProgress (4): 186 kB | 494/794 kB | 4.8 kB | 61/265 kBProgress (4): 186 kB | 498/794 kB | 4.8 kB | 61/265 kBProgress (4): 186 kB | 502/794 kB | 4.8 kB | 61/265 kBProgress (4): 186 kB | 506/794 kB | 4.8 kB | 61/265 kBProgress (4): 186 kB | 510/794 kB | 4.8 kB | 61/265 kBProgress (4): 186 kB | 515/794 kB | 4.8 kB | 61/265 kBProgress (4): 186 kB | 519/794 kB | 4.8 kB | 61/265 kBProgress (4): 186 kB | 523/794 kB | 4.8 kB | 61/265 kBProgress (4): 186 kB | 527/794 kB | 4.8 kB | 61/265 kBProgress (4): 186 kB | 531/794 kB | 4.8 kB | 61/265 kBProgress (4): 186 kB | 535/794 kB | 4.8 kB | 61/265 kBProgress (4): 186 kB | 539/794 kB | 4.8 kB | 61/265 kBProgress (4): 186 kB | 543/794 kB | 4.8 kB | 61/265 kBProgress (4): 186 kB | 547/794 kB | 4.8 kB | 61/265 kBProgress (4): 186 kB | 551/794 kB | 4.8 kB | 61/265 kBProgress (4): 186 kB | 555/794 kB | 4.8 kB | 61/265 kBProgress (4): 186 kB | 560/794 kB | 4.8 kB | 61/265 kBProgress (4): 186 kB | 564/794 kB | 4.8 kB | 61/265 kBProgress (4): 186 kB | 568/794 kB | 4.8 kB | 61/265 kBProgress (4): 186 kB | 572/794 kB | 4.8 kB | 61/265 kBProgress (4): 186 kB | 576/794 kB | 4.8 kB | 61/265 kBProgress (4): 186 kB | 580/794 kB | 4.8 kB | 61/265 kBProgress (4): 186 kB | 584/794 kB | 4.8 kB | 61/265 kBProgress (4): 186 kB | 588/794 kB | 4.8 kB | 61/265 kBProgress (4): 186 kB | 592/794 kB | 4.8 kB | 61/265 kBProgress (4): 186 kB | 596/794 kB | 4.8 kB | 61/265 kBProgress (4): 186 kB | 601/794 kB | 4.8 kB | 61/265 kBProgress (4): 186 kB | 605/794 kB | 4.8 kB | 61/265 kBProgress (4): 186 kB | 609/794 kB | 4.8 kB | 61/265 kBProgress (4): 186 kB | 613/794 kB | 4.8 kB | 61/265 kBProgress (4): 186 kB | 617/794 kB | 4.8 kB | 61/265 kBProgress (4): 186 kB | 621/794 kB | 4.8 kB | 61/265 kBProgress (4): 186 kB | 625/794 kB | 4.8 kB | 61/265 kBProgress (4): 186 kB | 629/794 kB | 4.8 kB | 61/265 kBProgress (5): 186 kB | 629/794 kB | 4.8 kB | 61/265 kB | 4.1/132 kBProgress (5): 186 kB | 629/794 kB | 4.8 kB | 61/265 kB | 8.2/132 kBProgress (5): 186 kB | 629/794 kB | 4.8 kB | 61/265 kB | 12/132 kB Progress (5): 186 kB | 629/794 kB | 4.8 kB | 61/265 kB | 16/132 kBProgress (5): 186 kB | 629/794 kB | 4.8 kB | 61/265 kB | 20/132 kBProgress (5): 186 kB | 629/794 kB | 4.8 kB | 61/265 kB | 25/132 kBProgress (5): 186 kB | 633/794 kB | 4.8 kB | 61/265 kB | 25/132 kBProgress (5): 186 kB | 637/794 kB | 4.8 kB | 61/265 kB | 25/132 kBProgress (5): 186 kB | 642/794 kB | 4.8 kB | 61/265 kB | 25/132 kBProgress (5): 186 kB | 646/794 kB | 4.8 kB | 61/265 kB | 25/132 kBProgress (5): 186 kB | 646/794 kB | 4.8 kB | 61/265 kB | 29/132 kBProgress (5): 186 kB | 646/794 kB | 4.8 kB | 61/265 kB | 33/132 kBProgress (5): 186 kB | 646/794 kB | 4.8 kB | 61/265 kB | 37/132 kBProgress (5): 186 kB | 646/794 kB | 4.8 kB | 61/265 kB | 41/132 kBProgress (5): 186 kB | 646/794 kB | 4.8 kB | 61/265 kB | 45/132 kBProgress (5): 186 kB | 646/794 kB | 4.8 kB | 61/265 kB | 49/132 kBProgress (5): 186 kB | 646/794 kB | 4.8 kB | 61/265 kB | 53/132 kBProgress (5): 186 kB | 646/794 kB | 4.8 kB | 61/265 kB | 57/132 kBProgress (5): 186 kB | 646/794 kB | 4.8 kB | 61/265 kB | 61/132 kBProgress (5): 186 kB | 646/794 kB | 4.8 kB | 61/265 kB | 66/132 kBProgress (5): 186 kB | 646/794 kB | 4.8 kB | 61/265 kB | 70/132 kBProgress (5): 186 kB | 646/794 kB | 4.8 kB | 61/265 kB | 74/132 kBProgress (5): 186 kB | 646/794 kB | 4.8 kB | 61/265 kB | 78/132 kBProgress (5): 186 kB | 646/794 kB | 4.8 kB | 61/265 kB | 82/132 kBProgress (5): 186 kB | 646/794 kB | 4.8 kB | 61/265 kB | 86/132 kBProgress (5): 186 kB | 646/794 kB | 4.8 kB | 61/265 kB | 90/132 kBProgress (5): 186 kB | 646/794 kB | 4.8 kB | 61/265 kB | 94/132 kBProgress (5): 186 kB | 646/794 kB | 4.8 kB | 61/265 kB | 98/132 kBProgress (5): 186 kB | 646/794 kB | 4.8 kB | 61/265 kB | 102/132 kBProgress (5): 186 kB | 646/794 kB | 4.8 kB | 61/265 kB | 106/132 kBProgress (5): 186 kB | 646/794 kB | 4.8 kB | 61/265 kB | 111/132 kBProgress (5): 186 kB | 646/794 kB | 4.8 kB | 61/265 kB | 115/132 kBProgress (5): 186 kB | 646/794 kB | 4.8 kB | 61/265 kB | 119/132 kBProgress (5): 186 kB | 646/794 kB | 4.8 kB | 61/265 kB | 123/132 kBProgress (5): 186 kB | 646/794 kB | 4.8 kB | 61/265 kB | 127/132 kBProgress (5): 186 kB | 646/794 kB | 4.8 kB | 61/265 kB | 131/132 kBProgress (5): 186 kB | 646/794 kB | 4.8 kB | 61/265 kB | 132 kB    Progress (5): 186 kB | 650/794 kB | 4.8 kB | 61/265 kB | 132 kBProgress (5): 186 kB | 654/794 kB | 4.8 kB | 61/265 kB | 132 kBProgress (5): 186 kB | 658/794 kB | 4.8 kB | 61/265 kB | 132 kBProgress (5): 186 kB | 662/794 kB | 4.8 kB | 61/265 kB | 132 kBProgress (5): 186 kB | 662/794 kB | 4.8 kB | 65/265 kB | 132 kBProgress (5): 186 kB | 666/794 kB | 4.8 kB | 65/265 kB | 132 kBProgress (5): 186 kB | 670/794 kB | 4.8 kB | 65/265 kB | 132 kBProgress (5): 186 kB | 674/794 kB | 4.8 kB | 65/265 kB | 132 kBProgress (5): 186 kB | 678/794 kB | 4.8 kB | 65/265 kB | 132 kBProgress (5): 186 kB | 678/794 kB | 4.8 kB | 69/265 kB | 132 kBProgress (5): 186 kB | 678/794 kB | 4.8 kB | 73/265 kB | 132 kBProgress (5): 186 kB | 682/794 kB | 4.8 kB | 73/265 kB | 132 kBProgress (5): 186 kB | 687/794 kB | 4.8 kB | 73/265 kB | 132 kBProgress (5): 186 kB | 691/794 kB | 4.8 kB | 73/265 kB | 132 kBProgress (5): 186 kB | 695/794 kB | 4.8 kB | 73/265 kB | 132 kBProgress (5): 186 kB | 699/794 kB | 4.8 kB | 73/265 kB | 132 kBProgress (5): 186 kB | 703/794 kB | 4.8 kB | 73/265 kB | 132 kBProgress (5): 186 kB | 707/794 kB | 4.8 kB | 73/265 kB | 132 kBProgress (5): 186 kB | 711/794 kB | 4.8 kB | 73/265 kB | 132 kBProgress (5): 186 kB | 715/794 kB | 4.8 kB | 73/265 kB | 132 kBProgress (5): 186 kB | 719/794 kB | 4.8 kB | 73/265 kB | 132 kBProgress (5): 186 kB | 723/794 kB | 4.8 kB | 73/265 kB | 132 kBProgress (5): 186 kB | 728/794 kB | 4.8 kB | 73/265 kB | 132 kBProgress (5): 186 kB | 732/794 kB | 4.8 kB | 73/265 kB | 132 kBProgress (5): 186 kB | 732/794 kB | 4.8 kB | 77/265 kB | 132 kBProgress (5): 186 kB | 736/794 kB | 4.8 kB | 77/265 kB | 132 kBProgress (5): 186 kB | 740/794 kB | 4.8 kB | 77/265 kB | 132 kBProgress (5): 186 kB | 744/794 kB | 4.8 kB | 77/265 kB | 132 kBProgress (5): 186 kB | 744/794 kB | 4.8 kB | 81/265 kB | 132 kBProgress (5): 186 kB | 748/794 kB | 4.8 kB | 81/265 kB | 132 kBProgress (5): 186 kB | 752/794 kB | 4.8 kB | 81/265 kB | 132 kBProgress (5): 186 kB | 752/794 kB | 4.8 kB | 85/265 kB | 132 kBProgress (5): 186 kB | 756/794 kB | 4.8 kB | 85/265 kB | 132 kBProgress (5): 186 kB | 760/794 kB | 4.8 kB | 85/265 kB | 132 kBProgress (5): 186 kB | 760/794 kB | 4.8 kB | 90/265 kB | 132 kBProgress (5): 186 kB | 764/794 kB | 4.8 kB | 90/265 kB | 132 kBProgress (5): 186 kB | 768/794 kB | 4.8 kB | 90/265 kB | 132 kBProgress (5): 186 kB | 768/794 kB | 4.8 kB | 94/265 kB | 132 kBProgress (5): 186 kB | 773/794 kB | 4.8 kB | 94/265 kB | 132 kBProgress (5): 186 kB | 777/794 kB | 4.8 kB | 94/265 kB | 132 kBProgress (5): 186 kB | 777/794 kB | 4.8 kB | 98/265 kB | 132 kBProgress (5): 186 kB | 781/794 kB | 4.8 kB | 98/265 kB | 132 kBProgress (5): 186 kB | 785/794 kB | 4.8 kB | 98/265 kB | 132 kBProgress (5): 186 kB | 789/794 kB | 4.8 kB | 98/265 kB | 132 kBProgress (5): 186 kB | 789/794 kB | 4.8 kB | 102/265 kB | 132 kBProgress (5): 186 kB | 793/794 kB | 4.8 kB | 102/265 kB | 132 kBProgress (5): 186 kB | 793/794 kB | 4.8 kB | 106/265 kB | 132 kBProgress (5): 186 kB | 793/794 kB | 4.8 kB | 108/265 kB | 132 kBProgress (5): 186 kB | 794 kB | 4.8 kB | 108/265 kB | 132 kB    Progress (5): 186 kB | 794 kB | 4.8 kB | 112/265 kB | 132 kBProgress (5): 186 kB | 794 kB | 4.8 kB | 116/265 kB | 132 kBProgress (5): 186 kB | 794 kB | 4.8 kB | 120/265 kB | 132 kBProgress (5): 186 kB | 794 kB | 4.8 kB | 124/265 kB | 132 kBProgress (5): 186 kB | 794 kB | 4.8 kB | 129/265 kB | 132 kB                                                            Downloaded from central: https://repo.maven.apache.org/maven2/org/thymeleaf/thymeleaf-spring5/3.1.3.RELEASE/thymeleaf-spring5-3.1.3.RELEASE.jar (186 kB at 296 kB/s)
Downloaded from central: https://repo.maven.apache.org/maven2/org/springframework/boot/spring-boot-starter-cache/3.4.6/spring-boot-starter-cache-3.4.6.jar (4.8 kB at 7.5 kB/s)
Progress (3): 794 kB | 133/265 kB | 132 kB                                          Downloading from central: https://repo.maven.apache.org/maven2/org/codehaus/woodstox/stax2-api/4.2.2/stax2-api-4.2.2.jar
Downloading from central: https://repo.maven.apache.org/maven2/com/fasterxml/jackson/dataformat/jackson-dataformat-xml/2.18.4/jackson-dataformat-xml-2.18.4.jar
Progress (3): 794 kB | 137/265 kB | 132 kBProgress (3): 794 kB | 139/265 kB | 132 kBProgress (3): 794 kB | 143/265 kB | 132 kBProgress (3): 794 kB | 147/265 kB | 132 kBProgress (3): 794 kB | 152/265 kB | 132 kBProgress (3): 794 kB | 156/265 kB | 132 kBProgress (3): 794 kB | 160/265 kB | 132 kBProgress (3): 794 kB | 164/265 kB | 132 kBProgress (3): 794 kB | 168/265 kB | 132 kBProgress (3): 794 kB | 172/265 kB | 132 kBProgress (3): 794 kB | 176/265 kB | 132 kB                                          Downloaded from central: https://repo.maven.apache.org/maven2/org/springframework/security/spring-security-test/6.4.6/spring-security-test-6.4.6.jar (132 kB at 198 kB/s)
Downloading from central: https://repo.maven.apache.org/maven2/com/fasterxml/woodstox/woodstox-core/7.0.0/woodstox-core-7.0.0.jar
Progress (2): 794 kB | 180/265 kBProgress (2): 794 kB | 184/265 kBProgress (2): 794 kB | 188/265 kBProgress (2): 794 kB | 193/265 kBProgress (2): 794 kB | 197/265 kBProgress (2): 794 kB | 201/265 kBProgress (2): 794 kB | 205/265 kBProgress (2): 794 kB | 209/265 kBProgress (2): 794 kB | 213/265 kBProgress (2): 794 kB | 217/265 kBProgress (2): 794 kB | 221/265 kBProgress (2): 794 kB | 225/265 kBProgress (2): 794 kB | 229/265 kBProgress (2): 794 kB | 233/265 kBProgress (2): 794 kB | 238/265 kBProgress (2): 794 kB | 242/265 kBProgress (2): 794 kB | 246/265 kBProgress (2): 794 kB | 250/265 kBProgress (2): 794 kB | 254/265 kBProgress (2): 794 kB | 258/265 kBProgress (2): 794 kB | 262/265 kBProgress (2): 794 kB | 265 kB    Progress (3): 794 kB | 265 kB | 4.1/196 kBProgress (3): 794 kB | 265 kB | 7.7/196 kBProgress (3): 794 kB | 265 kB | 12/196 kB Progress (3): 794 kB | 265 kB | 16/196 kBProgress (4): 794 kB | 265 kB | 16/196 kB | 4.1/130 kBProgress (4): 794 kB | 265 kB | 16/196 kB | 7.7/130 kBProgress (4): 794 kB | 265 kB | 16/196 kB | 12/130 kB Progress (4): 794 kB | 265 kB | 16/196 kB | 16/130 kB                                                     Downloaded from central: https://repo.maven.apache.org/maven2/org/javassist/javassist/3.29.0-GA/javassist-3.29.0-GA.jar (794 kB at 1.1 MB/s)
Downloading from central: https://repo.maven.apache.org/maven2/org/apache/xmlgraphics/fop/2.7/fop-2.7.jar
Progress (3): 265 kB | 16/196 kB | 20/130 kBProgress (3): 265 kB | 16/196 kB | 24/130 kBProgress (3): 265 kB | 20/196 kB | 24/130 kBProgress (3): 265 kB | 24/196 kB | 24/130 kBProgress (3): 265 kB | 28/196 kB | 24/130 kBProgress (3): 265 kB | 28/196 kB | 28/130 kBProgress (3): 265 kB | 28/196 kB | 32/130 kBProgress (3): 265 kB | 28/196 kB | 36/130 kBProgress (3): 265 kB | 28/196 kB | 40/130 kBProgress (3): 265 kB | 28/196 kB | 45/130 kBProgress (3): 265 kB | 28/196 kB | 49/130 kBProgress (3): 265 kB | 28/196 kB | 53/130 kBProgress (3): 265 kB | 28/196 kB | 57/130 kBProgress (3): 265 kB | 28/196 kB | 61/130 kBProgress (3): 265 kB | 28/196 kB | 65/130 kBProgress (3): 265 kB | 28/196 kB | 69/130 kBProgress (3): 265 kB | 28/196 kB | 73/130 kBProgress (3): 265 kB | 32/196 kB | 73/130 kBProgress (3): 265 kB | 36/196 kB | 73/130 kBProgress (3): 265 kB | 40/196 kB | 73/130 kBProgress (3): 265 kB | 44/196 kB | 73/130 kBProgress (3): 265 kB | 44/196 kB | 77/130 kBProgress (3): 265 kB | 44/196 kB | 81/130 kBProgress (3): 265 kB | 44/196 kB | 86/130 kBProgress (3): 265 kB | 44/196 kB | 90/130 kBProgress (3): 265 kB | 44/196 kB | 94/130 kBProgress (3): 265 kB | 44/196 kB | 98/130 kBProgress (3): 265 kB | 44/196 kB | 102/130 kBProgress (3): 265 kB | 44/196 kB | 106/130 kBProgress (3): 265 kB | 44/196 kB | 110/130 kBProgress (3): 265 kB | 44/196 kB | 114/130 kBProgress (3): 265 kB | 44/196 kB | 118/130 kBProgress (3): 265 kB | 44/196 kB | 122/130 kBProgress (3): 265 kB | 44/196 kB | 126/130 kBProgress (3): 265 kB | 44/196 kB | 130 kB    Progress (3): 265 kB | 48/196 kB | 130 kBProgress (3): 265 kB | 52/196 kB | 130 kBProgress (3): 265 kB | 56/196 kB | 130 kBProgress (3): 265 kB | 61/196 kB | 130 kBProgress (3): 265 kB | 65/196 kB | 130 kBProgress (3): 265 kB | 69/196 kB | 130 kBProgress (3): 265 kB | 73/196 kB | 130 kBProgress (3): 265 kB | 77/196 kB | 130 kBProgress (3): 265 kB | 81/196 kB | 130 kBProgress (3): 265 kB | 85/196 kB | 130 kBProgress (3): 265 kB | 89/196 kB | 130 kBProgress (3): 265 kB | 93/196 kB | 130 kBProgress (3): 265 kB | 97/196 kB | 130 kBProgress (3): 265 kB | 102/196 kB | 130 kBProgress (3): 265 kB | 106/196 kB | 130 kBProgress (3): 265 kB | 110/196 kB | 130 kBProgress (3): 265 kB | 114/196 kB | 130 kBProgress (3): 265 kB | 118/196 kB | 130 kBProgress (3): 265 kB | 122/196 kB | 130 kBProgress (3): 265 kB | 126/196 kB | 130 kBProgress (3): 265 kB | 130/196 kB | 130 kBProgress (3): 265 kB | 134/196 kB | 130 kBProgress (3): 265 kB | 138/196 kB | 130 kBProgress (3): 265 kB | 142/196 kB | 130 kBProgress (3): 265 kB | 147/196 kB | 130 kBProgress (3): 265 kB | 151/196 kB | 130 kBProgress (3): 265 kB | 155/196 kB | 130 kBProgress (4): 265 kB | 155/196 kB | 130 kB | 0/1.6 MBProgress (4): 265 kB | 159/196 kB | 130 kB | 0/1.6 MBProgress (4): 265 kB | 163/196 kB | 130 kB | 0/1.6 MBProgress (4): 265 kB | 167/196 kB | 130 kB | 0/1.6 MBProgress (4): 265 kB | 167/196 kB | 130 kB | 0/1.6 MBProgress (4): 265 kB | 167/196 kB | 130 kB | 0/1.6 MBProgress (4): 265 kB | 167/196 kB | 130 kB | 0/1.6 MBProgress (4): 265 kB | 167/196 kB | 130 kB | 0/1.6 MBProgress (4): 265 kB | 167/196 kB | 130 kB | 0/1.6 MBProgress (4): 265 kB | 167/196 kB | 130 kB | 0.1/1.6 MBProgress (4): 265 kB | 167/196 kB | 130 kB | 0.1/1.6 MBProgress (4): 265 kB | 167/196 kB | 130 kB | 0.1/1.6 MBProgress (4): 265 kB | 167/196 kB | 130 kB | 0.1/1.6 MBProgress (4): 265 kB | 167/196 kB | 130 kB | 0.1/1.6 MBProgress (4): 265 kB | 167/196 kB | 130 kB | 0.1/1.6 MBProgress (4): 265 kB | 167/196 kB | 130 kB | 0.1/1.6 MBProgress (4): 265 kB | 167/196 kB | 130 kB | 0.1/1.6 MBProgress (4): 265 kB | 167/196 kB | 130 kB | 0.1/1.6 MBProgress (4): 265 kB | 167/196 kB | 130 kB | 0.1/1.6 MBProgress (4): 265 kB | 167/196 kB | 130 kB | 0.1/1.6 MBProgress (4): 265 kB | 167/196 kB | 130 kB | 0.1/1.6 MBProgress (4): 265 kB | 167/196 kB | 130 kB | 0.2/1.6 MBProgress (4): 265 kB | 167/196 kB | 130 kB | 0.2/1.6 MBProgress (4): 265 kB | 167/196 kB | 130 kB | 0.2/1.6 MBProgress (4): 265 kB | 167/196 kB | 130 kB | 0.2/1.6 MBProgress (4): 265 kB | 167/196 kB | 130 kB | 0.2/1.6 MBProgress (4): 265 kB | 167/196 kB | 130 kB | 0.2/1.6 MBProgress (4): 265 kB | 167/196 kB | 130 kB | 0.2/1.6 MBProgress (4): 265 kB | 167/196 kB | 130 kB | 0.2/1.6 MB                                                       Downloaded from central: https://repo.maven.apache.org/maven2/ognl/ognl/3.3.4/ognl-3.3.4.jar (265 kB at 325 kB/s)
Downloading from central: https://repo.maven.apache.org/maven2/org/apache/xmlgraphics/fop-util/2.7/fop-util-2.7.jar
Progress (3): 167/196 kB | 130 kB | 0.2/1.6 MBProgress (3): 167/196 kB | 130 kB | 0.2/1.6 MBProgress (4): 167/196 kB | 130 kB | 0.2/1.6 MB | 0/4.4 MBProgress (4): 167/196 kB | 130 kB | 0.2/1.6 MB | 0/4.4 MBProgress (4): 167/196 kB | 130 kB | 0.2/1.6 MB | 0/4.4 MBProgress (4): 171/196 kB | 130 kB | 0.2/1.6 MB | 0/4.4 MBProgress (4): 171/196 kB | 130 kB | 0.2/1.6 MB | 0/4.4 MBProgress (4): 175/196 kB | 130 kB | 0.2/1.6 MB | 0/4.4 MBProgress (4): 179/196 kB | 130 kB | 0.2/1.6 MB | 0/4.4 MBProgress (4): 179/196 kB | 130 kB | 0.3/1.6 MB | 0/4.4 MBProgress (4): 183/196 kB | 130 kB | 0.3/1.6 MB | 0/4.4 MBProgress (4): 183/196 kB | 130 kB | 0.3/1.6 MB | 0/4.4 MBProgress (4): 183/196 kB | 130 kB | 0.3/1.6 MB | 0/4.4 MBProgress (4): 183/196 kB | 130 kB | 0.3/1.6 MB | 0/4.4 MBProgress (4): 183/196 kB | 130 kB | 0.3/1.6 MB | 0/4.4 MBProgress (4): 183/196 kB | 130 kB | 0.3/1.6 MB | 0/4.4 MBProgress (4): 183/196 kB | 130 kB | 0.3/1.6 MB | 0/4.4 MBProgress (4): 183/196 kB | 130 kB | 0.3/1.6 MB | 0/4.4 MBProgress (4): 183/196 kB | 130 kB | 0.3/1.6 MB | 0/4.4 MBProgress (4): 183/196 kB | 130 kB | 0.3/1.6 MB | 0/4.4 MBProgress (4): 183/196 kB | 130 kB | 0.3/1.6 MB | 0/4.4 MBProgress (4): 183/196 kB | 130 kB | 0.3/1.6 MB | 0/4.4 MBProgress (4): 183/196 kB | 130 kB | 0.4/1.6 MB | 0/4.4 MBProgress (4): 183/196 kB | 130 kB | 0.4/1.6 MB | 0/4.4 MBProgress (4): 183/196 kB | 130 kB | 0.4/1.6 MB | 0.1/4.4 MBProgress (4): 183/196 kB | 130 kB | 0.4/1.6 MB | 0.1/4.4 MBProgress (4): 183/196 kB | 130 kB | 0.4/1.6 MB | 0.1/4.4 MBProgress (4): 183/196 kB | 130 kB | 0.4/1.6 MB | 0.1/4.4 MBProgress (4): 183/196 kB | 130 kB | 0.4/1.6 MB | 0.2/4.4 MBProgress (4): 183/196 kB | 130 kB | 0.4/1.6 MB | 0.2/4.4 MBProgress (4): 183/196 kB | 130 kB | 0.4/1.6 MB | 0.2/4.4 MBProgress (4): 183/196 kB | 130 kB | 0.4/1.6 MB | 0.2/4.4 MBProgress (4): 183/196 kB | 130 kB | 0.4/1.6 MB | 0.3/4.4 MBProgress (4): 183/196 kB | 130 kB | 0.4/1.6 MB | 0.3/4.4 MBProgress (4): 183/196 kB | 130 kB | 0.4/1.6 MB | 0.3/4.4 MBProgress (4): 183/196 kB | 130 kB | 0.4/1.6 MB | 0.3/4.4 MBProgress (4): 188/196 kB | 130 kB | 0.4/1.6 MB | 0.3/4.4 MBProgress (4): 188/196 kB | 130 kB | 0.4/1.6 MB | 0.4/4.4 MBProgress (4): 188/196 kB | 130 kB | 0.4/1.6 MB | 0.4/4.4 MBProgress (4): 192/196 kB | 130 kB | 0.4/1.6 MB | 0.4/4.4 MBProgress (4): 192/196 kB | 130 kB | 0.4/1.6 MB | 0.4/4.4 MBProgress (4): 192/196 kB | 130 kB | 0.4/1.6 MB | 0.4/4.4 MBProgress (4): 196/196 kB | 130 kB | 0.4/1.6 MB | 0.4/4.4 MBProgress (4): 196 kB | 130 kB | 0.4/1.6 MB | 0.4/4.4 MB                                                           Downloaded from central: https://repo.maven.apache.org/maven2/com/fasterxml/jackson/dataformat/jackson-dataformat-xml/2.18.4/jackson-dataformat-xml-2.18.4.jar (130 kB at 144 kB/s)
Downloading from central: https://repo.maven.apache.org/maven2/org/apache/xmlgraphics/fop-events/2.7/fop-events-2.7.jar
Progress (3): 196 kB | 0.4/1.6 MB | 0.4/4.4 MBProgress (3): 196 kB | 0.4/1.6 MB | 0.4/4.4 MBProgress (3): 196 kB | 0.4/1.6 MB | 0.4/4.4 MBProgress (3): 196 kB | 0.4/1.6 MB | 0.4/4.4 MBProgress (3): 196 kB | 0.4/1.6 MB | 0.4/4.4 MBProgress (3): 196 kB | 0.4/1.6 MB | 0.4/4.4 MBProgress (3): 196 kB | 0.4/1.6 MB | 0.4/4.4 MBProgress (3): 196 kB | 0.4/1.6 MB | 0.4/4.4 MBProgress (3): 196 kB | 0.4/1.6 MB | 0.4/4.4 MBProgress (3): 196 kB | 0.4/1.6 MB | 0.4/4.4 MBProgress (3): 196 kB | 0.4/1.6 MB | 0.5/4.4 MBProgress (3): 196 kB | 0.4/1.6 MB | 0.5/4.4 MBProgress (3): 196 kB | 0.4/1.6 MB | 0.5/4.4 MBProgress (3): 196 kB | 0.4/1.6 MB | 0.5/4.4 MBProgress (3): 196 kB | 0.4/1.6 MB | 0.6/4.4 MBProgress (3): 196 kB | 0.4/1.6 MB | 0.6/4.4 MBProgress (4): 196 kB | 0.4/1.6 MB | 0.6/4.4 MB | 4.1/26 kBProgress (4): 196 kB | 0.4/1.6 MB | 0.6/4.4 MB | 7.7/26 kBProgress (4): 196 kB | 0.4/1.6 MB | 0.6/4.4 MB | 12/26 kB Progress (4): 196 kB | 0.4/1.6 MB | 0.6/4.4 MB | 16/26 kBProgress (4): 196 kB | 0.4/1.6 MB | 0.6/4.4 MB | 20/26 kBProgress (4): 196 kB | 0.4/1.6 MB | 0.6/4.4 MB | 24/26 kBProgress (4): 196 kB | 0.4/1.6 MB | 0.6/4.4 MB | 26 kB   Progress (4): 196 kB | 0.4/1.6 MB | 0.6/4.4 MB | 26 kBProgress (4): 196 kB | 0.4/1.6 MB | 0.6/4.4 MB | 26 kBProgress (4): 196 kB | 0.4/1.6 MB | 0.7/4.4 MB | 26 kBProgress (4): 196 kB | 0.4/1.6 MB | 0.7/4.4 MB | 26 kBProgress (4): 196 kB | 0.4/1.6 MB | 0.7/4.4 MB | 26 kBProgress (4): 196 kB | 0.4/1.6 MB | 0.7/4.4 MB | 26 kBProgress (4): 196 kB | 0.4/1.6 MB | 0.8/4.4 MB | 26 kBProgress (4): 196 kB | 0.4/1.6 MB | 0.8/4.4 MB | 26 kBProgress (4): 196 kB | 0.5/1.6 MB | 0.8/4.4 MB | 26 kBProgress (4): 196 kB | 0.5/1.6 MB | 0.8/4.4 MB | 26 kBProgress (4): 196 kB | 0.5/1.6 MB | 0.8/4.4 MB | 26 kBProgress (4): 196 kB | 0.5/1.6 MB | 0.8/4.4 MB | 26 kBProgress (4): 196 kB | 0.5/1.6 MB | 0.8/4.4 MB | 26 kBProgress (4): 196 kB | 0.5/1.6 MB | 0.8/4.4 MB | 26 kBProgress (4): 196 kB | 0.5/1.6 MB | 0.8/4.4 MB | 26 kBProgress (4): 196 kB | 0.5/1.6 MB | 0.8/4.4 MB | 26 kBProgress (4): 196 kB | 0.5/1.6 MB | 0.8/4.4 MB | 26 kBProgress (4): 196 kB | 0.5/1.6 MB | 0.8/4.4 MB | 26 kBProgress (4): 196 kB | 0.5/1.6 MB | 0.8/4.4 MB | 26 kBProgress (4): 196 kB | 0.5/1.6 MB | 0.8/4.4 MB | 26 kBProgress (4): 196 kB | 0.5/1.6 MB | 0.8/4.4 MB | 26 kBProgress (4): 196 kB | 0.6/1.6 MB | 0.8/4.4 MB | 26 kBProgress (4): 196 kB | 0.6/1.6 MB | 0.8/4.4 MB | 26 kBProgress (4): 196 kB | 0.6/1.6 MB | 0.8/4.4 MB | 26 kBProgress (4): 196 kB | 0.6/1.6 MB | 0.8/4.4 MB | 26 kBProgress (4): 196 kB | 0.6/1.6 MB | 0.8/4.4 MB | 26 kBProgress (4): 196 kB | 0.6/1.6 MB | 0.8/4.4 MB | 26 kBProgress (4): 196 kB | 0.6/1.6 MB | 0.8/4.4 MB | 26 kBProgress (4): 196 kB | 0.6/1.6 MB | 0.8/4.4 MB | 26 kBProgress (4): 196 kB | 0.6/1.6 MB | 0.8/4.4 MB | 26 kBProgress (4): 196 kB | 0.6/1.6 MB | 0.8/4.4 MB | 26 kBProgress (4): 196 kB | 0.6/1.6 MB | 0.8/4.4 MB | 26 kBProgress (4): 196 kB | 0.6/1.6 MB | 0.8/4.4 MB | 26 kBProgress (4): 196 kB | 0.7/1.6 MB | 0.8/4.4 MB | 26 kBProgress (4): 196 kB | 0.7/1.6 MB | 0.8/4.4 MB | 26 kBProgress (4): 196 kB | 0.7/1.6 MB | 0.8/4.4 MB | 26 kBProgress (4): 196 kB | 0.7/1.6 MB | 0.8/4.4 MB | 26 kBProgress (4): 196 kB | 0.7/1.6 MB | 0.8/4.4 MB | 26 kBProgress (4): 196 kB | 0.7/1.6 MB | 0.8/4.4 MB | 26 kBProgress (4): 196 kB | 0.7/1.6 MB | 0.8/4.4 MB | 26 kBProgress (4): 196 kB | 0.7/1.6 MB | 0.8/4.4 MB | 26 kBProgress (4): 196 kB | 0.7/1.6 MB | 0.8/4.4 MB | 26 kB                                                      Downloaded from central: https://repo.maven.apache.org/maven2/org/codehaus/woodstox/stax2-api/4.2.2/stax2-api-4.2.2.jar (196 kB at 178 kB/s)
Downloading from central: https://repo.maven.apache.org/maven2/com/thoughtworks/qdox/qdox/1.12/qdox-1.12.jar
Progress (3): 0.7/1.6 MB | 0.8/4.4 MB | 26 kBProgress (4): 0.7/1.6 MB | 0.8/4.4 MB | 26 kB | 4.1/45 kBProgress (4): 0.7/1.6 MB | 0.8/4.4 MB | 26 kB | 4.1/45 kBProgress (4): 0.7/1.6 MB | 0.8/4.4 MB | 26 kB | 7.7/45 kBProgress (4): 0.7/1.6 MB | 0.8/4.4 MB | 26 kB | 7.7/45 kBProgress (4): 0.8/1.6 MB | 0.8/4.4 MB | 26 kB | 7.7/45 kBProgress (4): 0.8/1.6 MB | 0.8/4.4 MB | 26 kB | 7.7/45 kBProgress (4): 0.8/1.6 MB | 0.8/4.4 MB | 26 kB | 7.7/45 kBProgress (4): 0.8/1.6 MB | 0.8/4.4 MB | 26 kB | 7.7/45 kBProgress (4): 0.8/1.6 MB | 0.8/4.4 MB | 26 kB | 7.7/45 kBProgress (4): 0.8/1.6 MB | 0.8/4.4 MB | 26 kB | 7.7/45 kBProgress (4): 0.8/1.6 MB | 0.8/4.4 MB | 26 kB | 7.7/45 kBProgress (4): 0.8/1.6 MB | 0.8/4.4 MB | 26 kB | 7.7/45 kBProgress (4): 0.8/1.6 MB | 0.8/4.4 MB | 26 kB | 7.7/45 kBProgress (4): 0.8/1.6 MB | 0.8/4.4 MB | 26 kB | 7.7/45 kBProgress (4): 0.8/1.6 MB | 0.8/4.4 MB | 26 kB | 7.7/45 kBProgress (4): 0.8/1.6 MB | 0.8/4.4 MB | 26 kB | 7.7/45 kBProgress (4): 0.9/1.6 MB | 0.8/4.4 MB | 26 kB | 7.7/45 kBProgress (4): 0.9/1.6 MB | 0.8/4.4 MB | 26 kB | 7.7/45 kBProgress (4): 0.9/1.6 MB | 0.8/4.4 MB | 26 kB | 7.7/45 kBProgress (4): 0.9/1.6 MB | 0.8/4.4 MB | 26 kB | 7.7/45 kBProgress (4): 0.9/1.6 MB | 0.8/4.4 MB | 26 kB | 7.7/45 kBProgress (4): 0.9/1.6 MB | 0.8/4.4 MB | 26 kB | 7.7/45 kBProgress (4): 0.9/1.6 MB | 0.8/4.4 MB | 26 kB | 7.7/45 kBProgress (4): 0.9/1.6 MB | 0.8/4.4 MB | 26 kB | 12/45 kB Progress (4): 0.9/1.6 MB | 0.8/4.4 MB | 26 kB | 16/45 kBProgress (4): 0.9/1.6 MB | 0.8/4.4 MB | 26 kB | 20/45 kBProgress (4): 0.9/1.6 MB | 0.8/4.4 MB | 26 kB | 24/45 kBProgress (4): 0.9/1.6 MB | 0.8/4.4 MB | 26 kB | 28/45 kBProgress (4): 0.9/1.6 MB | 0.8/4.4 MB | 26 kB | 28/45 kBProgress (4): 0.9/1.6 MB | 0.8/4.4 MB | 26 kB | 32/45 kBProgress (4): 0.9/1.6 MB | 0.8/4.4 MB | 26 kB | 36/45 kBProgress (4): 0.9/1.6 MB | 0.8/4.4 MB | 26 kB | 40/45 kBProgress (4): 0.9/1.6 MB | 0.8/4.4 MB | 26 kB | 40/45 kBProgress (4): 0.9/1.6 MB | 0.8/4.4 MB | 26 kB | 45/45 kBProgress (4): 0.9/1.6 MB | 0.8/4.4 MB | 26 kB | 45 kB   Progress (4): 0.9/1.6 MB | 0.9/4.4 MB | 26 kB | 45 kBProgress (4): 0.9/1.6 MB | 0.9/4.4 MB | 26 kB | 45 kBProgress (4): 0.9/1.6 MB | 0.9/4.4 MB | 26 kB | 45 kBProgress (4): 0.9/1.6 MB | 0.9/4.4 MB | 26 kB | 45 kBProgress (4): 0.9/1.6 MB | 1.0/4.4 MB | 26 kB | 45 kBProgress (4): 0.9/1.6 MB | 1.0/4.4 MB | 26 kB | 45 kBProgress (4): 0.9/1.6 MB | 1.0/4.4 MB | 26 kB | 45 kBProgress (4): 0.9/1.6 MB | 1.0/4.4 MB | 26 kB | 45 kBProgress (4): 0.9/1.6 MB | 1.1/4.4 MB | 26 kB | 45 kBProgress (4): 0.9/1.6 MB | 1.1/4.4 MB | 26 kB | 45 kBProgress (4): 0.9/1.6 MB | 1.1/4.4 MB | 26 kB | 45 kBProgress (4): 0.9/1.6 MB | 1.1/4.4 MB | 26 kB | 45 kBProgress (4): 0.9/1.6 MB | 1.2/4.4 MB | 26 kB | 45 kBProgress (4): 0.9/1.6 MB | 1.2/4.4 MB | 26 kB | 45 kBProgress (4): 0.9/1.6 MB | 1.2/4.4 MB | 26 kB | 45 kB                                                     Downloaded from central: https://repo.maven.apache.org/maven2/org/apache/xmlgraphics/fop-util/2.7/fop-util-2.7.jar (26 kB at 21 kB/s)
Downloading from central: https://repo.maven.apache.org/maven2/org/apache/xmlgraphics/fop-core/2.7/fop-core-2.7.jar
Progress (3): 0.9/1.6 MB | 1.2/4.4 MB | 45 kBProgress (3): 0.9/1.6 MB | 1.2/4.4 MB | 45 kBProgress (3): 0.9/1.6 MB | 1.2/4.4 MB | 45 kBProgress (3): 0.9/1.6 MB | 1.2/4.4 MB | 45 kBProgress (3): 0.9/1.6 MB | 1.2/4.4 MB | 45 kBProgress (3): 1.0/1.6 MB | 1.2/4.4 MB | 45 kBProgress (3): 1.0/1.6 MB | 1.2/4.4 MB | 45 kBProgress (3): 1.0/1.6 MB | 1.2/4.4 MB | 45 kBProgress (3): 1.0/1.6 MB | 1.2/4.4 MB | 45 kBProgress (3): 1.0/1.6 MB | 1.2/4.4 MB | 45 kBProgress (3): 1.0/1.6 MB | 1.2/4.4 MB | 45 kBProgress (3): 1.0/1.6 MB | 1.2/4.4 MB | 45 kBProgress (3): 1.0/1.6 MB | 1.2/4.4 MB | 45 kBProgress (3): 1.0/1.6 MB | 1.2/4.4 MB | 45 kBProgress (4): 1.0/1.6 MB | 1.2/4.4 MB | 45 kB | 4.1/180 kBProgress (4): 1.0/1.6 MB | 1.2/4.4 MB | 45 kB | 4.1/180 kBProgress (4): 1.0/1.6 MB | 1.2/4.4 MB | 45 kB | 7.7/180 kBProgress (4): 1.0/1.6 MB | 1.2/4.4 MB | 45 kB | 7.7/180 kBProgress (4): 1.0/1.6 MB | 1.2/4.4 MB | 45 kB | 12/180 kB Progress (4): 1.0/1.6 MB | 1.2/4.4 MB | 45 kB | 16/180 kBProgress (4): 1.0/1.6 MB | 1.2/4.4 MB | 45 kB | 16/180 kBProgress (4): 1.0/1.6 MB | 1.2/4.4 MB | 45 kB | 20/180 kBProgress (4): 1.0/1.6 MB | 1.2/4.4 MB | 45 kB | 24/180 kBProgress (4): 1.0/1.6 MB | 1.2/4.4 MB | 45 kB | 24/180 kBProgress (4): 1.1/1.6 MB | 1.2/4.4 MB | 45 kB | 24/180 kBProgress (4): 1.1/1.6 MB | 1.2/4.4 MB | 45 kB | 24/180 kBProgress (4): 1.1/1.6 MB | 1.2/4.4 MB | 45 kB | 24/180 kBProgress (4): 1.1/1.6 MB | 1.2/4.4 MB | 45 kB | 24/180 kBProgress (4): 1.1/1.6 MB | 1.2/4.4 MB | 45 kB | 28/180 kBProgress (4): 1.1/1.6 MB | 1.2/4.4 MB | 45 kB | 28/180 kBProgress (4): 1.1/1.6 MB | 1.2/4.4 MB | 45 kB | 32/180 kBProgress (4): 1.1/1.6 MB | 1.2/4.4 MB | 45 kB | 36/180 kBProgress (4): 1.1/1.6 MB | 1.2/4.4 MB | 45 kB | 40/180 kBProgress (4): 1.1/1.6 MB | 1.2/4.4 MB | 45 kB | 40/180 kBProgress (4): 1.1/1.6 MB | 1.2/4.4 MB | 45 kB | 40/180 kBProgress (4): 1.1/1.6 MB | 1.2/4.4 MB | 45 kB | 40/180 kBProgress (4): 1.1/1.6 MB | 1.2/4.4 MB | 45 kB | 40/180 kBProgress (4): 1.1/1.6 MB | 1.2/4.4 MB | 45 kB | 40/180 kBProgress (4): 1.1/1.6 MB | 1.2/4.4 MB | 45 kB | 40/180 kBProgress (4): 1.1/1.6 MB | 1.2/4.4 MB | 45 kB | 40/180 kBProgress (4): 1.2/1.6 MB | 1.2/4.4 MB | 45 kB | 40/180 kBProgress (4): 1.2/1.6 MB | 1.2/4.4 MB | 45 kB | 40/180 kBProgress (4): 1.2/1.6 MB | 1.2/4.4 MB | 45 kB | 40/180 kBProgress (4): 1.2/1.6 MB | 1.2/4.4 MB | 45 kB | 40/180 kBProgress (4): 1.2/1.6 MB | 1.2/4.4 MB | 45 kB | 40/180 kBProgress (4): 1.2/1.6 MB | 1.2/4.4 MB | 45 kB | 40/180 kBProgress (4): 1.2/1.6 MB | 1.2/4.4 MB | 45 kB | 40/180 kBProgress (4): 1.2/1.6 MB | 1.2/4.4 MB | 45 kB | 40/180 kBProgress (4): 1.2/1.6 MB | 1.2/4.4 MB | 45 kB | 40/180 kBProgress (4): 1.2/1.6 MB | 1.2/4.4 MB | 45 kB | 40/180 kBProgress (4): 1.2/1.6 MB | 1.2/4.4 MB | 45 kB | 40/180 kBProgress (4): 1.2/1.6 MB | 1.2/4.4 MB | 45 kB | 40/180 kBProgress (4): 1.3/1.6 MB | 1.2/4.4 MB | 45 kB | 40/180 kBProgress (4): 1.3/1.6 MB | 1.2/4.4 MB | 45 kB | 40/180 kBProgress (4): 1.3/1.6 MB | 1.2/4.4 MB | 45 kB | 40/180 kBProgress (4): 1.3/1.6 MB | 1.2/4.4 MB | 45 kB | 40/180 kBProgress (4): 1.3/1.6 MB | 1.2/4.4 MB | 45 kB | 40/180 kBProgress (4): 1.3/1.6 MB | 1.2/4.4 MB | 45 kB | 40/180 kBProgress (4): 1.3/1.6 MB | 1.2/4.4 MB | 45 kB | 40/180 kBProgress (4): 1.3/1.6 MB | 1.2/4.4 MB | 45 kB | 40/180 kBProgress (4): 1.3/1.6 MB | 1.2/4.4 MB | 45 kB | 40/180 kBProgress (4): 1.3/1.6 MB | 1.2/4.4 MB | 45 kB | 40/180 kBProgress (4): 1.3/1.6 MB | 1.2/4.4 MB | 45 kB | 40/180 kBProgress (4): 1.3/1.6 MB | 1.2/4.4 MB | 45 kB | 40/180 kBProgress (4): 1.4/1.6 MB | 1.2/4.4 MB | 45 kB | 40/180 kBProgress (4): 1.4/1.6 MB | 1.2/4.4 MB | 45 kB | 40/180 kBProgress (4): 1.4/1.6 MB | 1.2/4.4 MB | 45 kB | 45/180 kBProgress (4): 1.4/1.6 MB | 1.2/4.4 MB | 45 kB | 49/180 kBProgress (4): 1.4/1.6 MB | 1.2/4.4 MB | 45 kB | 53/180 kBProgress (4): 1.4/1.6 MB | 1.2/4.4 MB | 45 kB | 57/180 kBProgress (4): 1.4/1.6 MB | 1.2/4.4 MB | 45 kB | 61/180 kBProgress (4): 1.4/1.6 MB | 1.2/4.4 MB | 45 kB | 65/180 kBProgress (4): 1.4/1.6 MB | 1.2/4.4 MB | 45 kB | 69/180 kBProgress (4): 1.4/1.6 MB | 1.2/4.4 MB | 45 kB | 69/180 kBProgress (4): 1.4/1.6 MB | 1.2/4.4 MB | 45 kB | 73/180 kBProgress (4): 1.4/1.6 MB | 1.2/4.4 MB | 45 kB | 77/180 kBProgress (4): 1.4/1.6 MB | 1.2/4.4 MB | 45 kB | 81/180 kBProgress (4): 1.4/1.6 MB | 1.2/4.4 MB | 45 kB | 86/180 kBProgress (4): 1.4/1.6 MB | 1.2/4.4 MB | 45 kB | 90/180 kBProgress (4): 1.4/1.6 MB | 1.2/4.4 MB | 45 kB | 94/180 kBProgress (4): 1.4/1.6 MB | 1.2/4.4 MB | 45 kB | 98/180 kBProgress (4): 1.4/1.6 MB | 1.2/4.4 MB | 45 kB | 102/180 kBProgress (4): 1.4/1.6 MB | 1.2/4.4 MB | 45 kB | 106/180 kBProgress (4): 1.4/1.6 MB | 1.2/4.4 MB | 45 kB | 110/180 kBProgress (4): 1.4/1.6 MB | 1.2/4.4 MB | 45 kB | 114/180 kBProgress (4): 1.4/1.6 MB | 1.2/4.4 MB | 45 kB | 118/180 kBProgress (4): 1.4/1.6 MB | 1.2/4.4 MB | 45 kB | 122/180 kBProgress (4): 1.4/1.6 MB | 1.2/4.4 MB | 45 kB | 126/180 kBProgress (4): 1.4/1.6 MB | 1.2/4.4 MB | 45 kB | 131/180 kBProgress (4): 1.4/1.6 MB | 1.2/4.4 MB | 45 kB | 135/180 kBProgress (4): 1.4/1.6 MB | 1.2/4.4 MB | 45 kB | 139/180 kBProgress (4): 1.4/1.6 MB | 1.3/4.4 MB | 45 kB | 139/180 kBProgress (4): 1.4/1.6 MB | 1.3/4.4 MB | 45 kB | 139/180 kBProgress (4): 1.4/1.6 MB | 1.3/4.4 MB | 45 kB | 139/180 kBProgress (4): 1.4/1.6 MB | 1.3/4.4 MB | 45 kB | 139/180 kBProgress (4): 1.4/1.6 MB | 1.3/4.4 MB | 45 kB | 139/180 kBProgress (4): 1.4/1.6 MB | 1.3/4.4 MB | 45 kB | 139/180 kBProgress (4): 1.4/1.6 MB | 1.3/4.4 MB | 45 kB | 139/180 kBProgress (4): 1.4/1.6 MB | 1.3/4.4 MB | 45 kB | 139/180 kBProgress (4): 1.4/1.6 MB | 1.3/4.4 MB | 45 kB | 139/180 kBProgress (4): 1.4/1.6 MB | 1.3/4.4 MB | 45 kB | 139/180 kBProgress (4): 1.4/1.6 MB | 1.3/4.4 MB | 45 kB | 139/180 kBProgress (4): 1.4/1.6 MB | 1.3/4.4 MB | 45 kB | 139/180 kBProgress (4): 1.4/1.6 MB | 1.3/4.4 MB | 45 kB | 139/180 kBProgress (4): 1.5/1.6 MB | 1.3/4.4 MB | 45 kB | 139/180 kBProgress (4): 1.5/1.6 MB | 1.3/4.4 MB | 45 kB | 139/180 kBProgress (4): 1.5/1.6 MB | 1.3/4.4 MB | 45 kB | 139/180 kBProgress (4): 1.5/1.6 MB | 1.3/4.4 MB | 45 kB | 139/180 kBProgress (4): 1.5/1.6 MB | 1.3/4.4 MB | 45 kB | 139/180 kBProgress (4): 1.5/1.6 MB | 1.4/4.4 MB | 45 kB | 139/180 kBProgress (4): 1.5/1.6 MB | 1.4/4.4 MB | 45 kB | 139/180 kBProgress (4): 1.5/1.6 MB | 1.4/4.4 MB | 45 kB | 139/180 kBProgress (4): 1.5/1.6 MB | 1.4/4.4 MB | 45 kB | 139/180 kBProgress (4): 1.5/1.6 MB | 1.5/4.4 MB | 45 kB | 139/180 kBProgress (4): 1.5/1.6 MB | 1.5/4.4 MB | 45 kB | 139/180 kBProgress (4): 1.5/1.6 MB | 1.5/4.4 MB | 45 kB | 139/180 kBProgress (4): 1.5/1.6 MB | 1.5/4.4 MB | 45 kB | 139/180 kB                                                          Downloaded from central: https://repo.maven.apache.org/maven2/org/apache/xmlgraphics/fop-events/2.7/fop-events-2.7.jar (45 kB at 32 kB/s)
Downloading from central: https://repo.maven.apache.org/maven2/org/apache/xmlgraphics/batik-anim/1.14/batik-anim-1.14.jar
Progress (3): 1.5/1.6 MB | 1.6/4.4 MB | 139/180 kBProgress (3): 1.5/1.6 MB | 1.6/4.4 MB | 139/180 kBProgress (3): 1.5/1.6 MB | 1.6/4.4 MB | 139/180 kBProgress (3): 1.5/1.6 MB | 1.6/4.4 MB | 143/180 kBProgress (3): 1.5/1.6 MB | 1.6/4.4 MB | 147/180 kBProgress (3): 1.5/1.6 MB | 1.6/4.4 MB | 151/180 kBProgress (3): 1.5/1.6 MB | 1.6/4.4 MB | 155/180 kBProgress (3): 1.5/1.6 MB | 1.6/4.4 MB | 159/180 kBProgress (3): 1.5/1.6 MB | 1.6/4.4 MB | 163/180 kBProgress (3): 1.5/1.6 MB | 1.6/4.4 MB | 167/180 kBProgress (3): 1.5/1.6 MB | 1.6/4.4 MB | 172/180 kBProgress (3): 1.5/1.6 MB | 1.6/4.4 MB | 176/180 kBProgress (3): 1.5/1.6 MB | 1.6/4.4 MB | 180 kB    Progress (4): 1.5/1.6 MB | 1.6/4.4 MB | 180 kB | 0/4.4 MBProgress (4): 1.5/1.6 MB | 1.6/4.4 MB | 180 kB | 0/4.4 MBProgress (4): 1.5/1.6 MB | 1.7/4.4 MB | 180 kB | 0/4.4 MBProgress (4): 1.5/1.6 MB | 1.7/4.4 MB | 180 kB | 0/4.4 MBProgress (4): 1.5/1.6 MB | 1.7/4.4 MB | 180 kB | 0/4.4 MBProgress (4): 1.5/1.6 MB | 1.7/4.4 MB | 180 kB | 0.1/4.4 MBProgress (4): 1.5/1.6 MB | 1.7/4.4 MB | 180 kB | 0.1/4.4 MBProgress (4): 1.5/1.6 MB | 1.7/4.4 MB | 180 kB | 0.1/4.4 MBProgress (4): 1.5/1.6 MB | 1.7/4.4 MB | 180 kB | 0.1/4.4 MBProgress (4): 1.5/1.6 MB | 1.7/4.4 MB | 180 kB | 0.1/4.4 MBProgress (4): 1.5/1.6 MB | 1.7/4.4 MB | 180 kB | 0.1/4.4 MBProgress (4): 1.5/1.6 MB | 1.7/4.4 MB | 180 kB | 0.1/4.4 MBProgress (4): 1.5/1.6 MB | 1.7/4.4 MB | 180 kB | 0.1/4.4 MBProgress (4): 1.5/1.6 MB | 1.7/4.4 MB | 180 kB | 0.1/4.4 MBProgress (4): 1.5/1.6 MB | 1.7/4.4 MB | 180 kB | 0.1/4.4 MBProgress (4): 1.5/1.6 MB | 1.7/4.4 MB | 180 kB | 0.1/4.4 MBProgress (4): 1.5/1.6 MB | 1.7/4.4 MB | 180 kB | 0.1/4.4 MBProgress (4): 1.6/1.6 MB | 1.7/4.4 MB | 180 kB | 0.1/4.4 MBProgress (4): 1.6/1.6 MB | 1.7/4.4 MB | 180 kB | 0.1/4.4 MBProgress (4): 1.6/1.6 MB | 1.7/4.4 MB | 180 kB | 0.1/4.4 MBProgress (4): 1.6/1.6 MB | 1.7/4.4 MB | 180 kB | 0.1/4.4 MBProgress (4): 1.6/1.6 MB | 1.7/4.4 MB | 180 kB | 0.1/4.4 MBProgress (4): 1.6/1.6 MB | 1.7/4.4 MB | 180 kB | 0.1/4.4 MBProgress (4): 1.6/1.6 MB | 1.7/4.4 MB | 180 kB | 0.1/4.4 MBProgress (4): 1.6 MB | 1.7/4.4 MB | 180 kB | 0.1/4.4 MB    Progress (4): 1.6 MB | 1.7/4.4 MB | 180 kB | 0.1/4.4 MBProgress (4): 1.6 MB | 1.8/4.4 MB | 180 kB | 0.1/4.4 MBProgress (4): 1.6 MB | 1.8/4.4 MB | 180 kB | 0.1/4.4 MBProgress (4): 1.6 MB | 1.8/4.4 MB | 180 kB | 0.1/4.4 MBProgress (4): 1.6 MB | 1.8/4.4 MB | 180 kB | 0.1/4.4 MBProgress (4): 1.6 MB | 1.8/4.4 MB | 180 kB | 0.1/4.4 MBProgress (4): 1.6 MB | 1.9/4.4 MB | 180 kB | 0.1/4.4 MBProgress (4): 1.6 MB | 1.9/4.4 MB | 180 kB | 0.1/4.4 MBProgress (4): 1.6 MB | 1.9/4.4 MB | 180 kB | 0.1/4.4 MBProgress (4): 1.6 MB | 1.9/4.4 MB | 180 kB | 0.1/4.4 MBProgress (4): 1.6 MB | 2.0/4.4 MB | 180 kB | 0.1/4.4 MBProgress (4): 1.6 MB | 2.0/4.4 MB | 180 kB | 0.1/4.4 MBProgress (4): 1.6 MB | 2.0/4.4 MB | 180 kB | 0.1/4.4 MBProgress (4): 1.6 MB | 2.0/4.4 MB | 180 kB | 0.1/4.4 MBProgress (5): 1.6 MB | 2.0/4.4 MB | 180 kB | 0.1/4.4 MB | 4.1/486 kBProgress (5): 1.6 MB | 2.0/4.4 MB | 180 kB | 0.1/4.4 MB | 7.7/486 kBProgress (5): 1.6 MB | 2.0/4.4 MB | 180 kB | 0.1/4.4 MB | 11/486 kB Progress (5): 1.6 MB | 2.0/4.4 MB | 180 kB | 0.1/4.4 MB | 15/486 kBProgress (5): 1.6 MB | 2.0/4.4 MB | 180 kB | 0.1/4.4 MB | 20/486 kBProgress (5): 1.6 MB | 2.0/4.4 MB | 180 kB | 0.1/4.4 MB | 24/486 kBProgress (5): 1.6 MB | 2.0/4.4 MB | 180 kB | 0.1/4.4 MB | 28/486 kBProgress (5): 1.6 MB | 2.0/4.4 MB | 180 kB | 0.1/4.4 MB | 32/486 kBProgress (5): 1.6 MB | 2.0/4.4 MB | 180 kB | 0.1/4.4 MB | 36/486 kBProgress (5): 1.6 MB | 2.0/4.4 MB | 180 kB | 0.1/4.4 MB | 40/486 kBProgress (5): 1.6 MB | 2.0/4.4 MB | 180 kB | 0.1/4.4 MB | 44/486 kBProgress (5): 1.6 MB | 2.0/4.4 MB | 180 kB | 0.1/4.4 MB | 48/486 kBProgress (5): 1.6 MB | 2.0/4.4 MB | 180 kB | 0.1/4.4 MB | 52/486 kBProgress (5): 1.6 MB | 2.0/4.4 MB | 180 kB | 0.1/4.4 MB | 56/486 kBProgress (5): 1.6 MB | 2.0/4.4 MB | 180 kB | 0.1/4.4 MB | 61/486 kBProgress (5): 1.6 MB | 2.0/4.4 MB | 180 kB | 0.1/4.4 MB | 65/486 kBProgress (5): 1.6 MB | 2.0/4.4 MB | 180 kB | 0.1/4.4 MB | 69/486 kBProgress (5): 1.6 MB | 2.0/4.4 MB | 180 kB | 0.1/4.4 MB | 73/486 kBProgress (5): 1.6 MB | 2.0/4.4 MB | 180 kB | 0.1/4.4 MB | 77/486 kBProgress (5): 1.6 MB | 2.0/4.4 MB | 180 kB | 0.1/4.4 MB | 81/486 kBProgress (5): 1.6 MB | 2.0/4.4 MB | 180 kB | 0.1/4.4 MB | 81/486 kBProgress (5): 1.6 MB | 2.0/4.4 MB | 180 kB | 0.1/4.4 MB | 85/486 kBProgress (5): 1.6 MB | 2.0/4.4 MB | 180 kB | 0.1/4.4 MB | 89/486 kBProgress (5): 1.6 MB | 2.0/4.4 MB | 180 kB | 0.1/4.4 MB | 93/486 kBProgress (5): 1.6 MB | 2.0/4.4 MB | 180 kB | 0.1/4.4 MB | 97/486 kBProgress (5): 1.6 MB | 2.0/4.4 MB | 180 kB | 0.1/4.4 MB | 102/486 kBProgress (5): 1.6 MB | 2.0/4.4 MB | 180 kB | 0.1/4.4 MB | 106/486 kBProgress (5): 1.6 MB | 2.0/4.4 MB | 180 kB | 0.2/4.4 MB | 106/486 kBProgress (5): 1.6 MB | 2.0/4.4 MB | 180 kB | 0.2/4.4 MB | 110/486 kBProgress (5): 1.6 MB | 2.0/4.4 MB | 180 kB | 0.2/4.4 MB | 114/486 kBProgress (5): 1.6 MB | 2.0/4.4 MB | 180 kB | 0.2/4.4 MB | 118/486 kBProgress (5): 1.6 MB | 2.0/4.4 MB | 180 kB | 0.2/4.4 MB | 122/486 kBProgress (5): 1.6 MB | 2.0/4.4 MB | 180 kB | 0.2/4.4 MB | 126/486 kBProgress (5): 1.6 MB | 2.0/4.4 MB | 180 kB | 0.2/4.4 MB | 130/486 kBProgress (5): 1.6 MB | 2.0/4.4 MB | 180 kB | 0.2/4.4 MB | 134/486 kBProgress (5): 1.6 MB | 2.0/4.4 MB | 180 kB | 0.2/4.4 MB | 138/486 kBProgress (5): 1.6 MB | 2.0/4.4 MB | 180 kB | 0.2/4.4 MB | 142/486 kBProgress (5): 1.6 MB | 2.0/4.4 MB | 180 kB | 0.2/4.4 MB | 147/486 kBProgress (5): 1.6 MB | 2.0/4.4 MB | 180 kB | 0.2/4.4 MB | 151/486 kBProgress (5): 1.6 MB | 2.0/4.4 MB | 180 kB | 0.2/4.4 MB | 155/486 kBProgress (5): 1.6 MB | 2.0/4.4 MB | 180 kB | 0.2/4.4 MB | 159/486 kBProgress (5): 1.6 MB | 2.0/4.4 MB | 180 kB | 0.2/4.4 MB | 163/486 kBProgress (5): 1.6 MB | 2.0/4.4 MB | 180 kB | 0.2/4.4 MB | 167/486 kBProgress (5): 1.6 MB | 2.0/4.4 MB | 180 kB | 0.2/4.4 MB | 171/486 kBProgress (5): 1.6 MB | 2.0/4.4 MB | 180 kB | 0.2/4.4 MB | 175/486 kBProgress (5): 1.6 MB | 2.0/4.4 MB | 180 kB | 0.2/4.4 MB | 179/486 kBProgress (5): 1.6 MB | 2.0/4.4 MB | 180 kB | 0.2/4.4 MB | 183/486 kBProgress (5): 1.6 MB | 2.0/4.4 MB | 180 kB | 0.2/4.4 MB | 188/486 kBProgress (5): 1.6 MB | 2.0/4.4 MB | 180 kB | 0.2/4.4 MB | 192/486 kBProgress (5): 1.6 MB | 2.0/4.4 MB | 180 kB | 0.2/4.4 MB | 196/486 kBProgress (5): 1.6 MB | 2.0/4.4 MB | 180 kB | 0.2/4.4 MB | 200/486 kBProgress (5): 1.6 MB | 2.0/4.4 MB | 180 kB | 0.2/4.4 MB | 204/486 kBProgress (5): 1.6 MB | 2.0/4.4 MB | 180 kB | 0.2/4.4 MB | 208/486 kBProgress (5): 1.6 MB | 2.0/4.4 MB | 180 kB | 0.2/4.4 MB | 212/486 kBProgress (5): 1.6 MB | 2.0/4.4 MB | 180 kB | 0.2/4.4 MB | 216/486 kBProgress (5): 1.6 MB | 2.0/4.4 MB | 180 kB | 0.2/4.4 MB | 220/486 kBProgress (5): 1.6 MB | 2.0/4.4 MB | 180 kB | 0.2/4.4 MB | 224/486 kBProgress (5): 1.6 MB | 2.0/4.4 MB | 180 kB | 0.2/4.4 MB | 224/486 kBProgress (5): 1.6 MB | 2.0/4.4 MB | 180 kB | 0.2/4.4 MB | 224/486 kBProgress (5): 1.6 MB | 2.0/4.4 MB | 180 kB | 0.2/4.4 MB | 228/486 kBProgress (5): 1.6 MB | 2.0/4.4 MB | 180 kB | 0.2/4.4 MB | 233/486 kBProgress (5): 1.6 MB | 2.0/4.4 MB | 180 kB | 0.2/4.4 MB | 237/486 kBProgress (5): 1.6 MB | 2.0/4.4 MB | 180 kB | 0.2/4.4 MB | 241/486 kBProgress (5): 1.6 MB | 2.0/4.4 MB | 180 kB | 0.2/4.4 MB | 245/486 kBProgress (5): 1.6 MB | 2.0/4.4 MB | 180 kB | 0.2/4.4 MB | 249/486 kBProgress (5): 1.6 MB | 2.0/4.4 MB | 180 kB | 0.2/4.4 MB | 253/486 kBProgress (5): 1.6 MB | 2.0/4.4 MB | 180 kB | 0.2/4.4 MB | 257/486 kBProgress (5): 1.6 MB | 2.0/4.4 MB | 180 kB | 0.2/4.4 MB | 261/486 kBProgress (5): 1.6 MB | 2.0/4.4 MB | 180 kB | 0.2/4.4 MB | 265/486 kBProgress (5): 1.6 MB | 2.0/4.4 MB | 180 kB | 0.2/4.4 MB | 269/486 kBProgress (5): 1.6 MB | 2.0/4.4 MB | 180 kB | 0.2/4.4 MB | 274/486 kBProgress (5): 1.6 MB | 2.0/4.4 MB | 180 kB | 0.2/4.4 MB | 274/486 kBProgress (5): 1.6 MB | 2.0/4.4 MB | 180 kB | 0.2/4.4 MB | 278/486 kBProgress (5): 1.6 MB | 2.0/4.4 MB | 180 kB | 0.2/4.4 MB | 282/486 kBProgress (5): 1.6 MB | 2.0/4.4 MB | 180 kB | 0.2/4.4 MB | 286/486 kBProgress (5): 1.6 MB | 2.0/4.4 MB | 180 kB | 0.2/4.4 MB | 290/486 kBProgress (5): 1.6 MB | 2.0/4.4 MB | 180 kB | 0.2/4.4 MB | 294/486 kBProgress (5): 1.6 MB | 2.0/4.4 MB | 180 kB | 0.2/4.4 MB | 298/486 kBProgress (5): 1.6 MB | 2.0/4.4 MB | 180 kB | 0.2/4.4 MB | 302/486 kBProgress (5): 1.6 MB | 2.0/4.4 MB | 180 kB | 0.2/4.4 MB | 306/486 kBProgress (5): 1.6 MB | 2.0/4.4 MB | 180 kB | 0.2/4.4 MB | 310/486 kBProgress (5): 1.6 MB | 2.1/4.4 MB | 180 kB | 0.2/4.4 MB | 310/486 kBProgress (5): 1.6 MB | 2.1/4.4 MB | 180 kB | 0.2/4.4 MB | 314/486 kBProgress (5): 1.6 MB | 2.1/4.4 MB | 180 kB | 0.2/4.4 MB | 319/486 kBProgress (5): 1.6 MB | 2.1/4.4 MB | 180 kB | 0.2/4.4 MB | 323/486 kBProgress (5): 1.6 MB | 2.1/4.4 MB | 180 kB | 0.2/4.4 MB | 327/486 kBProgress (5): 1.6 MB | 2.1/4.4 MB | 180 kB | 0.2/4.4 MB | 331/486 kBProgress (5): 1.6 MB | 2.1/4.4 MB | 180 kB | 0.2/4.4 MB | 335/486 kBProgress (5): 1.6 MB | 2.1/4.4 MB | 180 kB | 0.2/4.4 MB | 339/486 kBProgress (5): 1.6 MB | 2.1/4.4 MB | 180 kB | 0.2/4.4 MB | 343/486 kBProgress (5): 1.6 MB | 2.1/4.4 MB | 180 kB | 0.2/4.4 MB | 347/486 kBProgress (5): 1.6 MB | 2.1/4.4 MB | 180 kB | 0.2/4.4 MB | 351/486 kBProgress (5): 1.6 MB | 2.1/4.4 MB | 180 kB | 0.2/4.4 MB | 355/486 kBProgress (5): 1.6 MB | 2.1/4.4 MB | 180 kB | 0.2/4.4 MB | 360/486 kBProgress (5): 1.6 MB | 2.1/4.4 MB | 180 kB | 0.2/4.4 MB | 364/486 kBProgress (5): 1.6 MB | 2.1/4.4 MB | 180 kB | 0.2/4.4 MB | 368/486 kBProgress (5): 1.6 MB | 2.1/4.4 MB | 180 kB | 0.2/4.4 MB | 372/486 kBProgress (5): 1.6 MB | 2.1/4.4 MB | 180 kB | 0.2/4.4 MB | 376/486 kBProgress (5): 1.6 MB | 2.1/4.4 MB | 180 kB | 0.2/4.4 MB | 380/486 kBProgress (5): 1.6 MB | 2.1/4.4 MB | 180 kB | 0.2/4.4 MB | 384/486 kBProgress (5): 1.6 MB | 2.1/4.4 MB | 180 kB | 0.2/4.4 MB | 388/486 kBProgress (5): 1.6 MB | 2.1/4.4 MB | 180 kB | 0.2/4.4 MB | 392/486 kBProgress (5): 1.6 MB | 2.1/4.4 MB | 180 kB | 0.2/4.4 MB | 396/486 kBProgress (5): 1.6 MB | 2.1/4.4 MB | 180 kB | 0.2/4.4 MB | 401/486 kBProgress (5): 1.6 MB | 2.1/4.4 MB | 180 kB | 0.2/4.4 MB | 405/486 kBProgress (5): 1.6 MB | 2.1/4.4 MB | 180 kB | 0.2/4.4 MB | 409/486 kBProgress (5): 1.6 MB | 2.1/4.4 MB | 180 kB | 0.2/4.4 MB | 413/486 kBProgress (5): 1.6 MB | 2.1/4.4 MB | 180 kB | 0.2/4.4 MB | 417/486 kBProgress (5): 1.6 MB | 2.1/4.4 MB | 180 kB | 0.2/4.4 MB | 421/486 kBProgress (5): 1.6 MB | 2.1/4.4 MB | 180 kB | 0.2/4.4 MB | 425/486 kBProgress (5): 1.6 MB | 2.1/4.4 MB | 180 kB | 0.2/4.4 MB | 429/486 kBProgress (5): 1.6 MB | 2.1/4.4 MB | 180 kB | 0.2/4.4 MB | 433/486 kBProgress (5): 1.6 MB | 2.1/4.4 MB | 180 kB | 0.2/4.4 MB | 437/486 kBProgress (5): 1.6 MB | 2.1/4.4 MB | 180 kB | 0.2/4.4 MB | 441/486 kBProgress (5): 1.6 MB | 2.1/4.4 MB | 180 kB | 0.2/4.4 MB | 446/486 kBProgress (5): 1.6 MB | 2.1/4.4 MB | 180 kB | 0.2/4.4 MB | 450/486 kBProgress (5): 1.6 MB | 2.1/4.4 MB | 180 kB | 0.2/4.4 MB | 454/486 kBProgress (5): 1.6 MB | 2.1/4.4 MB | 180 kB | 0.2/4.4 MB | 458/486 kBProgress (5): 1.6 MB | 2.1/4.4 MB | 180 kB | 0.2/4.4 MB | 462/486 kBProgress (5): 1.6 MB | 2.1/4.4 MB | 180 kB | 0.2/4.4 MB | 466/486 kBProgress (5): 1.6 MB | 2.1/4.4 MB | 180 kB | 0.2/4.4 MB | 470/486 kBProgress (5): 1.6 MB | 2.1/4.4 MB | 180 kB | 0.2/4.4 MB | 474/486 kBProgress (5): 1.6 MB | 2.1/4.4 MB | 180 kB | 0.2/4.4 MB | 478/486 kBProgress (5): 1.6 MB | 2.1/4.4 MB | 180 kB | 0.2/4.4 MB | 478/486 kBProgress (5): 1.6 MB | 2.1/4.4 MB | 180 kB | 0.2/4.4 MB | 482/486 kBProgress (5): 1.6 MB | 2.1/4.4 MB | 180 kB | 0.2/4.4 MB | 482/486 kBProgress (5): 1.6 MB | 2.1/4.4 MB | 180 kB | 0.2/4.4 MB | 486 kB    Progress (5): 1.6 MB | 2.1/4.4 MB | 180 kB | 0.2/4.4 MB | 486 kB                                                                Downloaded from central: https://repo.maven.apache.org/maven2/com/thoughtworks/qdox/qdox/1.12/qdox-1.12.jar (180 kB at 117 kB/s)
Downloading from central: https://repo.maven.apache.org/maven2/org/apache/xmlgraphics/batik-css/1.14/batik-css-1.14.jar
Progress (4): 1.6 MB | 2.2/4.4 MB | 0.2/4.4 MB | 486 kBProgress (4): 1.6 MB | 2.2/4.4 MB | 0.2/4.4 MB | 486 kBProgress (4): 1.6 MB | 2.2/4.4 MB | 0.2/4.4 MB | 486 kBProgress (4): 1.6 MB | 2.2/4.4 MB | 0.2/4.4 MB | 486 kBProgress (4): 1.6 MB | 2.2/4.4 MB | 0.3/4.4 MB | 486 kBProgress (4): 1.6 MB | 2.2/4.4 MB | 0.3/4.4 MB | 486 kBProgress (4): 1.6 MB | 2.2/4.4 MB | 0.3/4.4 MB | 486 kBProgress (4): 1.6 MB | 2.3/4.4 MB | 0.3/4.4 MB | 486 kBProgress (4): 1.6 MB | 2.3/4.4 MB | 0.3/4.4 MB | 486 kBProgress (4): 1.6 MB | 2.3/4.4 MB | 0.3/4.4 MB | 486 kBProgress (4): 1.6 MB | 2.3/4.4 MB | 0.3/4.4 MB | 486 kB                                                       Downloaded from central: https://repo.maven.apache.org/maven2/org/apache/xmlgraphics/batik-anim/1.14/batik-anim-1.14.jar (486 kB at 310 kB/s)
Downloading from central: https://repo.maven.apache.org/maven2/org/apache/xmlgraphics/batik-dom/1.14/batik-dom-1.14.jar
Downloaded from central: https://repo.maven.apache.org/maven2/com/fasterxml/woodstox/woodstox-core/7.0.0/woodstox-core-7.0.0.jar (1.6 MB at 1.0 MB/s)
Downloading from central: https://repo.maven.apache.org/maven2/xalan/xalan/2.7.2/xalan-2.7.2.jar
Progress (3): 2.3/4.4 MB | 0.3/4.4 MB | 4.1/330 kBProgress (3): 2.3/4.4 MB | 0.3/4.4 MB | 7.7/330 kBProgress (3): 2.3/4.4 MB | 0.3/4.4 MB | 12/330 kB Progress (3): 2.3/4.4 MB | 0.3/4.4 MB | 16/330 kBProgress (3): 2.3/4.4 MB | 0.3/4.4 MB | 20/330 kBProgress (3): 2.3/4.4 MB | 0.3/4.4 MB | 24/330 kBProgress (3): 2.3/4.4 MB | 0.3/4.4 MB | 28/330 kBProgress (3): 2.3/4.4 MB | 0.3/4.4 MB | 32/330 kBProgress (3): 2.3/4.4 MB | 0.3/4.4 MB | 36/330 kBProgress (3): 2.3/4.4 MB | 0.3/4.4 MB | 40/330 kBProgress (3): 2.3/4.4 MB | 0.3/4.4 MB | 45/330 kBProgress (3): 2.3/4.4 MB | 0.3/4.4 MB | 49/330 kBProgress (3): 2.3/4.4 MB | 0.3/4.4 MB | 53/330 kBProgress (3): 2.3/4.4 MB | 0.3/4.4 MB | 57/330 kBProgress (3): 2.3/4.4 MB | 0.3/4.4 MB | 61/330 kBProgress (3): 2.3/4.4 MB | 0.3/4.4 MB | 65/330 kBProgress (3): 2.3/4.4 MB | 0.3/4.4 MB | 69/330 kBProgress (3): 2.3/4.4 MB | 0.3/4.4 MB | 73/330 kBProgress (3): 2.3/4.4 MB | 0.3/4.4 MB | 77/330 kBProgress (3): 2.3/4.4 MB | 0.3/4.4 MB | 81/330 kBProgress (3): 2.3/4.4 MB | 0.3/4.4 MB | 86/330 kBProgress (3): 2.3/4.4 MB | 0.3/4.4 MB | 90/330 kBProgress (3): 2.3/4.4 MB | 0.3/4.4 MB | 94/330 kBProgress (3): 2.3/4.4 MB | 0.3/4.4 MB | 98/330 kBProgress (3): 2.3/4.4 MB | 0.3/4.4 MB | 102/330 kBProgress (3): 2.3/4.4 MB | 0.3/4.4 MB | 106/330 kBProgress (3): 2.3/4.4 MB | 0.3/4.4 MB | 110/330 kBProgress (3): 2.3/4.4 MB | 0.3/4.4 MB | 114/330 kBProgress (3): 2.3/4.4 MB | 0.3/4.4 MB | 118/330 kBProgress (3): 2.3/4.4 MB | 0.3/4.4 MB | 122/330 kBProgress (3): 2.3/4.4 MB | 0.3/4.4 MB | 126/330 kBProgress (3): 2.3/4.4 MB | 0.3/4.4 MB | 131/330 kBProgress (3): 2.3/4.4 MB | 0.3/4.4 MB | 131/330 kBProgress (3): 2.3/4.4 MB | 0.3/4.4 MB | 135/330 kBProgress (3): 2.3/4.4 MB | 0.3/4.4 MB | 139/330 kBProgress (3): 2.3/4.4 MB | 0.3/4.4 MB | 139/330 kBProgress (3): 2.3/4.4 MB | 0.3/4.4 MB | 143/330 kBProgress (3): 2.3/4.4 MB | 0.3/4.4 MB | 147/330 kBProgress (3): 2.3/4.4 MB | 0.3/4.4 MB | 151/330 kBProgress (3): 2.3/4.4 MB | 0.3/4.4 MB | 155/330 kBProgress (3): 2.3/4.4 MB | 0.4/4.4 MB | 155/330 kBProgress (3): 2.3/4.4 MB | 0.4/4.4 MB | 155/330 kBProgress (3): 2.4/4.4 MB | 0.4/4.4 MB | 155/330 kBProgress (3): 2.4/4.4 MB | 0.4/4.4 MB | 155/330 kBProgress (3): 2.4/4.4 MB | 0.4/4.4 MB | 159/330 kBProgress (3): 2.4/4.4 MB | 0.4/4.4 MB | 163/330 kBProgress (3): 2.4/4.4 MB | 0.4/4.4 MB | 167/330 kBProgress (3): 2.4/4.4 MB | 0.4/4.4 MB | 172/330 kBProgress (3): 2.4/4.4 MB | 0.4/4.4 MB | 176/330 kBProgress (3): 2.4/4.4 MB | 0.4/4.4 MB | 180/330 kBProgress (3): 2.4/4.4 MB | 0.4/4.4 MB | 180/330 kBProgress (3): 2.4/4.4 MB | 0.4/4.4 MB | 184/330 kBProgress (3): 2.4/4.4 MB | 0.4/4.4 MB | 188/330 kBProgress (3): 2.4/4.4 MB | 0.4/4.4 MB | 188/330 kBProgress (3): 2.4/4.4 MB | 0.4/4.4 MB | 192/330 kBProgress (3): 2.4/4.4 MB | 0.4/4.4 MB | 196/330 kBProgress (3): 2.4/4.4 MB | 0.4/4.4 MB | 200/330 kBProgress (3): 2.4/4.4 MB | 0.4/4.4 MB | 204/330 kBProgress (3): 2.4/4.4 MB | 0.4/4.4 MB | 208/330 kBProgress (3): 2.4/4.4 MB | 0.4/4.4 MB | 213/330 kBProgress (3): 2.4/4.4 MB | 0.4/4.4 MB | 213/330 kBProgress (3): 2.4/4.4 MB | 0.4/4.4 MB | 217/330 kBProgress (3): 2.4/4.4 MB | 0.4/4.4 MB | 221/330 kBProgress (3): 2.4/4.4 MB | 0.4/4.4 MB | 225/330 kBProgress (3): 2.4/4.4 MB | 0.4/4.4 MB | 229/330 kBProgress (3): 2.4/4.4 MB | 0.4/4.4 MB | 233/330 kBProgress (3): 2.4/4.4 MB | 0.4/4.4 MB | 237/330 kBProgress (3): 2.4/4.4 MB | 0.4/4.4 MB | 241/330 kBProgress (3): 2.4/4.4 MB | 0.4/4.4 MB | 245/330 kBProgress (3): 2.4/4.4 MB | 0.4/4.4 MB | 249/330 kBProgress (3): 2.4/4.4 MB | 0.4/4.4 MB | 253/330 kBProgress (3): 2.4/4.4 MB | 0.4/4.4 MB | 258/330 kBProgress (3): 2.4/4.4 MB | 0.5/4.4 MB | 258/330 kBProgress (3): 2.4/4.4 MB | 0.5/4.4 MB | 262/330 kBProgress (3): 2.4/4.4 MB | 0.5/4.4 MB | 266/330 kBProgress (3): 2.4/4.4 MB | 0.5/4.4 MB | 270/330 kBProgress (3): 2.4/4.4 MB | 0.5/4.4 MB | 274/330 kBProgress (3): 2.4/4.4 MB | 0.5/4.4 MB | 278/330 kBProgress (3): 2.4/4.4 MB | 0.5/4.4 MB | 282/330 kBProgress (3): 2.4/4.4 MB | 0.5/4.4 MB | 286/330 kBProgress (3): 2.4/4.4 MB | 0.5/4.4 MB | 290/330 kBProgress (3): 2.4/4.4 MB | 0.5/4.4 MB | 294/330 kBProgress (3): 2.4/4.4 MB | 0.5/4.4 MB | 299/330 kBProgress (3): 2.4/4.4 MB | 0.5/4.4 MB | 303/330 kBProgress (3): 2.4/4.4 MB | 0.5/4.4 MB | 307/330 kBProgress (3): 2.4/4.4 MB | 0.5/4.4 MB | 311/330 kBProgress (3): 2.4/4.4 MB | 0.5/4.4 MB | 315/330 kBProgress (3): 2.4/4.4 MB | 0.5/4.4 MB | 319/330 kBProgress (3): 2.4/4.4 MB | 0.5/4.4 MB | 323/330 kBProgress (3): 2.4/4.4 MB | 0.5/4.4 MB | 327/330 kBProgress (3): 2.4/4.4 MB | 0.5/4.4 MB | 330 kB    Progress (4): 2.4/4.4 MB | 0.5/4.4 MB | 330 kB | 4.1/184 kBProgress (4): 2.4/4.4 MB | 0.5/4.4 MB | 330 kB | 7.7/184 kBProgress (4): 2.4/4.4 MB | 0.5/4.4 MB | 330 kB | 12/184 kB Progress (4): 2.4/4.4 MB | 0.5/4.4 MB | 330 kB | 16/184 kBProgress (4): 2.4/4.4 MB | 0.5/4.4 MB | 330 kB | 20/184 kBProgress (4): 2.4/4.4 MB | 0.5/4.4 MB | 330 kB | 24/184 kBProgress (5): 2.4/4.4 MB | 0.5/4.4 MB | 330 kB | 24/184 kB | 0/3.2 MBProgress (5): 2.4/4.4 MB | 0.5/4.4 MB | 330 kB | 24/184 kB | 0/3.2 MBProgress (5): 2.4/4.4 MB | 0.5/4.4 MB | 330 kB | 24/184 kB | 0/3.2 MBProgress (5): 2.4/4.4 MB | 0.5/4.4 MB | 330 kB | 24/184 kB | 0/3.2 MBProgress (5): 2.4/4.4 MB | 0.5/4.4 MB | 330 kB | 24/184 kB | 0.1/3.2 MBProgress (5): 2.4/4.4 MB | 0.5/4.4 MB | 330 kB | 28/184 kB | 0.1/3.2 MBProgress (5): 2.4/4.4 MB | 0.5/4.4 MB | 330 kB | 32/184 kB | 0.1/3.2 MBProgress (5): 2.4/4.4 MB | 0.5/4.4 MB | 330 kB | 36/184 kB | 0.1/3.2 MBProgress (5): 2.4/4.4 MB | 0.5/4.4 MB | 330 kB | 40/184 kB | 0.1/3.2 MBProgress (5): 2.4/4.4 MB | 0.5/4.4 MB | 330 kB | 40/184 kB | 0.1/3.2 MBProgress (5): 2.4/4.4 MB | 0.5/4.4 MB | 330 kB | 40/184 kB | 0.1/3.2 MBProgress (5): 2.4/4.4 MB | 0.5/4.4 MB | 330 kB | 40/184 kB | 0.1/3.2 MBProgress (5): 2.4/4.4 MB | 0.5/4.4 MB | 330 kB | 40/184 kB | 0.1/3.2 MBProgress (5): 2.4/4.4 MB | 0.5/4.4 MB | 330 kB | 45/184 kB | 0.1/3.2 MBProgress (5): 2.4/4.4 MB | 0.5/4.4 MB | 330 kB | 49/184 kB | 0.1/3.2 MBProgress (5): 2.4/4.4 MB | 0.5/4.4 MB | 330 kB | 53/184 kB | 0.1/3.2 MBProgress (5): 2.4/4.4 MB | 0.5/4.4 MB | 330 kB | 57/184 kB | 0.1/3.2 MBProgress (5): 2.4/4.4 MB | 0.5/4.4 MB | 330 kB | 57/184 kB | 0.1/3.2 MBProgress (5): 2.4/4.4 MB | 0.5/4.4 MB | 330 kB | 57/184 kB | 0.1/3.2 MBProgress (5): 2.4/4.4 MB | 0.5/4.4 MB | 330 kB | 57/184 kB | 0.2/3.2 MBProgress (5): 2.4/4.4 MB | 0.5/4.4 MB | 330 kB | 61/184 kB | 0.2/3.2 MBProgress (5): 2.4/4.4 MB | 0.5/4.4 MB | 330 kB | 65/184 kB | 0.2/3.2 MBProgress (5): 2.4/4.4 MB | 0.5/4.4 MB | 330 kB | 69/184 kB | 0.2/3.2 MBProgress (5): 2.4/4.4 MB | 0.5/4.4 MB | 330 kB | 73/184 kB | 0.2/3.2 MBProgress (5): 2.4/4.4 MB | 0.5/4.4 MB | 330 kB | 73/184 kB | 0.2/3.2 MBProgress (5): 2.5/4.4 MB | 0.5/4.4 MB | 330 kB | 73/184 kB | 0.2/3.2 MBProgress (5): 2.5/4.4 MB | 0.5/4.4 MB | 330 kB | 73/184 kB | 0.2/3.2 MBProgress (5): 2.5/4.4 MB | 0.5/4.4 MB | 330 kB | 73/184 kB | 0.2/3.2 MBProgress (5): 2.5/4.4 MB | 0.5/4.4 MB | 330 kB | 73/184 kB | 0.2/3.2 MBProgress (5): 2.5/4.4 MB | 0.5/4.4 MB | 330 kB | 77/184 kB | 0.2/3.2 MBProgress (5): 2.5/4.4 MB | 0.5/4.4 MB | 330 kB | 81/184 kB | 0.2/3.2 MBProgress (5): 2.5/4.4 MB | 0.5/4.4 MB | 330 kB | 86/184 kB | 0.2/3.2 MBProgress (5): 2.5/4.4 MB | 0.5/4.4 MB | 330 kB | 90/184 kB | 0.2/3.2 MBProgress (5): 2.5/4.4 MB | 0.5/4.4 MB | 330 kB | 90/184 kB | 0.2/3.2 MBProgress (5): 2.5/4.4 MB | 0.5/4.4 MB | 330 kB | 90/184 kB | 0.2/3.2 MBProgress (5): 2.5/4.4 MB | 0.5/4.4 MB | 330 kB | 94/184 kB | 0.2/3.2 MBProgress (5): 2.5/4.4 MB | 0.5/4.4 MB | 330 kB | 98/184 kB | 0.2/3.2 MBProgress (5): 2.5/4.4 MB | 0.5/4.4 MB | 330 kB | 102/184 kB | 0.2/3.2 MBProgress (5): 2.5/4.4 MB | 0.5/4.4 MB | 330 kB | 106/184 kB | 0.2/3.2 MBProgress (5): 2.5/4.4 MB | 0.5/4.4 MB | 330 kB | 106/184 kB | 0.3/3.2 MBProgress (5): 2.5/4.4 MB | 0.5/4.4 MB | 330 kB | 106/184 kB | 0.3/3.2 MBProgress (5): 2.5/4.4 MB | 0.5/4.4 MB | 330 kB | 106/184 kB | 0.3/3.2 MBProgress (5): 2.5/4.4 MB | 0.5/4.4 MB | 330 kB | 106/184 kB | 0.3/3.2 MBProgress (5): 2.5/4.4 MB | 0.5/4.4 MB | 330 kB | 110/184 kB | 0.3/3.2 MBProgress (5): 2.5/4.4 MB | 0.5/4.4 MB | 330 kB | 110/184 kB | 0.3/3.2 MBProgress (5): 2.5/4.4 MB | 0.5/4.4 MB | 330 kB | 110/184 kB | 0.3/3.2 MBProgress (5): 2.5/4.4 MB | 0.5/4.4 MB | 330 kB | 114/184 kB | 0.3/3.2 MBProgress (5): 2.5/4.4 MB | 0.5/4.4 MB | 330 kB | 118/184 kB | 0.3/3.2 MBProgress (5): 2.5/4.4 MB | 0.5/4.4 MB | 330 kB | 122/184 kB | 0.3/3.2 MBProgress (5): 2.5/4.4 MB | 0.5/4.4 MB | 330 kB | 122/184 kB | 0.3/3.2 MBProgress (5): 2.5/4.4 MB | 0.5/4.4 MB | 330 kB | 126/184 kB | 0.3/3.2 MBProgress (5): 2.5/4.4 MB | 0.5/4.4 MB | 330 kB | 131/184 kB | 0.3/3.2 MBProgress (5): 2.5/4.4 MB | 0.5/4.4 MB | 330 kB | 135/184 kB | 0.3/3.2 MBProgress (5): 2.5/4.4 MB | 0.5/4.4 MB | 330 kB | 135/184 kB | 0.4/3.2 MBProgress (5): 2.5/4.4 MB | 0.5/4.4 MB | 330 kB | 139/184 kB | 0.4/3.2 MBProgress (5): 2.5/4.4 MB | 0.5/4.4 MB | 330 kB | 139/184 kB | 0.4/3.2 MBProgress (5): 2.5/4.4 MB | 0.5/4.4 MB | 330 kB | 139/184 kB | 0.4/3.2 MBProgress (5): 2.5/4.4 MB | 0.5/4.4 MB | 330 kB | 139/184 kB | 0.4/3.2 MBProgress (5): 2.5/4.4 MB | 0.5/4.4 MB | 330 kB | 139/184 kB | 0.4/3.2 MBProgress (5): 2.5/4.4 MB | 0.6/4.4 MB | 330 kB | 139/184 kB | 0.4/3.2 MBProgress (5): 2.5/4.4 MB | 0.6/4.4 MB | 330 kB | 143/184 kB | 0.4/3.2 MBProgress (5): 2.5/4.4 MB | 0.6/4.4 MB | 330 kB | 147/184 kB | 0.4/3.2 MBProgress (5): 2.5/4.4 MB | 0.6/4.4 MB | 330 kB | 151/184 kB | 0.4/3.2 MBProgress (5): 2.5/4.4 MB | 0.6/4.4 MB | 330 kB | 155/184 kB | 0.4/3.2 MBProgress (5): 2.5/4.4 MB | 0.6/4.4 MB | 330 kB | 155/184 kB | 0.4/3.2 MBProgress (5): 2.5/4.4 MB | 0.6/4.4 MB | 330 kB | 159/184 kB | 0.4/3.2 MBProgress (5): 2.5/4.4 MB | 0.6/4.4 MB | 330 kB | 159/184 kB | 0.5/3.2 MBProgress (5): 2.5/4.4 MB | 0.6/4.4 MB | 330 kB | 163/184 kB | 0.5/3.2 MBProgress (5): 2.5/4.4 MB | 0.6/4.4 MB | 330 kB | 167/184 kB | 0.5/3.2 MBProgress (5): 2.5/4.4 MB | 0.6/4.4 MB | 330 kB | 167/184 kB | 0.5/3.2 MBProgress (5): 2.5/4.4 MB | 0.6/4.4 MB | 330 kB | 167/184 kB | 0.5/3.2 MBProgress (5): 2.5/4.4 MB | 0.6/4.4 MB | 330 kB | 172/184 kB | 0.5/3.2 MBProgress (5): 2.5/4.4 MB | 0.6/4.4 MB | 330 kB | 176/184 kB | 0.5/3.2 MBProgress (5): 2.5/4.4 MB | 0.6/4.4 MB | 330 kB | 176/184 kB | 0.5/3.2 MBProgress (5): 2.5/4.4 MB | 0.6/4.4 MB | 330 kB | 176/184 kB | 0.5/3.2 MBProgress (5): 2.5/4.4 MB | 0.6/4.4 MB | 330 kB | 180/184 kB | 0.5/3.2 MBProgress (5): 2.5/4.4 MB | 0.6/4.4 MB | 330 kB | 180/184 kB | 0.5/3.2 MBProgress (5): 2.5/4.4 MB | 0.6/4.4 MB | 330 kB | 180/184 kB | 0.5/3.2 MBProgress (5): 2.5/4.4 MB | 0.6/4.4 MB | 330 kB | 180/184 kB | 0.5/3.2 MBProgress (5): 2.5/4.4 MB | 0.6/4.4 MB | 330 kB | 180/184 kB | 0.5/3.2 MBProgress (5): 2.5/4.4 MB | 0.6/4.4 MB | 330 kB | 184/184 kB | 0.5/3.2 MBProgress (5): 2.5/4.4 MB | 0.6/4.4 MB | 330 kB | 184/184 kB | 0.5/3.2 MBProgress (5): 2.5/4.4 MB | 0.6/4.4 MB | 330 kB | 184/184 kB | 0.5/3.2 MBProgress (5): 2.6/4.4 MB | 0.6/4.4 MB | 330 kB | 184/184 kB | 0.5/3.2 MBProgress (5): 2.6/4.4 MB | 0.6/4.4 MB | 330 kB | 184/184 kB | 0.6/3.2 MBProgress (5): 2.6/4.4 MB | 0.6/4.4 MB | 330 kB | 184/184 kB | 0.6/3.2 MBProgress (5): 2.6/4.4 MB | 0.6/4.4 MB | 330 kB | 184 kB | 0.6/3.2 MB    Progress (5): 2.6/4.4 MB | 0.7/4.4 MB | 330 kB | 184 kB | 0.6/3.2 MBProgress (5): 2.6/4.4 MB | 0.7/4.4 MB | 330 kB | 184 kB | 0.6/3.2 MBProgress (5): 2.6/4.4 MB | 0.7/4.4 MB | 330 kB | 184 kB | 0.6/3.2 MBProgress (5): 2.6/4.4 MB | 0.7/4.4 MB | 330 kB | 184 kB | 0.6/3.2 MBProgress (5): 2.6/4.4 MB | 0.7/4.4 MB | 330 kB | 184 kB | 0.6/3.2 MBProgress (5): 2.6/4.4 MB | 0.7/4.4 MB | 330 kB | 184 kB | 0.6/3.2 MBProgress (5): 2.6/4.4 MB | 0.7/4.4 MB | 330 kB | 184 kB | 0.6/3.2 MBProgress (5): 2.7/4.4 MB | 0.7/4.4 MB | 330 kB | 184 kB | 0.6/3.2 MBProgress (5): 2.7/4.4 MB | 0.7/4.4 MB | 330 kB | 184 kB | 0.6/3.2 MBProgress (5): 2.7/4.4 MB | 0.7/4.4 MB | 330 kB | 184 kB | 0.6/3.2 MBProgress (5): 2.7/4.4 MB | 0.7/4.4 MB | 330 kB | 184 kB | 0.7/3.2 MBProgress (5): 2.7/4.4 MB | 0.7/4.4 MB | 330 kB | 184 kB | 0.7/3.2 MBProgress (5): 2.7/4.4 MB | 0.7/4.4 MB | 330 kB | 184 kB | 0.7/3.2 MBProgress (5): 2.7/4.4 MB | 0.7/4.4 MB | 330 kB | 184 kB | 0.7/3.2 MBProgress (5): 2.7/4.4 MB | 0.7/4.4 MB | 330 kB | 184 kB | 0.7/3.2 MBProgress (5): 2.7/4.4 MB | 0.7/4.4 MB | 330 kB | 184 kB | 0.7/3.2 MBProgress (5): 2.7/4.4 MB | 0.7/4.4 MB | 330 kB | 184 kB | 0.7/3.2 MBProgress (5): 2.7/4.4 MB | 0.7/4.4 MB | 330 kB | 184 kB | 0.7/3.2 MBProgress (5): 2.7/4.4 MB | 0.7/4.4 MB | 330 kB | 184 kB | 0.7/3.2 MBProgress (5): 2.7/4.4 MB | 0.7/4.4 MB | 330 kB | 184 kB | 0.7/3.2 MBProgress (5): 2.7/4.4 MB | 0.7/4.4 MB | 330 kB | 184 kB | 0.7/3.2 MB                                                                    Downloaded from central: https://repo.maven.apache.org/maven2/org/apache/xmlgraphics/batik-css/1.14/batik-css-1.14.jar (330 kB at 186 kB/s)
Downloading from central: https://repo.maven.apache.org/maven2/xalan/serializer/2.7.2/serializer-2.7.2.jar
Progress (4): 2.7/4.4 MB | 0.8/4.4 MB | 184 kB | 0.7/3.2 MBProgress (4): 2.7/4.4 MB | 0.8/4.4 MB | 184 kB | 0.7/3.2 MBProgress (4): 2.7/4.4 MB | 0.8/4.4 MB | 184 kB | 0.8/3.2 MBProgress (4): 2.8/4.4 MB | 0.8/4.4 MB | 184 kB | 0.8/3.2 MBProgress (4): 2.8/4.4 MB | 0.8/4.4 MB | 184 kB | 0.8/3.2 MBProgress (4): 2.8/4.4 MB | 0.8/4.4 MB | 184 kB | 0.8/3.2 MBProgress (4): 2.8/4.4 MB | 0.8/4.4 MB | 184 kB | 0.8/3.2 MBProgress (4): 2.8/4.4 MB | 0.8/4.4 MB | 184 kB | 0.8/3.2 MBProgress (4): 2.8/4.4 MB | 0.8/4.4 MB | 184 kB | 0.8/3.2 MBProgress (4): 2.8/4.4 MB | 0.8/4.4 MB | 184 kB | 0.8/3.2 MBProgress (4): 2.8/4.4 MB | 0.8/4.4 MB | 184 kB | 0.9/3.2 MBProgress (4): 2.8/4.4 MB | 0.8/4.4 MB | 184 kB | 0.9/3.2 MBProgress (4): 2.8/4.4 MB | 0.8/4.4 MB | 184 kB | 0.9/3.2 MBProgress (4): 2.8/4.4 MB | 0.8/4.4 MB | 184 kB | 0.9/3.2 MBProgress (4): 2.8/4.4 MB | 0.8/4.4 MB | 184 kB | 0.9/3.2 MBProgress (4): 2.8/4.4 MB | 0.8/4.4 MB | 184 kB | 0.9/3.2 MBProgress (4): 2.8/4.4 MB | 0.8/4.4 MB | 184 kB | 0.9/3.2 MBProgress (4): 2.8/4.4 MB | 0.8/4.4 MB | 184 kB | 0.9/3.2 MBProgress (4): 2.8/4.4 MB | 0.8/4.4 MB | 184 kB | 0.9/3.2 MBProgress (4): 2.8/4.4 MB | 0.8/4.4 MB | 184 kB | 1.0/3.2 MBProgress (4): 2.8/4.4 MB | 0.8/4.4 MB | 184 kB | 1.0/3.2 MBProgress (4): 2.8/4.4 MB | 0.8/4.4 MB | 184 kB | 1.0/3.2 MBProgress (4): 2.8/4.4 MB | 0.8/4.4 MB | 184 kB | 1.0/3.2 MBProgress (4): 2.8/4.4 MB | 0.8/4.4 MB | 184 kB | 1.0/3.2 MBProgress (4): 2.8/4.4 MB | 0.8/4.4 MB | 184 kB | 1.0/3.2 MBProgress (4): 2.8/4.4 MB | 0.8/4.4 MB | 184 kB | 1.0/3.2 MBProgress (4): 2.8/4.4 MB | 0.8/4.4 MB | 184 kB | 1.1/3.2 MBProgress (4): 2.8/4.4 MB | 0.8/4.4 MB | 184 kB | 1.1/3.2 MBProgress (4): 2.8/4.4 MB | 0.8/4.4 MB | 184 kB | 1.1/3.2 MBProgress (4): 2.8/4.4 MB | 0.8/4.4 MB | 184 kB | 1.1/3.2 MBProgress (4): 2.8/4.4 MB | 0.9/4.4 MB | 184 kB | 1.1/3.2 MBProgress (4): 2.8/4.4 MB | 0.9/4.4 MB | 184 kB | 1.1/3.2 MBProgress (4): 2.8/4.4 MB | 0.9/4.4 MB | 184 kB | 1.1/3.2 MBProgress (4): 2.8/4.4 MB | 0.9/4.4 MB | 184 kB | 1.1/3.2 MBProgress (4): 2.9/4.4 MB | 0.9/4.4 MB | 184 kB | 1.1/3.2 MBProgress (4): 2.9/4.4 MB | 0.9/4.4 MB | 184 kB | 1.1/3.2 MBProgress (4): 2.9/4.4 MB | 0.9/4.4 MB | 184 kB | 1.1/3.2 MBProgress (4): 2.9/4.4 MB | 0.9/4.4 MB | 184 kB | 1.1/3.2 MBProgress (4): 2.9/4.4 MB | 0.9/4.4 MB | 184 kB | 1.2/3.2 MBProgress (4): 2.9/4.4 MB | 0.9/4.4 MB | 184 kB | 1.2/3.2 MBProgress (4): 2.9/4.4 MB | 0.9/4.4 MB | 184 kB | 1.2/3.2 MBProgress (4): 2.9/4.4 MB | 0.9/4.4 MB | 184 kB | 1.2/3.2 MBProgress (4): 2.9/4.4 MB | 1.0/4.4 MB | 184 kB | 1.2/3.2 MBProgress (4): 2.9/4.4 MB | 1.0/4.4 MB | 184 kB | 1.2/3.2 MBProgress (4): 2.9/4.4 MB | 1.0/4.4 MB | 184 kB | 1.2/3.2 MBProgress (4): 2.9/4.4 MB | 1.0/4.4 MB | 184 kB | 1.2/3.2 MBProgress (4): 2.9/4.4 MB | 1.0/4.4 MB | 184 kB | 1.2/3.2 MBProgress (4): 2.9/4.4 MB | 1.0/4.4 MB | 184 kB | 1.2/3.2 MBProgress (4): 2.9/4.4 MB | 1.0/4.4 MB | 184 kB | 1.2/3.2 MBProgress (4): 3.0/4.4 MB | 1.0/4.4 MB | 184 kB | 1.2/3.2 MBProgress (4): 3.0/4.4 MB | 1.0/4.4 MB | 184 kB | 1.2/3.2 MBProgress (4): 3.0/4.4 MB | 1.0/4.4 MB | 184 kB | 1.3/3.2 MBProgress (4): 3.0/4.4 MB | 1.0/4.4 MB | 184 kB | 1.3/3.2 MBProgress (4): 3.0/4.4 MB | 1.0/4.4 MB | 184 kB | 1.3/3.2 MB                                                           Downloaded from central: https://repo.maven.apache.org/maven2/org/apache/xmlgraphics/batik-dom/1.14/batik-dom-1.14.jar (184 kB at 92 kB/s)
Downloading from central: https://repo.maven.apache.org/maven2/org/apache/xmlgraphics/batik-ext/1.14/batik-ext-1.14.jar
Progress (3): 3.0/4.4 MB | 1.0/4.4 MB | 1.3/3.2 MBProgress (3): 3.0/4.4 MB | 1.0/4.4 MB | 1.3/3.2 MBProgress (3): 3.0/4.4 MB | 1.0/4.4 MB | 1.3/3.2 MBProgress (3): 3.0/4.4 MB | 1.0/4.4 MB | 1.3/3.2 MBProgress (3): 3.0/4.4 MB | 1.0/4.4 MB | 1.4/3.2 MBProgress (4): 3.0/4.4 MB | 1.0/4.4 MB | 1.4/3.2 MB | 4.1/276 kBProgress (4): 3.0/4.4 MB | 1.0/4.4 MB | 1.4/3.2 MB | 7.7/276 kBProgress (4): 3.0/4.4 MB | 1.0/4.4 MB | 1.4/3.2 MB | 12/276 kB Progress (4): 3.0/4.4 MB | 1.0/4.4 MB | 1.4/3.2 MB | 16/276 kBProgress (4): 3.0/4.4 MB | 1.0/4.4 MB | 1.4/3.2 MB | 20/276 kBProgress (4): 3.0/4.4 MB | 1.0/4.4 MB | 1.4/3.2 MB | 24/276 kBProgress (4): 3.0/4.4 MB | 1.0/4.4 MB | 1.4/3.2 MB | 28/276 kBProgress (4): 3.0/4.4 MB | 1.0/4.4 MB | 1.4/3.2 MB | 32/276 kBProgress (4): 3.0/4.4 MB | 1.0/4.4 MB | 1.4/3.2 MB | 36/276 kBProgress (4): 3.0/4.4 MB | 1.0/4.4 MB | 1.4/3.2 MB | 40/276 kBProgress (4): 3.0/4.4 MB | 1.0/4.4 MB | 1.4/3.2 MB | 45/276 kBProgress (4): 3.0/4.4 MB | 1.0/4.4 MB | 1.4/3.2 MB | 49/276 kBProgress (4): 3.0/4.4 MB | 1.0/4.4 MB | 1.4/3.2 MB | 53/276 kBProgress (4): 3.0/4.4 MB | 1.0/4.4 MB | 1.4/3.2 MB | 57/276 kBProgress (4): 3.0/4.4 MB | 1.0/4.4 MB | 1.4/3.2 MB | 61/276 kBProgress (4): 3.0/4.4 MB | 1.0/4.4 MB | 1.4/3.2 MB | 65/276 kBProgress (4): 3.0/4.4 MB | 1.0/4.4 MB | 1.4/3.2 MB | 69/276 kBProgress (4): 3.0/4.4 MB | 1.0/4.4 MB | 1.4/3.2 MB | 73/276 kBProgress (4): 3.0/4.4 MB | 1.0/4.4 MB | 1.4/3.2 MB | 77/276 kBProgress (4): 3.0/4.4 MB | 1.0/4.4 MB | 1.4/3.2 MB | 81/276 kBProgress (4): 3.0/4.4 MB | 1.0/4.4 MB | 1.4/3.2 MB | 81/276 kBProgress (4): 3.0/4.4 MB | 1.0/4.4 MB | 1.4/3.2 MB | 86/276 kBProgress (4): 3.0/4.4 MB | 1.0/4.4 MB | 1.4/3.2 MB | 90/276 kBProgress (4): 3.0/4.4 MB | 1.0/4.4 MB | 1.4/3.2 MB | 94/276 kBProgress (4): 3.0/4.4 MB | 1.0/4.4 MB | 1.4/3.2 MB | 98/276 kBProgress (4): 3.0/4.4 MB | 1.0/4.4 MB | 1.4/3.2 MB | 102/276 kBProgress (4): 3.0/4.4 MB | 1.0/4.4 MB | 1.4/3.2 MB | 106/276 kBProgress (4): 3.0/4.4 MB | 1.0/4.4 MB | 1.4/3.2 MB | 110/276 kBProgress (4): 3.0/4.4 MB | 1.0/4.4 MB | 1.4/3.2 MB | 114/276 kBProgress (4): 3.0/4.4 MB | 1.0/4.4 MB | 1.4/3.2 MB | 118/276 kBProgress (4): 3.0/4.4 MB | 1.0/4.4 MB | 1.4/3.2 MB | 122/276 kBProgress (4): 3.0/4.4 MB | 1.0/4.4 MB | 1.4/3.2 MB | 122/276 kBProgress (4): 3.0/4.4 MB | 1.0/4.4 MB | 1.4/3.2 MB | 122/276 kBProgress (4): 3.0/4.4 MB | 1.0/4.4 MB | 1.4/3.2 MB | 122/276 kBProgress (4): 3.0/4.4 MB | 1.0/4.4 MB | 1.4/3.2 MB | 122/276 kBProgress (4): 3.0/4.4 MB | 1.0/4.4 MB | 1.4/3.2 MB | 122/276 kBProgress (4): 3.1/4.4 MB | 1.0/4.4 MB | 1.4/3.2 MB | 122/276 kBProgress (4): 3.1/4.4 MB | 1.0/4.4 MB | 1.4/3.2 MB | 122/276 kBProgress (4): 3.1/4.4 MB | 1.0/4.4 MB | 1.5/3.2 MB | 122/276 kBProgress (4): 3.1/4.4 MB | 1.0/4.4 MB | 1.5/3.2 MB | 122/276 kBProgress (4): 3.1/4.4 MB | 1.0/4.4 MB | 1.5/3.2 MB | 122/276 kBProgress (4): 3.1/4.4 MB | 1.0/4.4 MB | 1.5/3.2 MB | 122/276 kBProgress (4): 3.2/4.4 MB | 1.0/4.4 MB | 1.5/3.2 MB | 122/276 kBProgress (4): 3.2/4.4 MB | 1.0/4.4 MB | 1.5/3.2 MB | 122/276 kBProgress (4): 3.2/4.4 MB | 1.0/4.4 MB | 1.5/3.2 MB | 122/276 kBProgress (4): 3.2/4.4 MB | 1.0/4.4 MB | 1.5/3.2 MB | 122/276 kBProgress (4): 3.2/4.4 MB | 1.0/4.4 MB | 1.5/3.2 MB | 122/276 kBProgress (4): 3.2/4.4 MB | 1.0/4.4 MB | 1.5/3.2 MB | 122/276 kBProgress (4): 3.2/4.4 MB | 1.0/4.4 MB | 1.6/3.2 MB | 122/276 kBProgress (4): 3.2/4.4 MB | 1.0/4.4 MB | 1.6/3.2 MB | 122/276 kBProgress (4): 3.2/4.4 MB | 1.0/4.4 MB | 1.6/3.2 MB | 122/276 kBProgress (4): 3.2/4.4 MB | 1.0/4.4 MB | 1.6/3.2 MB | 122/276 kBProgress (4): 3.2/4.4 MB | 1.0/4.4 MB | 1.6/3.2 MB | 122/276 kBProgress (4): 3.3/4.4 MB | 1.0/4.4 MB | 1.6/3.2 MB | 122/276 kBProgress (4): 3.3/4.4 MB | 1.0/4.4 MB | 1.6/3.2 MB | 122/276 kBProgress (4): 3.3/4.4 MB | 1.0/4.4 MB | 1.6/3.2 MB | 122/276 kBProgress (4): 3.3/4.4 MB | 1.0/4.4 MB | 1.6/3.2 MB | 122/276 kBProgress (4): 3.3/4.4 MB | 1.0/4.4 MB | 1.6/3.2 MB | 122/276 kBProgress (4): 3.3/4.4 MB | 1.1/4.4 MB | 1.6/3.2 MB | 122/276 kBProgress (4): 3.3/4.4 MB | 1.1/4.4 MB | 1.6/3.2 MB | 122/276 kBProgress (4): 3.3/4.4 MB | 1.1/4.4 MB | 1.6/3.2 MB | 122/276 kBProgress (4): 3.3/4.4 MB | 1.1/4.4 MB | 1.6/3.2 MB | 122/276 kBProgress (4): 3.3/4.4 MB | 1.2/4.4 MB | 1.6/3.2 MB | 122/276 kBProgress (4): 3.3/4.4 MB | 1.2/4.4 MB | 1.6/3.2 MB | 122/276 kBProgress (4): 3.3/4.4 MB | 1.2/4.4 MB | 1.6/3.2 MB | 122/276 kBProgress (4): 3.3/4.4 MB | 1.2/4.4 MB | 1.7/3.2 MB | 122/276 kBProgress (4): 3.3/4.4 MB | 1.2/4.4 MB | 1.7/3.2 MB | 122/276 kBProgress (4): 3.3/4.4 MB | 1.2/4.4 MB | 1.7/3.2 MB | 122/276 kBProgress (4): 3.3/4.4 MB | 1.2/4.4 MB | 1.7/3.2 MB | 122/276 kBProgress (4): 3.3/4.4 MB | 1.2/4.4 MB | 1.7/3.2 MB | 122/276 kBProgress (4): 3.3/4.4 MB | 1.2/4.4 MB | 1.7/3.2 MB | 122/276 kBProgress (4): 3.3/4.4 MB | 1.2/4.4 MB | 1.7/3.2 MB | 122/276 kBProgress (5): 3.3/4.4 MB | 1.2/4.4 MB | 1.7/3.2 MB | 122/276 kB | 4.1/10 kBProgress (5): 3.3/4.4 MB | 1.2/4.4 MB | 1.7/3.2 MB | 122/276 kB | 7.7/10 kBProgress (5): 3.3/4.4 MB | 1.2/4.4 MB | 1.7/3.2 MB | 122/276 kB | 10 kB    Progress (5): 3.3/4.4 MB | 1.2/4.4 MB | 1.7/3.2 MB | 122/276 kB | 10 kBProgress (5): 3.3/4.4 MB | 1.2/4.4 MB | 1.8/3.2 MB | 122/276 kB | 10 kBProgress (5): 3.3/4.4 MB | 1.2/4.4 MB | 1.8/3.2 MB | 122/276 kB | 10 kBProgress (5): 3.3/4.4 MB | 1.2/4.4 MB | 1.8/3.2 MB | 122/276 kB | 10 kBProgress (5): 3.3/4.4 MB | 1.2/4.4 MB | 1.8/3.2 MB | 122/276 kB | 10 kBProgress (5): 3.3/4.4 MB | 1.2/4.4 MB | 1.8/3.2 MB | 122/276 kB | 10 kBProgress (5): 3.3/4.4 MB | 1.2/4.4 MB | 1.8/3.2 MB | 122/276 kB | 10 kBProgress (5): 3.3/4.4 MB | 1.2/4.4 MB | 1.8/3.2 MB | 122/276 kB | 10 kBProgress (5): 3.3/4.4 MB | 1.2/4.4 MB | 1.8/3.2 MB | 126/276 kB | 10 kBProgress (5): 3.3/4.4 MB | 1.2/4.4 MB | 1.8/3.2 MB | 126/276 kB | 10 kBProgress (5): 3.4/4.4 MB | 1.2/4.4 MB | 1.8/3.2 MB | 126/276 kB | 10 kBProgress (5): 3.4/4.4 MB | 1.2/4.4 MB | 1.8/3.2 MB | 131/276 kB | 10 kBProgress (5): 3.4/4.4 MB | 1.2/4.4 MB | 1.8/3.2 MB | 135/276 kB | 10 kBProgress (5): 3.4/4.4 MB | 1.2/4.4 MB | 1.8/3.2 MB | 139/276 kB | 10 kBProgress (5): 3.4/4.4 MB | 1.2/4.4 MB | 1.8/3.2 MB | 143/276 kB | 10 kBProgress (5): 3.4/4.4 MB | 1.2/4.4 MB | 1.8/3.2 MB | 147/276 kB | 10 kBProgress (5): 3.4/4.4 MB | 1.2/4.4 MB | 1.8/3.2 MB | 151/276 kB | 10 kBProgress (5): 3.4/4.4 MB | 1.2/4.4 MB | 1.8/3.2 MB | 155/276 kB | 10 kBProgress (5): 3.4/4.4 MB | 1.2/4.4 MB | 1.8/3.2 MB | 159/276 kB | 10 kBProgress (5): 3.4/4.4 MB | 1.2/4.4 MB | 1.8/3.2 MB | 163/276 kB | 10 kBProgress (5): 3.4/4.4 MB | 1.2/4.4 MB | 1.8/3.2 MB | 167/276 kB | 10 kBProgress (5): 3.4/4.4 MB | 1.2/4.4 MB | 1.8/3.2 MB | 172/276 kB | 10 kBProgress (5): 3.4/4.4 MB | 1.2/4.4 MB | 1.8/3.2 MB | 176/276 kB | 10 kBProgress (5): 3.4/4.4 MB | 1.2/4.4 MB | 1.8/3.2 MB | 180/276 kB | 10 kBProgress (5): 3.4/4.4 MB | 1.2/4.4 MB | 1.8/3.2 MB | 184/276 kB | 10 kBProgress (5): 3.4/4.4 MB | 1.2/4.4 MB | 1.8/3.2 MB | 188/276 kB | 10 kBProgress (5): 3.4/4.4 MB | 1.2/4.4 MB | 1.8/3.2 MB | 192/276 kB | 10 kBProgress (5): 3.4/4.4 MB | 1.2/4.4 MB | 1.8/3.2 MB | 196/276 kB | 10 kBProgress (5): 3.4/4.4 MB | 1.2/4.4 MB | 1.8/3.2 MB | 200/276 kB | 10 kBProgress (5): 3.4/4.4 MB | 1.2/4.4 MB | 1.8/3.2 MB | 204/276 kB | 10 kBProgress (5): 3.4/4.4 MB | 1.2/4.4 MB | 1.8/3.2 MB | 208/276 kB | 10 kBProgress (5): 3.4/4.4 MB | 1.2/4.4 MB | 1.8/3.2 MB | 213/276 kB | 10 kBProgress (5): 3.4/4.4 MB | 1.2/4.4 MB | 1.8/3.2 MB | 217/276 kB | 10 kBProgress (5): 3.4/4.4 MB | 1.2/4.4 MB | 1.8/3.2 MB | 221/276 kB | 10 kBProgress (5): 3.4/4.4 MB | 1.2/4.4 MB | 1.8/3.2 MB | 225/276 kB | 10 kBProgress (5): 3.4/4.4 MB | 1.2/4.4 MB | 1.8/3.2 MB | 229/276 kB | 10 kBProgress (5): 3.4/4.4 MB | 1.2/4.4 MB | 1.8/3.2 MB | 233/276 kB | 10 kBProgress (5): 3.4/4.4 MB | 1.2/4.4 MB | 1.8/3.2 MB | 237/276 kB | 10 kBProgress (5): 3.4/4.4 MB | 1.2/4.4 MB | 1.8/3.2 MB | 241/276 kB | 10 kBProgress (5): 3.4/4.4 MB | 1.2/4.4 MB | 1.8/3.2 MB | 245/276 kB | 10 kBProgress (5): 3.4/4.4 MB | 1.2/4.4 MB | 1.8/3.2 MB | 249/276 kB | 10 kBProgress (5): 3.4/4.4 MB | 1.2/4.4 MB | 1.9/3.2 MB | 249/276 kB | 10 kBProgress (5): 3.4/4.4 MB | 1.2/4.4 MB | 1.9/3.2 MB | 253/276 kB | 10 kBProgress (5): 3.4/4.4 MB | 1.2/4.4 MB | 1.9/3.2 MB | 258/276 kB | 10 kBProgress (5): 3.4/4.4 MB | 1.2/4.4 MB | 1.9/3.2 MB | 262/276 kB | 10 kBProgress (5): 3.4/4.4 MB | 1.2/4.4 MB | 1.9/3.2 MB | 266/276 kB | 10 kBProgress (5): 3.4/4.4 MB | 1.2/4.4 MB | 1.9/3.2 MB | 270/276 kB | 10 kBProgress (5): 3.4/4.4 MB | 1.2/4.4 MB | 1.9/3.2 MB | 274/276 kB | 10 kBProgress (5): 3.4/4.4 MB | 1.2/4.4 MB | 1.9/3.2 MB | 276 kB | 10 kB    Progress (5): 3.4/4.4 MB | 1.2/4.4 MB | 1.9/3.2 MB | 276 kB | 10 kBProgress (5): 3.4/4.4 MB | 1.2/4.4 MB | 1.9/3.2 MB | 276 kB | 10 kBProgress (5): 3.4/4.4 MB | 1.2/4.4 MB | 1.9/3.2 MB | 276 kB | 10 kBProgress (5): 3.4/4.4 MB | 1.2/4.4 MB | 1.9/3.2 MB | 276 kB | 10 kBProgress (5): 3.4/4.4 MB | 1.2/4.4 MB | 1.9/3.2 MB | 276 kB | 10 kBProgress (5): 3.4/4.4 MB | 1.3/4.4 MB | 1.9/3.2 MB | 276 kB | 10 kBProgress (5): 3.4/4.4 MB | 1.3/4.4 MB | 1.9/3.2 MB | 276 kB | 10 kBProgress (5): 3.4/4.4 MB | 1.3/4.4 MB | 1.9/3.2 MB | 276 kB | 10 kBProgress (5): 3.4/4.4 MB | 1.3/4.4 MB | 1.9/3.2 MB | 276 kB | 10 kBProgress (5): 3.4/4.4 MB | 1.3/4.4 MB | 1.9/3.2 MB | 276 kB | 10 kBProgress (5): 3.4/4.4 MB | 1.4/4.4 MB | 1.9/3.2 MB | 276 kB | 10 kBProgress (5): 3.4/4.4 MB | 1.4/4.4 MB | 1.9/3.2 MB | 276 kB | 10 kBProgress (5): 3.4/4.4 MB | 1.4/4.4 MB | 1.9/3.2 MB | 276 kB | 10 kBProgress (5): 3.4/4.4 MB | 1.4/4.4 MB | 1.9/3.2 MB | 276 kB | 10 kBProgress (5): 3.4/4.4 MB | 1.4/4.4 MB | 1.9/3.2 MB | 276 kB | 10 kBProgress (5): 3.4/4.4 MB | 1.4/4.4 MB | 1.9/3.2 MB | 276 kB | 10 kBProgress (5): 3.4/4.4 MB | 1.4/4.4 MB | 2.0/3.2 MB | 276 kB | 10 kBProgress (5): 3.4/4.4 MB | 1.4/4.4 MB | 2.0/3.2 MB | 276 kB | 10 kBProgress (5): 3.4/4.4 MB | 1.4/4.4 MB | 2.0/3.2 MB | 276 kB | 10 kBProgress (5): 3.4/4.4 MB | 1.4/4.4 MB | 2.0/3.2 MB | 276 kB | 10 kBProgress (5): 3.4/4.4 MB | 1.4/4.4 MB | 2.0/3.2 MB | 276 kB | 10 kBProgress (5): 3.4/4.4 MB | 1.5/4.4 MB | 2.0/3.2 MB | 276 kB | 10 kBProgress (5): 3.4/4.4 MB | 1.5/4.4 MB | 2.0/3.2 MB | 276 kB | 10 kBProgress (5): 3.4/4.4 MB | 1.5/4.4 MB | 2.0/3.2 MB | 276 kB | 10 kBProgress (5): 3.4/4.4 MB | 1.5/4.4 MB | 2.1/3.2 MB | 276 kB | 10 kBProgress (5): 3.4/4.4 MB | 1.5/4.4 MB | 2.1/3.2 MB | 276 kB | 10 kBProgress (5): 3.4/4.4 MB | 1.5/4.4 MB | 2.1/3.2 MB | 276 kB | 10 kBProgress (5): 3.4/4.4 MB | 1.5/4.4 MB | 2.1/3.2 MB | 276 kB | 10 kBProgress (5): 3.4/4.4 MB | 1.5/4.4 MB | 2.1/3.2 MB | 276 kB | 10 kBProgress (5): 3.4/4.4 MB | 1.5/4.4 MB | 2.1/3.2 MB | 276 kB | 10 kBProgress (5): 3.4/4.4 MB | 1.5/4.4 MB | 2.1/3.2 MB | 276 kB | 10 kBProgress (5): 3.4/4.4 MB | 1.5/4.4 MB | 2.1/3.2 MB | 276 kB | 10 kBProgress (5): 3.4/4.4 MB | 1.5/4.4 MB | 2.1/3.2 MB | 276 kB | 10 kB                                                                   Downloaded from central: https://repo.maven.apache.org/maven2/org/apache/xmlgraphics/batik-ext/1.14/batik-ext-1.14.jar (10 kB at 3.8 kB/s)
Downloading from central: https://repo.maven.apache.org/maven2/org/apache/xmlgraphics/batik-parser/1.14/batik-parser-1.14.jar
Progress (4): 3.4/4.4 MB | 1.5/4.4 MB | 2.2/3.2 MB | 276 kBProgress (4): 3.4/4.4 MB | 1.6/4.4 MB | 2.2/3.2 MB | 276 kBProgress (4): 3.4/4.4 MB | 1.6/4.4 MB | 2.2/3.2 MB | 276 kBProgress (4): 3.4/4.4 MB | 1.6/4.4 MB | 2.2/3.2 MB | 276 kBProgress (4): 3.4/4.4 MB | 1.6/4.4 MB | 2.2/3.2 MB | 276 kBProgress (4): 3.4/4.4 MB | 1.6/4.4 MB | 2.2/3.2 MB | 276 kBProgress (4): 3.4/4.4 MB | 1.6/4.4 MB | 2.2/3.2 MB | 276 kBProgress (4): 3.5/4.4 MB | 1.6/4.4 MB | 2.2/3.2 MB | 276 kBProgress (4): 3.5/4.4 MB | 1.6/4.4 MB | 2.2/3.2 MB | 276 kBProgress (4): 3.5/4.4 MB | 1.6/4.4 MB | 2.2/3.2 MB | 276 kBProgress (4): 3.5/4.4 MB | 1.6/4.4 MB | 2.2/3.2 MB | 276 kBProgress (4): 3.6/4.4 MB | 1.6/4.4 MB | 2.2/3.2 MB | 276 kBProgress (4): 3.6/4.4 MB | 1.6/4.4 MB | 2.2/3.2 MB | 276 kBProgress (4): 3.6/4.4 MB | 1.6/4.4 MB | 2.2/3.2 MB | 276 kBProgress (4): 3.6/4.4 MB | 1.6/4.4 MB | 2.2/3.2 MB | 276 kBProgress (4): 3.7/4.4 MB | 1.6/4.4 MB | 2.2/3.2 MB | 276 kBProgress (4): 3.7/4.4 MB | 1.6/4.4 MB | 2.2/3.2 MB | 276 kB                                                           Downloaded from central: https://repo.maven.apache.org/maven2/xalan/serializer/2.7.2/serializer-2.7.2.jar (276 kB at 101 kB/s)
Downloading from central: https://repo.maven.apache.org/maven2/org/apache/xmlgraphics/batik-shared-resources/1.14/batik-shared-resources-1.14.jar
Progress (3): 3.7/4.4 MB | 1.6/4.4 MB | 2.2/3.2 MBProgress (3): 3.7/4.4 MB | 1.6/4.4 MB | 2.2/3.2 MBProgress (3): 3.7/4.4 MB | 1.6/4.4 MB | 2.2/3.2 MBProgress (3): 3.7/4.4 MB | 1.6/4.4 MB | 2.2/3.2 MBProgress (3): 3.7/4.4 MB | 1.6/4.4 MB | 2.2/3.2 MBProgress (3): 3.7/4.4 MB | 1.6/4.4 MB | 2.2/3.2 MBProgress (3): 3.7/4.4 MB | 1.7/4.4 MB | 2.2/3.2 MBProgress (3): 3.7/4.4 MB | 1.7/4.4 MB | 2.3/3.2 MBProgress (3): 3.7/4.4 MB | 1.7/4.4 MB | 2.3/3.2 MBProgress (3): 3.7/4.4 MB | 1.7/4.4 MB | 2.3/3.2 MBProgress (3): 3.7/4.4 MB | 1.7/4.4 MB | 2.3/3.2 MBProgress (3): 3.7/4.4 MB | 1.7/4.4 MB | 2.3/3.2 MBProgress (3): 3.7/4.4 MB | 1.7/4.4 MB | 2.3/3.2 MBProgress (3): 3.7/4.4 MB | 1.7/4.4 MB | 2.3/3.2 MBProgress (3): 3.7/4.4 MB | 1.7/4.4 MB | 2.3/3.2 MBProgress (3): 3.7/4.4 MB | 1.7/4.4 MB | 2.3/3.2 MBProgress (3): 3.7/4.4 MB | 1.7/4.4 MB | 2.4/3.2 MBProgress (3): 3.7/4.4 MB | 1.8/4.4 MB | 2.4/3.2 MBProgress (3): 3.7/4.4 MB | 1.8/4.4 MB | 2.4/3.2 MBProgress (3): 3.7/4.4 MB | 1.8/4.4 MB | 2.4/3.2 MBProgress (3): 3.7/4.4 MB | 1.8/4.4 MB | 2.4/3.2 MBProgress (3): 3.7/4.4 MB | 1.8/4.4 MB | 2.4/3.2 MBProgress (3): 3.7/4.4 MB | 1.8/4.4 MB | 2.4/3.2 MBProgress (3): 3.7/4.4 MB | 1.8/4.4 MB | 2.4/3.2 MBProgress (3): 3.7/4.4 MB | 1.8/4.4 MB | 2.4/3.2 MBProgress (3): 3.7/4.4 MB | 1.8/4.4 MB | 2.4/3.2 MBProgress (3): 3.7/4.4 MB | 1.8/4.4 MB | 2.4/3.2 MBProgress (3): 3.8/4.4 MB | 1.8/4.4 MB | 2.4/3.2 MBProgress (3): 3.8/4.4 MB | 1.8/4.4 MB | 2.4/3.2 MBProgress (3): 3.8/4.4 MB | 1.8/4.4 MB | 2.4/3.2 MBProgress (3): 3.8/4.4 MB | 1.8/4.4 MB | 2.4/3.2 MBProgress (3): 3.9/4.4 MB | 1.8/4.4 MB | 2.4/3.2 MBProgress (3): 3.9/4.4 MB | 1.8/4.4 MB | 2.4/3.2 MBProgress (3): 3.9/4.4 MB | 1.8/4.4 MB | 2.4/3.2 MBProgress (3): 3.9/4.4 MB | 1.8/4.4 MB | 2.4/3.2 MBProgress (3): 4.0/4.4 MB | 1.8/4.4 MB | 2.4/3.2 MBProgress (3): 4.0/4.4 MB | 1.8/4.4 MB | 2.4/3.2 MBProgress (3): 4.0/4.4 MB | 1.9/4.4 MB | 2.4/3.2 MBProgress (4): 4.0/4.4 MB | 1.9/4.4 MB | 2.4/3.2 MB | 3.2/77 kBProgress (4): 4.0/4.4 MB | 1.9/4.4 MB | 2.4/3.2 MB | 7.3/77 kBProgress (4): 4.0/4.4 MB | 1.9/4.4 MB | 2.4/3.2 MB | 11/77 kB Progress (4): 4.0/4.4 MB | 1.9/4.4 MB | 2.4/3.2 MB | 15/77 kBProgress (4): 4.0/4.4 MB | 1.9/4.4 MB | 2.4/3.2 MB | 20/77 kBProgress (4): 4.0/4.4 MB | 1.9/4.4 MB | 2.4/3.2 MB | 24/77 kBProgress (4): 4.0/4.4 MB | 1.9/4.4 MB | 2.4/3.2 MB | 28/77 kBProgress (4): 4.0/4.4 MB | 1.9/4.4 MB | 2.4/3.2 MB | 28/77 kBProgress (4): 4.0/4.4 MB | 1.9/4.4 MB | 2.4/3.2 MB | 32/77 kBProgress (4): 4.0/4.4 MB | 1.9/4.4 MB | 2.4/3.2 MB | 36/77 kBProgress (4): 4.0/4.4 MB | 1.9/4.4 MB | 2.4/3.2 MB | 40/77 kBProgress (4): 4.0/4.4 MB | 1.9/4.4 MB | 2.4/3.2 MB | 44/77 kBProgress (4): 4.0/4.4 MB | 1.9/4.4 MB | 2.4/3.2 MB | 48/77 kBProgress (4): 4.0/4.4 MB | 1.9/4.4 MB | 2.4/3.2 MB | 52/77 kBProgress (4): 4.0/4.4 MB | 1.9/4.4 MB | 2.4/3.2 MB | 56/77 kBProgress (4): 4.0/4.4 MB | 1.9/4.4 MB | 2.4/3.2 MB | 61/77 kBProgress (4): 4.0/4.4 MB | 1.9/4.4 MB | 2.4/3.2 MB | 65/77 kBProgress (4): 4.0/4.4 MB | 1.9/4.4 MB | 2.4/3.2 MB | 69/77 kBProgress (4): 4.0/4.4 MB | 1.9/4.4 MB | 2.4/3.2 MB | 73/77 kBProgress (4): 4.0/4.4 MB | 1.9/4.4 MB | 2.4/3.2 MB | 77 kB   Progress (4): 4.0/4.4 MB | 1.9/4.4 MB | 2.5/3.2 MB | 77 kBProgress (4): 4.0/4.4 MB | 1.9/4.4 MB | 2.5/3.2 MB | 77 kBProgress (5): 4.0/4.4 MB | 1.9/4.4 MB | 2.5/3.2 MB | 77 kB | 4.1/6.7 kBProgress (5): 4.0/4.4 MB | 1.9/4.4 MB | 2.5/3.2 MB | 77 kB | 6.7 kB    Progress (5): 4.0/4.4 MB | 1.9/4.4 MB | 2.5/3.2 MB | 77 kB | 6.7 kBProgress (5): 4.0/4.4 MB | 1.9/4.4 MB | 2.5/3.2 MB | 77 kB | 6.7 kBProgress (5): 4.0/4.4 MB | 1.9/4.4 MB | 2.5/3.2 MB | 77 kB | 6.7 kBProgress (5): 4.0/4.4 MB | 1.9/4.4 MB | 2.5/3.2 MB | 77 kB | 6.7 kBProgress (5): 4.0/4.4 MB | 1.9/4.4 MB | 2.5/3.2 MB | 77 kB | 6.7 kBProgress (5): 4.0/4.4 MB | 1.9/4.4 MB | 2.5/3.2 MB | 77 kB | 6.7 kBProgress (5): 4.0/4.4 MB | 1.9/4.4 MB | 2.6/3.2 MB | 77 kB | 6.7 kBProgress (5): 4.0/4.4 MB | 1.9/4.4 MB | 2.6/3.2 MB | 77 kB | 6.7 kBProgress (5): 4.0/4.4 MB | 1.9/4.4 MB | 2.6/3.2 MB | 77 kB | 6.7 kBProgress (5): 4.0/4.4 MB | 2.0/4.4 MB | 2.6/3.2 MB | 77 kB | 6.7 kBProgress (5): 4.0/4.4 MB | 2.0/4.4 MB | 2.6/3.2 MB | 77 kB | 6.7 kBProgress (5): 4.0/4.4 MB | 2.0/4.4 MB | 2.6/3.2 MB | 77 kB | 6.7 kBProgress (5): 4.0/4.4 MB | 2.0/4.4 MB | 2.6/3.2 MB | 77 kB | 6.7 kBProgress (5): 4.0/4.4 MB | 2.0/4.4 MB | 2.6/3.2 MB | 77 kB | 6.7 kBProgress (5): 4.0/4.4 MB | 2.0/4.4 MB | 2.6/3.2 MB | 77 kB | 6.7 kBProgress (5): 4.0/4.4 MB | 2.0/4.4 MB | 2.7/3.2 MB | 77 kB | 6.7 kBProgress (5): 4.0/4.4 MB | 2.0/4.4 MB | 2.7/3.2 MB | 77 kB | 6.7 kBProgress (5): 4.0/4.4 MB | 2.0/4.4 MB | 2.7/3.2 MB | 77 kB | 6.7 kBProgress (5): 4.0/4.4 MB | 2.0/4.4 MB | 2.7/3.2 MB | 77 kB | 6.7 kBProgress (5): 4.0/4.4 MB | 2.0/4.4 MB | 2.7/3.2 MB | 77 kB | 6.7 kBProgress (5): 4.0/4.4 MB | 2.0/4.4 MB | 2.7/3.2 MB | 77 kB | 6.7 kBProgress (5): 4.0/4.4 MB | 2.1/4.4 MB | 2.7/3.2 MB | 77 kB | 6.7 kBProgress (5): 4.0/4.4 MB | 2.1/4.4 MB | 2.7/3.2 MB | 77 kB | 6.7 kBProgress (5): 4.0/4.4 MB | 2.1/4.4 MB | 2.7/3.2 MB | 77 kB | 6.7 kBProgress (5): 4.0/4.4 MB | 2.1/4.4 MB | 2.7/3.2 MB | 77 kB | 6.7 kBProgress (5): 4.0/4.4 MB | 2.1/4.4 MB | 2.7/3.2 MB | 77 kB | 6.7 kBProgress (5): 4.0/4.4 MB | 2.1/4.4 MB | 2.8/3.2 MB | 77 kB | 6.7 kBProgress (5): 4.0/4.4 MB | 2.1/4.4 MB | 2.8/3.2 MB | 77 kB | 6.7 kBProgress (5): 4.1/4.4 MB | 2.1/4.4 MB | 2.8/3.2 MB | 77 kB | 6.7 kBProgress (5): 4.1/4.4 MB | 2.1/4.4 MB | 2.8/3.2 MB | 77 kB | 6.7 kBProgress (5): 4.1/4.4 MB | 2.1/4.4 MB | 2.8/3.2 MB | 77 kB | 6.7 kBProgress (5): 4.1/4.4 MB | 2.1/4.4 MB | 2.8/3.2 MB | 77 kB | 6.7 kBProgress (5): 4.1/4.4 MB | 2.1/4.4 MB | 2.8/3.2 MB | 77 kB | 6.7 kBProgress (5): 4.2/4.4 MB | 2.1/4.4 MB | 2.8/3.2 MB | 77 kB | 6.7 kBProgress (5): 4.2/4.4 MB | 2.1/4.4 MB | 2.8/3.2 MB | 77 kB | 6.7 kBProgress (5): 4.2/4.4 MB | 2.1/4.4 MB | 2.8/3.2 MB | 77 kB | 6.7 kBProgress (5): 4.2/4.4 MB | 2.1/4.4 MB | 2.8/3.2 MB | 77 kB | 6.7 kBProgress (5): 4.3/4.4 MB | 2.1/4.4 MB | 2.8/3.2 MB | 77 kB | 6.7 kBProgress (5): 4.3/4.4 MB | 2.1/4.4 MB | 2.8/3.2 MB | 77 kB | 6.7 kBProgress (5): 4.3/4.4 MB | 2.1/4.4 MB | 2.8/3.2 MB | 77 kB | 6.7 kBProgress (5): 4.3/4.4 MB | 2.1/4.4 MB | 2.8/3.2 MB | 77 kB | 6.7 kBProgress (5): 4.3/4.4 MB | 2.1/4.4 MB | 2.8/3.2 MB | 77 kB | 6.7 kBProgress (5): 4.3/4.4 MB | 2.1/4.4 MB | 2.8/3.2 MB | 77 kB | 6.7 kB                                                                   Downloaded from central: https://repo.maven.apache.org/maven2/org/apache/xmlgraphics/batik-shared-resources/1.14/batik-shared-resources-1.14.jar (6.7 kB at 2.1 kB/s)
Downloading from central: https://repo.maven.apache.org/maven2/org/apache/xmlgraphics/batik-svg-dom/1.14/batik-svg-dom-1.14.jar
Progress (4): 4.4/4.4 MB | 2.1/4.4 MB | 2.8/3.2 MB | 77 kBProgress (4): 4.4/4.4 MB | 2.1/4.4 MB | 2.8/3.2 MB | 77 kBProgress (4): 4.4/4.4 MB | 2.1/4.4 MB | 2.8/3.2 MB | 77 kBProgress (4): 4.4/4.4 MB | 2.1/4.4 MB | 2.8/3.2 MB | 77 kB                                                          Downloaded from central: https://repo.maven.apache.org/maven2/org/apache/xmlgraphics/batik-parser/1.14/batik-parser-1.14.jar (77 kB at 24 kB/s)
Progress (3): 4.4/4.4 MB | 2.1/4.4 MB | 2.9/3.2 MB                                                  Downloading from central: https://repo.maven.apache.org/maven2/org/apache/xmlgraphics/batik-util/1.14/batik-util-1.14.jar
Progress (3): 4.4/4.4 MB | 2.1/4.4 MB | 2.9/3.2 MBProgress (3): 4.4/4.4 MB | 2.1/4.4 MB | 2.9/3.2 MBProgress (3): 4.4/4.4 MB | 2.1/4.4 MB | 2.9/3.2 MBProgress (3): 4.4/4.4 MB | 2.1/4.4 MB | 2.9/3.2 MBProgress (3): 4.4/4.4 MB | 2.1/4.4 MB | 2.9/3.2 MBProgress (3): 4.4 MB | 2.1/4.4 MB | 2.9/3.2 MB    Progress (3): 4.4 MB | 2.1/4.4 MB | 2.9/3.2 MBProgress (3): 4.4 MB | 2.1/4.4 MB | 2.9/3.2 MBProgress (3): 4.4 MB | 2.1/4.4 MB | 3.0/3.2 MBProgress (3): 4.4 MB | 2.1/4.4 MB | 3.0/3.2 MBProgress (3): 4.4 MB | 2.1/4.4 MB | 3.0/3.2 MBProgress (3): 4.4 MB | 2.1/4.4 MB | 3.0/3.2 MBProgress (3): 4.4 MB | 2.1/4.4 MB | 3.0/3.2 MBProgress (3): 4.4 MB | 2.1/4.4 MB | 3.0/3.2 MBProgress (3): 4.4 MB | 2.2/4.4 MB | 3.0/3.2 MBProgress (3): 4.4 MB | 2.2/4.4 MB | 3.0/3.2 MBProgress (3): 4.4 MB | 2.2/4.4 MB | 3.0/3.2 MBProgress (3): 4.4 MB | 2.2/4.4 MB | 3.0/3.2 MBProgress (3): 4.4 MB | 2.3/4.4 MB | 3.0/3.2 MBProgress (3): 4.4 MB | 2.3/4.4 MB | 3.0/3.2 MBProgress (3): 4.4 MB | 2.3/4.4 MB | 3.0/3.2 MBProgress (3): 4.4 MB | 2.3/4.4 MB | 3.0/3.2 MBProgress (3): 4.4 MB | 2.3/4.4 MB | 3.0/3.2 MBProgress (3): 4.4 MB | 2.4/4.4 MB | 3.0/3.2 MBProgress (3): 4.4 MB | 2.4/4.4 MB | 3.0/3.2 MBProgress (3): 4.4 MB | 2.4/4.4 MB | 3.0/3.2 MBProgress (3): 4.4 MB | 2.4/4.4 MB | 3.1/3.2 MBProgress (3): 4.4 MB | 2.4/4.4 MB | 3.1/3.2 MBProgress (3): 4.4 MB | 2.4/4.4 MB | 3.1/3.2 MBProgress (3): 4.4 MB | 2.4/4.4 MB | 3.1/3.2 MBProgress (3): 4.4 MB | 2.4/4.4 MB | 3.1/3.2 MBProgress (3): 4.4 MB | 2.4/4.4 MB | 3.1/3.2 MBProgress (4): 4.4 MB | 2.4/4.4 MB | 3.1/3.2 MB | 4.1/127 kBProgress (4): 4.4 MB | 2.4/4.4 MB | 3.1/3.2 MB | 7.7/127 kBProgress (4): 4.4 MB | 2.4/4.4 MB | 3.1/3.2 MB | 11/127 kB Progress (4): 4.4 MB | 2.4/4.4 MB | 3.1/3.2 MB | 15/127 kBProgress (4): 4.4 MB | 2.4/4.4 MB | 3.1/3.2 MB | 20/127 kBProgress (4): 4.4 MB | 2.4/4.4 MB | 3.1/3.2 MB | 24/127 kBProgress (4): 4.4 MB | 2.4/4.4 MB | 3.1/3.2 MB | 28/127 kBProgress (4): 4.4 MB | 2.4/4.4 MB | 3.1/3.2 MB | 28/127 kBProgress (4): 4.4 MB | 2.4/4.4 MB | 3.1/3.2 MB | 32/127 kBProgress (4): 4.4 MB | 2.4/4.4 MB | 3.1/3.2 MB | 36/127 kBProgress (5): 4.4 MB | 2.4/4.4 MB | 3.1/3.2 MB | 36/127 kB | 4.1/233 kBProgress (5): 4.4 MB | 2.4/4.4 MB | 3.1/3.2 MB | 40/127 kB | 4.1/233 kBProgress (5): 4.4 MB | 2.4/4.4 MB | 3.1/3.2 MB | 40/127 kB | 7.7/233 kBProgress (5): 4.4 MB | 2.4/4.4 MB | 3.1/3.2 MB | 44/127 kB | 7.7/233 kBProgress (5): 4.4 MB | 2.4/4.4 MB | 3.1/3.2 MB | 44/127 kB | 12/233 kB Progress (5): 4.4 MB | 2.4/4.4 MB | 3.1/3.2 MB | 44/127 kB | 16/233 kBProgress (5): 4.4 MB | 2.4/4.4 MB | 3.1/3.2 MB | 44/127 kB | 20/233 kBProgress (5): 4.4 MB | 2.4/4.4 MB | 3.1/3.2 MB | 44/127 kB | 24/233 kBProgress (5): 4.4 MB | 2.4/4.4 MB | 3.1/3.2 MB | 48/127 kB | 24/233 kBProgress (5): 4.4 MB | 2.4/4.4 MB | 3.1/3.2 MB | 48/127 kB | 28/233 kBProgress (5): 4.4 MB | 2.4/4.4 MB | 3.1/3.2 MB | 48/127 kB | 32/233 kBProgress (5): 4.4 MB | 2.4/4.4 MB | 3.1/3.2 MB | 52/127 kB | 32/233 kBProgress (5): 4.4 MB | 2.4/4.4 MB | 3.1/3.2 MB | 52/127 kB | 36/233 kBProgress (5): 4.4 MB | 2.4/4.4 MB | 3.1/3.2 MB | 56/127 kB | 36/233 kBProgress (5): 4.4 MB | 2.4/4.4 MB | 3.1/3.2 MB | 56/127 kB | 40/233 kBProgress (5): 4.4 MB | 2.4/4.4 MB | 3.1/3.2 MB | 61/127 kB | 40/233 kBProgress (5): 4.4 MB | 2.4/4.4 MB | 3.1/3.2 MB | 61/127 kB | 45/233 kBProgress (5): 4.4 MB | 2.4/4.4 MB | 3.1/3.2 MB | 61/127 kB | 49/233 kBProgress (5): 4.4 MB | 2.4/4.4 MB | 3.1/3.2 MB | 65/127 kB | 49/233 kBProgress (5): 4.4 MB | 2.4/4.4 MB | 3.1/3.2 MB | 65/127 kB | 53/233 kBProgress (5): 4.4 MB | 2.4/4.4 MB | 3.1/3.2 MB | 65/127 kB | 57/233 kBProgress (5): 4.4 MB | 2.4/4.4 MB | 3.1/3.2 MB | 69/127 kB | 57/233 kBProgress (5): 4.4 MB | 2.4/4.4 MB | 3.1/3.2 MB | 69/127 kB | 61/233 kBProgress (5): 4.4 MB | 2.4/4.4 MB | 3.1/3.2 MB | 69/127 kB | 65/233 kBProgress (5): 4.4 MB | 2.4/4.4 MB | 3.1/3.2 MB | 69/127 kB | 69/233 kBProgress (5): 4.4 MB | 2.4/4.4 MB | 3.1/3.2 MB | 73/127 kB | 69/233 kBProgress (5): 4.4 MB | 2.4/4.4 MB | 3.1/3.2 MB | 73/127 kB | 73/233 kBProgress (5): 4.4 MB | 2.4/4.4 MB | 3.1/3.2 MB | 77/127 kB | 73/233 kBProgress (5): 4.4 MB | 2.4/4.4 MB | 3.1/3.2 MB | 77/127 kB | 77/233 kBProgress (5): 4.4 MB | 2.4/4.4 MB | 3.1/3.2 MB | 81/127 kB | 77/233 kBProgress (5): 4.4 MB | 2.4/4.4 MB | 3.1/3.2 MB | 85/127 kB | 77/233 kBProgress (5): 4.4 MB | 2.4/4.4 MB | 3.1/3.2 MB | 85/127 kB | 81/233 kBProgress (5): 4.4 MB | 2.4/4.4 MB | 3.1/3.2 MB | 89/127 kB | 81/233 kBProgress (5): 4.4 MB | 2.4/4.4 MB | 3.1/3.2 MB | 93/127 kB | 81/233 kBProgress (5): 4.4 MB | 2.4/4.4 MB | 3.1/3.2 MB | 93/127 kB | 86/233 kBProgress (5): 4.4 MB | 2.4/4.4 MB | 3.1/3.2 MB | 97/127 kB | 86/233 kBProgress (5): 4.4 MB | 2.4/4.4 MB | 3.1/3.2 MB | 97/127 kB | 86/233 kBProgress (5): 4.4 MB | 2.4/4.4 MB | 3.1/3.2 MB | 97/127 kB | 86/233 kBProgress (5): 4.4 MB | 2.5/4.4 MB | 3.1/3.2 MB | 97/127 kB | 86/233 kBProgress (5): 4.4 MB | 2.5/4.4 MB | 3.1/3.2 MB | 101/127 kB | 86/233 kBProgress (5): 4.4 MB | 2.5/4.4 MB | 3.1/3.2 MB | 101/127 kB | 90/233 kBProgress (5): 4.4 MB | 2.5/4.4 MB | 3.1/3.2 MB | 106/127 kB | 90/233 kBProgress (5): 4.4 MB | 2.5/4.4 MB | 3.1/3.2 MB | 106/127 kB | 90/233 kBProgress (5): 4.4 MB | 2.5/4.4 MB | 3.1/3.2 MB | 106/127 kB | 90/233 kBProgress (5): 4.4 MB | 2.5/4.4 MB | 3.1/3.2 MB | 110/127 kB | 90/233 kBProgress (5): 4.4 MB | 2.5/4.4 MB | 3.1/3.2 MB | 110/127 kB | 94/233 kBProgress (5): 4.4 MB | 2.5/4.4 MB | 3.1/3.2 MB | 114/127 kB | 94/233 kBProgress (5): 4.4 MB | 2.5/4.4 MB | 3.2 MB | 114/127 kB | 94/233 kB    Progress (5): 4.4 MB | 2.5/4.4 MB | 3.2 MB | 118/127 kB | 94/233 kBProgress (5): 4.4 MB | 2.5/4.4 MB | 3.2 MB | 118/127 kB | 98/233 kBProgress (5): 4.4 MB | 2.5/4.4 MB | 3.2 MB | 122/127 kB | 98/233 kBProgress (5): 4.4 MB | 2.5/4.4 MB | 3.2 MB | 126/127 kB | 98/233 kBProgress (5): 4.4 MB | 2.5/4.4 MB | 3.2 MB | 126/127 kB | 102/233 kBProgress (5): 4.4 MB | 2.5/4.4 MB | 3.2 MB | 127 kB | 102/233 kB    Progress (5): 4.4 MB | 2.5/4.4 MB | 3.2 MB | 127 kB | 106/233 kBProgress (5): 4.4 MB | 2.5/4.4 MB | 3.2 MB | 127 kB | 106/233 kBProgress (5): 4.4 MB | 2.5/4.4 MB | 3.2 MB | 127 kB | 110/233 kBProgress (5): 4.4 MB | 2.5/4.4 MB | 3.2 MB | 127 kB | 114/233 kBProgress (5): 4.4 MB | 2.5/4.4 MB | 3.2 MB | 127 kB | 118/233 kBProgress (5): 4.4 MB | 2.5/4.4 MB | 3.2 MB | 127 kB | 122/233 kBProgress (5): 4.4 MB | 2.5/4.4 MB | 3.2 MB | 127 kB | 126/233 kBProgress (5): 4.4 MB | 2.5/4.4 MB | 3.2 MB | 127 kB | 131/233 kBProgress (5): 4.4 MB | 2.5/4.4 MB | 3.2 MB | 127 kB | 135/233 kBProgress (5): 4.4 MB | 2.5/4.4 MB | 3.2 MB | 127 kB | 139/233 kBProgress (5): 4.4 MB | 2.5/4.4 MB | 3.2 MB | 127 kB | 143/233 kBProgress (5): 4.4 MB | 2.5/4.4 MB | 3.2 MB | 127 kB | 147/233 kBProgress (5): 4.4 MB | 2.5/4.4 MB | 3.2 MB | 127 kB | 151/233 kBProgress (5): 4.4 MB | 2.5/4.4 MB | 3.2 MB | 127 kB | 155/233 kBProgress (5): 4.4 MB | 2.5/4.4 MB | 3.2 MB | 127 kB | 159/233 kBProgress (5): 4.4 MB | 2.5/4.4 MB | 3.2 MB | 127 kB | 163/233 kBProgress (5): 4.4 MB | 2.5/4.4 MB | 3.2 MB | 127 kB | 167/233 kBProgress (5): 4.4 MB | 2.5/4.4 MB | 3.2 MB | 127 kB | 172/233 kBProgress (5): 4.4 MB | 2.5/4.4 MB | 3.2 MB | 127 kB | 176/233 kBProgress (5): 4.4 MB | 2.5/4.4 MB | 3.2 MB | 127 kB | 180/233 kBProgress (5): 4.4 MB | 2.5/4.4 MB | 3.2 MB | 127 kB | 184/233 kBProgress (5): 4.4 MB | 2.5/4.4 MB | 3.2 MB | 127 kB | 188/233 kBProgress (5): 4.4 MB | 2.5/4.4 MB | 3.2 MB | 127 kB | 192/233 kBProgress (5): 4.4 MB | 2.5/4.4 MB | 3.2 MB | 127 kB | 196/233 kBProgress (5): 4.4 MB | 2.5/4.4 MB | 3.2 MB | 127 kB | 200/233 kBProgress (5): 4.4 MB | 2.5/4.4 MB | 3.2 MB | 127 kB | 204/233 kBProgress (5): 4.4 MB | 2.5/4.4 MB | 3.2 MB | 127 kB | 208/233 kBProgress (5): 4.4 MB | 2.5/4.4 MB | 3.2 MB | 127 kB | 213/233 kBProgress (5): 4.4 MB | 2.5/4.4 MB | 3.2 MB | 127 kB | 217/233 kBProgress (5): 4.4 MB | 2.5/4.4 MB | 3.2 MB | 127 kB | 221/233 kBProgress (5): 4.4 MB | 2.5/4.4 MB | 3.2 MB | 127 kB | 225/233 kBProgress (5): 4.4 MB | 2.5/4.4 MB | 3.2 MB | 127 kB | 229/233 kBProgress (5): 4.4 MB | 2.5/4.4 MB | 3.2 MB | 127 kB | 233 kB    Progress (5): 4.4 MB | 2.5/4.4 MB | 3.2 MB | 127 kB | 233 kBProgress (5): 4.4 MB | 2.6/4.4 MB | 3.2 MB | 127 kB | 233 kBProgress (5): 4.4 MB | 2.6/4.4 MB | 3.2 MB | 127 kB | 233 kBProgress (5): 4.4 MB | 2.6/4.4 MB | 3.2 MB | 127 kB | 233 kBProgress (5): 4.4 MB | 2.6/4.4 MB | 3.2 MB | 127 kB | 233 kBProgress (5): 4.4 MB | 2.7/4.4 MB | 3.2 MB | 127 kB | 233 kB                                                            Downloaded from central: https://repo.maven.apache.org/maven2/xalan/xalan/2.7.2/xalan-2.7.2.jar (3.2 MB at 953 kB/s)
Downloading from central: https://repo.maven.apache.org/maven2/org/apache/xmlgraphics/batik-constants/1.14/batik-constants-1.14.jar
Downloaded from central: https://repo.maven.apache.org/maven2/org/apache/xmlgraphics/batik-util/1.14/batik-util-1.14.jar (127 kB at 39 kB/s)
Downloading from central: https://repo.maven.apache.org/maven2/org/apache/xmlgraphics/batik-i18n/1.14/batik-i18n-1.14.jar
Progress (3): 4.4 MB | 2.7/4.4 MB | 233 kBProgress (3): 4.4 MB | 2.7/4.4 MB | 233 kBProgress (3): 4.4 MB | 2.7/4.4 MB | 233 kBProgress (3): 4.4 MB | 2.8/4.4 MB | 233 kB                                          Downloaded from central: https://repo.maven.apache.org/maven2/org/apache/xmlgraphics/batik-svg-dom/1.14/batik-svg-dom-1.14.jar (233 kB at 70 kB/s)
Downloading from central: https://repo.maven.apache.org/maven2/xml-apis/xml-apis-ext/1.3.04/xml-apis-ext-1.3.04.jar
Progress (2): 4.4 MB | 2.8/4.4 MBProgress (2): 4.4 MB | 2.8/4.4 MBProgress (2): 4.4 MB | 2.8/4.4 MBProgress (2): 4.4 MB | 2.8/4.4 MBProgress (2): 4.4 MB | 2.9/4.4 MBProgress (2): 4.4 MB | 2.9/4.4 MB                                 Downloaded from central: https://repo.maven.apache.org/maven2/org/apache/xmlgraphics/fop/2.7/fop-2.7.jar (4.4 MB at 1.3 MB/s)
Downloading from central: https://repo.maven.apache.org/maven2/org/apache/xmlgraphics/batik-awt-util/1.14/batik-awt-util-1.14.jar
Progress (2): 2.9/4.4 MB | 4.1/8.4 kBProgress (2): 2.9/4.4 MB | 4.1/8.4 kBProgress (2): 2.9/4.4 MB | 7.7/8.4 kBProgress (3): 2.9/4.4 MB | 7.7/8.4 kB | 4.1/11 kBProgress (3): 2.9/4.4 MB | 8.4 kB | 4.1/11 kB    Progress (3): 2.9/4.4 MB | 8.4 kB | 4.1/11 kBProgress (3): 2.9/4.4 MB | 8.4 kB | 7.7/11 kBProgress (3): 2.9/4.4 MB | 8.4 kB | 11 kB    Progress (3): 3.0/4.4 MB | 8.4 kB | 11 kBProgress (3): 3.0/4.4 MB | 8.4 kB | 11 kBProgress (4): 3.0/4.4 MB | 8.4 kB | 11 kB | 4.1/86 kBProgress (4): 3.0/4.4 MB | 8.4 kB | 11 kB | 7.7/86 kBProgress (4): 3.0/4.4 MB | 8.4 kB | 11 kB | 12/86 kB Progress (4): 3.0/4.4 MB | 8.4 kB | 11 kB | 16/86 kBProgress (4): 3.0/4.4 MB | 8.4 kB | 11 kB | 20/86 kBProgress (4): 3.0/4.4 MB | 8.4 kB | 11 kB | 20/86 kBProgress (4): 3.0/4.4 MB | 8.4 kB | 11 kB | 24/86 kBProgress (4): 3.0/4.4 MB | 8.4 kB | 11 kB | 28/86 kBProgress (4): 3.0/4.4 MB | 8.4 kB | 11 kB | 32/86 kBProgress (4): 3.0/4.4 MB | 8.4 kB | 11 kB | 36/86 kBProgress (4): 3.0/4.4 MB | 8.4 kB | 11 kB | 40/86 kBProgress (4): 3.0/4.4 MB | 8.4 kB | 11 kB | 40/86 kBProgress (4): 3.0/4.4 MB | 8.4 kB | 11 kB | 45/86 kBProgress (4): 3.0/4.4 MB | 8.4 kB | 11 kB | 49/86 kBProgress (4): 3.0/4.4 MB | 8.4 kB | 11 kB | 53/86 kBProgress (4): 3.0/4.4 MB | 8.4 kB | 11 kB | 57/86 kBProgress (4): 3.0/4.4 MB | 8.4 kB | 11 kB | 61/86 kBProgress (4): 3.0/4.4 MB | 8.4 kB | 11 kB | 65/86 kBProgress (4): 3.0/4.4 MB | 8.4 kB | 11 kB | 69/86 kBProgress (4): 3.0/4.4 MB | 8.4 kB | 11 kB | 73/86 kBProgress (4): 3.0/4.4 MB | 8.4 kB | 11 kB | 77/86 kBProgress (4): 3.0/4.4 MB | 8.4 kB | 11 kB | 81/86 kBProgress (4): 3.0/4.4 MB | 8.4 kB | 11 kB | 86/86 kBProgress (4): 3.0/4.4 MB | 8.4 kB | 11 kB | 86 kB   Progress (4): 3.1/4.4 MB | 8.4 kB | 11 kB | 86 kBProgress (4): 3.1/4.4 MB | 8.4 kB | 11 kB | 86 kBProgress (5): 3.1/4.4 MB | 8.4 kB | 11 kB | 86 kB | 4.1/425 kBProgress (5): 3.1/4.4 MB | 8.4 kB | 11 kB | 86 kB | 8.2/425 kB                                                              Downloaded from central: https://repo.maven.apache.org/maven2/org/apache/xmlgraphics/batik-i18n/1.14/batik-i18n-1.14.jar (11 kB at 3.4 kB/s)
Downloading from central: https://repo.maven.apache.org/maven2/org/apache/xmlgraphics/batik-bridge/1.14/batik-bridge-1.14.jar
Progress (4): 3.1/4.4 MB | 8.4 kB | 86 kB | 12/425 kBProgress (4): 3.1/4.4 MB | 8.4 kB | 86 kB | 16/425 kBProgress (4): 3.1/4.4 MB | 8.4 kB | 86 kB | 20/425 kBProgress (4): 3.1/4.4 MB | 8.4 kB | 86 kB | 25/425 kBProgress (4): 3.1/4.4 MB | 8.4 kB | 86 kB | 29/425 kBProgress (4): 3.1/4.4 MB | 8.4 kB | 86 kB | 33/425 kBProgress (4): 3.1/4.4 MB | 8.4 kB | 86 kB | 37/425 kBProgress (4): 3.1/4.4 MB | 8.4 kB | 86 kB | 37/425 kBProgress (4): 3.1/4.4 MB | 8.4 kB | 86 kB | 41/425 kBProgress (4): 3.1/4.4 MB | 8.4 kB | 86 kB | 45/425 kBProgress (4): 3.1/4.4 MB | 8.4 kB | 86 kB | 49/425 kBProgress (4): 3.1/4.4 MB | 8.4 kB | 86 kB | 53/425 kBProgress (4): 3.1/4.4 MB | 8.4 kB | 86 kB | 57/425 kBProgress (4): 3.1/4.4 MB | 8.4 kB | 86 kB | 57/425 kBProgress (4): 3.1/4.4 MB | 8.4 kB | 86 kB | 61/425 kBProgress (4): 3.1/4.4 MB | 8.4 kB | 86 kB | 66/425 kBProgress (4): 3.1/4.4 MB | 8.4 kB | 86 kB | 70/425 kBProgress (4): 3.1/4.4 MB | 8.4 kB | 86 kB | 74/425 kBProgress (4): 3.1/4.4 MB | 8.4 kB | 86 kB | 78/425 kBProgress (4): 3.1/4.4 MB | 8.4 kB | 86 kB | 82/425 kBProgress (4): 3.1/4.4 MB | 8.4 kB | 86 kB | 86/425 kBProgress (4): 3.1/4.4 MB | 8.4 kB | 86 kB | 90/425 kBProgress (4): 3.1/4.4 MB | 8.4 kB | 86 kB | 94/425 kBProgress (4): 3.1/4.4 MB | 8.4 kB | 86 kB | 98/425 kBProgress (4): 3.1/4.4 MB | 8.4 kB | 86 kB | 102/425 kBProgress (4): 3.1/4.4 MB | 8.4 kB | 86 kB | 106/425 kBProgress (4): 3.2/4.4 MB | 8.4 kB | 86 kB | 106/425 kBProgress (4): 3.2/4.4 MB | 8.4 kB | 86 kB | 111/425 kBProgress (4): 3.2/4.4 MB | 8.4 kB | 86 kB | 115/425 kBProgress (4): 3.2/4.4 MB | 8.4 kB | 86 kB | 119/425 kBProgress (4): 3.2/4.4 MB | 8.4 kB | 86 kB | 123/425 kBProgress (4): 3.2/4.4 MB | 8.4 kB | 86 kB | 123/425 kB                                                      Downloaded from central: https://repo.maven.apache.org/maven2/xml-apis/xml-apis-ext/1.3.04/xml-apis-ext-1.3.04.jar (86 kB at 25 kB/s)
Downloading from central: https://repo.maven.apache.org/maven2/org/apache/xmlgraphics/batik-script/1.14/batik-script-1.14.jar
Progress (3): 3.2/4.4 MB | 8.4 kB | 127/425 kBProgress (3): 3.2/4.4 MB | 8.4 kB | 131/425 kBProgress (3): 3.2/4.4 MB | 8.4 kB | 135/425 kBProgress (3): 3.2/4.4 MB | 8.4 kB | 139/425 kBProgress (3): 3.2/4.4 MB | 8.4 kB | 143/425 kBProgress (3): 3.2/4.4 MB | 8.4 kB | 147/425 kBProgress (3): 3.2/4.4 MB | 8.4 kB | 147/425 kB                                              Downloaded from central: https://repo.maven.apache.org/maven2/org/apache/xmlgraphics/batik-constants/1.14/batik-constants-1.14.jar (8.4 kB at 2.5 kB/s)
Downloading from central: https://repo.maven.apache.org/maven2/org/apache/xmlgraphics/batik-xml/1.14/batik-xml-1.14.jar
Progress (2): 3.2/4.4 MB | 152/425 kBProgress (2): 3.2/4.4 MB | 152/425 kBProgress (2): 3.2/4.4 MB | 156/425 kBProgress (2): 3.2/4.4 MB | 160/425 kBProgress (2): 3.2/4.4 MB | 164/425 kBProgress (2): 3.2/4.4 MB | 168/425 kBProgress (2): 3.2/4.4 MB | 172/425 kBProgress (2): 3.2/4.4 MB | 176/425 kBProgress (2): 3.2/4.4 MB | 180/425 kBProgress (2): 3.2/4.4 MB | 184/425 kBProgress (2): 3.2/4.4 MB | 188/425 kBProgress (2): 3.2/4.4 MB | 193/425 kBProgress (2): 3.2/4.4 MB | 197/425 kBProgress (2): 3.2/4.4 MB | 201/425 kBProgress (2): 3.3/4.4 MB | 201/425 kBProgress (2): 3.3/4.4 MB | 205/425 kBProgress (2): 3.3/4.4 MB | 209/425 kBProgress (2): 3.3/4.4 MB | 213/425 kBProgress (2): 3.3/4.4 MB | 217/425 kBProgress (2): 3.3/4.4 MB | 221/425 kBProgress (2): 3.3/4.4 MB | 221/425 kBProgress (2): 3.3/4.4 MB | 225/425 kBProgress (2): 3.3/4.4 MB | 229/425 kBProgress (2): 3.3/4.4 MB | 233/425 kBProgress (2): 3.3/4.4 MB | 238/425 kBProgress (2): 3.3/4.4 MB | 242/425 kBProgress (2): 3.3/4.4 MB | 246/425 kBProgress (2): 3.3/4.4 MB | 250/425 kBProgress (2): 3.3/4.4 MB | 254/425 kBProgress (2): 3.3/4.4 MB | 258/425 kBProgress (2): 3.3/4.4 MB | 262/425 kBProgress (3): 3.3/4.4 MB | 262/425 kB | 4.1/704 kBProgress (3): 3.3/4.4 MB | 262/425 kB | 7.7/704 kBProgress (3): 3.3/4.4 MB | 262/425 kB | 12/704 kB Progress (3): 3.3/4.4 MB | 262/425 kB | 16/704 kBProgress (3): 3.3/4.4 MB | 262/425 kB | 16/704 kBProgress (3): 3.3/4.4 MB | 266/425 kB | 16/704 kBProgress (3): 3.3/4.4 MB | 270/425 kB | 16/704 kBProgress (3): 3.3/4.4 MB | 274/425 kB | 16/704 kBProgress (3): 3.3/4.4 MB | 279/425 kB | 16/704 kBProgress (3): 3.3/4.4 MB | 279/425 kB | 20/704 kBProgress (3): 3.3/4.4 MB | 279/425 kB | 20/704 kBProgress (3): 3.3/4.4 MB | 279/425 kB | 24/704 kBProgress (3): 3.3/4.4 MB | 279/425 kB | 28/704 kBProgress (3): 3.3/4.4 MB | 279/425 kB | 32/704 kBProgress (3): 3.3/4.4 MB | 283/425 kB | 32/704 kBProgress (3): 3.3/4.4 MB | 287/425 kB | 32/704 kBProgress (3): 3.3/4.4 MB | 291/425 kB | 32/704 kBProgress (3): 3.3/4.4 MB | 295/425 kB | 32/704 kBProgress (3): 3.3/4.4 MB | 299/425 kB | 32/704 kBProgress (3): 3.3/4.4 MB | 299/425 kB | 36/704 kBProgress (3): 3.3/4.4 MB | 303/425 kB | 36/704 kBProgress (3): 3.3/4.4 MB | 307/425 kB | 36/704 kBProgress (3): 3.3/4.4 MB | 311/425 kB | 36/704 kBProgress (3): 3.3/4.4 MB | 311/425 kB | 40/704 kBProgress (3): 3.3/4.4 MB | 311/425 kB | 44/704 kBProgress (3): 3.3/4.4 MB | 311/425 kB | 48/704 kBProgress (3): 3.4/4.4 MB | 311/425 kB | 48/704 kBProgress (3): 3.4/4.4 MB | 315/425 kB | 48/704 kBProgress (3): 3.4/4.4 MB | 319/425 kB | 48/704 kBProgress (3): 3.4/4.4 MB | 324/425 kB | 48/704 kBProgress (3): 3.4/4.4 MB | 328/425 kB | 48/704 kBProgress (3): 3.4/4.4 MB | 328/425 kB | 52/704 kBProgress (3): 3.4/4.4 MB | 328/425 kB | 56/704 kBProgress (3): 3.4/4.4 MB | 328/425 kB | 61/704 kBProgress (3): 3.4/4.4 MB | 328/425 kB | 61/704 kBProgress (3): 3.4/4.4 MB | 328/425 kB | 65/704 kBProgress (3): 3.4/4.4 MB | 332/425 kB | 65/704 kBProgress (3): 3.4/4.4 MB | 336/425 kB | 65/704 kBProgress (3): 3.4/4.4 MB | 340/425 kB | 65/704 kBProgress (3): 3.4/4.4 MB | 344/425 kB | 65/704 kBProgress (3): 3.4/4.4 MB | 348/425 kB | 65/704 kBProgress (3): 3.4/4.4 MB | 348/425 kB | 69/704 kBProgress (3): 3.4/4.4 MB | 352/425 kB | 69/704 kBProgress (3): 3.4/4.4 MB | 352/425 kB | 73/704 kBProgress (3): 3.4/4.4 MB | 352/425 kB | 77/704 kBProgress (3): 3.4/4.4 MB | 352/425 kB | 81/704 kBProgress (3): 3.4/4.4 MB | 356/425 kB | 81/704 kBProgress (3): 3.4/4.4 MB | 360/425 kB | 81/704 kBProgress (3): 3.4/4.4 MB | 360/425 kB | 85/704 kBProgress (3): 3.4/4.4 MB | 360/425 kB | 89/704 kBProgress (3): 3.4/4.4 MB | 360/425 kB | 93/704 kBProgress (3): 3.4/4.4 MB | 360/425 kB | 97/704 kBProgress (3): 3.4/4.4 MB | 365/425 kB | 97/704 kBProgress (3): 3.4/4.4 MB | 369/425 kB | 97/704 kBProgress (3): 3.4/4.4 MB | 373/425 kB | 97/704 kBProgress (3): 3.4/4.4 MB | 377/425 kB | 97/704 kBProgress (3): 3.4/4.4 MB | 381/425 kB | 97/704 kBProgress (3): 3.4/4.4 MB | 385/425 kB | 97/704 kBProgress (3): 3.4/4.4 MB | 389/425 kB | 97/704 kBProgress (3): 3.4/4.4 MB | 393/425 kB | 97/704 kBProgress (3): 3.4/4.4 MB | 393/425 kB | 97/704 kBProgress (4): 3.4/4.4 MB | 393/425 kB | 97/704 kB | 4.1/26 kBProgress (4): 3.4/4.4 MB | 393/425 kB | 97/704 kB | 7.7/26 kBProgress (4): 3.4/4.4 MB | 393/425 kB | 97/704 kB | 12/26 kB Progress (4): 3.4/4.4 MB | 393/425 kB | 97/704 kB | 16/26 kBProgress (4): 3.4/4.4 MB | 393/425 kB | 97/704 kB | 20/26 kBProgress (4): 3.4/4.4 MB | 393/425 kB | 97/704 kB | 24/26 kBProgress (4): 3.4/4.4 MB | 393/425 kB | 97/704 kB | 26 kB   Progress (4): 3.4/4.4 MB | 393/425 kB | 101/704 kB | 26 kBProgress (5): 3.4/4.4 MB | 393/425 kB | 101/704 kB | 26 kB | 4.1/34 kBProgress (5): 3.4/4.4 MB | 397/425 kB | 101/704 kB | 26 kB | 4.1/34 kBProgress (5): 3.4/4.4 MB | 397/425 kB | 101/704 kB | 26 kB | 7.7/34 kBProgress (5): 3.4/4.4 MB | 397/425 kB | 106/704 kB | 26 kB | 7.7/34 kBProgress (5): 3.4/4.4 MB | 397/425 kB | 106/704 kB | 26 kB | 12/34 kB Progress (5): 3.4/4.4 MB | 401/425 kB | 106/704 kB | 26 kB | 12/34 kBProgress (5): 3.4/4.4 MB | 401/425 kB | 106/704 kB | 26 kB | 16/34 kBProgress (5): 3.4/4.4 MB | 401/425 kB | 106/704 kB | 26 kB | 16/34 kBProgress (5): 3.4/4.4 MB | 401/425 kB | 110/704 kB | 26 kB | 16/34 kBProgress (5): 3.4/4.4 MB | 401/425 kB | 114/704 kB | 26 kB | 16/34 kBProgress (5): 3.4/4.4 MB | 401/425 kB | 114/704 kB | 26 kB | 20/34 kBProgress (5): 3.4/4.4 MB | 406/425 kB | 114/704 kB | 26 kB | 20/34 kBProgress (5): 3.4/4.4 MB | 406/425 kB | 114/704 kB | 26 kB | 24/34 kBProgress (5): 3.4/4.4 MB | 406/425 kB | 118/704 kB | 26 kB | 24/34 kBProgress (5): 3.4/4.4 MB | 406/425 kB | 118/704 kB | 26 kB | 28/34 kBProgress (5): 3.5/4.4 MB | 406/425 kB | 118/704 kB | 26 kB | 28/34 kBProgress (5): 3.5/4.4 MB | 410/425 kB | 118/704 kB | 26 kB | 28/34 kBProgress (5): 3.5/4.4 MB | 410/425 kB | 118/704 kB | 26 kB | 28/34 kBProgress (5): 3.5/4.4 MB | 410/425 kB | 118/704 kB | 26 kB | 32/34 kBProgress (5): 3.5/4.4 MB | 410/425 kB | 122/704 kB | 26 kB | 32/34 kBProgress (5): 3.5/4.4 MB | 410/425 kB | 122/704 kB | 26 kB | 34 kB   Progress (5): 3.5/4.4 MB | 410/425 kB | 122/704 kB | 26 kB | 34 kBProgress (5): 3.5/4.4 MB | 414/425 kB | 122/704 kB | 26 kB | 34 kBProgress (5): 3.5/4.4 MB | 414/425 kB | 122/704 kB | 26 kB | 34 kBProgress (5): 3.5/4.4 MB | 414/425 kB | 126/704 kB | 26 kB | 34 kBProgress (5): 3.5/4.4 MB | 418/425 kB | 126/704 kB | 26 kB | 34 kBProgress (5): 3.5/4.4 MB | 422/425 kB | 126/704 kB | 26 kB | 34 kBProgress (5): 3.5/4.4 MB | 425 kB | 126/704 kB | 26 kB | 34 kB    Progress (5): 3.5/4.4 MB | 425 kB | 130/704 kB | 26 kB | 34 kBProgress (5): 3.5/4.4 MB | 425 kB | 134/704 kB | 26 kB | 34 kBProgress (5): 3.5/4.4 MB | 425 kB | 138/704 kB | 26 kB | 34 kBProgress (5): 3.5/4.4 MB | 425 kB | 142/704 kB | 26 kB | 34 kBProgress (5): 3.5/4.4 MB | 425 kB | 147/704 kB | 26 kB | 34 kBProgress (5): 3.6/4.4 MB | 425 kB | 147/704 kB | 26 kB | 34 kBProgress (5): 3.6/4.4 MB | 425 kB | 151/704 kB | 26 kB | 34 kBProgress (5): 3.6/4.4 MB | 425 kB | 155/704 kB | 26 kB | 34 kBProgress (5): 3.6/4.4 MB | 425 kB | 159/704 kB | 26 kB | 34 kBProgress (5): 3.6/4.4 MB | 425 kB | 163/704 kB | 26 kB | 34 kBProgress (5): 3.6/4.4 MB | 425 kB | 167/704 kB | 26 kB | 34 kBProgress (5): 3.6/4.4 MB | 425 kB | 171/704 kB | 26 kB | 34 kBProgress (5): 3.6/4.4 MB | 425 kB | 175/704 kB | 26 kB | 34 kBProgress (5): 3.6/4.4 MB | 425 kB | 179/704 kB | 26 kB | 34 kBProgress (5): 3.6/4.4 MB | 425 kB | 183/704 kB | 26 kB | 34 kBProgress (5): 3.6/4.4 MB | 425 kB | 187/704 kB | 26 kB | 34 kBProgress (5): 3.6/4.4 MB | 425 kB | 192/704 kB | 26 kB | 34 kBProgress (5): 3.6/4.4 MB | 425 kB | 196/704 kB | 26 kB | 34 kBProgress (5): 3.6/4.4 MB | 425 kB | 200/704 kB | 26 kB | 34 kBProgress (5): 3.6/4.4 MB | 425 kB | 204/704 kB | 26 kB | 34 kBProgress (5): 3.6/4.4 MB | 425 kB | 204/704 kB | 26 kB | 34 kBProgress (5): 3.6/4.4 MB | 425 kB | 208/704 kB | 26 kB | 34 kBProgress (5): 3.6/4.4 MB | 425 kB | 212/704 kB | 26 kB | 34 kBProgress (5): 3.6/4.4 MB | 425 kB | 212/704 kB | 26 kB | 34 kBProgress (5): 3.6/4.4 MB | 425 kB | 216/704 kB | 26 kB | 34 kBProgress (5): 3.6/4.4 MB | 425 kB | 220/704 kB | 26 kB | 34 kBProgress (5): 3.6/4.4 MB | 425 kB | 224/704 kB | 26 kB | 34 kBProgress (5): 3.6/4.4 MB | 425 kB | 228/704 kB | 26 kB | 34 kBProgress (5): 3.6/4.4 MB | 425 kB | 233/704 kB | 26 kB | 34 kBProgress (5): 3.6/4.4 MB | 425 kB | 237/704 kB | 26 kB | 34 kBProgress (5): 3.6/4.4 MB | 425 kB | 241/704 kB | 26 kB | 34 kBProgress (5): 3.6/4.4 MB | 425 kB | 245/704 kB | 26 kB | 34 kBProgress (5): 3.6/4.4 MB | 425 kB | 249/704 kB | 26 kB | 34 kBProgress (5): 3.6/4.4 MB | 425 kB | 253/704 kB | 26 kB | 34 kBProgress (5): 3.6/4.4 MB | 425 kB | 257/704 kB | 26 kB | 34 kBProgress (5): 3.6/4.4 MB | 425 kB | 261/704 kB | 26 kB | 34 kBProgress (5): 3.6/4.4 MB | 425 kB | 265/704 kB | 26 kB | 34 kBProgress (5): 3.6/4.4 MB | 425 kB | 265/704 kB | 26 kB | 34 kBProgress (5): 3.6/4.4 MB | 425 kB | 269/704 kB | 26 kB | 34 kBProgress (5): 3.6/4.4 MB | 425 kB | 274/704 kB | 26 kB | 34 kBProgress (5): 3.6/4.4 MB | 425 kB | 278/704 kB | 26 kB | 34 kBProgress (5): 3.6/4.4 MB | 425 kB | 282/704 kB | 26 kB | 34 kBProgress (5): 3.6/4.4 MB | 425 kB | 286/704 kB | 26 kB | 34 kBProgress (5): 3.6/4.4 MB | 425 kB | 290/704 kB | 26 kB | 34 kBProgress (5): 3.6/4.4 MB | 425 kB | 294/704 kB | 26 kB | 34 kBProgress (5): 3.7/4.4 MB | 425 kB | 294/704 kB | 26 kB | 34 kBProgress (5): 3.7/4.4 MB | 425 kB | 298/704 kB | 26 kB | 34 kBProgress (5): 3.7/4.4 MB | 425 kB | 302/704 kB | 26 kB | 34 kBProgress (5): 3.7/4.4 MB | 425 kB | 306/704 kB | 26 kB | 34 kBProgress (5): 3.7/4.4 MB | 425 kB | 310/704 kB | 26 kB | 34 kBProgress (5): 3.7/4.4 MB | 425 kB | 310/704 kB | 26 kB | 34 kB                                                              Downloaded from central: https://repo.maven.apache.org/maven2/org/apache/xmlgraphics/batik-script/1.14/batik-script-1.14.jar (26 kB at 7.3 kB/s)
Downloading from central: https://repo.maven.apache.org/maven2/org/apache/xmlgraphics/batik-extension/1.14/batik-extension-1.14.jar
Progress (4): 3.7/4.4 MB | 425 kB | 314/704 kB | 34 kBProgress (4): 3.7/4.4 MB | 425 kB | 314/704 kB | 34 kBProgress (4): 3.7/4.4 MB | 425 kB | 319/704 kB | 34 kBProgress (4): 3.7/4.4 MB | 425 kB | 323/704 kB | 34 kBProgress (4): 3.7/4.4 MB | 425 kB | 327/704 kB | 34 kBProgress (4): 3.7/4.4 MB | 425 kB | 331/704 kB | 34 kBProgress (4): 3.7/4.4 MB | 425 kB | 335/704 kB | 34 kBProgress (4): 3.7/4.4 MB | 425 kB | 339/704 kB | 34 kBProgress (4): 3.7/4.4 MB | 425 kB | 343/704 kB | 34 kBProgress (4): 3.7/4.4 MB | 425 kB | 343/704 kB | 34 kBProgress (4): 3.7/4.4 MB | 425 kB | 347/704 kB | 34 kBProgress (4): 3.7/4.4 MB | 425 kB | 351/704 kB | 34 kBProgress (4): 3.7/4.4 MB | 425 kB | 355/704 kB | 34 kBProgress (4): 3.7/4.4 MB | 425 kB | 360/704 kB | 34 kBProgress (4): 3.8/4.4 MB | 425 kB | 360/704 kB | 34 kBProgress (4): 3.8/4.4 MB | 425 kB | 364/704 kB | 34 kBProgress (4): 3.8/4.4 MB | 425 kB | 368/704 kB | 34 kBProgress (4): 3.8/4.4 MB | 425 kB | 372/704 kB | 34 kBProgress (4): 3.8/4.4 MB | 425 kB | 376/704 kB | 34 kBProgress (4): 3.8/4.4 MB | 425 kB | 376/704 kB | 34 kBProgress (4): 3.8/4.4 MB | 425 kB | 380/704 kB | 34 kBProgress (4): 3.8/4.4 MB | 425 kB | 384/704 kB | 34 kBProgress (4): 3.8/4.4 MB | 425 kB | 388/704 kB | 34 kBProgress (4): 3.8/4.4 MB | 425 kB | 392/704 kB | 34 kB                                                      Downloaded from central: https://repo.maven.apache.org/maven2/org/apache/xmlgraphics/batik-xml/1.14/batik-xml-1.14.jar (34 kB at 9.5 kB/s)
Downloading from central: https://repo.maven.apache.org/maven2/org/apache/xmlgraphics/batik-gvt/1.14/batik-gvt-1.14.jar
Progress (3): 3.8/4.4 MB | 425 kB | 392/704 kBProgress (3): 3.8/4.4 MB | 425 kB | 396/704 kBProgress (3): 3.8/4.4 MB | 425 kB | 396/704 kBProgress (3): 3.8/4.4 MB | 425 kB | 400/704 kBProgress (3): 3.8/4.4 MB | 425 kB | 405/704 kBProgress (3): 3.8/4.4 MB | 425 kB | 409/704 kBProgress (3): 3.8/4.4 MB | 425 kB | 413/704 kBProgress (3): 3.9/4.4 MB | 425 kB | 413/704 kBProgress (3): 3.9/4.4 MB | 425 kB | 417/704 kBProgress (3): 3.9/4.4 MB | 425 kB | 417/704 kBProgress (3): 3.9/4.4 MB | 425 kB | 421/704 kBProgress (3): 3.9/4.4 MB | 425 kB | 425/704 kBProgress (3): 3.9/4.4 MB | 425 kB | 425/704 kBProgress (3): 3.9/4.4 MB | 425 kB | 429/704 kBProgress (3): 3.9/4.4 MB | 425 kB | 433/704 kBProgress (4): 3.9/4.4 MB | 425 kB | 433/704 kB | 4.1/73 kB                                                          Downloaded from central: https://repo.maven.apache.org/maven2/org/apache/xmlgraphics/batik-awt-util/1.14/batik-awt-util-1.14.jar (425 kB at 117 kB/s)
Downloading from central: https://repo.maven.apache.org/maven2/org/apache/xmlgraphics/batik-transcoder/1.14/batik-transcoder-1.14.jar
Progress (3): 3.9/4.4 MB | 437/704 kB | 4.1/73 kBProgress (3): 3.9/4.4 MB | 437/704 kB | 8.2/73 kBProgress (3): 3.9/4.4 MB | 441/704 kB | 8.2/73 kBProgress (3): 3.9/4.4 MB | 441/704 kB | 12/73 kB Progress (3): 3.9/4.4 MB | 441/704 kB | 16/73 kBProgress (3): 3.9/4.4 MB | 446/704 kB | 16/73 kBProgress (3): 3.9/4.4 MB | 446/704 kB | 20/73 kBProgress (3): 3.9/4.4 MB | 450/704 kB | 20/73 kBProgress (3): 3.9/4.4 MB | 450/704 kB | 25/73 kBProgress (3): 3.9/4.4 MB | 454/704 kB | 25/73 kBProgress (3): 3.9/4.4 MB | 454/704 kB | 29/73 kBProgress (3): 3.9/4.4 MB | 454/704 kB | 33/73 kBProgress (3): 3.9/4.4 MB | 458/704 kB | 33/73 kBProgress (3): 3.9/4.4 MB | 458/704 kB | 37/73 kBProgress (3): 3.9/4.4 MB | 462/704 kB | 37/73 kBProgress (3): 3.9/4.4 MB | 462/704 kB | 41/73 kBProgress (3): 3.9/4.4 MB | 466/704 kB | 41/73 kBProgress (3): 3.9/4.4 MB | 470/704 kB | 41/73 kBProgress (3): 3.9/4.4 MB | 474/704 kB | 41/73 kBProgress (3): 3.9/4.4 MB | 474/704 kB | 45/73 kBProgress (3): 3.9/4.4 MB | 474/704 kB | 49/73 kBProgress (3): 3.9/4.4 MB | 474/704 kB | 53/73 kBProgress (3): 3.9/4.4 MB | 474/704 kB | 57/73 kBProgress (3): 3.9/4.4 MB | 474/704 kB | 57/73 kBProgress (3): 3.9/4.4 MB | 478/704 kB | 57/73 kBProgress (3): 3.9/4.4 MB | 482/704 kB | 57/73 kBProgress (3): 3.9/4.4 MB | 486/704 kB | 57/73 kBProgress (3): 3.9/4.4 MB | 491/704 kB | 57/73 kBProgress (3): 3.9/4.4 MB | 491/704 kB | 61/73 kBProgress (3): 3.9/4.4 MB | 491/704 kB | 66/73 kBProgress (3): 3.9/4.4 MB | 491/704 kB | 70/73 kBProgress (3): 3.9/4.4 MB | 495/704 kB | 70/73 kBProgress (3): 3.9/4.4 MB | 495/704 kB | 73 kB   Progress (3): 3.9/4.4 MB | 499/704 kB | 73 kBProgress (3): 3.9/4.4 MB | 503/704 kB | 73 kBProgress (3): 3.9/4.4 MB | 507/704 kB | 73 kBProgress (3): 3.9/4.4 MB | 511/704 kB | 73 kBProgress (3): 4.0/4.4 MB | 511/704 kB | 73 kBProgress (3): 4.0/4.4 MB | 515/704 kB | 73 kBProgress (3): 4.0/4.4 MB | 519/704 kB | 73 kBProgress (3): 4.0/4.4 MB | 523/704 kB | 73 kBProgress (3): 4.0/4.4 MB | 523/704 kB | 73 kBProgress (3): 4.0/4.4 MB | 527/704 kB | 73 kBProgress (3): 4.0/4.4 MB | 532/704 kB | 73 kBProgress (3): 4.0/4.4 MB | 536/704 kB | 73 kBProgress (3): 4.0/4.4 MB | 540/704 kB | 73 kBProgress (3): 4.0/4.4 MB | 544/704 kB | 73 kBProgress (3): 4.0/4.4 MB | 548/704 kB | 73 kBProgress (3): 4.0/4.4 MB | 552/704 kB | 73 kBProgress (3): 4.0/4.4 MB | 556/704 kB | 73 kBProgress (3): 4.0/4.4 MB | 556/704 kB | 73 kBProgress (3): 4.0/4.4 MB | 556/704 kB | 73 kBProgress (4): 4.0/4.4 MB | 556/704 kB | 73 kB | 4.1/192 kBProgress (4): 4.0/4.4 MB | 556/704 kB | 73 kB | 7.7/192 kBProgress (4): 4.0/4.4 MB | 556/704 kB | 73 kB | 12/192 kB Progress (4): 4.0/4.4 MB | 556/704 kB | 73 kB | 16/192 kBProgress (4): 4.0/4.4 MB | 556/704 kB | 73 kB | 20/192 kBProgress (4): 4.0/4.4 MB | 556/704 kB | 73 kB | 24/192 kBProgress (4): 4.0/4.4 MB | 556/704 kB | 73 kB | 28/192 kBProgress (4): 4.0/4.4 MB | 556/704 kB | 73 kB | 32/192 kBProgress (4): 4.0/4.4 MB | 556/704 kB | 73 kB | 36/192 kBProgress (4): 4.0/4.4 MB | 556/704 kB | 73 kB | 40/192 kBProgress (4): 4.0/4.4 MB | 556/704 kB | 73 kB | 45/192 kBProgress (4): 4.0/4.4 MB | 556/704 kB | 73 kB | 49/192 kBProgress (4): 4.0/4.4 MB | 560/704 kB | 73 kB | 49/192 kBProgress (4): 4.0/4.4 MB | 564/704 kB | 73 kB | 49/192 kBProgress (4): 4.0/4.4 MB | 568/704 kB | 73 kB | 49/192 kBProgress (4): 4.0/4.4 MB | 573/704 kB | 73 kB | 49/192 kBProgress (4): 4.0/4.4 MB | 573/704 kB | 73 kB | 53/192 kBProgress (4): 4.0/4.4 MB | 573/704 kB | 73 kB | 57/192 kBProgress (4): 4.0/4.4 MB | 573/704 kB | 73 kB | 61/192 kBProgress (4): 4.0/4.4 MB | 573/704 kB | 73 kB | 65/192 kBProgress (4): 4.0/4.4 MB | 573/704 kB | 73 kB | 69/192 kBProgress (4): 4.0/4.4 MB | 573/704 kB | 73 kB | 73/192 kBProgress (4): 4.0/4.4 MB | 573/704 kB | 73 kB | 77/192 kBProgress (4): 4.0/4.4 MB | 573/704 kB | 73 kB | 81/192 kBProgress (4): 4.0/4.4 MB | 577/704 kB | 73 kB | 81/192 kBProgress (4): 4.1/4.4 MB | 577/704 kB | 73 kB | 81/192 kBProgress (4): 4.1/4.4 MB | 577/704 kB | 73 kB | 86/192 kBProgress (4): 4.1/4.4 MB | 581/704 kB | 73 kB | 86/192 kBProgress (4): 4.1/4.4 MB | 585/704 kB | 73 kB | 86/192 kBProgress (4): 4.1/4.4 MB | 589/704 kB | 73 kB | 86/192 kBProgress (4): 4.1/4.4 MB | 589/704 kB | 73 kB | 90/192 kBProgress (4): 4.1/4.4 MB | 589/704 kB | 73 kB | 94/192 kBProgress (4): 4.1/4.4 MB | 589/704 kB | 73 kB | 98/192 kBProgress (4): 4.1/4.4 MB | 589/704 kB | 73 kB | 102/192 kBProgress (4): 4.1/4.4 MB | 589/704 kB | 73 kB | 106/192 kBProgress (4): 4.1/4.4 MB | 589/704 kB | 73 kB | 110/192 kBProgress (4): 4.1/4.4 MB | 589/704 kB | 73 kB | 114/192 kBProgress (4): 4.1/4.4 MB | 589/704 kB | 73 kB | 118/192 kBProgress (4): 4.1/4.4 MB | 589/704 kB | 73 kB | 122/192 kBProgress (4): 4.1/4.4 MB | 589/704 kB | 73 kB | 126/192 kBProgress (4): 4.1/4.4 MB | 589/704 kB | 73 kB | 131/192 kBProgress (4): 4.1/4.4 MB | 589/704 kB | 73 kB | 135/192 kBProgress (4): 4.1/4.4 MB | 589/704 kB | 73 kB | 135/192 kBProgress (4): 4.1/4.4 MB | 593/704 kB | 73 kB | 135/192 kBProgress (4): 4.1/4.4 MB | 593/704 kB | 73 kB | 139/192 kBProgress (4): 4.1/4.4 MB | 597/704 kB | 73 kB | 139/192 kBProgress (4): 4.1/4.4 MB | 597/704 kB | 73 kB | 143/192 kBProgress (4): 4.1/4.4 MB | 601/704 kB | 73 kB | 143/192 kBProgress (4): 4.1/4.4 MB | 605/704 kB | 73 kB | 143/192 kBProgress (4): 4.1/4.4 MB | 605/704 kB | 73 kB | 147/192 kBProgress (4): 4.1/4.4 MB | 605/704 kB | 73 kB | 151/192 kBProgress (4): 4.1/4.4 MB | 605/704 kB | 73 kB | 155/192 kBProgress (4): 4.1/4.4 MB | 605/704 kB | 73 kB | 159/192 kBProgress (4): 4.1/4.4 MB | 605/704 kB | 73 kB | 163/192 kBProgress (4): 4.1/4.4 MB | 605/704 kB | 73 kB | 167/192 kBProgress (4): 4.1/4.4 MB | 605/704 kB | 73 kB | 172/192 kBProgress (4): 4.1/4.4 MB | 605/704 kB | 73 kB | 176/192 kBProgress (4): 4.1/4.4 MB | 605/704 kB | 73 kB | 180/192 kBProgress (4): 4.1/4.4 MB | 605/704 kB | 73 kB | 184/192 kBProgress (4): 4.1/4.4 MB | 605/704 kB | 73 kB | 188/192 kBProgress (4): 4.1/4.4 MB | 605/704 kB | 73 kB | 192/192 kBProgress (4): 4.1/4.4 MB | 609/704 kB | 73 kB | 192/192 kBProgress (4): 4.1/4.4 MB | 609/704 kB | 73 kB | 192 kB    Progress (4): 4.1/4.4 MB | 609/704 kB | 73 kB | 192 kBProgress (4): 4.1/4.4 MB | 613/704 kB | 73 kB | 192 kBProgress (4): 4.1/4.4 MB | 618/704 kB | 73 kB | 192 kBProgress (4): 4.1/4.4 MB | 622/704 kB | 73 kB | 192 kBProgress (4): 4.1/4.4 MB | 622/704 kB | 73 kB | 192 kBProgress (4): 4.1/4.4 MB | 626/704 kB | 73 kB | 192 kBProgress (4): 4.1/4.4 MB | 630/704 kB | 73 kB | 192 kBProgress (4): 4.1/4.4 MB | 634/704 kB | 73 kB | 192 kBProgress (4): 4.1/4.4 MB | 638/704 kB | 73 kB | 192 kBProgress (4): 4.1/4.4 MB | 642/704 kB | 73 kB | 192 kBProgress (4): 4.1/4.4 MB | 646/704 kB | 73 kB | 192 kBProgress (4): 4.1/4.4 MB | 650/704 kB | 73 kB | 192 kBProgress (4): 4.1/4.4 MB | 654/704 kB | 73 kB | 192 kBProgress (4): 4.2/4.4 MB | 654/704 kB | 73 kB | 192 kBProgress (4): 4.2/4.4 MB | 659/704 kB | 73 kB | 192 kBProgress (4): 4.2/4.4 MB | 659/704 kB | 73 kB | 192 kBProgress (4): 4.2/4.4 MB | 663/704 kB | 73 kB | 192 kBProgress (4): 4.2/4.4 MB | 667/704 kB | 73 kB | 192 kBProgress (4): 4.2/4.4 MB | 671/704 kB | 73 kB | 192 kBProgress (4): 4.2/4.4 MB | 675/704 kB | 73 kB | 192 kBProgress (4): 4.2/4.4 MB | 679/704 kB | 73 kB | 192 kBProgress (4): 4.2/4.4 MB | 683/704 kB | 73 kB | 192 kBProgress (4): 4.2/4.4 MB | 687/704 kB | 73 kB | 192 kBProgress (4): 4.2/4.4 MB | 687/704 kB | 73 kB | 192 kBProgress (5): 4.2/4.4 MB | 687/704 kB | 73 kB | 192 kB | 4.1/129 kBProgress (5): 4.2/4.4 MB | 687/704 kB | 73 kB | 192 kB | 7.7/129 kBProgress (5): 4.2/4.4 MB | 687/704 kB | 73 kB | 192 kB | 7.7/129 kBProgress (5): 4.2/4.4 MB | 691/704 kB | 73 kB | 192 kB | 7.7/129 kBProgress (5): 4.2/4.4 MB | 691/704 kB | 73 kB | 192 kB | 12/129 kB Progress (5): 4.2/4.4 MB | 695/704 kB | 73 kB | 192 kB | 12/129 kBProgress (5): 4.2/4.4 MB | 695/704 kB | 73 kB | 192 kB | 16/129 kBProgress (5): 4.2/4.4 MB | 699/704 kB | 73 kB | 192 kB | 16/129 kBProgress (5): 4.2/4.4 MB | 704/704 kB | 73 kB | 192 kB | 16/129 kBProgress (5): 4.2/4.4 MB | 704/704 kB | 73 kB | 192 kB | 20/129 kB                                                                  Downloaded from central: https://repo.maven.apache.org/maven2/org/apache/xmlgraphics/batik-extension/1.14/batik-extension-1.14.jar (73 kB at 19 kB/s)
Progress (4): 4.2/4.4 MB | 704 kB | 192 kB | 20/129 kBProgress (4): 4.2/4.4 MB | 704 kB | 192 kB | 24/129 kB                                                      Downloading from central: https://repo.maven.apache.org/maven2/org/apache/xmlgraphics/batik-svggen/1.14/batik-svggen-1.14.jar
Progress (4): 4.2/4.4 MB | 704 kB | 192 kB | 28/129 kBProgress (4): 4.2/4.4 MB | 704 kB | 192 kB | 32/129 kBProgress (4): 4.2/4.4 MB | 704 kB | 192 kB | 32/129 kBProgress (4): 4.2/4.4 MB | 704 kB | 192 kB | 36/129 kBProgress (4): 4.2/4.4 MB | 704 kB | 192 kB | 40/129 kBProgress (4): 4.2/4.4 MB | 704 kB | 192 kB | 45/129 kBProgress (4): 4.2/4.4 MB | 704 kB | 192 kB | 49/129 kBProgress (4): 4.3/4.4 MB | 704 kB | 192 kB | 49/129 kBProgress (4): 4.3/4.4 MB | 704 kB | 192 kB | 53/129 kBProgress (4): 4.3/4.4 MB | 704 kB | 192 kB | 57/129 kBProgress (4): 4.3/4.4 MB | 704 kB | 192 kB | 61/129 kBProgress (4): 4.3/4.4 MB | 704 kB | 192 kB | 65/129 kBProgress (4): 4.3/4.4 MB | 704 kB | 192 kB | 69/129 kBProgress (4): 4.3/4.4 MB | 704 kB | 192 kB | 73/129 kBProgress (4): 4.3/4.4 MB | 704 kB | 192 kB | 77/129 kBProgress (4): 4.3/4.4 MB | 704 kB | 192 kB | 81/129 kBProgress (4): 4.3/4.4 MB | 704 kB | 192 kB | 81/129 kBProgress (4): 4.3/4.4 MB | 704 kB | 192 kB | 86/129 kBProgress (4): 4.3/4.4 MB | 704 kB | 192 kB | 90/129 kBProgress (4): 4.3/4.4 MB | 704 kB | 192 kB | 94/129 kBProgress (4): 4.3/4.4 MB | 704 kB | 192 kB | 98/129 kBProgress (4): 4.3/4.4 MB | 704 kB | 192 kB | 102/129 kBProgress (4): 4.3/4.4 MB | 704 kB | 192 kB | 106/129 kBProgress (4): 4.3/4.4 MB | 704 kB | 192 kB | 110/129 kBProgress (4): 4.3/4.4 MB | 704 kB | 192 kB | 114/129 kBProgress (4): 4.3/4.4 MB | 704 kB | 192 kB | 114/129 kBProgress (4): 4.3/4.4 MB | 704 kB | 192 kB | 118/129 kBProgress (4): 4.3/4.4 MB | 704 kB | 192 kB | 122/129 kBProgress (4): 4.3/4.4 MB | 704 kB | 192 kB | 126/129 kBProgress (4): 4.3/4.4 MB | 704 kB | 192 kB | 129 kB    Progress (4): 4.3/4.4 MB | 704 kB | 192 kB | 129 kBProgress (4): 4.4/4.4 MB | 704 kB | 192 kB | 129 kBProgress (4): 4.4/4.4 MB | 704 kB | 192 kB | 129 kBProgress (4): 4.4 MB | 704 kB | 192 kB | 129 kB    Progress (5): 4.4 MB | 704 kB | 192 kB | 129 kB | 4.1/228 kBProgress (5): 4.4 MB | 704 kB | 192 kB | 129 kB | 8.2/228 kBProgress (5): 4.4 MB | 704 kB | 192 kB | 129 kB | 12/228 kB Progress (5): 4.4 MB | 704 kB | 192 kB | 129 kB | 16/228 kB                                                           Downloaded from central: https://repo.maven.apache.org/maven2/org/apache/xmlgraphics/batik-gvt/1.14/batik-gvt-1.14.jar (192 kB at 50 kB/s)
Downloading from central: https://repo.maven.apache.org/maven2/org/apache/pdfbox/fontbox/2.0.24/fontbox-2.0.24.jar
Progress (4): 4.4 MB | 704 kB | 129 kB | 20/228 kBProgress (4): 4.4 MB | 704 kB | 129 kB | 25/228 kBProgress (4): 4.4 MB | 704 kB | 129 kB | 29/228 kBProgress (4): 4.4 MB | 704 kB | 129 kB | 33/228 kBProgress (4): 4.4 MB | 704 kB | 129 kB | 37/228 kBProgress (4): 4.4 MB | 704 kB | 129 kB | 41/228 kBProgress (4): 4.4 MB | 704 kB | 129 kB | 45/228 kBProgress (4): 4.4 MB | 704 kB | 129 kB | 49/228 kBProgress (4): 4.4 MB | 704 kB | 129 kB | 53/228 kBProgress (4): 4.4 MB | 704 kB | 129 kB | 57/228 kBProgress (4): 4.4 MB | 704 kB | 129 kB | 61/228 kBProgress (4): 4.4 MB | 704 kB | 129 kB | 66/228 kBProgress (4): 4.4 MB | 704 kB | 129 kB | 70/228 kBProgress (4): 4.4 MB | 704 kB | 129 kB | 74/228 kBProgress (4): 4.4 MB | 704 kB | 129 kB | 78/228 kBProgress (4): 4.4 MB | 704 kB | 129 kB | 82/228 kB                                                  Downloaded from central: https://repo.maven.apache.org/maven2/org/apache/xmlgraphics/batik-bridge/1.14/batik-bridge-1.14.jar (704 kB at 183 kB/s)
Downloading from central: https://repo.maven.apache.org/maven2/org/apache/xmlgraphics/xmlgraphics-commons/2.7/xmlgraphics-commons-2.7.jar
Progress (3): 4.4 MB | 129 kB | 86/228 kBProgress (3): 4.4 MB | 129 kB | 90/228 kBProgress (3): 4.4 MB | 129 kB | 94/228 kBProgress (3): 4.4 MB | 129 kB | 98/228 kBProgress (3): 4.4 MB | 129 kB | 102/228 kBProgress (3): 4.4 MB | 129 kB | 106/228 kBProgress (3): 4.4 MB | 129 kB | 111/228 kBProgress (3): 4.4 MB | 129 kB | 115/228 kBProgress (3): 4.4 MB | 129 kB | 119/228 kBProgress (3): 4.4 MB | 129 kB | 123/228 kBProgress (3): 4.4 MB | 129 kB | 127/228 kBProgress (3): 4.4 MB | 129 kB | 131/228 kBProgress (3): 4.4 MB | 129 kB | 135/228 kBProgress (3): 4.4 MB | 129 kB | 139/228 kBProgress (3): 4.4 MB | 129 kB | 143/228 kBProgress (3): 4.4 MB | 129 kB | 147/228 kB                                          Downloaded from central: https://repo.maven.apache.org/maven2/org/apache/xmlgraphics/batik-transcoder/1.14/batik-transcoder-1.14.jar (129 kB at 33 kB/s)
Progress (2): 4.4 MB | 152/228 kBProgress (2): 4.4 MB | 156/228 kBProgress (2): 4.4 MB | 160/228 kBProgress (2): 4.4 MB | 164/228 kB                                 Downloading from central: https://repo.maven.apache.org/maven2/commons-io/commons-io/1.3.1/commons-io-1.3.1.jar
Progress (2): 4.4 MB | 168/228 kBProgress (2): 4.4 MB | 172/228 kBProgress (2): 4.4 MB | 176/228 kBProgress (2): 4.4 MB | 180/228 kBProgress (2): 4.4 MB | 184/228 kBProgress (2): 4.4 MB | 188/228 kBProgress (2): 4.4 MB | 193/228 kBProgress (2): 4.4 MB | 197/228 kBProgress (2): 4.4 MB | 201/228 kBProgress (2): 4.4 MB | 205/228 kBProgress (2): 4.4 MB | 209/228 kBProgress (2): 4.4 MB | 213/228 kBProgress (2): 4.4 MB | 217/228 kBProgress (2): 4.4 MB | 221/228 kBProgress (2): 4.4 MB | 225/228 kBProgress (2): 4.4 MB | 228 kB    Progress (3): 4.4 MB | 228 kB | 4.1/676 kBProgress (3): 4.4 MB | 228 kB | 8.2/676 kBProgress (3): 4.4 MB | 228 kB | 12/676 kB Progress (3): 4.4 MB | 228 kB | 16/676 kBProgress (3): 4.4 MB | 228 kB | 20/676 kBProgress (3): 4.4 MB | 228 kB | 25/676 kBProgress (3): 4.4 MB | 228 kB | 29/676 kBProgress (3): 4.4 MB | 228 kB | 33/676 kBProgress (3): 4.4 MB | 228 kB | 37/676 kBProgress (4): 4.4 MB | 228 kB | 37/676 kB | 0/1.6 MBProgress (4): 4.4 MB | 228 kB | 37/676 kB | 0/1.6 MBProgress (4): 4.4 MB | 228 kB | 41/676 kB | 0/1.6 MBProgress (4): 4.4 MB | 228 kB | 41/676 kB | 0/1.6 MBProgress (4): 4.4 MB | 228 kB | 45/676 kB | 0/1.6 MBProgress (4): 4.4 MB | 228 kB | 49/676 kB | 0/1.6 MBProgress (4): 4.4 MB | 228 kB | 53/676 kB | 0/1.6 MBProgress (4): 4.4 MB | 228 kB | 53/676 kB | 0/1.6 MBProgress (4): 4.4 MB | 228 kB | 57/676 kB | 0/1.6 MBProgress (4): 4.4 MB | 228 kB | 61/676 kB | 0/1.6 MBProgress (4): 4.4 MB | 228 kB | 66/676 kB | 0/1.6 MBProgress (4): 4.4 MB | 228 kB | 70/676 kB | 0/1.6 MBProgress (4): 4.4 MB | 228 kB | 70/676 kB | 0/1.6 MBProgress (4): 4.4 MB | 228 kB | 70/676 kB | 0/1.6 MBProgress (4): 4.4 MB | 228 kB | 70/676 kB | 0.1/1.6 MBProgress (4): 4.4 MB | 228 kB | 70/676 kB | 0.1/1.6 MBProgress (4): 4.4 MB | 228 kB | 74/676 kB | 0.1/1.6 MBProgress (4): 4.4 MB | 228 kB | 78/676 kB | 0.1/1.6 MBProgress (4): 4.4 MB | 228 kB | 82/676 kB | 0.1/1.6 MBProgress (4): 4.4 MB | 228 kB | 82/676 kB | 0.1/1.6 MBProgress (4): 4.4 MB | 228 kB | 86/676 kB | 0.1/1.6 MBProgress (4): 4.4 MB | 228 kB | 86/676 kB | 0.1/1.6 MBProgress (4): 4.4 MB | 228 kB | 86/676 kB | 0.1/1.6 MBProgress (5): 4.4 MB | 228 kB | 86/676 kB | 0.1/1.6 MB | 4.1/84 kBProgress (5): 4.4 MB | 228 kB | 86/676 kB | 0.1/1.6 MB | 7.7/84 kBProgress (5): 4.4 MB | 228 kB | 86/676 kB | 0.1/1.6 MB | 11/84 kB Progress (5): 4.4 MB | 228 kB | 86/676 kB | 0.1/1.6 MB | 11/84 kBProgress (5): 4.4 MB | 228 kB | 86/676 kB | 0.1/1.6 MB | 11/84 kB                                                                 Downloaded from central: https://repo.maven.apache.org/maven2/org/apache/xmlgraphics/fop-core/2.7/fop-core-2.7.jar (4.4 MB at 1.1 MB/s)
Downloading from central: https://repo.maven.apache.org/maven2/commons-logging/commons-logging/1.0.4/commons-logging-1.0.4.jar
Progress (4): 228 kB | 90/676 kB | 0.1/1.6 MB | 11/84 kBProgress (4): 228 kB | 94/676 kB | 0.1/1.6 MB | 11/84 kBProgress (4): 228 kB | 98/676 kB | 0.1/1.6 MB | 11/84 kBProgress (4): 228 kB | 102/676 kB | 0.1/1.6 MB | 11/84 kBProgress (4): 228 kB | 102/676 kB | 0.1/1.6 MB | 15/84 kBProgress (4): 228 kB | 102/676 kB | 0.1/1.6 MB | 15/84 kBProgress (4): 228 kB | 102/676 kB | 0.1/1.6 MB | 20/84 kBProgress (4): 228 kB | 102/676 kB | 0.1/1.6 MB | 20/84 kBProgress (4): 228 kB | 102/676 kB | 0.1/1.6 MB | 24/84 kBProgress (4): 228 kB | 102/676 kB | 0.1/1.6 MB | 28/84 kBProgress (4): 228 kB | 102/676 kB | 0.1/1.6 MB | 32/84 kBProgress (4): 228 kB | 102/676 kB | 0.1/1.6 MB | 36/84 kBProgress (4): 228 kB | 102/676 kB | 0.1/1.6 MB | 40/84 kBProgress (4): 228 kB | 102/676 kB | 0.1/1.6 MB | 44/84 kBProgress (4): 228 kB | 106/676 kB | 0.1/1.6 MB | 44/84 kBProgress (4): 228 kB | 111/676 kB | 0.1/1.6 MB | 44/84 kBProgress (4): 228 kB | 111/676 kB | 0.1/1.6 MB | 44/84 kBProgress (4): 228 kB | 115/676 kB | 0.1/1.6 MB | 44/84 kBProgress (4): 228 kB | 115/676 kB | 0.1/1.6 MB | 44/84 kBProgress (4): 228 kB | 119/676 kB | 0.1/1.6 MB | 44/84 kBProgress (4): 228 kB | 123/676 kB | 0.1/1.6 MB | 44/84 kBProgress (4): 228 kB | 123/676 kB | 0.1/1.6 MB | 44/84 kBProgress (4): 228 kB | 123/676 kB | 0.1/1.6 MB | 48/84 kBProgress (4): 228 kB | 123/676 kB | 0.2/1.6 MB | 48/84 kBProgress (4): 228 kB | 127/676 kB | 0.2/1.6 MB | 48/84 kBProgress (4): 228 kB | 127/676 kB | 0.2/1.6 MB | 52/84 kBProgress (4): 228 kB | 127/676 kB | 0.2/1.6 MB | 56/84 kBProgress (4): 228 kB | 127/676 kB | 0.2/1.6 MB | 61/84 kBProgress (4): 228 kB | 127/676 kB | 0.2/1.6 MB | 65/84 kBProgress (4): 228 kB | 131/676 kB | 0.2/1.6 MB | 65/84 kBProgress (4): 228 kB | 131/676 kB | 0.2/1.6 MB | 65/84 kBProgress (4): 228 kB | 135/676 kB | 0.2/1.6 MB | 65/84 kBProgress (4): 228 kB | 135/676 kB | 0.2/1.6 MB | 69/84 kBProgress (4): 228 kB | 139/676 kB | 0.2/1.6 MB | 69/84 kBProgress (4): 228 kB | 143/676 kB | 0.2/1.6 MB | 69/84 kBProgress (4): 228 kB | 143/676 kB | 0.2/1.6 MB | 69/84 kBProgress (4): 228 kB | 143/676 kB | 0.2/1.6 MB | 73/84 kB                                                         Downloaded from central: https://repo.maven.apache.org/maven2/org/apache/xmlgraphics/batik-svggen/1.14/batik-svggen-1.14.jar (228 kB at 57 kB/s)
Downloading from central: https://repo.maven.apache.org/maven2/org/projectlombok/lombok/1.18.38/lombok-1.18.38.jar
Progress (3): 143/676 kB | 0.2/1.6 MB | 77/84 kBProgress (3): 143/676 kB | 0.2/1.6 MB | 81/84 kBProgress (3): 143/676 kB | 0.2/1.6 MB | 84 kB   Progress (3): 143/676 kB | 0.2/1.6 MB | 84 kBProgress (3): 143/676 kB | 0.2/1.6 MB | 84 kBProgress (3): 147/676 kB | 0.2/1.6 MB | 84 kBProgress (3): 147/676 kB | 0.2/1.6 MB | 84 kBProgress (3): 152/676 kB | 0.2/1.6 MB | 84 kBProgress (3): 152/676 kB | 0.2/1.6 MB | 84 kBProgress (3): 156/676 kB | 0.2/1.6 MB | 84 kBProgress (3): 156/676 kB | 0.2/1.6 MB | 84 kBProgress (3): 160/676 kB | 0.2/1.6 MB | 84 kBProgress (3): 160/676 kB | 0.2/1.6 MB | 84 kBProgress (3): 164/676 kB | 0.2/1.6 MB | 84 kBProgress (3): 168/676 kB | 0.2/1.6 MB | 84 kBProgress (3): 172/676 kB | 0.2/1.6 MB | 84 kBProgress (3): 176/676 kB | 0.2/1.6 MB | 84 kBProgress (3): 176/676 kB | 0.2/1.6 MB | 84 kBProgress (3): 176/676 kB | 0.2/1.6 MB | 84 kBProgress (3): 180/676 kB | 0.2/1.6 MB | 84 kBProgress (3): 184/676 kB | 0.2/1.6 MB | 84 kBProgress (3): 188/676 kB | 0.2/1.6 MB | 84 kBProgress (3): 193/676 kB | 0.2/1.6 MB | 84 kBProgress (3): 193/676 kB | 0.2/1.6 MB | 84 kBProgress (3): 197/676 kB | 0.2/1.6 MB | 84 kBProgress (3): 197/676 kB | 0.3/1.6 MB | 84 kBProgress (3): 201/676 kB | 0.3/1.6 MB | 84 kBProgress (3): 201/676 kB | 0.3/1.6 MB | 84 kBProgress (3): 205/676 kB | 0.3/1.6 MB | 84 kBProgress (3): 209/676 kB | 0.3/1.6 MB | 84 kBProgress (3): 209/676 kB | 0.3/1.6 MB | 84 kBProgress (3): 213/676 kB | 0.3/1.6 MB | 84 kBProgress (3): 217/676 kB | 0.3/1.6 MB | 84 kBProgress (3): 221/676 kB | 0.3/1.6 MB | 84 kBProgress (3): 225/676 kB | 0.3/1.6 MB | 84 kBProgress (3): 225/676 kB | 0.3/1.6 MB | 84 kBProgress (3): 229/676 kB | 0.3/1.6 MB | 84 kBProgress (3): 233/676 kB | 0.3/1.6 MB | 84 kBProgress (3): 238/676 kB | 0.3/1.6 MB | 84 kBProgress (3): 242/676 kB | 0.3/1.6 MB | 84 kBProgress (3): 242/676 kB | 0.3/1.6 MB | 84 kBProgress (3): 242/676 kB | 0.3/1.6 MB | 84 kBProgress (3): 242/676 kB | 0.3/1.6 MB | 84 kBProgress (3): 242/676 kB | 0.3/1.6 MB | 84 kBProgress (3): 242/676 kB | 0.3/1.6 MB | 84 kBProgress (3): 246/676 kB | 0.3/1.6 MB | 84 kBProgress (3): 250/676 kB | 0.3/1.6 MB | 84 kBProgress (3): 254/676 kB | 0.3/1.6 MB | 84 kBProgress (3): 254/676 kB | 0.3/1.6 MB | 84 kBProgress (3): 258/676 kB | 0.3/1.6 MB | 84 kBProgress (3): 258/676 kB | 0.3/1.6 MB | 84 kBProgress (3): 262/676 kB | 0.3/1.6 MB | 84 kBProgress (3): 266/676 kB | 0.3/1.6 MB | 84 kBProgress (3): 266/676 kB | 0.3/1.6 MB | 84 kBProgress (3): 270/676 kB | 0.3/1.6 MB | 84 kBProgress (3): 274/676 kB | 0.3/1.6 MB | 84 kBProgress (3): 274/676 kB | 0.4/1.6 MB | 84 kBProgress (3): 274/676 kB | 0.4/1.6 MB | 84 kBProgress (3): 279/676 kB | 0.4/1.6 MB | 84 kBProgress (3): 283/676 kB | 0.4/1.6 MB | 84 kBProgress (3): 287/676 kB | 0.4/1.6 MB | 84 kBProgress (3): 291/676 kB | 0.4/1.6 MB | 84 kBProgress (3): 291/676 kB | 0.4/1.6 MB | 84 kBProgress (3): 291/676 kB | 0.4/1.6 MB | 84 kBProgress (3): 291/676 kB | 0.4/1.6 MB | 84 kBProgress (3): 295/676 kB | 0.4/1.6 MB | 84 kBProgress (3): 299/676 kB | 0.4/1.6 MB | 84 kBProgress (3): 303/676 kB | 0.4/1.6 MB | 84 kBProgress (3): 307/676 kB | 0.4/1.6 MB | 84 kBProgress (3): 307/676 kB | 0.4/1.6 MB | 84 kBProgress (3): 311/676 kB | 0.4/1.6 MB | 84 kBProgress (3): 315/676 kB | 0.4/1.6 MB | 84 kBProgress (3): 319/676 kB | 0.4/1.6 MB | 84 kBProgress (3): 324/676 kB | 0.4/1.6 MB | 84 kBProgress (3): 324/676 kB | 0.4/1.6 MB | 84 kBProgress (3): 324/676 kB | 0.4/1.6 MB | 84 kBProgress (3): 324/676 kB | 0.4/1.6 MB | 84 kBProgress (3): 324/676 kB | 0.4/1.6 MB | 84 kBProgress (3): 324/676 kB | 0.4/1.6 MB | 84 kBProgress (3): 328/676 kB | 0.4/1.6 MB | 84 kBProgress (3): 328/676 kB | 0.4/1.6 MB | 84 kBProgress (3): 332/676 kB | 0.4/1.6 MB | 84 kBProgress (3): 332/676 kB | 0.5/1.6 MB | 84 kBProgress (3): 336/676 kB | 0.5/1.6 MB | 84 kBProgress (3): 336/676 kB | 0.5/1.6 MB | 84 kBProgress (3): 340/676 kB | 0.5/1.6 MB | 84 kBProgress (3): 340/676 kB | 0.5/1.6 MB | 84 kBProgress (4): 340/676 kB | 0.5/1.6 MB | 84 kB | 4.1/38 kBProgress (4): 344/676 kB | 0.5/1.6 MB | 84 kB | 4.1/38 kBProgress (4): 344/676 kB | 0.5/1.6 MB | 84 kB | 7.7/38 kBProgress (4): 344/676 kB | 0.5/1.6 MB | 84 kB | 7.7/38 kBProgress (4): 344/676 kB | 0.5/1.6 MB | 84 kB | 12/38 kB Progress (5): 344/676 kB | 0.5/1.6 MB | 84 kB | 12/38 kB | 0/2.1 MBProgress (5): 348/676 kB | 0.5/1.6 MB | 84 kB | 12/38 kB | 0/2.1 MBProgress (5): 348/676 kB | 0.5/1.6 MB | 84 kB | 16/38 kB | 0/2.1 MBProgress (5): 348/676 kB | 0.5/1.6 MB | 84 kB | 16/38 kB | 0/2.1 MBProgress (5): 348/676 kB | 0.5/1.6 MB | 84 kB | 20/38 kB | 0/2.1 MBProgress (5): 352/676 kB | 0.5/1.6 MB | 84 kB | 20/38 kB | 0/2.1 MBProgress (5): 356/676 kB | 0.5/1.6 MB | 84 kB | 20/38 kB | 0/2.1 MBProgress (5): 356/676 kB | 0.5/1.6 MB | 84 kB | 24/38 kB | 0/2.1 MBProgress (5): 356/676 kB | 0.5/1.6 MB | 84 kB | 24/38 kB | 0/2.1 MBProgress (5): 356/676 kB | 0.5/1.6 MB | 84 kB | 28/38 kB | 0/2.1 MBProgress (5): 356/676 kB | 0.5/1.6 MB | 84 kB | 32/38 kB | 0/2.1 MBProgress (5): 356/676 kB | 0.5/1.6 MB | 84 kB | 36/38 kB | 0/2.1 MBProgress (5): 356/676 kB | 0.5/1.6 MB | 84 kB | 36/38 kB | 0/2.1 MBProgress (5): 356/676 kB | 0.5/1.6 MB | 84 kB | 38 kB | 0/2.1 MB   Progress (5): 356/676 kB | 0.5/1.6 MB | 84 kB | 38 kB | 0/2.1 MBProgress (5): 356/676 kB | 0.5/1.6 MB | 84 kB | 38 kB | 0/2.1 MBProgress (5): 356/676 kB | 0.5/1.6 MB | 84 kB | 38 kB | 0/2.1 MBProgress (5): 356/676 kB | 0.5/1.6 MB | 84 kB | 38 kB | 0/2.1 MBProgress (5): 356/676 kB | 0.5/1.6 MB | 84 kB | 38 kB | 0.1/2.1 MB                                                                  Downloaded from central: https://repo.maven.apache.org/maven2/commons-io/commons-io/1.3.1/commons-io-1.3.1.jar (84 kB at 20 kB/s)
Downloading from central: https://repo.maven.apache.org/maven2/com/azure/azure-core-http-netty/1.15.0/azure-core-http-netty-1.15.0.jar
Progress (4): 360/676 kB | 0.5/1.6 MB | 38 kB | 0.1/2.1 MBProgress (4): 365/676 kB | 0.5/1.6 MB | 38 kB | 0.1/2.1 MBProgress (4): 369/676 kB | 0.5/1.6 MB | 38 kB | 0.1/2.1 MBProgress (4): 373/676 kB | 0.5/1.6 MB | 38 kB | 0.1/2.1 MBProgress (4): 373/676 kB | 0.5/1.6 MB | 38 kB | 0.1/2.1 MBProgress (4): 373/676 kB | 0.5/1.6 MB | 38 kB | 0.1/2.1 MBProgress (4): 377/676 kB | 0.5/1.6 MB | 38 kB | 0.1/2.1 MBProgress (4): 381/676 kB | 0.5/1.6 MB | 38 kB | 0.1/2.1 MBProgress (4): 385/676 kB | 0.5/1.6 MB | 38 kB | 0.1/2.1 MBProgress (4): 389/676 kB | 0.5/1.6 MB | 38 kB | 0.1/2.1 MBProgress (4): 389/676 kB | 0.5/1.6 MB | 38 kB | 0.1/2.1 MBProgress (4): 389/676 kB | 0.5/1.6 MB | 38 kB | 0.1/2.1 MBProgress (4): 389/676 kB | 0.6/1.6 MB | 38 kB | 0.1/2.1 MBProgress (4): 389/676 kB | 0.6/1.6 MB | 38 kB | 0.1/2.1 MBProgress (4): 393/676 kB | 0.6/1.6 MB | 38 kB | 0.1/2.1 MBProgress (4): 393/676 kB | 0.6/1.6 MB | 38 kB | 0.1/2.1 MBProgress (4): 397/676 kB | 0.6/1.6 MB | 38 kB | 0.1/2.1 MBProgress (4): 397/676 kB | 0.6/1.6 MB | 38 kB | 0.1/2.1 MBProgress (4): 401/676 kB | 0.6/1.6 MB | 38 kB | 0.1/2.1 MBProgress (4): 406/676 kB | 0.6/1.6 MB | 38 kB | 0.1/2.1 MBProgress (4): 406/676 kB | 0.6/1.6 MB | 38 kB | 0.1/2.1 MBProgress (4): 406/676 kB | 0.6/1.6 MB | 38 kB | 0.1/2.1 MBProgress (4): 410/676 kB | 0.6/1.6 MB | 38 kB | 0.1/2.1 MBProgress (4): 414/676 kB | 0.6/1.6 MB | 38 kB | 0.1/2.1 MBProgress (4): 418/676 kB | 0.6/1.6 MB | 38 kB | 0.1/2.1 MBProgress (4): 422/676 kB | 0.6/1.6 MB | 38 kB | 0.1/2.1 MBProgress (4): 422/676 kB | 0.6/1.6 MB | 38 kB | 0.1/2.1 MBProgress (4): 422/676 kB | 0.6/1.6 MB | 38 kB | 0.1/2.1 MBProgress (4): 422/676 kB | 0.6/1.6 MB | 38 kB | 0.1/2.1 MBProgress (4): 426/676 kB | 0.6/1.6 MB | 38 kB | 0.1/2.1 MBProgress (4): 430/676 kB | 0.6/1.6 MB | 38 kB | 0.1/2.1 MBProgress (4): 430/676 kB | 0.6/1.6 MB | 38 kB | 0.1/2.1 MBProgress (4): 434/676 kB | 0.6/1.6 MB | 38 kB | 0.1/2.1 MBProgress (4): 438/676 kB | 0.6/1.6 MB | 38 kB | 0.1/2.1 MBProgress (4): 442/676 kB | 0.6/1.6 MB | 38 kB | 0.1/2.1 MBProgress (4): 446/676 kB | 0.6/1.6 MB | 38 kB | 0.1/2.1 MBProgress (4): 451/676 kB | 0.6/1.6 MB | 38 kB | 0.1/2.1 MBProgress (4): 455/676 kB | 0.6/1.6 MB | 38 kB | 0.1/2.1 MBProgress (4): 455/676 kB | 0.6/1.6 MB | 38 kB | 0.1/2.1 MBProgress (4): 455/676 kB | 0.6/1.6 MB | 38 kB | 0.1/2.1 MBProgress (4): 459/676 kB | 0.6/1.6 MB | 38 kB | 0.1/2.1 MBProgress (4): 463/676 kB | 0.6/1.6 MB | 38 kB | 0.1/2.1 MBProgress (4): 463/676 kB | 0.7/1.6 MB | 38 kB | 0.1/2.1 MBProgress (4): 467/676 kB | 0.7/1.6 MB | 38 kB | 0.1/2.1 MBProgress (4): 471/676 kB | 0.7/1.6 MB | 38 kB | 0.1/2.1 MBProgress (4): 471/676 kB | 0.7/1.6 MB | 38 kB | 0.1/2.1 MBProgress (4): 475/676 kB | 0.7/1.6 MB | 38 kB | 0.1/2.1 MBProgress (4): 475/676 kB | 0.7/1.6 MB | 38 kB | 0.1/2.1 MBProgress (4): 479/676 kB | 0.7/1.6 MB | 38 kB | 0.1/2.1 MBProgress (4): 479/676 kB | 0.7/1.6 MB | 38 kB | 0.1/2.1 MBProgress (4): 483/676 kB | 0.7/1.6 MB | 38 kB | 0.1/2.1 MBProgress (4): 487/676 kB | 0.7/1.6 MB | 38 kB | 0.1/2.1 MBProgress (4): 487/676 kB | 0.7/1.6 MB | 38 kB | 0.1/2.1 MBProgress (4): 487/676 kB | 0.7/1.6 MB | 38 kB | 0.1/2.1 MBProgress (4): 492/676 kB | 0.7/1.6 MB | 38 kB | 0.1/2.1 MBProgress (4): 496/676 kB | 0.7/1.6 MB | 38 kB | 0.1/2.1 MBProgress (4): 496/676 kB | 0.7/1.6 MB | 38 kB | 0.1/2.1 MBProgress (4): 500/676 kB | 0.7/1.6 MB | 38 kB | 0.1/2.1 MBProgress (4): 504/676 kB | 0.7/1.6 MB | 38 kB | 0.1/2.1 MBProgress (4): 504/676 kB | 0.7/1.6 MB | 38 kB | 0.1/2.1 MBProgress (4): 504/676 kB | 0.7/1.6 MB | 38 kB | 0.1/2.1 MBProgress (4): 504/676 kB | 0.7/1.6 MB | 38 kB | 0.1/2.1 MBProgress (4): 508/676 kB | 0.7/1.6 MB | 38 kB | 0.1/2.1 MBProgress (4): 512/676 kB | 0.7/1.6 MB | 38 kB | 0.1/2.1 MBProgress (4): 516/676 kB | 0.7/1.6 MB | 38 kB | 0.1/2.1 MBProgress (4): 520/676 kB | 0.7/1.6 MB | 38 kB | 0.1/2.1 MBProgress (4): 524/676 kB | 0.7/1.6 MB | 38 kB | 0.1/2.1 MBProgress (4): 528/676 kB | 0.7/1.6 MB | 38 kB | 0.1/2.1 MBProgress (4): 532/676 kB | 0.7/1.6 MB | 38 kB | 0.1/2.1 MBProgress (4): 537/676 kB | 0.7/1.6 MB | 38 kB | 0.1/2.1 MBProgress (4): 541/676 kB | 0.7/1.6 MB | 38 kB | 0.1/2.1 MBProgress (4): 545/676 kB | 0.7/1.6 MB | 38 kB | 0.1/2.1 MBProgress (4): 549/676 kB | 0.7/1.6 MB | 38 kB | 0.1/2.1 MBProgress (4): 553/676 kB | 0.7/1.6 MB | 38 kB | 0.1/2.1 MBProgress (4): 553/676 kB | 0.7/1.6 MB | 38 kB | 0.1/2.1 MBProgress (4): 553/676 kB | 0.7/1.6 MB | 38 kB | 0.1/2.1 MBProgress (4): 553/676 kB | 0.7/1.6 MB | 38 kB | 0.1/2.1 MBProgress (4): 553/676 kB | 0.7/1.6 MB | 38 kB | 0.1/2.1 MBProgress (4): 553/676 kB | 0.7/1.6 MB | 38 kB | 0.1/2.1 MBProgress (4): 553/676 kB | 0.7/1.6 MB | 38 kB | 0.1/2.1 MBProgress (4): 553/676 kB | 0.7/1.6 MB | 38 kB | 0.1/2.1 MBProgress (4): 553/676 kB | 0.7/1.6 MB | 38 kB | 0.2/2.1 MBProgress (4): 553/676 kB | 0.7/1.6 MB | 38 kB | 0.2/2.1 MBProgress (4): 553/676 kB | 0.7/1.6 MB | 38 kB | 0.2/2.1 MBProgress (4): 553/676 kB | 0.7/1.6 MB | 38 kB | 0.2/2.1 MBProgress (4): 553/676 kB | 0.7/1.6 MB | 38 kB | 0.2/2.1 MBProgress (4): 553/676 kB | 0.7/1.6 MB | 38 kB | 0.2/2.1 MBProgress (4): 553/676 kB | 0.7/1.6 MB | 38 kB | 0.3/2.1 MBProgress (4): 553/676 kB | 0.7/1.6 MB | 38 kB | 0.3/2.1 MBProgress (4): 553/676 kB | 0.7/1.6 MB | 38 kB | 0.3/2.1 MBProgress (4): 553/676 kB | 0.7/1.6 MB | 38 kB | 0.3/2.1 MBProgress (4): 553/676 kB | 0.7/1.6 MB | 38 kB | 0.3/2.1 MBProgress (4): 553/676 kB | 0.7/1.6 MB | 38 kB | 0.3/2.1 MBProgress (4): 553/676 kB | 0.7/1.6 MB | 38 kB | 0.4/2.1 MBProgress (4): 553/676 kB | 0.7/1.6 MB | 38 kB | 0.4/2.1 MBProgress (4): 553/676 kB | 0.7/1.6 MB | 38 kB | 0.4/2.1 MBProgress (4): 553/676 kB | 0.7/1.6 MB | 38 kB | 0.4/2.1 MBProgress (4): 553/676 kB | 0.7/1.6 MB | 38 kB | 0.4/2.1 MBProgress (4): 553/676 kB | 0.7/1.6 MB | 38 kB | 0.4/2.1 MBProgress (4): 557/676 kB | 0.7/1.6 MB | 38 kB | 0.4/2.1 MBProgress (4): 561/676 kB | 0.7/1.6 MB | 38 kB | 0.4/2.1 MBProgress (4): 565/676 kB | 0.7/1.6 MB | 38 kB | 0.4/2.1 MBProgress (4): 569/676 kB | 0.7/1.6 MB | 38 kB | 0.4/2.1 MBProgress (4): 569/676 kB | 0.8/1.6 MB | 38 kB | 0.4/2.1 MBProgress (4): 569/676 kB | 0.8/1.6 MB | 38 kB | 0.4/2.1 MBProgress (4): 573/676 kB | 0.8/1.6 MB | 38 kB | 0.4/2.1 MBProgress (4): 578/676 kB | 0.8/1.6 MB | 38 kB | 0.4/2.1 MBProgress (4): 582/676 kB | 0.8/1.6 MB | 38 kB | 0.4/2.1 MBProgress (4): 586/676 kB | 0.8/1.6 MB | 38 kB | 0.4/2.1 MB                                                          Downloaded from central: https://repo.maven.apache.org/maven2/commons-logging/commons-logging/1.0.4/commons-logging-1.0.4.jar (38 kB at 8.7 kB/s)
Progress (4): 586/676 kB | 0.8/1.6 MB | 0.4/2.1 MB | 4.1/79 kBProgress (4): 586/676 kB | 0.8/1.6 MB | 0.4/2.1 MB | 7.7/79 kBProgress (4): 586/676 kB | 0.8/1.6 MB | 0.4/2.1 MB | 12/79 kB Progress (4): 586/676 kB | 0.8/1.6 MB | 0.4/2.1 MB | 16/79 kBProgress (4): 586/676 kB | 0.8/1.6 MB | 0.4/2.1 MB | 20/79 kBProgress (4): 586/676 kB | 0.8/1.6 MB | 0.4/2.1 MB | 24/79 kBProgress (4): 586/676 kB | 0.8/1.6 MB | 0.4/2.1 MB | 28/79 kBProgress (4): 586/676 kB | 0.8/1.6 MB | 0.4/2.1 MB | 32/79 kBProgress (4): 586/676 kB | 0.8/1.6 MB | 0.4/2.1 MB | 36/79 kBProgress (4): 586/676 kB | 0.8/1.6 MB | 0.4/2.1 MB | 40/79 kBProgress (4): 590/676 kB | 0.8/1.6 MB | 0.4/2.1 MB | 40/79 kBProgress (4): 594/676 kB | 0.8/1.6 MB | 0.4/2.1 MB | 40/79 kBProgress (4): 598/676 kB | 0.8/1.6 MB | 0.4/2.1 MB | 40/79 kBProgress (4): 602/676 kB | 0.8/1.6 MB | 0.4/2.1 MB | 40/79 kBProgress (4): 602/676 kB | 0.8/1.6 MB | 0.4/2.1 MB | 45/79 kBProgress (4): 602/676 kB | 0.8/1.6 MB | 0.4/2.1 MB | 49/79 kBProgress (4): 602/676 kB | 0.8/1.6 MB | 0.4/2.1 MB | 53/79 kBProgress (4): 602/676 kB | 0.8/1.6 MB | 0.4/2.1 MB | 57/79 kBProgress (4): 602/676 kB | 0.8/1.6 MB | 0.4/2.1 MB | 61/79 kBProgress (4): 602/676 kB | 0.8/1.6 MB | 0.4/2.1 MB | 65/79 kBProgress (4): 602/676 kB | 0.8/1.6 MB | 0.4/2.1 MB | 69/79 kBProgress (4): 602/676 kB | 0.8/1.6 MB | 0.4/2.1 MB | 73/79 kBProgress (4): 602/676 kB | 0.8/1.6 MB | 0.4/2.1 MB | 77/79 kBProgress (4): 602/676 kB | 0.8/1.6 MB | 0.4/2.1 MB | 79 kB   Progress (4): 606/676 kB | 0.8/1.6 MB | 0.4/2.1 MB | 79 kBProgress (4): 606/676 kB | 0.8/1.6 MB | 0.4/2.1 MB | 79 kBProgress (4): 610/676 kB | 0.8/1.6 MB | 0.4/2.1 MB | 79 kBProgress (4): 614/676 kB | 0.8/1.6 MB | 0.4/2.1 MB | 79 kBProgress (4): 618/676 kB | 0.8/1.6 MB | 0.4/2.1 MB | 79 kBProgress (4): 618/676 kB | 0.8/1.6 MB | 0.4/2.1 MB | 79 kBProgress (4): 618/676 kB | 0.8/1.6 MB | 0.4/2.1 MB | 79 kBProgress (4): 618/676 kB | 0.8/1.6 MB | 0.4/2.1 MB | 79 kBProgress (4): 623/676 kB | 0.8/1.6 MB | 0.4/2.1 MB | 79 kBProgress (4): 627/676 kB | 0.8/1.6 MB | 0.4/2.1 MB | 79 kBProgress (4): 627/676 kB | 0.8/1.6 MB | 0.4/2.1 MB | 79 kBProgress (4): 631/676 kB | 0.8/1.6 MB | 0.4/2.1 MB | 79 kBProgress (4): 635/676 kB | 0.8/1.6 MB | 0.4/2.1 MB | 79 kBProgress (4): 635/676 kB | 0.8/1.6 MB | 0.4/2.1 MB | 79 kBProgress (4): 635/676 kB | 0.8/1.6 MB | 0.4/2.1 MB | 79 kBProgress (4): 635/676 kB | 0.8/1.6 MB | 0.4/2.1 MB | 79 kBProgress (4): 635/676 kB | 0.8/1.6 MB | 0.4/2.1 MB | 79 kBProgress (4): 635/676 kB | 0.8/1.6 MB | 0.4/2.1 MB | 79 kBProgress (4): 639/676 kB | 0.8/1.6 MB | 0.4/2.1 MB | 79 kBProgress (4): 643/676 kB | 0.8/1.6 MB | 0.4/2.1 MB | 79 kBProgress (4): 647/676 kB | 0.8/1.6 MB | 0.4/2.1 MB | 79 kBProgress (4): 651/676 kB | 0.8/1.6 MB | 0.4/2.1 MB | 79 kBProgress (4): 651/676 kB | 0.9/1.6 MB | 0.4/2.1 MB | 79 kBProgress (4): 651/676 kB | 0.9/1.6 MB | 0.4/2.1 MB | 79 kBProgress (4): 655/676 kB | 0.9/1.6 MB | 0.4/2.1 MB | 79 kBProgress (4): 659/676 kB | 0.9/1.6 MB | 0.4/2.1 MB | 79 kBProgress (4): 659/676 kB | 0.9/1.6 MB | 0.4/2.1 MB | 79 kBProgress (4): 664/676 kB | 0.9/1.6 MB | 0.4/2.1 MB | 79 kBProgress (4): 668/676 kB | 0.9/1.6 MB | 0.4/2.1 MB | 79 kBProgress (4): 668/676 kB | 0.9/1.6 MB | 0.4/2.1 MB | 79 kBProgress (4): 672/676 kB | 0.9/1.6 MB | 0.4/2.1 MB | 79 kBProgress (4): 676/676 kB | 0.9/1.6 MB | 0.4/2.1 MB | 79 kBProgress (4): 676 kB | 0.9/1.6 MB | 0.4/2.1 MB | 79 kB    Progress (4): 676 kB | 0.9/1.6 MB | 0.4/2.1 MB | 79 kBProgress (4): 676 kB | 0.9/1.6 MB | 0.4/2.1 MB | 79 kBProgress (4): 676 kB | 0.9/1.6 MB | 0.4/2.1 MB | 79 kBProgress (4): 676 kB | 0.9/1.6 MB | 0.4/2.1 MB | 79 kBProgress (4): 676 kB | 0.9/1.6 MB | 0.4/2.1 MB | 79 kBProgress (4): 676 kB | 0.9/1.6 MB | 0.4/2.1 MB | 79 kBProgress (4): 676 kB | 0.9/1.6 MB | 0.4/2.1 MB | 79 kBProgress (4): 676 kB | 0.9/1.6 MB | 0.4/2.1 MB | 79 kBProgress (4): 676 kB | 1.0/1.6 MB | 0.4/2.1 MB | 79 kBProgress (4): 676 kB | 1.0/1.6 MB | 0.4/2.1 MB | 79 kBProgress (4): 676 kB | 1.0/1.6 MB | 0.4/2.1 MB | 79 kBProgress (4): 676 kB | 1.0/1.6 MB | 0.4/2.1 MB | 79 kBProgress (4): 676 kB | 1.0/1.6 MB | 0.4/2.1 MB | 79 kBProgress (4): 676 kB | 1.0/1.6 MB | 0.4/2.1 MB | 79 kBProgress (4): 676 kB | 1.0/1.6 MB | 0.5/2.1 MB | 79 kBProgress (4): 676 kB | 1.0/1.6 MB | 0.5/2.1 MB | 79 kBProgress (4): 676 kB | 1.0/1.6 MB | 0.5/2.1 MB | 79 kBProgress (4): 676 kB | 1.0/1.6 MB | 0.5/2.1 MB | 79 kBProgress (4): 676 kB | 1.0/1.6 MB | 0.5/2.1 MB | 79 kBProgress (4): 676 kB | 1.0/1.6 MB | 0.5/2.1 MB | 79 kBProgress (4): 676 kB | 1.0/1.6 MB | 0.5/2.1 MB | 79 kBProgress (4): 676 kB | 1.0/1.6 MB | 0.6/2.1 MB | 79 kBProgress (4): 676 kB | 1.0/1.6 MB | 0.6/2.1 MB | 79 kBProgress (4): 676 kB | 1.0/1.6 MB | 0.6/2.1 MB | 79 kBProgress (4): 676 kB | 1.0/1.6 MB | 0.6/2.1 MB | 79 kBProgress (4): 676 kB | 1.0/1.6 MB | 0.6/2.1 MB | 79 kBProgress (4): 676 kB | 1.0/1.6 MB | 0.6/2.1 MB | 79 kBProgress (4): 676 kB | 1.0/1.6 MB | 0.7/2.1 MB | 79 kBProgress (4): 676 kB | 1.0/1.6 MB | 0.7/2.1 MB | 79 kBProgress (4): 676 kB | 1.0/1.6 MB | 0.7/2.1 MB | 79 kBProgress (4): 676 kB | 1.0/1.6 MB | 0.7/2.1 MB | 79 kBProgress (4): 676 kB | 1.0/1.6 MB | 0.7/2.1 MB | 79 kBProgress (4): 676 kB | 1.0/1.6 MB | 0.7/2.1 MB | 79 kBProgress (4): 676 kB | 1.0/1.6 MB | 0.8/2.1 MB | 79 kBProgress (4): 676 kB | 1.0/1.6 MB | 0.8/2.1 MB | 79 kBProgress (4): 676 kB | 1.0/1.6 MB | 0.8/2.1 MB | 79 kBProgress (4): 676 kB | 1.0/1.6 MB | 0.8/2.1 MB | 79 kBProgress (4): 676 kB | 1.0/1.6 MB | 0.8/2.1 MB | 79 kBProgress (4): 676 kB | 1.0/1.6 MB | 0.8/2.1 MB | 79 kBProgress (4): 676 kB | 1.0/1.6 MB | 0.8/2.1 MB | 79 kBProgress (4): 676 kB | 1.0/1.6 MB | 0.8/2.1 MB | 79 kBProgress (4): 676 kB | 1.0/1.6 MB | 0.8/2.1 MB | 79 kBProgress (4): 676 kB | 1.0/1.6 MB | 0.8/2.1 MB | 79 kBProgress (4): 676 kB | 1.1/1.6 MB | 0.8/2.1 MB | 79 kBProgress (4): 676 kB | 1.1/1.6 MB | 0.8/2.1 MB | 79 kBProgress (4): 676 kB | 1.1/1.6 MB | 0.8/2.1 MB | 79 kBProgress (4): 676 kB | 1.1/1.6 MB | 0.8/2.1 MB | 79 kBProgress (4): 676 kB | 1.1/1.6 MB | 0.8/2.1 MB | 79 kBProgress (4): 676 kB | 1.1/1.6 MB | 0.8/2.1 MB | 79 kBProgress (4): 676 kB | 1.1/1.6 MB | 0.8/2.1 MB | 79 kBProgress (4): 676 kB | 1.1/1.6 MB | 0.8/2.1 MB | 79 kBProgress (4): 676 kB | 1.1/1.6 MB | 0.8/2.1 MB | 79 kBProgress (4): 676 kB | 1.1/1.6 MB | 0.8/2.1 MB | 79 kBProgress (4): 676 kB | 1.1/1.6 MB | 0.8/2.1 MB | 79 kBProgress (4): 676 kB | 1.1/1.6 MB | 0.8/2.1 MB | 79 kBProgress (4): 676 kB | 1.2/1.6 MB | 0.8/2.1 MB | 79 kB                                                      Downloaded from central: https://repo.maven.apache.org/maven2/com/azure/azure-core-http-netty/1.15.0/azure-core-http-netty-1.15.0.jar (79 kB at 17 kB/s)
Downloaded from central: https://repo.maven.apache.org/maven2/org/apache/xmlgraphics/xmlgraphics-commons/2.7/xmlgraphics-commons-2.7.jar (676 kB at 148 kB/s)
Progress (2): 1.2/1.6 MB | 0.8/2.1 MBProgress (2): 1.2/1.6 MB | 0.8/2.1 MBProgress (2): 1.2/1.6 MB | 0.8/2.1 MBProgress (2): 1.2/1.6 MB | 0.8/2.1 MBProgress (2): 1.2/1.6 MB | 0.8/2.1 MBProgress (2): 1.2/1.6 MB | 0.8/2.1 MBProgress (2): 1.2/1.6 MB | 0.9/2.1 MBProgress (2): 1.2/1.6 MB | 0.9/2.1 MBProgress (2): 1.2/1.6 MB | 0.9/2.1 MBProgress (2): 1.2/1.6 MB | 0.9/2.1 MBProgress (2): 1.2/1.6 MB | 0.9/2.1 MBProgress (2): 1.2/1.6 MB | 0.9/2.1 MBProgress (2): 1.2/1.6 MB | 0.9/2.1 MBProgress (2): 1.2/1.6 MB | 0.9/2.1 MBProgress (2): 1.2/1.6 MB | 0.9/2.1 MBProgress (2): 1.2/1.6 MB | 0.9/2.1 MBProgress (2): 1.3/1.6 MB | 0.9/2.1 MBProgress (2): 1.3/1.6 MB | 0.9/2.1 MBProgress (2): 1.3/1.6 MB | 0.9/2.1 MBProgress (2): 1.3/1.6 MB | 0.9/2.1 MBProgress (2): 1.3/1.6 MB | 0.9/2.1 MBProgress (2): 1.3/1.6 MB | 0.9/2.1 MBProgress (2): 1.3/1.6 MB | 0.9/2.1 MBProgress (2): 1.3/1.6 MB | 0.9/2.1 MBProgress (2): 1.3/1.6 MB | 0.9/2.1 MBProgress (2): 1.3/1.6 MB | 0.9/2.1 MBProgress (2): 1.3/1.6 MB | 0.9/2.1 MBProgress (2): 1.3/1.6 MB | 0.9/2.1 MBProgress (2): 1.3/1.6 MB | 0.9/2.1 MBProgress (2): 1.4/1.6 MB | 0.9/2.1 MBProgress (2): 1.4/1.6 MB | 0.9/2.1 MBProgress (2): 1.4/1.6 MB | 0.9/2.1 MBProgress (2): 1.4/1.6 MB | 0.9/2.1 MBProgress (2): 1.4/1.6 MB | 0.9/2.1 MBProgress (2): 1.4/1.6 MB | 0.9/2.1 MBProgress (2): 1.4/1.6 MB | 0.9/2.1 MBProgress (2): 1.4/1.6 MB | 0.9/2.1 MBProgress (2): 1.4/1.6 MB | 0.9/2.1 MBProgress (2): 1.4/1.6 MB | 0.9/2.1 MBProgress (2): 1.4/1.6 MB | 0.9/2.1 MBProgress (2): 1.4/1.6 MB | 0.9/2.1 MBProgress (2): 1.4/1.6 MB | 0.9/2.1 MBProgress (2): 1.4/1.6 MB | 0.9/2.1 MBProgress (2): 1.5/1.6 MB | 0.9/2.1 MBProgress (2): 1.5/1.6 MB | 0.9/2.1 MBProgress (2): 1.5/1.6 MB | 0.9/2.1 MBProgress (2): 1.5/1.6 MB | 0.9/2.1 MBProgress (2): 1.5/1.6 MB | 0.9/2.1 MBProgress (2): 1.5/1.6 MB | 0.9/2.1 MBProgress (2): 1.5/1.6 MB | 0.9/2.1 MBProgress (2): 1.5/1.6 MB | 0.9/2.1 MBProgress (2): 1.5/1.6 MB | 0.9/2.1 MBProgress (2): 1.5/1.6 MB | 0.9/2.1 MBProgress (2): 1.5/1.6 MB | 0.9/2.1 MBProgress (2): 1.5/1.6 MB | 0.9/2.1 MBProgress (2): 1.5/1.6 MB | 0.9/2.1 MBProgress (2): 1.6/1.6 MB | 0.9/2.1 MBProgress (2): 1.6/1.6 MB | 1.0/2.1 MBProgress (2): 1.6/1.6 MB | 1.0/2.1 MBProgress (2): 1.6 MB | 1.0/2.1 MB    Progress (2): 1.6 MB | 1.0/2.1 MBProgress (2): 1.6 MB | 1.0/2.1 MBProgress (2): 1.6 MB | 1.0/2.1 MBProgress (2): 1.6 MB | 1.0/2.1 MBProgress (2): 1.6 MB | 1.0/2.1 MBProgress (2): 1.6 MB | 1.1/2.1 MB                                 Downloaded from central: https://repo.maven.apache.org/maven2/org/apache/pdfbox/fontbox/2.0.24/fontbox-2.0.24.jar (1.6 MB at 333 kB/s)
Progress (1): 1.1/2.1 MBProgress (1): 1.1/2.1 MBProgress (1): 1.1/2.1 MBProgress (1): 1.1/2.1 MBProgress (1): 1.1/2.1 MBProgress (1): 1.2/2.1 MBProgress (1): 1.2/2.1 MBProgress (1): 1.2/2.1 MBProgress (1): 1.2/2.1 MBProgress (1): 1.2/2.1 MBProgress (1): 1.2/2.1 MBProgress (1): 1.3/2.1 MBProgress (1): 1.3/2.1 MBProgress (1): 1.3/2.1 MBProgress (1): 1.3/2.1 MBProgress (1): 1.3/2.1 MBProgress (1): 1.3/2.1 MBProgress (1): 1.4/2.1 MBProgress (1): 1.4/2.1 MBProgress (1): 1.4/2.1 MBProgress (1): 1.4/2.1 MBProgress (1): 1.4/2.1 MBProgress (1): 1.4/2.1 MBProgress (1): 1.4/2.1 MBProgress (1): 1.5/2.1 MBProgress (1): 1.5/2.1 MBProgress (1): 1.5/2.1 MBProgress (1): 1.5/2.1 MBProgress (1): 1.5/2.1 MBProgress (1): 1.5/2.1 MBProgress (1): 1.6/2.1 MBProgress (1): 1.6/2.1 MBProgress (1): 1.6/2.1 MBProgress (1): 1.6/2.1 MBProgress (1): 1.6/2.1 MBProgress (1): 1.6/2.1 MBProgress (1): 1.7/2.1 MBProgress (1): 1.7/2.1 MBProgress (1): 1.7/2.1 MBProgress (1): 1.7/2.1 MBProgress (1): 1.7/2.1 MBProgress (1): 1.7/2.1 MBProgress (1): 1.8/2.1 MBProgress (1): 1.8/2.1 MBProgress (1): 1.8/2.1 MBProgress (1): 1.8/2.1 MBProgress (1): 1.8/2.1 MBProgress (1): 1.8/2.1 MBProgress (1): 1.9/2.1 MBProgress (1): 1.9/2.1 MBProgress (1): 1.9/2.1 MBProgress (1): 1.9/2.1 MBProgress (1): 1.9/2.1 MBProgress (1): 1.9/2.1 MBProgress (1): 2.0/2.1 MBProgress (1): 2.0/2.1 MBProgress (1): 2.0/2.1 MBProgress (1): 2.0/2.1 MBProgress (1): 2.0/2.1 MBProgress (1): 2.0/2.1 MBProgress (1): 2.1/2.1 MBProgress (1): 2.1 MB                        Downloaded from central: https://repo.maven.apache.org/maven2/org/projectlombok/lombok/1.18.38/lombok-1.18.38.jar (2.1 MB at 388 kB/s)
[INFO] 
[INFO] --- maven-clean-plugin:3.4.1:clean (default-clean) @ northwind-frontend ---
[INFO] Deleting E:\Documents\eclipse-workspace\northwind-frontend\target
[INFO] 
[INFO] --- maven-resources-plugin:3.3.1:resources (default-resources) @ northwind-frontend ---
[INFO] Copying 2 resources from src\main\resources to target\classes
[INFO] Copying 239 resources from src\main\resources to target\classes
[INFO] 
[INFO] --- maven-compiler-plugin:3.13.0:compile (default-compile) @ northwind-frontend ---
Downloading from central: https://repo.maven.apache.org/maven2/org/projectlombok/lombok/1.18.34/lombok-1.18.34.pom
Progress (1): 1.5 kB                    Downloaded from central: https://repo.maven.apache.org/maven2/org/projectlombok/lombok/1.18.34/lombok-1.18.34.pom (1.5 kB at 14 kB/s)
Downloading from central: https://repo.maven.apache.org/maven2/org/projectlombok/lombok/1.18.34/lombok-1.18.34.jar
Progress (1): 0/2.1 MBProgress (1): 0/2.1 MBProgress (1): 0/2.1 MBProgress (1): 0.1/2.1 MBProgress (1): 0.1/2.1 MBProgress (1): 0.1/2.1 MBProgress (1): 0.1/2.1 MBProgress (1): 0.1/2.1 MBProgress (1): 0.1/2.1 MBProgress (1): 0.2/2.1 MBProgress (1): 0.2/2.1 MBProgress (1): 0.2/2.1 MBProgress (1): 0.2/2.1 MBProgress (1): 0.2/2.1 MBProgress (1): 0.2/2.1 MBProgress (1): 0.3/2.1 MBProgress (1): 0.3/2.1 MBProgress (1): 0.3/2.1 MBProgress (1): 0.3/2.1 MBProgress (1): 0.3/2.1 MBProgress (1): 0.3/2.1 MBProgress (1): 0.4/2.1 MBProgress (1): 0.4/2.1 MBProgress (1): 0.4/2.1 MBProgress (1): 0.4/2.1 MBProgress (1): 0.4/2.1 MBProgress (1): 0.4/2.1 MBProgress (1): 0.5/2.1 MBProgress (1): 0.5/2.1 MBProgress (1): 0.5/2.1 MBProgress (1): 0.5/2.1 MBProgress (1): 0.5/2.1 MBProgress (1): 0.5/2.1 MBProgress (1): 0.6/2.1 MBProgress (1): 0.6/2.1 MBProgress (1): 0.6/2.1 MBProgress (1): 0.6/2.1 MBProgress (1): 0.6/2.1 MBProgress (1): 0.6/2.1 MBProgress (1): 0.7/2.1 MBProgress (1): 0.7/2.1 MBProgress (1): 0.7/2.1 MBProgress (1): 0.7/2.1 MBProgress (1): 0.7/2.1 MBProgress (1): 0.7/2.1 MBProgress (1): 0.8/2.1 MBProgress (1): 0.8/2.1 MBProgress (1): 0.8/2.1 MBProgress (1): 0.8/2.1 MBProgress (1): 0.8/2.1 MBProgress (1): 0.8/2.1 MBProgress (1): 0.9/2.1 MBProgress (1): 0.9/2.1 MBProgress (1): 0.9/2.1 MBProgress (1): 0.9/2.1 MBProgress (1): 0.9/2.1 MBProgress (1): 0.9/2.1 MBProgress (1): 1.0/2.1 MBProgress (1): 1.0/2.1 MBProgress (1): 1.0/2.1 MBProgress (1): 1.0/2.1 MBProgress (1): 1.0/2.1 MBProgress (1): 1.0/2.1 MBProgress (1): 1.0/2.1 MBProgress (1): 1.1/2.1 MBProgress (1): 1.1/2.1 MBProgress (1): 1.1/2.1 MBProgress (1): 1.1/2.1 MBProgress (1): 1.1/2.1 MBProgress (1): 1.1/2.1 MBProgress (1): 1.2/2.1 MBProgress (1): 1.2/2.1 MBProgress (1): 1.2/2.1 MBProgress (1): 1.2/2.1 MBProgress (1): 1.2/2.1 MBProgress (1): 1.2/2.1 MBProgress (1): 1.3/2.1 MBProgress (1): 1.3/2.1 MBProgress (1): 1.3/2.1 MBProgress (1): 1.3/2.1 MBProgress (1): 1.3/2.1 MBProgress (1): 1.3/2.1 MBProgress (1): 1.4/2.1 MBProgress (1): 1.4/2.1 MBProgress (1): 1.4/2.1 MBProgress (1): 1.4/2.1 MBProgress (1): 1.4/2.1 MBProgress (1): 1.4/2.1 MBProgress (1): 1.5/2.1 MBProgress (1): 1.5/2.1 MBProgress (1): 1.5/2.1 MBProgress (1): 1.5/2.1 MBProgress (1): 1.5/2.1 MBProgress (1): 1.5/2.1 MBProgress (1): 1.6/2.1 MBProgress (1): 1.6/2.1 MBProgress (1): 1.6/2.1 MBProgress (1): 1.6/2.1 MBProgress (1): 1.6/2.1 MBProgress (1): 1.6/2.1 MBProgress (1): 1.7/2.1 MBProgress (1): 1.7/2.1 MBProgress (1): 1.7/2.1 MBProgress (1): 1.7/2.1 MBProgress (1): 1.7/2.1 MBProgress (1): 1.7/2.1 MBProgress (1): 1.8/2.1 MBProgress (1): 1.8/2.1 MBProgress (1): 1.8/2.1 MBProgress (1): 1.8/2.1 MBProgress (1): 1.8/2.1 MBProgress (1): 1.8/2.1 MBProgress (1): 1.9/2.1 MBProgress (1): 1.9/2.1 MBProgress (1): 1.9/2.1 MBProgress (1): 1.9/2.1 MBProgress (1): 1.9/2.1 MBProgress (1): 1.9/2.1 MBProgress (1): 1.9/2.1 MBProgress (1): 2.0/2.1 MBProgress (1): 2.0/2.1 MBProgress (1): 2.0/2.1 MBProgress (1): 2.0/2.1 MBProgress (1): 2.0/2.1 MBProgress (1): 2.0/2.1 MBProgress (1): 2.1 MB                        Downloaded from central: https://repo.maven.apache.org/maven2/org/projectlombok/lombok/1.18.34/lombok-1.18.34.jar (2.1 MB at 1.8 MB/s)
[INFO] Recompiling the module because of changed dependency.
[INFO] Compiling 185 source files with javac [debug parameters release 17] to target\classes
[WARNING] /E:/Documents/eclipse-workspace/northwind-frontend/src/main/java/org/llin/demo/northwind/config/SecurityConfig.java:[33,21] and() in org.springframework.security.config.annotation.SecurityConfigurerAdapter has been deprecated and marked for removal
[WARNING] /E:/Documents/eclipse-workspace/northwind-frontend/src/main/java/org/llin/demo/northwind/controller/util/GenericResponseErrorHandler.java:[42,21] handleError(org.springframework.http.client.ClientHttpResponse) in org.springframework.web.client.ResponseErrorHandler has been deprecated and marked for removal
[INFO] /E:/Documents/eclipse-workspace/northwind-frontend/src/main/java/org/llin/demo/northwind/service/EmailService.java: E:\Documents\eclipse-workspace\northwind-frontend\src\main\java\org\llin\demo\northwind\service\EmailService.java uses or overrides a deprecated API.
[INFO] /E:/Documents/eclipse-workspace/northwind-frontend/src/main/java/org/llin/demo/northwind/service/EmailService.java: Recompile with -Xlint:deprecation for details.
[INFO] 
[INFO] --- maven-resources-plugin:3.3.1:testResources (default-testResources) @ northwind-frontend ---
[INFO] Copying 0 resource from src\test\resources to target\test-classes
[INFO] 
[INFO] --- maven-compiler-plugin:3.13.0:testCompile (default-testCompile) @ northwind-frontend ---
[INFO] Recompiling the module because of changed dependency.
[INFO] Compiling 4 source files with javac [debug parameters release 17] to target\test-classes
[WARNING] /E:/Documents/eclipse-workspace/northwind-frontend/src/test/java/org/llin/demo/northwind/BaseTest.java:[13,6] org.springframework.boot.test.mock.mockito.MockBean in org.springframework.boot.test.mock.mockito has been deprecated and marked for removal
[WARNING] /E:/Documents/eclipse-workspace/northwind-frontend/src/test/java/org/llin/demo/northwind/BaseTest.java:[13,6] org.springframework.boot.test.mock.mockito.MockBean in org.springframework.boot.test.mock.mockito has been deprecated and marked for removal
[WARNING] /E:/Documents/eclipse-workspace/northwind-frontend/src/test/java/org/llin/demo/northwind/BaseTest.java:[13,6] org.springframework.boot.test.mock.mockito.MockBean in org.springframework.boot.test.mock.mockito has been deprecated and marked for removal
[WARNING] /E:/Documents/eclipse-workspace/northwind-frontend/src/test/java/org/llin/demo/northwind/BaseTest.java:[13,6] org.springframework.boot.test.mock.mockito.MockBean in org.springframework.boot.test.mock.mockito has been deprecated and marked for removal
[WARNING] /E:/Documents/eclipse-workspace/northwind-frontend/src/test/java/org/llin/demo/northwind/BaseTest.java:[13,6] org.springframework.boot.test.mock.mockito.MockBean in org.springframework.boot.test.mock.mockito has been deprecated and marked for removal
[INFO] 
[INFO] --- maven-surefire-plugin:3.5.3:test (default-test) @ northwind-frontend ---
[INFO] Using auto detected provider org.apache.maven.surefire.junitplatform.JUnitPlatformProvider
[INFO] 
[INFO] -------------------------------------------------------
[INFO]  T E S T S
[INFO] -------------------------------------------------------
[INFO] Running org.llin.demo.northwind.SecurityConfigTest
11:05:12.319 [main] INFO org.springframework.test.context.support.AnnotationConfigContextLoaderUtils -- Could not detect default configuration classes for test class [org.llin.demo.northwind.SecurityConfigTest]: SecurityConfigTest does not declare any static, non-private, non-final, nested classes annotated with @Configuration.
11:05:12.523 [main] INFO org.springframework.boot.test.context.SpringBootTestContextBootstrapper -- Found @SpringBootConfiguration org.llin.demo.northwind.Application for test class org.llin.demo.northwind.SecurityConfigTest
11:05:13.097 [main] INFO org.springframework.boot.devtools.restart.RestartApplicationListener -- Restart disabled due to context in which it is running

  .   ____          _            __ _ _
 /\\ / ___'_ __ _ _(_)_ __  __ _ \ \ \ \
( ( )\___ | '_ | '_| | '_ \/ _` | \ \ \ \
 \\/  ___)| |_)| | | | | || (_| |  ) ) ) )
  '  |____| .__|_| |_|_| |_\__, | / / / /
 =========|_|==============|___/=/_/_/_/

 :: Spring Boot ::                (v3.4.6)

2026-06-02 11:05:13.711 [main] INFO  o.l.d.northwind.SecurityConfigTest - Starting SecurityConfigTest using Java 17.0.16 with PID 22224 (started by llin0 in E:\Documents\eclipse-workspace\northwind-frontend)
2026-06-02 11:05:13.713 [main] INFO  o.l.d.northwind.SecurityConfigTest - The following 1 profile is active: "dev"
2026-06-02 11:05:13.745 [main] DEBUG c.a.s.c.a.i.k.e.KeyVaultEnvironmentPostProcessor - Skip configuring Key Vault PropertySource because spring.cloud.azure.keyvault.secret.property-sources is empty.
2026-06-02 11:05:13.746 [main] DEBUG o.s.w.c.s.GenericWebApplicationContext - Refreshing org.springframework.web.context.support.GenericWebApplicationContext@74971ed9
Java HotSpot(TM) 64-Bit Server VM warning: Sharing is only supported for boot loader classes because bootstrap classpath has been appended
2026-06-02 11:05:18.429 [main] INFO  o.s.s.c.a.a.c.InitializeAuthenticationProviderBeanManagerConfigurer$InitializeAuthenticationProviderManagerConfigurer - Global AuthenticationManager configured with AuthenticationProvider bean with name authenticationProvider
2026-06-02 11:05:18.430 [main] WARN  o.s.s.c.a.a.c.InitializeUserDetailsBeanManagerConfigurer$InitializeUserDetailsManagerConfigurer - Global AuthenticationManager configured with an AuthenticationProvider bean. UserDetailsService beans will not be used by Spring Security for automatically configuring username/password login. Consider removing the AuthenticationProvider bean. Alternatively, consider using the UserDetailsService in a manually instantiated DaoAuthenticationProvider. If the current configuration is intentional, to turn off this warning, increase the logging level of 'org.springframework.security.config.annotation.authentication.configuration.InitializeUserDetailsBeanManagerConfigurer' to ERROR
2026-06-02 11:05:18.682 [main] DEBUG o.s.w.s.m.m.a.RequestMappingHandlerMapping - 58 mappings in 'requestMappingHandlerMapping'
2026-06-02 11:05:18.747 [main] DEBUG o.s.w.s.h.SimpleUrlHandlerMapping - Patterns [/**] in 'resourceHandlerMapping'
2026-06-02 11:05:18.872 [main] WARN  o.s.w.c.s.GenericWebApplicationContext - Exception encountered during context initialization - cancelling refresh attempt: org.springframework.beans.factory.BeanCreationException: Error creating bean with name 'org.springframework.security.config.annotation.web.configuration.WebSecurityConfiguration': Injection of autowired dependencies failed



============================
CONDITIONS EVALUATION REPORT
============================


Positive matches:
-----------------

   AopAutoConfiguration matched:
      - @ConditionalOnProperty (spring.aop.auto=true) matched (OnPropertyCondition)

   AopAutoConfiguration.AspectJAutoProxyingConfiguration matched:
      - @ConditionalOnClass found required class 'org.aspectj.weaver.Advice' (OnClassCondition)

   AopAutoConfiguration.AspectJAutoProxyingConfiguration.CglibAutoProxyConfiguration matched:
      - @ConditionalOnProperty (spring.aop.proxy-target-class=true) matched (OnPropertyCondition)

   ApplicationAvailabilityAutoConfiguration#applicationAvailability matched:
      - @ConditionalOnMissingBean (types: org.springframework.boot.availability.ApplicationAvailability; SearchStrategy: all) did not find any beans (OnBeanCondition)

   AzureStorageBlobResourceAutoConfiguration matched:
      - @ConditionalOnClass found required class 'com.azure.spring.cloud.core.resource.AzureStorageBlobProtocolResolver' (OnClassCondition)

   AzureTokenCredentialAutoConfiguration#azureCredentialBuilderFactory matched:
      - @ConditionalOnMissingBean (types: com.azure.spring.cloud.core.implementation.factory.credential.DefaultAzureCredentialBuilderFactory; SearchStrategy: all) did not find any beans (OnBeanCondition)

   AzureTokenCredentialAutoConfiguration#azureTokenCredentialResolver matched:
      - @ConditionalOnMissingBean (types: com.azure.spring.cloud.core.implementation.credential.resolver.AzureTokenCredentialResolver; SearchStrategy: all) did not find any beans (OnBeanCondition)

   AzureTokenCredentialAutoConfiguration#clientCertificateCredentialBuilderFactory matched:
      - @ConditionalOnMissingBean (types: com.azure.spring.cloud.core.implementation.factory.credential.ClientCertificateCredentialBuilderFactory; SearchStrategy: all) did not find any beans (OnBeanCondition)

   AzureTokenCredentialAutoConfiguration#clientSecretCredentialBuilderFactory matched:
      - @ConditionalOnMissingBean (types: com.azure.spring.cloud.core.implementation.factory.credential.ClientSecretCredentialBuilderFactory; SearchStrategy: all) did not find any beans (OnBeanCondition)

   AzureTokenCredentialAutoConfiguration#credentialTaskExecutor matched:
      - @ConditionalOnMissingBean (names: springCloudAzureCredentialTaskExecutor; SearchStrategy: all) did not find any beans (OnBeanCondition)

   AzureTokenCredentialAutoConfiguration#managedIdentityCredentialBuilderFactory matched:
      - @ConditionalOnMissingBean (types: com.azure.spring.cloud.core.implementation.factory.credential.ManagedIdentityCredentialBuilderFactory; SearchStrategy: all) did not find any beans (OnBeanCondition)

   AzureTokenCredentialAutoConfiguration#tokenCredential matched:
      - @ConditionalOnMissingBean (names: springCloudAzureDefaultCredential; SearchStrategy: all) did not find any beans (OnBeanCondition)

   AzureTokenCredentialAutoConfiguration#usernamePasswordCredentialBuilderFactory matched:
      - @ConditionalOnMissingBean (types: com.azure.spring.cloud.core.implementation.factory.credential.UsernamePasswordCredentialBuilderFactory; SearchStrategy: all) did not find any beans (OnBeanCondition)

   BeansEndpointAutoConfiguration matched:
      - @ConditionalOnAvailableEndpoint marked as exposed by a 'management.endpoints.web.exposure' property (OnAvailableEndpointCondition)

   BeansEndpointAutoConfiguration#beansEndpoint matched:
      - @ConditionalOnMissingBean (types: org.springframework.boot.actuate.beans.BeansEndpoint; SearchStrategy: all) did not find any beans (OnBeanCondition)

   CacheMeterBinderProvidersConfiguration matched:
      - @ConditionalOnClass found required class 'io.micrometer.core.instrument.binder.MeterBinder' (OnClassCondition)

   CompositeMeterRegistryAutoConfiguration matched:
      - @ConditionalOnClass found required class 'io.micrometer.core.instrument.composite.CompositeMeterRegistry' (OnClassCondition)

   ConfigurationPropertiesReportEndpointAutoConfiguration matched:
      - @ConditionalOnAvailableEndpoint marked as exposed by a 'management.endpoints.web.exposure' property (OnAvailableEndpointCondition)

   ConfigurationPropertiesReportEndpointAutoConfiguration#configurationPropertiesReportEndpoint matched:
      - @ConditionalOnMissingBean (types: org.springframework.boot.actuate.context.properties.ConfigurationPropertiesReportEndpoint; SearchStrategy: all) did not find any beans (OnBeanCondition)

   ConfigurationPropertiesReportEndpointAutoConfiguration#configurationPropertiesReportEndpointWebExtension matched:
      - @ConditionalOnBean (types: org.springframework.boot.actuate.context.properties.ConfigurationPropertiesReportEndpoint; SearchStrategy: all) found bean 'configurationPropertiesReportEndpoint'; @ConditionalOnMissingBean (types: org.springframework.boot.actuate.context.properties.ConfigurationPropertiesReportEndpointWebExtension; SearchStrategy: all) did not find any beans (OnBeanCondition)
      - @ConditionalOnAvailableEndpoint marked as exposed by a 'management.endpoints.web.exposure' property (OnAvailableEndpointCondition)

   DiskSpaceHealthContributorAutoConfiguration matched:
      - @ConditionalOnEnabledHealthIndicator management.health.defaults.enabled is considered true (OnEnabledHealthIndicatorCondition)

   DiskSpaceHealthContributorAutoConfiguration#diskSpaceHealthIndicator matched:
      - @ConditionalOnMissingBean (names: diskSpaceHealthIndicator; SearchStrategy: all) did not find any beans (OnBeanCondition)

   DispatcherServletAutoConfiguration matched:
      - @ConditionalOnClass found required class 'org.springframework.web.servlet.DispatcherServlet' (OnClassCondition)
      - found 'session' scope (OnWebApplicationCondition)

   DispatcherServletAutoConfiguration.DispatcherServletConfiguration matched:
      - @ConditionalOnClass found required class 'jakarta.servlet.ServletRegistration' (OnClassCondition)
      - Default DispatcherServlet did not find dispatcher servlet beans (DispatcherServletAutoConfiguration.DefaultDispatcherServletCondition)

   DispatcherServletAutoConfiguration.DispatcherServletRegistrationConfiguration matched:
      - @ConditionalOnClass found required class 'jakarta.servlet.ServletRegistration' (OnClassCondition)
      - DispatcherServlet Registration did not find servlet registration bean (DispatcherServletAutoConfiguration.DispatcherServletRegistrationCondition)

   DispatcherServletAutoConfiguration.DispatcherServletRegistrationConfiguration#dispatcherServletRegistration matched:
      - @ConditionalOnBean (names: dispatcherServlet types: org.springframework.web.servlet.DispatcherServlet; SearchStrategy: all) found bean 'dispatcherServlet' (OnBeanCondition)

   EndpointAutoConfiguration#endpointCachingOperationInvokerAdvisor matched:
      - @ConditionalOnMissingBean (types: org.springframework.boot.actuate.endpoint.invoker.cache.CachingOperationInvokerAdvisor; SearchStrategy: all) did not find any beans (OnBeanCondition)

   EndpointAutoConfiguration#endpointOperationParameterMapper matched:
      - @ConditionalOnMissingBean (types: org.springframework.boot.actuate.endpoint.invoke.ParameterValueMapper; SearchStrategy: all) did not find any beans (OnBeanCondition)

   EndpointAutoConfiguration#propertiesEndpointAccessResolver matched:
      - @ConditionalOnMissingBean (types: org.springframework.boot.actuate.endpoint.EndpointAccessResolver; SearchStrategy: all) did not find any beans (OnBeanCondition)

   EnvironmentEndpointAutoConfiguration matched:
      - @ConditionalOnAvailableEndpoint marked as exposed by a 'management.endpoints.web.exposure' property (OnAvailableEndpointCondition)

   EnvironmentEndpointAutoConfiguration#environmentEndpoint matched:
      - @ConditionalOnMissingBean (types: org.springframework.boot.actuate.env.EnvironmentEndpoint; SearchStrategy: all) did not find any beans (OnBeanCondition)

   EnvironmentEndpointAutoConfiguration#environmentEndpointWebExtension matched:
      - @ConditionalOnBean (types: org.springframework.boot.actuate.env.EnvironmentEndpoint; SearchStrategy: all) found bean 'environmentEndpoint'; @ConditionalOnMissingBean (types: org.springframework.boot.actuate.env.EnvironmentEndpointWebExtension; SearchStrategy: all) did not find any beans (OnBeanCondition)
      - @ConditionalOnAvailableEndpoint marked as exposed by a 'management.endpoints.web.exposure' property (OnAvailableEndpointCondition)

   ErrorMvcAutoConfiguration matched:
      - @ConditionalOnClass found required classes 'jakarta.servlet.Servlet', 'org.springframework.web.servlet.DispatcherServlet' (OnClassCondition)
      - found 'session' scope (OnWebApplicationCondition)

   ErrorMvcAutoConfiguration#basicErrorController matched:
      - @ConditionalOnMissingBean (types: org.springframework.boot.web.servlet.error.ErrorController; SearchStrategy: current) did not find any beans (OnBeanCondition)

   ErrorMvcAutoConfiguration#errorAttributes matched:
      - @ConditionalOnMissingBean (types: org.springframework.boot.web.servlet.error.ErrorAttributes; SearchStrategy: current) did not find any beans (OnBeanCondition)

   ErrorMvcAutoConfiguration.DefaultErrorViewResolverConfiguration#conventionErrorViewResolver matched:
      - @ConditionalOnBean (types: org.springframework.web.servlet.DispatcherServlet; SearchStrategy: all) found bean 'dispatcherServlet'; @ConditionalOnMissingBean (types: org.springframework.boot.autoconfigure.web.servlet.error.ErrorViewResolver; SearchStrategy: all) did not find any beans (OnBeanCondition)

   ErrorMvcAutoConfiguration.WhitelabelErrorViewConfiguration matched:
      - @ConditionalOnProperty (server.error.whitelabel.enabled) matched (OnPropertyCondition)
      - ErrorTemplate Missing did not find error template view (ErrorMvcAutoConfiguration.ErrorTemplateMissingCondition)

   ErrorMvcAutoConfiguration.WhitelabelErrorViewConfiguration#beanNameViewResolver matched:
      - @ConditionalOnMissingBean (types: org.springframework.web.servlet.view.BeanNameViewResolver; SearchStrategy: all) did not find any beans (OnBeanCondition)

   ErrorMvcAutoConfiguration.WhitelabelErrorViewConfiguration#defaultErrorView matched:
      - @ConditionalOnMissingBean (names: error; SearchStrategy: all) did not find any beans (OnBeanCondition)

   GenericCacheConfiguration matched:
      - Cache org.springframework.boot.autoconfigure.cache.GenericCacheConfiguration automatic cache type (CacheCondition)

   HealthContributorAutoConfiguration#pingHealthContributor matched:
      - @ConditionalOnEnabledHealthIndicator management.health.defaults.enabled is considered true (OnEnabledHealthIndicatorCondition)

   HealthEndpointAutoConfiguration matched:
      - @ConditionalOnAvailableEndpoint marked as exposed by a 'management.endpoints.web.exposure' property (OnAvailableEndpointCondition)

   HealthEndpointConfiguration#healthContributorRegistry matched:
      - @ConditionalOnMissingBean (types: org.springframework.boot.actuate.health.HealthContributorRegistry; SearchStrategy: all) did not find any beans (OnBeanCondition)

   HealthEndpointConfiguration#healthEndpoint matched:
      - @ConditionalOnMissingBean (types: org.springframework.boot.actuate.health.HealthEndpoint; SearchStrategy: all) did not find any beans (OnBeanCondition)

   HealthEndpointConfiguration#healthEndpointGroupMembershipValidator matched:
      - @ConditionalOnProperty (management.endpoint.health.validate-group-membership=true) matched (OnPropertyCondition)

   HealthEndpointConfiguration#healthEndpointGroups matched:
      - @ConditionalOnMissingBean (types: org.springframework.boot.actuate.health.HealthEndpointGroups; SearchStrategy: all) did not find any beans (OnBeanCondition)

   HealthEndpointConfiguration#healthHttpCodeStatusMapper matched:
      - @ConditionalOnMissingBean (types: org.springframework.boot.actuate.health.HttpCodeStatusMapper; SearchStrategy: all) did not find any beans (OnBeanCondition)

   HealthEndpointConfiguration#healthStatusAggregator matched:
      - @ConditionalOnMissingBean (types: org.springframework.boot.actuate.health.StatusAggregator; SearchStrategy: all) did not find any beans (OnBeanCondition)

   HealthEndpointWebExtensionConfiguration matched:
      - found 'session' scope (OnWebApplicationCondition)
      - @ConditionalOnAvailableEndpoint marked as exposed by a 'management.endpoints.web.exposure' property (OnAvailableEndpointCondition)
      - @ConditionalOnBean (types: org.springframework.boot.actuate.health.HealthEndpoint; SearchStrategy: all) found bean 'healthEndpoint' (OnBeanCondition)

   HealthEndpointWebExtensionConfiguration#healthEndpointWebExtension matched:
      - @ConditionalOnMissingBean (types: org.springframework.boot.actuate.health.HealthEndpointWebExtension; SearchStrategy: all) did not find any beans (OnBeanCondition)

   HealthEndpointWebExtensionConfiguration.MvcAdditionalHealthEndpointPathsConfiguration matched:
      - @ConditionalOnBean (types: org.springframework.web.servlet.DispatcherServlet; SearchStrategy: all) found bean 'dispatcherServlet' (OnBeanCondition)

   HttpClientAutoConfiguration matched:
      - @ConditionalOnClass found required class 'org.springframework.http.client.ClientHttpRequestFactory' (OnClassCondition)
      - NoneNestedConditions 0 matched 1 did not; NestedCondition on NotReactiveWebApplicationCondition.ReactiveWebApplication did not find reactive web application classes (NotReactiveWebApplicationCondition)

   HttpClientAutoConfiguration#clientHttpRequestFactoryBuilder matched:
      - @ConditionalOnMissingBean (types: org.springframework.boot.http.client.ClientHttpRequestFactoryBuilder; SearchStrategy: all) did not find any beans (OnBeanCondition)

   HttpClientAutoConfiguration#clientHttpRequestFactorySettings matched:
      - @ConditionalOnMissingBean (types: org.springframework.boot.http.client.ClientHttpRequestFactorySettings; SearchStrategy: all) did not find any beans (OnBeanCondition)

   HttpClientObservationsAutoConfiguration matched:
      - @ConditionalOnClass found required class 'io.micrometer.observation.Observation' (OnClassCondition)
      - @ConditionalOnBean (types: io.micrometer.observation.ObservationRegistry; SearchStrategy: all) found bean 'observationRegistry' (OnBeanCondition)

   HttpClientObservationsAutoConfiguration.MeterFilterConfiguration matched:
      - @ConditionalOnClass found required class 'io.micrometer.core.instrument.MeterRegistry' (OnClassCondition)
      - @ConditionalOnBean (types: io.micrometer.core.instrument.MeterRegistry; SearchStrategy: all) found bean 'simpleMeterRegistry' (OnBeanCondition)

   HttpEncodingAutoConfiguration matched:
      - @ConditionalOnClass found required class 'org.springframework.web.filter.CharacterEncodingFilter' (OnClassCondition)
      - found 'session' scope (OnWebApplicationCondition)
      - @ConditionalOnProperty (server.servlet.encoding.enabled) matched (OnPropertyCondition)

   HttpEncodingAutoConfiguration#characterEncodingFilter matched:
      - @ConditionalOnMissingBean (types: org.springframework.web.filter.CharacterEncodingFilter; SearchStrategy: all) did not find any beans (OnBeanCondition)

   HttpMessageConvertersAutoConfiguration matched:
      - @ConditionalOnClass found required class 'org.springframework.http.converter.HttpMessageConverter' (OnClassCondition)
      - NoneNestedConditions 0 matched 1 did not; NestedCondition on HttpMessageConvertersAutoConfiguration.NotReactiveWebApplicationCondition.ReactiveWebApplication did not find reactive web application classes (HttpMessageConvertersAutoConfiguration.NotReactiveWebApplicationCondition)

   HttpMessageConvertersAutoConfiguration#messageConverters matched:
      - @ConditionalOnMissingBean (types: org.springframework.boot.autoconfigure.http.HttpMessageConverters; SearchStrategy: all) did not find any beans (OnBeanCondition)

   HttpMessageConvertersAutoConfiguration.StringHttpMessageConverterConfiguration matched:
      - @ConditionalOnClass found required class 'org.springframework.http.converter.StringHttpMessageConverter' (OnClassCondition)

   HttpMessageConvertersAutoConfiguration.StringHttpMessageConverterConfiguration#stringHttpMessageConverter matched:
      - @ConditionalOnMissingBean (types: org.springframework.http.converter.StringHttpMessageConverter; SearchStrategy: all) did not find any beans (OnBeanCondition)

   InfoContributorAutoConfiguration#envInfoContributor matched:
      - @ConditionalOnEnabledInfoContributor management.info.env.enabled is true (OnEnabledInfoContributorCondition)

   InfoEndpointAutoConfiguration matched:
      - @ConditionalOnAvailableEndpoint marked as exposed by a 'management.endpoints.web.exposure' property (OnAvailableEndpointCondition)

   InfoEndpointAutoConfiguration#infoEndpoint matched:
      - @ConditionalOnMissingBean (types: org.springframework.boot.actuate.info.InfoEndpoint; SearchStrategy: all) did not find any beans (OnBeanCondition)

   JacksonAutoConfiguration matched:
      - @ConditionalOnClass found required class 'com.fasterxml.jackson.databind.ObjectMapper' (OnClassCondition)

   JacksonAutoConfiguration.Jackson2ObjectMapperBuilderCustomizerConfiguration matched:
      - @ConditionalOnClass found required class 'org.springframework.http.converter.json.Jackson2ObjectMapperBuilder' (OnClassCondition)

   JacksonAutoConfiguration.JacksonObjectMapperBuilderConfiguration matched:
      - @ConditionalOnClass found required class 'org.springframework.http.converter.json.Jackson2ObjectMapperBuilder' (OnClassCondition)

   JacksonAutoConfiguration.JacksonObjectMapperBuilderConfiguration#jacksonObjectMapperBuilder matched:
      - @ConditionalOnMissingBean (types: org.springframework.http.converter.json.Jackson2ObjectMapperBuilder; SearchStrategy: all) did not find any beans (OnBeanCondition)

   JacksonAutoConfiguration.JacksonObjectMapperConfiguration matched:
      - @ConditionalOnClass found required class 'org.springframework.http.converter.json.Jackson2ObjectMapperBuilder' (OnClassCondition)

   JacksonAutoConfiguration.JacksonObjectMapperConfiguration#jacksonObjectMapper matched:
      - @ConditionalOnMissingBean (types: com.fasterxml.jackson.databind.ObjectMapper; SearchStrategy: all) did not find any beans (OnBeanCondition)

   JacksonAutoConfiguration.ParameterNamesModuleConfiguration matched:
      - @ConditionalOnClass found required class 'com.fasterxml.jackson.module.paramnames.ParameterNamesModule' (OnClassCondition)

   JacksonAutoConfiguration.ParameterNamesModuleConfiguration#parameterNamesModule matched:
      - @ConditionalOnMissingBean (types: com.fasterxml.jackson.module.paramnames.ParameterNamesModule; SearchStrategy: all) did not find any beans (OnBeanCondition)

   JacksonEndpointAutoConfiguration#endpointObjectMapper matched:
      - @ConditionalOnClass found required classes 'com.fasterxml.jackson.databind.ObjectMapper', 'org.springframework.http.converter.json.Jackson2ObjectMapperBuilder' (OnClassCondition)
      - @ConditionalOnProperty (management.endpoints.jackson.isolated-object-mapper) matched (OnPropertyCondition)

   JacksonHttpMessageConvertersConfiguration.MappingJackson2HttpMessageConverterConfiguration matched:
      - @ConditionalOnClass found required class 'com.fasterxml.jackson.databind.ObjectMapper' (OnClassCondition)
      - @ConditionalOnProperty (spring.mvc.converters.preferred-json-mapper=jackson) matched (OnPropertyCondition)
      - @ConditionalOnBean (types: com.fasterxml.jackson.databind.ObjectMapper; SearchStrategy: all) found bean 'jacksonObjectMapper' (OnBeanCondition)

   JacksonHttpMessageConvertersConfiguration.MappingJackson2HttpMessageConverterConfiguration#mappingJackson2HttpMessageConverter matched:
      - @ConditionalOnMissingBean (types: org.springframework.http.converter.json.MappingJackson2HttpMessageConverter ignored: org.springframework.hateoas.server.mvc.TypeConstrainedMappingJackson2HttpMessageConverter,org.springframework.data.rest.webmvc.alps.AlpsJsonHttpMessageConverter; SearchStrategy: all) did not find any beans (OnBeanCondition)

   JacksonHttpMessageConvertersConfiguration.MappingJackson2XmlHttpMessageConverterConfiguration matched:
      - @ConditionalOnClass found required class 'com.fasterxml.jackson.dataformat.xml.XmlMapper' (OnClassCondition)
      - @ConditionalOnBean (types: org.springframework.http.converter.json.Jackson2ObjectMapperBuilder; SearchStrategy: all) found bean 'jacksonObjectMapperBuilder' (OnBeanCondition)

   JacksonHttpMessageConvertersConfiguration.MappingJackson2XmlHttpMessageConverterConfiguration#mappingJackson2XmlHttpMessageConverter matched:
      - @ConditionalOnMissingBean (types: org.springframework.http.converter.xml.MappingJackson2XmlHttpMessageConverter; SearchStrategy: all) did not find any beans (OnBeanCondition)

   JvmMetricsAutoConfiguration matched:
      - @ConditionalOnClass found required class 'io.micrometer.core.instrument.MeterRegistry' (OnClassCondition)
      - @ConditionalOnBean (types: io.micrometer.core.instrument.MeterRegistry; SearchStrategy: all) found bean 'simpleMeterRegistry' (OnBeanCondition)

   JvmMetricsAutoConfiguration#classLoaderMetrics matched:
      - @ConditionalOnMissingBean (types: io.micrometer.core.instrument.binder.jvm.ClassLoaderMetrics; SearchStrategy: all) did not find any beans (OnBeanCondition)

   JvmMetricsAutoConfiguration#jvmCompilationMetrics matched:
      - @ConditionalOnMissingBean (types: io.micrometer.core.instrument.binder.jvm.JvmCompilationMetrics; SearchStrategy: all) did not find any beans (OnBeanCondition)

   JvmMetricsAutoConfiguration#jvmGcMetrics matched:
      - @ConditionalOnMissingBean (types: io.micrometer.core.instrument.binder.jvm.JvmGcMetrics; SearchStrategy: all) did not find any beans (OnBeanCondition)

   JvmMetricsAutoConfiguration#jvmHeapPressureMetrics matched:
      - @ConditionalOnMissingBean (types: io.micrometer.core.instrument.binder.jvm.JvmHeapPressureMetrics; SearchStrategy: all) did not find any beans (OnBeanCondition)

   JvmMetricsAutoConfiguration#jvmInfoMetrics matched:
      - @ConditionalOnMissingBean (types: io.micrometer.core.instrument.binder.jvm.JvmInfoMetrics; SearchStrategy: all) did not find any beans (OnBeanCondition)

   JvmMetricsAutoConfiguration#jvmMemoryMetrics matched:
      - @ConditionalOnMissingBean (types: io.micrometer.core.instrument.binder.jvm.JvmMemoryMetrics; SearchStrategy: all) did not find any beans (OnBeanCondition)

   JvmMetricsAutoConfiguration#jvmThreadMetrics matched:
      - @ConditionalOnMissingBean (types: io.micrometer.core.instrument.binder.jvm.JvmThreadMetrics; SearchStrategy: all) did not find any beans (OnBeanCondition)

   LifecycleAutoConfiguration#defaultLifecycleProcessor matched:
      - @ConditionalOnMissingBean (names: lifecycleProcessor; SearchStrategy: current) did not find any beans (OnBeanCondition)

   LogbackMetricsAutoConfiguration matched:
      - @ConditionalOnClass found required classes 'io.micrometer.core.instrument.MeterRegistry', 'ch.qos.logback.classic.LoggerContext', 'org.slf4j.LoggerFactory' (OnClassCondition)
      - LogbackLoggingCondition ILoggerFactory is a Logback LoggerContext (LogbackMetricsAutoConfiguration.LogbackLoggingCondition)
      - @ConditionalOnBean (types: io.micrometer.core.instrument.MeterRegistry; SearchStrategy: all) found bean 'simpleMeterRegistry' (OnBeanCondition)

   LogbackMetricsAutoConfiguration#logbackMetrics matched:
      - @ConditionalOnMissingBean (types: io.micrometer.core.instrument.binder.logging.LogbackMetrics; SearchStrategy: all) did not find any beans (OnBeanCondition)

   MailHealthContributorAutoConfiguration matched:
      - @ConditionalOnClass found required class 'org.springframework.mail.javamail.JavaMailSenderImpl' (OnClassCondition)
      - @ConditionalOnEnabledHealthIndicator management.health.defaults.enabled is considered true (OnEnabledHealthIndicatorCondition)
      - @ConditionalOnBean (types: org.springframework.mail.javamail.JavaMailSenderImpl; SearchStrategy: all) found bean 'mailSender' (OnBeanCondition)

   MailHealthContributorAutoConfiguration#mailHealthContributor matched:
      - @ConditionalOnMissingBean (names: mailHealthIndicator,mailHealthContributor; SearchStrategy: all) did not find any beans (OnBeanCondition)

   MailSenderAutoConfiguration matched:
      - @ConditionalOnClass found required classes 'jakarta.mail.internet.MimeMessage', 'jakarta.activation.MimeType', 'org.springframework.mail.MailSender' (OnClassCondition)
      - AnyNestedCondition 1 matched 1 did not; NestedCondition on MailSenderAutoConfiguration.MailSenderCondition.JndiNameProperty @ConditionalOnProperty (spring.mail.jndi-name) did not find property 'jndi-name'; NestedCondition on MailSenderAutoConfiguration.MailSenderCondition.HostProperty @ConditionalOnProperty (spring.mail.host) matched (MailSenderAutoConfiguration.MailSenderCondition)
      - @ConditionalOnMissingBean (types: org.springframework.mail.MailSender; SearchStrategy: all) did not find any beans (OnBeanCondition)

   MailSenderPropertiesConfiguration matched:
      - @ConditionalOnProperty (spring.mail.host) matched (OnPropertyCondition)

   MailSenderPropertiesConfiguration#mailSender matched:
      - @ConditionalOnMissingBean (types: org.springframework.mail.javamail.JavaMailSender; SearchStrategy: all) did not find any beans (OnBeanCondition)

   ManagementContextAutoConfiguration.SameManagementContextConfiguration matched:
      - Management Port actual port type (SAME) matched required type (OnManagementPortCondition)

   MappingsEndpointAutoConfiguration matched:
      - @ConditionalOnAvailableEndpoint marked as exposed by a 'management.endpoints.web.exposure' property (OnAvailableEndpointCondition)

   MappingsEndpointAutoConfiguration.ServletWebConfiguration matched:
      - found 'session' scope (OnWebApplicationCondition)

   MappingsEndpointAutoConfiguration.ServletWebConfiguration.SpringMvcConfiguration matched:
      - @ConditionalOnClass found required class 'org.springframework.web.servlet.DispatcherServlet' (OnClassCondition)
      - @ConditionalOnBean (types: org.springframework.web.servlet.DispatcherServlet; SearchStrategy: all) found bean 'dispatcherServlet' (OnBeanCondition)

   MetricsAutoConfiguration matched:
      - @ConditionalOnClass found required class 'io.micrometer.core.annotation.Timed' (OnClassCondition)

   MetricsAutoConfiguration#micrometerClock matched:
      - @ConditionalOnMissingBean (types: io.micrometer.core.instrument.Clock; SearchStrategy: all) did not find any beans (OnBeanCondition)

   MultipartAutoConfiguration matched:
      - @ConditionalOnClass found required classes 'jakarta.servlet.Servlet', 'org.springframework.web.multipart.support.StandardServletMultipartResolver', 'jakarta.servlet.MultipartConfigElement' (OnClassCondition)
      - found 'session' scope (OnWebApplicationCondition)
      - @ConditionalOnProperty (spring.servlet.multipart.enabled) matched (OnPropertyCondition)

   MultipartAutoConfiguration#multipartConfigElement matched:
      - @ConditionalOnMissingBean (types: jakarta.servlet.MultipartConfigElement; SearchStrategy: all) did not find any beans (OnBeanCondition)

   MultipartAutoConfiguration#multipartResolver matched:
      - @ConditionalOnMissingBean (types: org.springframework.web.multipart.MultipartResolver; SearchStrategy: all) did not find any beans (OnBeanCondition)

   NettyAutoConfiguration matched:
      - @ConditionalOnClass found required class 'io.netty.util.NettyRuntime' (OnClassCondition)

   NoOpCacheConfiguration matched:
      - Cache org.springframework.boot.autoconfigure.cache.NoOpCacheConfiguration automatic cache type (CacheCondition)

   OAuth2ClientAutoConfiguration matched:
      - @ConditionalOnClass found required classes 'org.springframework.security.config.annotation.web.configuration.EnableWebSecurity', 'org.springframework.security.oauth2.client.registration.ClientRegistration' (OnClassCondition)
      - found 'session' scope (OnWebApplicationCondition)

   OAuth2ClientRegistrationRepositoryConfiguration matched:
      - OAuth2 Clients Configured Condition found registered clients Ov23lio7d1Vy6SMCbmXM, 991598083322-p8852229jl1dm6rc7peb1m09tpavrrt8.apps.googleusercontent.com, 1656067145425113 (ClientsConfiguredCondition)

   OAuth2ClientRegistrationRepositoryConfiguration#clientRegistrationRepository matched:
      - @ConditionalOnMissingBean (types: org.springframework.security.oauth2.client.registration.ClientRegistrationRepository; SearchStrategy: all) did not find any beans (OnBeanCondition)

   OAuth2WebSecurityConfiguration matched:
      - @ConditionalOnBean (types: org.springframework.security.oauth2.client.registration.ClientRegistrationRepository; SearchStrategy: all) found bean 'clientRegistrationRepository' (OnBeanCondition)

   OAuth2WebSecurityConfiguration#authorizedClientRepository matched:
      - @ConditionalOnMissingBean (types: org.springframework.security.oauth2.client.web.OAuth2AuthorizedClientRepository; SearchStrategy: all) did not find any beans (OnBeanCondition)

   OAuth2WebSecurityConfiguration#authorizedClientService matched:
      - @ConditionalOnMissingBean (types: org.springframework.security.oauth2.client.OAuth2AuthorizedClientService; SearchStrategy: all) did not find any beans (OnBeanCondition)

   OAuth2WebSecurityConfiguration.OAuth2SecurityFilterChainConfiguration matched:
      - AllNestedConditions 2 matched 0 did not; NestedCondition on DefaultWebSecurityCondition.Beans @ConditionalOnMissingBean (types: org.springframework.security.web.SecurityFilterChain; SearchStrategy: all) did not find any beans; NestedCondition on DefaultWebSecurityCondition.Classes @ConditionalOnClass found required classes 'org.springframework.security.web.SecurityFilterChain', 'org.springframework.security.config.annotation.web.builders.HttpSecurity' (DefaultWebSecurityCondition)

   ObservationAutoConfiguration matched:
      - @ConditionalOnClass found required class 'io.micrometer.observation.ObservationRegistry' (OnClassCondition)

   ObservationAutoConfiguration#observationRegistry matched:
      - @ConditionalOnMissingBean (types: io.micrometer.observation.ObservationRegistry; SearchStrategy: all) did not find any beans (OnBeanCondition)

   ObservationAutoConfiguration.MeterObservationHandlerConfiguration matched:
      - @ConditionalOnBean (types: io.micrometer.core.instrument.MeterRegistry; SearchStrategy: all) found bean 'simpleMeterRegistry'; @ConditionalOnMissingBean (types: io.micrometer.core.instrument.observation.MeterObservationHandler; SearchStrategy: all) did not find any beans (OnBeanCondition)

   ObservationAutoConfiguration.MeterObservationHandlerConfiguration.OnlyMetricsMeterObservationHandlerConfiguration matched:
      - @ConditionalOnMissingBean (types: io.micrometer.tracing.Tracer; SearchStrategy: all) did not find any beans (OnBeanCondition)

   ObservationAutoConfiguration.OnlyMetricsConfiguration matched:
      - @ConditionalOnClass found required class 'io.micrometer.core.instrument.MeterRegistry'; @ConditionalOnMissingClass did not find unwanted class 'io.micrometer.tracing.Tracer' (OnClassCondition)

   PropertyPlaceholderAutoConfiguration#propertySourcesPlaceholderConfigurer matched:
      - @ConditionalOnMissingBean (types: org.springframework.context.support.PropertySourcesPlaceholderConfigurer; SearchStrategy: current) did not find any beans (OnBeanCondition)

   ReactiveHealthEndpointConfiguration matched:
      - @ConditionalOnClass found required class 'reactor.core.publisher.Flux' (OnClassCondition)
      - @ConditionalOnBean (types: org.springframework.boot.actuate.health.HealthEndpoint; SearchStrategy: all) found bean 'healthEndpoint' (OnBeanCondition)

   ReactiveHealthEndpointConfiguration#reactiveHealthContributorRegistry matched:
      - @ConditionalOnMissingBean (types: org.springframework.boot.actuate.health.ReactiveHealthContributorRegistry; SearchStrategy: all) did not find any beans (OnBeanCondition)

   ReactorAutoConfiguration matched:
      - @ConditionalOnClass found required class 'reactor.core.publisher.Hooks' (OnClassCondition)

   RestClientAutoConfiguration matched:
      - @ConditionalOnClass found required class 'org.springframework.web.client.RestClient' (OnClassCondition)
      - NoneNestedConditions 0 matched 1 did not; NestedCondition on NotReactiveWebApplicationCondition.ReactiveWebApplication did not find reactive web application classes (NotReactiveWebApplicationCondition)

   RestClientAutoConfiguration#httpMessageConvertersRestClientCustomizer matched:
      - @ConditionalOnMissingBean (types: org.springframework.boot.autoconfigure.web.client.HttpMessageConvertersRestClientCustomizer; SearchStrategy: all) did not find any beans (OnBeanCondition)

   RestClientAutoConfiguration#restClientBuilder matched:
      - @ConditionalOnMissingBean (types: org.springframework.web.client.RestClient$Builder; SearchStrategy: all) did not find any beans (OnBeanCondition)

   RestClientAutoConfiguration#restClientBuilderConfigurer matched:
      - @ConditionalOnMissingBean (types: org.springframework.boot.autoconfigure.web.client.RestClientBuilderConfigurer; SearchStrategy: all) did not find any beans (OnBeanCondition)

   RestClientAutoConfiguration#restClientSsl matched:
      - @ConditionalOnBean (types: org.springframework.boot.ssl.SslBundles; SearchStrategy: all) found bean 'sslBundleRegistry'; @ConditionalOnMissingBean (types: org.springframework.boot.autoconfigure.web.client.RestClientSsl; SearchStrategy: all) did not find any beans (OnBeanCondition)

   RestClientObservationConfiguration matched:
      - @ConditionalOnClass found required class 'org.springframework.web.client.RestClient' (OnClassCondition)
      - @ConditionalOnBean (types: org.springframework.web.client.RestClient$Builder; SearchStrategy: all) found bean 'restClientBuilder' (OnBeanCondition)

   RestTemplateAutoConfiguration matched:
      - @ConditionalOnClass found required class 'org.springframework.web.client.RestTemplate' (OnClassCondition)
      - NoneNestedConditions 0 matched 1 did not; NestedCondition on NotReactiveWebApplicationCondition.ReactiveWebApplication did not find reactive web application classes (NotReactiveWebApplicationCondition)

   RestTemplateAutoConfiguration#restTemplateBuilder matched:
      - @ConditionalOnMissingBean (types: org.springframework.boot.web.client.RestTemplateBuilder; SearchStrategy: all) did not find any beans (OnBeanCondition)

   RestTemplateObservationConfiguration matched:
      - @ConditionalOnClass found required class 'org.springframework.web.client.RestTemplate' (OnClassCondition)
      - @ConditionalOnBean (types: org.springframework.boot.web.client.RestTemplateBuilder; SearchStrategy: all) found bean 'restTemplateBuilder' (OnBeanCondition)

   ScheduledTasksObservabilityAutoConfiguration matched:
      - @ConditionalOnClass found required class 'org.springframework.scheduling.concurrent.ThreadPoolTaskScheduler' (OnClassCondition)
      - @ConditionalOnBean (types: io.micrometer.observation.ObservationRegistry; SearchStrategy: all) found bean 'observationRegistry' (OnBeanCondition)

   SecurityAutoConfiguration matched:
      - @ConditionalOnClass found required class 'org.springframework.security.authentication.DefaultAuthenticationEventPublisher' (OnClassCondition)

   SecurityAutoConfiguration#authenticationEventPublisher matched:
      - @ConditionalOnMissingBean (types: org.springframework.security.authentication.AuthenticationEventPublisher; SearchStrategy: all) did not find any beans (OnBeanCondition)

   SecurityFilterAutoConfiguration matched:
      - @ConditionalOnClass found required classes 'org.springframework.security.web.context.AbstractSecurityWebApplicationInitializer', 'org.springframework.security.config.http.SessionCreationPolicy' (OnClassCondition)
      - found 'session' scope (OnWebApplicationCondition)

   SecurityFilterAutoConfiguration#securityFilterChainRegistration matched:
      - @ConditionalOnBean (names: springSecurityFilterChain; SearchStrategy: all) found bean 'springSecurityFilterChain' (OnBeanCondition)

   SecurityRequestMatchersManagementContextConfiguration matched:
      - @ConditionalOnClass found required class 'org.springframework.security.web.util.matcher.RequestMatcher' (OnClassCondition)
      - found 'session' scope (OnWebApplicationCondition)

   SecurityRequestMatchersManagementContextConfiguration.MvcRequestMatcherConfiguration matched:
      - @ConditionalOnClass found required class 'org.springframework.web.servlet.DispatcherServlet' (OnClassCondition)
      - @ConditionalOnBean (types: org.springframework.boot.autoconfigure.web.servlet.DispatcherServletPath; SearchStrategy: all) found bean 'dispatcherServletRegistration' (OnBeanCondition)

   SecurityRequestMatchersManagementContextConfiguration.MvcRequestMatcherConfiguration#requestMatcherProvider matched:
      - @ConditionalOnClass found required class 'org.springframework.web.servlet.DispatcherServlet' (OnClassCondition)
      - @ConditionalOnMissingBean (types: org.springframework.boot.autoconfigure.security.servlet.RequestMatcherProvider; SearchStrategy: all) did not find any beans (OnBeanCondition)

   ServletEndpointManagementContextConfiguration matched:
      - found 'session' scope (OnWebApplicationCondition)

   ServletEndpointManagementContextConfiguration.WebMvcServletEndpointManagementContextConfiguration matched:
      - @ConditionalOnClass found required class 'org.springframework.web.servlet.DispatcherServlet' (OnClassCondition)

   ServletManagementContextAutoConfiguration matched:
      - @ConditionalOnClass found required class 'jakarta.servlet.Servlet' (OnClassCondition)
      - found 'session' scope (OnWebApplicationCondition)

   ServletWebServerFactoryAutoConfiguration matched:
      - @ConditionalOnClass found required class 'jakarta.servlet.ServletRequest' (OnClassCondition)
      - found 'session' scope (OnWebApplicationCondition)

   ServletWebServerFactoryAutoConfiguration#tomcatServletWebServerFactoryCustomizer matched:
      - @ConditionalOnClass found required class 'org.apache.catalina.startup.Tomcat' (OnClassCondition)

   ServletWebServerFactoryConfiguration.EmbeddedTomcat matched:
      - @ConditionalOnClass found required classes 'jakarta.servlet.Servlet', 'org.apache.catalina.startup.Tomcat', 'org.apache.coyote.UpgradeProtocol' (OnClassCondition)
      - @ConditionalOnMissingBean (types: org.springframework.boot.web.servlet.server.ServletWebServerFactory; SearchStrategy: current) did not find any beans (OnBeanCondition)

   SimpleCacheConfiguration matched:
      - Cache org.springframework.boot.autoconfigure.cache.SimpleCacheConfiguration automatic cache type (CacheCondition)

   SimpleMetricsExportAutoConfiguration matched:
      - @ConditionalOnEnabledMetricsExport management.simple.metrics.export.enabled is true (OnMetricsExportEnabledCondition)
      - @ConditionalOnBean (types: io.micrometer.core.instrument.Clock; SearchStrategy: all) found bean 'micrometerClock'; @ConditionalOnMissingBean (types: io.micrometer.core.instrument.MeterRegistry; SearchStrategy: all) did not find any beans (OnBeanCondition)

   SimpleMetricsExportAutoConfiguration#simpleConfig matched:
      - @ConditionalOnMissingBean (types: io.micrometer.core.instrument.simple.SimpleConfig; SearchStrategy: all) did not find any beans (OnBeanCondition)

   SpringBootWebSecurityConfiguration matched:
      - found 'session' scope (OnWebApplicationCondition)

   SqlInitializationAutoConfiguration matched:
      - @ConditionalOnProperty (spring.sql.init.enabled) matched (OnPropertyCondition)
      - NoneNestedConditions 0 matched 1 did not; NestedCondition on SqlInitializationAutoConfiguration.SqlInitializationModeCondition.ModeIsNever @ConditionalOnProperty (spring.sql.init.mode=never) did not find property 'mode' (SqlInitializationAutoConfiguration.SqlInitializationModeCondition)

   SslAutoConfiguration#sslBundleRegistry matched:
      - @ConditionalOnMissingBean (types: org.springframework.boot.ssl.SslBundleRegistry,org.springframework.boot.ssl.SslBundles; SearchStrategy: all) did not find any beans (OnBeanCondition)

   SslHealthContributorAutoConfiguration matched:
      - @ConditionalOnEnabledHealthIndicator management.health.defaults.enabled is considered true (OnEnabledHealthIndicatorCondition)

   SslHealthContributorAutoConfiguration#sslHealthIndicator matched:
      - @ConditionalOnMissingBean (names: sslHealthIndicator; SearchStrategy: all) did not find any beans (OnBeanCondition)

   SslHealthContributorAutoConfiguration#sslInfo matched:
      - @ConditionalOnMissingBean (types: org.springframework.boot.info.SslInfo; SearchStrategy: all) did not find any beans (OnBeanCondition)

   StartupTimeMetricsListenerAutoConfiguration matched:
      - @ConditionalOnClass found required class 'io.micrometer.core.instrument.MeterRegistry' (OnClassCondition)
      - @ConditionalOnBean (types: io.micrometer.core.instrument.MeterRegistry; SearchStrategy: all) found bean 'simpleMeterRegistry' (OnBeanCondition)

   StartupTimeMetricsListenerAutoConfiguration#startupTimeMetrics matched:
      - @ConditionalOnMissingBean (types: org.springframework.boot.actuate.metrics.startup.StartupTimeMetricsListener; SearchStrategy: all) did not find any beans (OnBeanCondition)

   SystemMetricsAutoConfiguration matched:
      - @ConditionalOnClass found required class 'io.micrometer.core.instrument.MeterRegistry' (OnClassCondition)
      - @ConditionalOnBean (types: io.micrometer.core.instrument.MeterRegistry; SearchStrategy: all) found bean 'simpleMeterRegistry' (OnBeanCondition)

   SystemMetricsAutoConfiguration#diskSpaceMetrics matched:
      - @ConditionalOnMissingBean (types: org.springframework.boot.actuate.metrics.system.DiskSpaceMetricsBinder; SearchStrategy: all) did not find any beans (OnBeanCondition)

   SystemMetricsAutoConfiguration#fileDescriptorMetrics matched:
      - @ConditionalOnMissingBean (types: io.micrometer.core.instrument.binder.system.FileDescriptorMetrics; SearchStrategy: all) did not find any beans (OnBeanCondition)

   SystemMetricsAutoConfiguration#processorMetrics matched:
      - @ConditionalOnMissingBean (types: io.micrometer.core.instrument.binder.system.ProcessorMetrics; SearchStrategy: all) did not find any beans (OnBeanCondition)

   SystemMetricsAutoConfiguration#uptimeMetrics matched:
      - @ConditionalOnMissingBean (types: io.micrometer.core.instrument.binder.system.UptimeMetrics; SearchStrategy: all) did not find any beans (OnBeanCondition)

   TaskExecutionAutoConfiguration matched:
      - @ConditionalOnClass found required class 'org.springframework.scheduling.concurrent.ThreadPoolTaskExecutor' (OnClassCondition)

   TaskExecutorConfigurations.SimpleAsyncTaskExecutorBuilderConfiguration#simpleAsyncTaskExecutorBuilder matched:
      - @ConditionalOnMissingBean (types: org.springframework.boot.task.SimpleAsyncTaskExecutorBuilder; SearchStrategy: all) did not find any beans (OnBeanCondition)
      - @ConditionalOnThreading found PLATFORM (OnThreadingCondition)

   TaskExecutorConfigurations.TaskExecutorConfiguration matched:
      - @ConditionalOnMissingBean (types: java.util.concurrent.Executor; SearchStrategy: all) did not find any beans (OnBeanCondition)

   TaskExecutorConfigurations.TaskExecutorConfiguration#applicationTaskExecutor matched:
      - @ConditionalOnThreading found PLATFORM (OnThreadingCondition)

   TaskExecutorConfigurations.ThreadPoolTaskExecutorBuilderConfiguration#threadPoolTaskExecutorBuilder matched:
      - @ConditionalOnMissingBean (types: org.springframework.boot.task.ThreadPoolTaskExecutorBuilder; SearchStrategy: all) did not find any beans (OnBeanCondition)

   TaskExecutorMetricsAutoConfiguration matched:
      - @ConditionalOnClass found required class 'io.micrometer.core.instrument.binder.jvm.ExecutorServiceMetrics' (OnClassCondition)
      - @ConditionalOnBean (types: java.util.concurrent.Executor,io.micrometer.core.instrument.MeterRegistry; SearchStrategy: all) found beans 'springCloudAzureCredentialTaskExecutor', 'applicationTaskExecutor', 'simpleMeterRegistry', 'taskScheduler' (OnBeanCondition)

   TaskSchedulingAutoConfiguration matched:
      - @ConditionalOnClass found required class 'org.springframework.scheduling.concurrent.ThreadPoolTaskScheduler' (OnClassCondition)

   TaskSchedulingAutoConfiguration#scheduledBeanLazyInitializationExcludeFilter matched:
      - @ConditionalOnBean (names: org.springframework.context.annotation.internalScheduledAnnotationProcessor; SearchStrategy: all) found bean 'org.springframework.context.annotation.internalScheduledAnnotationProcessor' (OnBeanCondition)

   TaskSchedulingConfigurations.SimpleAsyncTaskSchedulerBuilderConfiguration#simpleAsyncTaskSchedulerBuilder matched:
      - @ConditionalOnMissingBean (types: org.springframework.boot.task.SimpleAsyncTaskSchedulerBuilder; SearchStrategy: all) did not find any beans (OnBeanCondition)
      - @ConditionalOnThreading found PLATFORM (OnThreadingCondition)

   TaskSchedulingConfigurations.TaskSchedulerConfiguration matched:
      - @ConditionalOnBean (names: org.springframework.context.annotation.internalScheduledAnnotationProcessor; SearchStrategy: all) found bean 'org.springframework.context.annotation.internalScheduledAnnotationProcessor'; @ConditionalOnMissingBean (types: org.springframework.scheduling.TaskScheduler,java.util.concurrent.ScheduledExecutorService; SearchStrategy: all) did not find any beans (OnBeanCondition)

   TaskSchedulingConfigurations.TaskSchedulerConfiguration#taskScheduler matched:
      - @ConditionalOnThreading found PLATFORM (OnThreadingCondition)

   TaskSchedulingConfigurations.ThreadPoolTaskSchedulerBuilderConfiguration#threadPoolTaskSchedulerBuilder matched:
      - @ConditionalOnMissingBean (types: org.springframework.boot.task.ThreadPoolTaskSchedulerBuilder; SearchStrategy: all) did not find any beans (OnBeanCondition)

   TemplateEngineConfigurations.DefaultTemplateEngineConfiguration#templateEngine matched:
      - @ConditionalOnMissingBean (types: org.thymeleaf.spring6.ISpringTemplateEngine; SearchStrategy: all) did not find any beans (OnBeanCondition)

   ThreadDumpEndpointAutoConfiguration matched:
      - @ConditionalOnAvailableEndpoint marked as exposed by a 'management.endpoints.web.exposure' property (OnAvailableEndpointCondition)

   ThreadDumpEndpointAutoConfiguration#dumpEndpoint matched:
      - @ConditionalOnMissingBean (types: org.springframework.boot.actuate.management.ThreadDumpEndpoint; SearchStrategy: all) did not find any beans (OnBeanCondition)

   ThymeleafAutoConfiguration matched:
      - @ConditionalOnClass found required classes 'org.thymeleaf.templatemode.TemplateMode', 'org.thymeleaf.spring6.SpringTemplateEngine' (OnClassCondition)

   ThymeleafAutoConfiguration.DefaultTemplateResolverConfiguration matched:
      - @ConditionalOnMissingBean (names: defaultTemplateResolver; SearchStrategy: all) did not find any beans (OnBeanCondition)

   ThymeleafAutoConfiguration.ThymeleafWebMvcConfiguration matched:
      - found 'session' scope (OnWebApplicationCondition)
      - @ConditionalOnProperty (spring.thymeleaf.enabled) matched (OnPropertyCondition)

   ThymeleafAutoConfiguration.ThymeleafWebMvcConfiguration.ThymeleafViewResolverConfiguration matched:
      - @ConditionalOnClass found required class 'org.springframework.web.servlet.view.AbstractCachingViewResolver' (OnClassCondition)

   ThymeleafAutoConfiguration.ThymeleafWebMvcConfiguration.ThymeleafViewResolverConfiguration#thymeleafViewResolver matched:
      - @ConditionalOnMissingBean (names: thymeleafViewResolver; SearchStrategy: all) did not find any beans (OnBeanCondition)

   TomcatMetricsAutoConfiguration matched:
      - @ConditionalOnClass found required classes 'io.micrometer.core.instrument.binder.tomcat.TomcatMetrics', 'org.apache.catalina.Manager' (OnClassCondition)
      - @ConditionalOnWebApplication (required) found 'session' scope (OnWebApplicationCondition)

   TomcatMetricsAutoConfiguration#tomcatMetricsBinder matched:
      - @ConditionalOnBean (types: io.micrometer.core.instrument.MeterRegistry; SearchStrategy: all) found bean 'simpleMeterRegistry'; @ConditionalOnMissingBean (types: io.micrometer.core.instrument.binder.tomcat.TomcatMetrics,org.springframework.boot.actuate.metrics.web.tomcat.TomcatMetricsBinder; SearchStrategy: all) did not find any beans (OnBeanCondition)

   ValidationAutoConfiguration matched:
      - @ConditionalOnClass found required class 'jakarta.validation.executable.ExecutableValidator' (OnClassCondition)
      - @ConditionalOnResource found location classpath:META-INF/services/jakarta.validation.spi.ValidationProvider (OnResourceCondition)

   ValidationAutoConfiguration#defaultValidator matched:
      - @ConditionalOnMissingBean (types: jakarta.validation.Validator; SearchStrategy: all) did not find any beans (OnBeanCondition)

   ValidationAutoConfiguration#methodValidationPostProcessor matched:
      - @ConditionalOnMissingBean (types: org.springframework.validation.beanvalidation.MethodValidationPostProcessor; SearchStrategy: current) did not find any beans (OnBeanCondition)

   WebEndpointAutoConfiguration matched:
      - @ConditionalOnWebApplication (required) found 'session' scope (OnWebApplicationCondition)

   WebEndpointAutoConfiguration#controllerEndpointDiscoverer matched:
      - @ConditionalOnMissingBean (types: org.springframework.boot.actuate.endpoint.web.annotation.ControllerEndpointsSupplier; SearchStrategy: all) did not find any beans (OnBeanCondition)

   WebEndpointAutoConfiguration#endpointMediaTypes matched:
      - @ConditionalOnMissingBean (types: org.springframework.boot.actuate.endpoint.web.EndpointMediaTypes; SearchStrategy: all) did not find any beans (OnBeanCondition)

   WebEndpointAutoConfiguration#pathMappedEndpoints matched:
      - @ConditionalOnMissingBean (types: org.springframework.boot.actuate.endpoint.web.PathMappedEndpoints; SearchStrategy: all) did not find any beans (OnBeanCondition)

   WebEndpointAutoConfiguration#webEndpointDiscoverer matched:
      - @ConditionalOnMissingBean (types: org.springframework.boot.actuate.endpoint.web.WebEndpointsSupplier; SearchStrategy: all) did not find any beans (OnBeanCondition)

   WebEndpointAutoConfiguration.WebEndpointServletConfiguration matched:
      - found 'session' scope (OnWebApplicationCondition)

   WebEndpointAutoConfiguration.WebEndpointServletConfiguration#servletEndpointDiscoverer matched:
      - @ConditionalOnMissingBean (types: org.springframework.boot.actuate.endpoint.web.annotation.ServletEndpointsSupplier; SearchStrategy: all) did not find any beans (OnBeanCondition)

   WebMvcEndpointManagementContextConfiguration matched:
      - @ConditionalOnClass found required class 'org.springframework.web.servlet.DispatcherServlet' (OnClassCondition)
      - found 'session' scope (OnWebApplicationCondition)
      - @ConditionalOnBean (types: org.springframework.web.servlet.DispatcherServlet,org.springframework.boot.actuate.endpoint.web.WebEndpointsSupplier; SearchStrategy: all) found beans 'webEndpointDiscoverer', 'dispatcherServlet' (OnBeanCondition)

   WebMvcEndpointManagementContextConfiguration#controllerEndpointHandlerMapping matched:
      - @ConditionalOnMissingBean (types: org.springframework.boot.actuate.endpoint.web.servlet.ControllerEndpointHandlerMapping; SearchStrategy: all) did not find any beans (OnBeanCondition)

   WebMvcEndpointManagementContextConfiguration#endpointObjectMapperWebMvcConfigurer matched:
      - @ConditionalOnBean (types: org.springframework.boot.actuate.endpoint.jackson.EndpointObjectMapper; SearchStrategy: all) found bean 'endpointObjectMapper' (OnBeanCondition)

   WebMvcEndpointManagementContextConfiguration#webEndpointServletHandlerMapping matched:
      - @ConditionalOnMissingBean (types: org.springframework.boot.actuate.endpoint.web.servlet.WebMvcEndpointHandlerMapping; SearchStrategy: all) did not find any beans (OnBeanCondition)

   WebMvcObservationAutoConfiguration matched:
      - @ConditionalOnClass found required classes 'org.springframework.web.servlet.DispatcherServlet', 'io.micrometer.observation.Observation' (OnClassCondition)
      - found 'session' scope (OnWebApplicationCondition)
      - @ConditionalOnBean (types: io.micrometer.observation.ObservationRegistry; SearchStrategy: all) found bean 'observationRegistry' (OnBeanCondition)

   WebMvcObservationAutoConfiguration#webMvcObservationFilter matched:
      - @ConditionalOnMissingBean (types: org.springframework.web.filter.ServerHttpObservationFilter; SearchStrategy: all) did not find any beans (OnBeanCondition)

   WebMvcObservationAutoConfiguration.MeterFilterConfiguration matched:
      - @ConditionalOnClass found required class 'io.micrometer.core.instrument.MeterRegistry' (OnClassCondition)
      - @ConditionalOnBean (types: io.micrometer.core.instrument.MeterRegistry; SearchStrategy: all) found bean 'simpleMeterRegistry' (OnBeanCondition)

   WebSocketServletAutoConfiguration matched:
      - @ConditionalOnClass found required classes 'jakarta.servlet.Servlet', 'jakarta.websocket.server.ServerContainer' (OnClassCondition)
      - found 'session' scope (OnWebApplicationCondition)

   WebSocketServletAutoConfiguration.TomcatWebSocketConfiguration matched:
      - @ConditionalOnClass found required classes 'org.apache.catalina.startup.Tomcat', 'org.apache.tomcat.websocket.server.WsSci' (OnClassCondition)

   WebSocketServletAutoConfiguration.TomcatWebSocketConfiguration#websocketServletWebServerCustomizer matched:
      - @ConditionalOnMissingBean (names: websocketServletWebServerCustomizer; SearchStrategy: all) did not find any beans (OnBeanCondition)


Negative matches:
-----------------

   AadAuthenticationFilterAutoConfiguration:
      Did not match:
         - @ConditionalOnExpression (#{${spring.cloud.azure.active-directory.enabled:false}}) resulted in false (OnExpressionCondition)
      Matched:
         - @ConditionalOnMissingClass did not find unwanted class 'org.springframework.security.oauth2.server.resource.authentication.BearerTokenAuthenticationToken' (OnClassCondition)
         - found 'session' scope (OnWebApplicationCondition)

   AadAutoConfiguration:
      Did not match:
         - @ConditionalOnProperty (spring.cloud.azure.active-directory.enabled=true) did not find property 'spring.cloud.azure.active-directory.enabled' (OnPropertyCondition)
      Matched:
         - found 'session' scope (OnWebApplicationCondition)

   AadB2cAutoConfiguration:
      Did not match:
         - @ConditionalOnProperty (spring.cloud.azure.active-directory.b2c.enabled=true) did not find property 'spring.cloud.azure.active-directory.b2c.enabled' (OnPropertyCondition)
      Matched:
         - found 'session' scope (OnWebApplicationCondition)

   AadB2cResourceServerAutoConfiguration:
      Did not match:
         - @ConditionalOnClass did not find required class 'org.springframework.security.oauth2.server.resource.authentication.BearerTokenAuthenticationToken' (OnClassCondition)

   ActiveMQAutoConfiguration:
      Did not match:
         - @ConditionalOnClass did not find required class 'jakarta.jms.ConnectionFactory' (OnClassCondition)

   AopAutoConfiguration.AspectJAutoProxyingConfiguration.JdkDynamicAutoProxyConfiguration:
      Did not match:
         - @ConditionalOnProperty (spring.aop.proxy-target-class=false) did not find property 'proxy-target-class' (OnPropertyCondition)

   AopAutoConfiguration.ClassProxyingConfiguration:
      Did not match:
         - @ConditionalOnMissingClass found unwanted class 'org.aspectj.weaver.Advice' (OnClassCondition)

   AppOpticsMetricsExportAutoConfiguration:
      Did not match:
         - @ConditionalOnClass did not find required class 'io.micrometer.appoptics.AppOpticsMeterRegistry' (OnClassCondition)

   ArtemisAutoConfiguration:
      Did not match:
         - @ConditionalOnClass did not find required class 'jakarta.jms.ConnectionFactory' (OnClassCondition)

   AtlasMetricsExportAutoConfiguration:
      Did not match:
         - @ConditionalOnClass did not find required class 'io.micrometer.atlas.AtlasMeterRegistry' (OnClassCondition)

   AuditAutoConfiguration:
      Did not match:
         - @ConditionalOnBean (types: org.springframework.boot.actuate.audit.AuditEventRepository; SearchStrategy: all) did not find any beans of type org.springframework.boot.actuate.audit.AuditEventRepository (OnBeanCondition)
      Matched:
         - @ConditionalOnProperty (management.auditevents.enabled) matched (OnPropertyCondition)

   AuditEventsEndpointAutoConfiguration:
      Did not match:
         - @ConditionalOnAvailableEndpoint not exposed (OnAvailableEndpointCondition)

   AvailabilityHealthContributorAutoConfiguration#livenessStateHealthIndicator:
      Did not match:
         - @ConditionalOnProperty (management.health.livenessstate.enabled=true) did not find property 'enabled' (OnPropertyCondition)

   AvailabilityHealthContributorAutoConfiguration#readinessStateHealthIndicator:
      Did not match:
         - @ConditionalOnProperty (management.health.readinessstate.enabled=true) did not find property 'enabled' (OnPropertyCondition)

   AvailabilityProbesAutoConfiguration:
      Did not match:
         - Probes availability not running on a supported cloud platform (AvailabilityProbesAutoConfiguration.ProbesCondition)

   AzureAppConfigurationAutoConfiguration:
      Did not match:
         - @ConditionalOnClass did not find required class 'com.azure.data.appconfiguration.ConfigurationClientBuilder' (OnClassCondition)

   AzureCompatibilityVerifierAutoConfiguration:
      Did not match:
         - @ConditionalOnProperty (spring.cloud.azure.compatibility-verifier.enabled) did not find property 'spring.cloud.azure.compatibility-verifier.enabled' (OnPropertyCondition)

   AzureCosmosAutoConfiguration:
      Did not match:
         - @ConditionalOnClass did not find required class 'com.azure.cosmos.CosmosClientBuilder' (OnClassCondition)

   AzureEventGridAutoConfiguration:
      Did not match:
         - @ConditionalOnClass did not find required class 'com.azure.messaging.eventgrid.EventGridPublisherClientBuilder' (OnClassCondition)

   AzureEventHubsAutoConfiguration:
      Did not match:
         - @ConditionalOnClass did not find required class 'com.azure.messaging.eventhubs.EventHubClientBuilder' (OnClassCondition)

   AzureEventHubsKafkaAutoConfiguration:
      Did not match:
         - @ConditionalOnClass did not find required class 'org.springframework.kafka.core.KafkaTemplate' (OnClassCondition)

   AzureEventHubsKafkaBinderOAuth2AutoConfiguration:
      Did not match:
         - @ConditionalOnClass did not find required class 'org.springframework.cloud.stream.binder.kafka.config.KafkaBinderConfiguration' (OnClassCondition)

   AzureEventHubsKafkaOAuth2AutoConfiguration:
      Did not match:
         - @ConditionalOnClass did not find required class 'org.springframework.kafka.core.KafkaTemplate' (OnClassCondition)

   AzureEventHubsMessagingAutoConfiguration:
      Did not match:
         - @ConditionalOnClass did not find required class 'com.azure.spring.messaging.eventhubs.core.EventHubsTemplate' (OnClassCondition)

   AzureEventHubsResourceManagerAutoConfiguration:
      Did not match:
         - @ConditionalOnClass did not find required class 'com.azure.spring.cloud.resourcemanager.implementation.provisioning.EventHubsProvisioner' (OnClassCondition)

   AzureJdbcAutoConfiguration:
      Did not match:
         - @ConditionalOnClass did not find required class 'com.azure.identity.extensions.implementation.template.AzureAuthenticationTemplate' (OnClassCondition)

   AzureKeyVaultCertificateAutoConfiguration:
      Did not match:
         - @ConditionalOnClass did not find required class 'com.azure.security.keyvault.certificates.CertificateClientBuilder' (OnClassCondition)

   AzureKeyVaultJcaAutoConfiguration:
      Did not match:
         - @ConditionalOnClass did not find required class 'com.azure.security.keyvault.jca.KeyVaultJcaProvider' (OnClassCondition)

   AzureKeyVaultSecretAutoConfiguration:
      Did not match:
         - @ConditionalOnAnyProperty ([spring.cloud.azure.keyvault.,spring.cloud.azure.keyvault.secret.]endpoint) did not find properties 'endpoint', 'endpoint' (OnAnyPropertyCondition)
      Matched:
         - @ConditionalOnClass found required class 'com.azure.security.keyvault.secrets.SecretClientBuilder' (OnClassCondition)
         - @ConditionalOnProperty ([spring.cloud.azure.keyvault.secret.enabled,spring.cloud.azure.keyvault.enabled]=true) matched (OnPropertyCondition)

   AzureLettucePasswordlessAutoConfiguration:
      Did not match:
         - @ConditionalOnClass did not find required classes 'org.springframework.data.redis.connection.lettuce.LettuceConnection', 'io.lettuce.core.RedisCredentials' (OnClassCondition)

   AzureMessagingListenerAutoConfiguration:
      Did not match:
         - @ConditionalOnClass did not find required class 'com.azure.spring.messaging.implementation.annotation.EnableAzureMessaging' (OnClassCondition)

   AzureRedisAutoConfiguration:
      Did not match:
         - @ConditionalOnClass did not find required classes 'org.springframework.data.redis.core.RedisOperations', 'com.azure.resourcemanager.AzureResourceManager' (OnClassCondition)

   AzureResourceManagerAutoConfiguration:
      Did not match:
         - @ConditionalOnClass did not find required class 'com.azure.resourcemanager.AzureResourceManager' (OnClassCondition)

   AzureServiceBusAutoConfiguration:
      Did not match:
         - @ConditionalOnClass did not find required class 'com.azure.messaging.servicebus.ServiceBusClientBuilder' (OnClassCondition)

   AzureServiceBusMessagingAutoConfiguration:
      Did not match:
         - @ConditionalOnClass did not find required class 'com.azure.spring.messaging.servicebus.core.ServiceBusTemplate' (OnClassCondition)

   AzureServiceBusResourceManagerAutoConfiguration:
      Did not match:
         - @ConditionalOnClass did not find required class 'com.azure.spring.cloud.resourcemanager.implementation.provisioning.ServiceBusProvisioner' (OnClassCondition)

   AzureStorageBlobAutoConfiguration:
      Did not match:
         - @ConditionalOnClass did not find required class 'com.azure.storage.blob.BlobServiceClientBuilder' (OnClassCondition)

   AzureStorageBlobProtocolResolverConfiguration:
      Did not match:
         - @ConditionalOnBean (types: com.azure.spring.cloud.autoconfigure.implementation.storage.blob.properties.AzureStorageBlobProperties; SearchStrategy: all) did not find any beans of type com.azure.spring.cloud.autoconfigure.implementation.storage.blob.properties.AzureStorageBlobProperties (OnBeanCondition)

   AzureStorageFileShareAutoConfiguration:
      Did not match:
         - @ConditionalOnClass did not find required class 'com.azure.storage.file.share.ShareServiceClientBuilder' (OnClassCondition)

   AzureStorageFileShareResourceAutoConfiguration:
      Did not match:
         - @ConditionalOnAnyProperty ([spring.cloud.azure.storage.fileshare.,spring.cloud.azure.storage.][account-name,endpoint,connection-string]) did not find properties 'account-name', 'endpoint', 'connection-string', 'account-name', 'endpoint', 'connection-string' (OnAnyPropertyCondition)
      Matched:
         - @ConditionalOnClass found required class 'com.azure.spring.cloud.core.resource.AzureStorageFileProtocolResolver' (OnClassCondition)
         - @ConditionalOnProperty ([spring.cloud.azure.storage.fileshare.enabled,spring.cloud.azure.storage.enabled]=true) matched (OnPropertyCondition)

   AzureStorageQueueAutoConfiguration:
      Did not match:
         - @ConditionalOnClass did not find required class 'com.azure.storage.queue.QueueServiceClientBuilder' (OnClassCondition)

   AzureStorageQueueMessagingAutoConfiguration:
      Did not match:
         - @ConditionalOnClass did not find required class 'com.azure.spring.messaging.storage.queue.core.factory.StorageQueueClientFactory' (OnClassCondition)

   AzureStorageQueueResourceManagerAutoConfiguration:
      Did not match:
         - @ConditionalOnClass did not find required class 'com.azure.spring.cloud.resourcemanager.implementation.connectionstring.StorageQueueArmConnectionStringProvider' (OnClassCondition)

   BatchAutoConfiguration:
      Did not match:
         - @ConditionalOnClass did not find required class 'org.springframework.batch.core.launch.JobLauncher' (OnClassCondition)

   BatchObservationAutoConfiguration:
      Did not match:
         - @ConditionalOnClass did not find required class 'org.springframework.batch.core.configuration.annotation.BatchObservabilityBeanPostProcessor' (OnClassCondition)

   BraveAutoConfiguration:
      Did not match:
         - @ConditionalOnClass did not find required class 'brave.Tracer' (OnClassCondition)

   Cache2kCacheConfiguration:
      Did not match:
         - @ConditionalOnClass did not find required class 'org.cache2k.Cache2kBuilder' (OnClassCondition)

   CacheAutoConfiguration:
      Did not match:
         - @ConditionalOnBean (types: org.springframework.cache.interceptor.CacheAspectSupport; SearchStrategy: all) did not find any beans of type org.springframework.cache.interceptor.CacheAspectSupport (OnBeanCondition)
      Matched:
         - @ConditionalOnClass found required class 'org.springframework.cache.CacheManager' (OnClassCondition)

   CacheAutoConfiguration.CacheManagerEntityManagerFactoryDependsOnPostProcessor:
      Did not match:
         - @ConditionalOnClass did not find required class 'org.springframework.orm.jpa.LocalContainerEntityManagerFactoryBean' (OnClassCondition)
         - Ancestor org.springframework.boot.autoconfigure.cache.CacheAutoConfiguration did not match (ConditionEvaluationReport.AncestorsMatchedCondition)

   CacheMeterBinderProvidersConfiguration.Cache2kCacheMeterBinderProviderConfiguration:
      Did not match:
         - @ConditionalOnClass did not find required classes 'org.cache2k.Cache2kBuilder', 'org.cache2k.extra.spring.SpringCache2kCache', 'org.cache2k.extra.micrometer.Cache2kCacheMetrics' (OnClassCondition)

   CacheMeterBinderProvidersConfiguration.CaffeineCacheMeterBinderProviderConfiguration:
      Did not match:
         - @ConditionalOnClass did not find required class 'com.github.benmanes.caffeine.cache.Cache' (OnClassCondition)

   CacheMeterBinderProvidersConfiguration.HazelcastCacheMeterBinderProviderConfiguration:
      Did not match:
         - @ConditionalOnClass did not find required classes 'com.hazelcast.spring.cache.HazelcastCache', 'com.hazelcast.core.Hazelcast' (OnClassCondition)

   CacheMeterBinderProvidersConfiguration.JCacheCacheMeterBinderProviderConfiguration:
      Did not match:
         - @ConditionalOnClass did not find required class 'javax.cache.CacheManager' (OnClassCondition)

   CacheMeterBinderProvidersConfiguration.RedisCacheMeterBinderProviderConfiguration:
      Did not match:
         - @ConditionalOnClass did not find required class 'org.springframework.data.redis.cache.RedisCache' (OnClassCondition)

   CacheMetricsAutoConfiguration:
      Did not match:
         - @ConditionalOnBean (types: org.springframework.cache.CacheManager; SearchStrategy: all) did not find any beans of type org.springframework.cache.CacheManager (OnBeanCondition)

   CachesEndpointAutoConfiguration:
      Did not match:
         - @ConditionalOnAvailableEndpoint not exposed (OnAvailableEndpointCondition)
      Matched:
         - @ConditionalOnClass found required class 'org.springframework.cache.CacheManager' (OnClassCondition)

   CaffeineCacheConfiguration:
      Did not match:
         - @ConditionalOnClass did not find required class 'com.github.benmanes.caffeine.cache.Caffeine' (OnClassCondition)

   CassandraAutoConfiguration:
      Did not match:
         - @ConditionalOnClass did not find required class 'com.datastax.oss.driver.api.core.CqlSession' (OnClassCondition)

   CassandraDataAutoConfiguration:
      Did not match:
         - @ConditionalOnClass did not find required class 'com.datastax.oss.driver.api.core.CqlSession' (OnClassCondition)

   CassandraHealthContributorAutoConfiguration:
      Did not match:
         - @ConditionalOnClass did not find required class 'com.datastax.oss.driver.api.core.CqlSession' (OnClassCondition)

   CassandraReactiveDataAutoConfiguration:
      Did not match:
         - @ConditionalOnClass did not find required class 'com.datastax.oss.driver.api.core.CqlSession' (OnClassCondition)

   CassandraReactiveHealthContributorAutoConfiguration:
      Did not match:
         - @ConditionalOnClass did not find required class 'com.datastax.oss.driver.api.core.CqlSession' (OnClassCondition)

   CassandraReactiveRepositoriesAutoConfiguration:
      Did not match:
         - @ConditionalOnClass did not find required class 'org.springframework.data.cassandra.ReactiveSession' (OnClassCondition)

   CassandraRepositoriesAutoConfiguration:
      Did not match:
         - @ConditionalOnClass did not find required class 'com.datastax.oss.driver.api.core.CqlSession' (OnClassCondition)

   ClientHttpConnectorAutoConfiguration:
      Did not match:
         - @ConditionalOnClass did not find required class 'org.springframework.web.reactive.function.client.WebClient' (OnClassCondition)

   CloudFoundryActuatorAutoConfiguration:
      Did not match:
         - @ConditionalOnCloudPlatform did not find CLOUD_FOUNDRY (OnCloudPlatformCondition)
      Matched:
         - @ConditionalOnClass found required class 'org.springframework.web.servlet.DispatcherServlet' (OnClassCondition)
         - found 'session' scope (OnWebApplicationCondition)
         - @ConditionalOnProperty (management.cloudfoundry.enabled) matched (OnPropertyCondition)

   CodecsAutoConfiguration:
      Did not match:
         - @ConditionalOnClass did not find required class 'org.springframework.web.reactive.function.client.WebClient' (OnClassCondition)

   CompositeMeterRegistryConfiguration:
      Did not match:
         - NoneNestedConditions 1 matched 1 did not; NestedCondition on CompositeMeterRegistryConfiguration.MultipleNonPrimaryMeterRegistriesCondition.SingleInjectableMeterRegistry @ConditionalOnSingleCandidate (types: io.micrometer.core.instrument.MeterRegistry; SearchStrategy: all) found a single bean 'simpleMeterRegistry'; NestedCondition on CompositeMeterRegistryConfiguration.MultipleNonPrimaryMeterRegistriesCondition.NoMeterRegistryCondition @ConditionalOnMissingBean (types: io.micrometer.core.instrument.MeterRegistry; SearchStrategy: all) found beans of type 'io.micrometer.core.instrument.MeterRegistry' simpleMeterRegistry (CompositeMeterRegistryConfiguration.MultipleNonPrimaryMeterRegistriesCondition)

   ConditionsReportEndpointAutoConfiguration:
      Did not match:
         - @ConditionalOnAvailableEndpoint not exposed (OnAvailableEndpointCondition)

   ConfigurationWithConnectionDetailsBean:
      Did not match:
         - @ConditionalOnBean (types: com.azure.spring.cloud.autoconfigure.implementation.storage.blob.properties.AzureStorageBlobConnectionDetails; SearchStrategy: all) did not find any beans of type com.azure.spring.cloud.autoconfigure.implementation.storage.blob.properties.AzureStorageBlobConnectionDetails (OnBeanCondition)
      Matched:
         - @ConditionalOnClass found required class 'org.springframework.boot.autoconfigure.service.connection.ConnectionDetails' (OnClassCondition)

   ConfigurationWithoutConnectionDetailsBean:
      Did not match:
         - @ConditionalOnAnyProperty ([spring.cloud.azure.storage.blob.,spring.cloud.azure.storage.][account-name,endpoint,connection-string]) did not find properties 'account-name', 'endpoint', 'connection-string', 'account-name', 'endpoint', 'connection-string' (OnAnyPropertyCondition)
      Matched:
         - @ConditionalOnProperty ([spring.cloud.azure.storage.blob.enabled,spring.cloud.azure.storage.enabled]=true) matched (OnPropertyCondition)

   ConnectionFactoryHealthContributorAutoConfiguration:
      Did not match:
         - @ConditionalOnClass did not find required class 'io.r2dbc.spi.ConnectionFactory' (OnClassCondition)

   ConnectionPoolMetricsAutoConfiguration:
      Did not match:
         - @ConditionalOnClass did not find required class 'io.r2dbc.pool.ConnectionPool' (OnClassCondition)

   CosmosDataAutoConfiguration:
      Did not match:
         - @ConditionalOnClass did not find required class 'com.azure.spring.data.cosmos.config.AbstractCosmosConfiguration' (OnClassCondition)

   CosmosReactiveRepositoriesAutoConfiguration:
      Did not match:
         - @ConditionalOnClass did not find required class 'com.azure.spring.data.cosmos.repository.ReactiveCosmosRepository' (OnClassCondition)

   CosmosRepositoriesAutoConfiguration:
      Did not match:
         - @ConditionalOnClass did not find required class 'com.azure.spring.data.cosmos.repository.CosmosRepository' (OnClassCondition)

   CouchbaseAutoConfiguration:
      Did not match:
         - @ConditionalOnClass did not find required class 'com.couchbase.client.java.Cluster' (OnClassCondition)

   CouchbaseCacheConfiguration:
      Did not match:
         - @ConditionalOnClass did not find required class 'com.couchbase.client.java.Cluster' (OnClassCondition)

   CouchbaseDataAutoConfiguration:
      Did not match:
         - @ConditionalOnClass did not find required class 'com.couchbase.client.java.Bucket' (OnClassCondition)

   CouchbaseHealthContributorAutoConfiguration:
      Did not match:
         - @ConditionalOnClass did not find required class 'com.couchbase.client.java.Cluster' (OnClassCondition)

   CouchbaseReactiveDataAutoConfiguration:
      Did not match:
         - @ConditionalOnClass did not find required class 'com.couchbase.client.java.Cluster' (OnClassCondition)

   CouchbaseReactiveHealthContributorAutoConfiguration:
      Did not match:
         - @ConditionalOnClass did not find required class 'com.couchbase.client.java.Cluster' (OnClassCondition)

   CouchbaseReactiveRepositoriesAutoConfiguration:
      Did not match:
         - @ConditionalOnClass did not find required class 'com.couchbase.client.java.Cluster' (OnClassCondition)

   CouchbaseRepositoriesAutoConfiguration:
      Did not match:
         - @ConditionalOnClass did not find required class 'com.couchbase.client.java.Bucket' (OnClassCondition)

   DataSourceAutoConfiguration:
      Did not match:
         - @ConditionalOnClass did not find required class 'org.springframework.jdbc.datasource.embedded.EmbeddedDatabaseType' (OnClassCondition)

   DataSourceHealthContributorAutoConfiguration:
      Did not match:
         - @ConditionalOnClass did not find required class 'org.springframework.jdbc.core.JdbcTemplate' (OnClassCondition)

   DataSourceInitializationConfiguration:
      Did not match:
         - @ConditionalOnClass did not find required class 'org.springframework.jdbc.datasource.init.DatabasePopulator' (OnClassCondition)

   DataSourcePoolMetricsAutoConfiguration:
      Did not match:
         - @ConditionalOnBean (types: javax.sql.DataSource,io.micrometer.core.instrument.MeterRegistry; SearchStrategy: all) did not find any beans of type javax.sql.DataSource (OnBeanCondition)
      Matched:
         - @ConditionalOnClass found required classes 'javax.sql.DataSource', 'io.micrometer.core.instrument.MeterRegistry' (OnClassCondition)

   DataSourcePoolMetricsAutoConfiguration.HikariDataSourceMetricsConfiguration:
      Did not match:
         - @ConditionalOnClass did not find required class 'com.zaxxer.hikari.HikariDataSource' (OnClassCondition)
         - Ancestor org.springframework.boot.actuate.autoconfigure.metrics.jdbc.DataSourcePoolMetricsAutoConfiguration did not match (ConditionEvaluationReport.AncestorsMatchedCondition)

   DataSourceTransactionManagerAutoConfiguration:
      Did not match:
         - @ConditionalOnClass did not find required class 'org.springframework.jdbc.core.JdbcTemplate' (OnClassCondition)

   DatadogMetricsExportAutoConfiguration:
      Did not match:
         - @ConditionalOnClass did not find required class 'io.micrometer.datadog.DatadogMeterRegistry' (OnClassCondition)

   DevToolsDataSourceAutoConfiguration:
      Did not match:
         - Devtools devtools is disabled for current context. (OnEnabledDevToolsCondition)
      Matched:
         - @ConditionalOnClass found required class 'javax.sql.DataSource' (OnClassCondition)

   DevToolsR2dbcAutoConfiguration:
      Did not match:
         - @ConditionalOnClass did not find required class 'io.r2dbc.spi.ConnectionFactory' (OnClassCondition)

   DispatcherServletAutoConfiguration.DispatcherServletConfiguration#multipartResolver:
      Did not match:
         - @ConditionalOnBean (types: org.springframework.web.multipart.MultipartResolver; SearchStrategy: all) did not find any beans of type org.springframework.web.multipart.MultipartResolver (OnBeanCondition)

   DynatraceMetricsExportAutoConfiguration:
      Did not match:
         - @ConditionalOnClass did not find required class 'io.micrometer.dynatrace.DynatraceMeterRegistry' (OnClassCondition)

   ElasticMetricsExportAutoConfiguration:
      Did not match:
         - @ConditionalOnClass did not find required class 'io.micrometer.elastic.ElasticMeterRegistry' (OnClassCondition)

   ElasticsearchClientAutoConfiguration:
      Did not match:
         - @ConditionalOnClass did not find required class 'co.elastic.clients.elasticsearch.ElasticsearchClient' (OnClassCondition)

   ElasticsearchDataAutoConfiguration:
      Did not match:
         - @ConditionalOnClass did not find required class 'org.springframework.data.elasticsearch.client.elc.ElasticsearchTemplate' (OnClassCondition)

   ElasticsearchReactiveHealthContributorAutoConfiguration:
      Did not match:
         - @ConditionalOnClass did not find required class 'org.springframework.data.elasticsearch.client.elc.ReactiveElasticsearchClient' (OnClassCondition)

   ElasticsearchRepositoriesAutoConfiguration:
      Did not match:
         - @ConditionalOnClass did not find required class 'org.springframework.data.elasticsearch.repository.ElasticsearchRepository' (OnClassCondition)

   ElasticsearchRestClientAutoConfiguration:
      Did not match:
         - @ConditionalOnClass did not find required class 'org.elasticsearch.client.RestClientBuilder' (OnClassCondition)

   ElasticsearchRestHealthContributorAutoConfiguration:
      Did not match:
         - @ConditionalOnClass did not find required class 'org.elasticsearch.client.RestClient' (OnClassCondition)

   EmbeddedLdapAutoConfiguration:
      Did not match:
         - @ConditionalOnClass did not find required class 'com.unboundid.ldap.listener.InMemoryDirectoryServer' (OnClassCondition)

   EmbeddedWebServerFactoryCustomizerAutoConfiguration:
      Did not match:
         - Application is deployed as a WAR file. (OnWarDeploymentCondition)
      Matched:
         - @ConditionalOnWebApplication (required) found 'session' scope (OnWebApplicationCondition)

   ErrorWebFluxAutoConfiguration:
      Did not match:
         - @ConditionalOnClass did not find required class 'org.springframework.web.reactive.config.WebFluxConfigurer' (OnClassCondition)

   FlywayAutoConfiguration:
      Did not match:
         - @ConditionalOnClass did not find required class 'org.flywaydb.core.Flyway' (OnClassCondition)

   FlywayEndpointAutoConfiguration:
      Did not match:
         - @ConditionalOnClass did not find required class 'org.flywaydb.core.Flyway' (OnClassCondition)

   FreeMarkerAutoConfiguration:
      Did not match:
         - @ConditionalOnClass did not find required class 'freemarker.template.Configuration' (OnClassCondition)

   GangliaMetricsExportAutoConfiguration:
      Did not match:
         - @ConditionalOnClass did not find required class 'io.micrometer.ganglia.GangliaMeterRegistry' (OnClassCondition)

   GraphQlAutoConfiguration:
      Did not match:
         - @ConditionalOnClass did not find required class 'graphql.GraphQL' (OnClassCondition)

   GraphQlObservationAutoConfiguration:
      Did not match:
         - @ConditionalOnClass did not find required class 'graphql.GraphQL' (OnClassCondition)

   GraphQlQueryByExampleAutoConfiguration:
      Did not match:
         - @ConditionalOnClass did not find required class 'graphql.GraphQL' (OnClassCondition)

   GraphQlQuerydslAutoConfiguration:
      Did not match:
         - @ConditionalOnClass did not find required class 'com.querydsl.core.Query' (OnClassCondition)

   GraphQlRSocketAutoConfiguration:
      Did not match:
         - @ConditionalOnClass did not find required class 'graphql.GraphQL' (OnClassCondition)

   GraphQlReactiveQueryByExampleAutoConfiguration:
      Did not match:
         - @ConditionalOnClass did not find required class 'graphql.GraphQL' (OnClassCondition)

   GraphQlReactiveQuerydslAutoConfiguration:
      Did not match:
         - @ConditionalOnClass did not find required class 'com.querydsl.core.Query' (OnClassCondition)

   GraphQlWebFluxAutoConfiguration:
      Did not match:
         - @ConditionalOnClass did not find required class 'graphql.GraphQL' (OnClassCondition)

   GraphQlWebFluxSecurityAutoConfiguration:
      Did not match:
         - @ConditionalOnClass did not find required class 'graphql.GraphQL' (OnClassCondition)

   GraphQlWebMvcAutoConfiguration:
      Did not match:
         - @ConditionalOnClass did not find required class 'graphql.GraphQL' (OnClassCondition)

   GraphQlWebMvcSecurityAutoConfiguration:
      Did not match:
         - @ConditionalOnClass did not find required class 'graphql.GraphQL' (OnClassCondition)

   GraphiteMetricsExportAutoConfiguration:
      Did not match:
         - @ConditionalOnClass did not find required class 'io.micrometer.graphite.GraphiteMeterRegistry' (OnClassCondition)

   GroovyTemplateAutoConfiguration:
      Did not match:
         - @ConditionalOnClass did not find required class 'groovy.text.markup.MarkupTemplateEngine' (OnClassCondition)

   GsonAutoConfiguration:
      Did not match:
         - @ConditionalOnClass did not find required class 'com.google.gson.Gson' (OnClassCondition)

   GsonHttpMessageConvertersConfiguration:
      Did not match:
         - @ConditionalOnClass did not find required class 'com.google.gson.Gson' (OnClassCondition)

   H2ConsoleAutoConfiguration:
      Did not match:
         - @ConditionalOnClass did not find required class 'org.h2.server.web.JakartaWebServlet' (OnClassCondition)

   HazelcastAutoConfiguration:
      Did not match:
         - @ConditionalOnClass did not find required class 'com.hazelcast.core.HazelcastInstance' (OnClassCondition)

   HazelcastCacheConfiguration:
      Did not match:
         - @ConditionalOnClass did not find required class 'com.hazelcast.core.HazelcastInstance' (OnClassCondition)

   HazelcastHealthContributorAutoConfiguration:
      Did not match:
         - @ConditionalOnClass did not find required class 'com.hazelcast.core.HazelcastInstance' (OnClassCondition)

   HazelcastJpaDependencyAutoConfiguration:
      Did not match:
         - @ConditionalOnClass did not find required class 'com.hazelcast.core.HazelcastInstance' (OnClassCondition)

   HealthEndpointReactiveWebExtensionConfiguration:
      Did not match:
         - did not find reactive web application classes (OnWebApplicationCondition)

   HealthEndpointWebExtensionConfiguration.JerseyAdditionalHealthEndpointPathsConfiguration:
      Did not match:
         - @ConditionalOnClass did not find required class 'org.glassfish.jersey.server.ResourceConfig' (OnClassCondition)

   HeapDumpWebEndpointAutoConfiguration:
      Did not match:
         - @ConditionalOnAvailableEndpoint not exposed (OnAvailableEndpointCondition)

   HibernateJpaAutoConfiguration:
      Did not match:
         - @ConditionalOnClass did not find required class 'jakarta.persistence.EntityManager' (OnClassCondition)

   HibernateMetricsAutoConfiguration:
      Did not match:
         - @ConditionalOnClass did not find required class 'jakarta.persistence.EntityManagerFactory' (OnClassCondition)

   HttpExchangesAutoConfiguration:
      Did not match:
         - @ConditionalOnBean (types: org.springframework.boot.actuate.web.exchanges.HttpExchangeRepository; SearchStrategy: all) did not find any beans of type org.springframework.boot.actuate.web.exchanges.HttpExchangeRepository (OnBeanCondition)
      Matched:
         - @ConditionalOnWebApplication (required) found 'session' scope (OnWebApplicationCondition)
         - @ConditionalOnProperty (management.httpexchanges.recording.enabled) matched (OnPropertyCondition)

   HttpExchangesAutoConfiguration.ReactiveHttpExchangesConfiguration:
      Did not match:
         - did not find reactive web application classes (OnWebApplicationCondition)
         - Ancestor org.springframework.boot.actuate.autoconfigure.web.exchanges.HttpExchangesAutoConfiguration did not match (ConditionEvaluationReport.AncestorsMatchedCondition)

   HttpExchangesAutoConfiguration.ServletHttpExchangesConfiguration:
      Did not match:
         - Ancestor org.springframework.boot.actuate.autoconfigure.web.exchanges.HttpExchangesAutoConfiguration did not match (ConditionEvaluationReport.AncestorsMatchedCondition)
      Matched:
         - found 'session' scope (OnWebApplicationCondition)

   HttpExchangesEndpointAutoConfiguration:
      Did not match:
         - @ConditionalOnAvailableEndpoint not exposed (OnAvailableEndpointCondition)

   HttpHandlerAutoConfiguration:
      Did not match:
         - @ConditionalOnClass did not find required class 'org.springframework.web.reactive.DispatcherHandler' (OnClassCondition)

   HumioMetricsExportAutoConfiguration:
      Did not match:
         - @ConditionalOnClass did not find required class 'io.micrometer.humio.HumioMeterRegistry' (OnClassCondition)

   HypermediaAutoConfiguration:
      Did not match:
         - @ConditionalOnClass did not find required class 'org.springframework.hateoas.EntityModel' (OnClassCondition)

   InfinispanCacheConfiguration:
      Did not match:
         - @ConditionalOnClass did not find required class 'org.infinispan.spring.embedded.provider.SpringEmbeddedCacheManager' (OnClassCondition)

   InfluxMetricsExportAutoConfiguration:
      Did not match:
         - @ConditionalOnClass did not find required class 'io.micrometer.influx.InfluxMeterRegistry' (OnClassCondition)

   InfoContributorAutoConfiguration#buildInfoContributor:
      Did not match:
         - @ConditionalOnSingleCandidate (types: org.springframework.boot.info.BuildProperties; SearchStrategy: all) did not find any beans (OnBeanCondition)
      Matched:
         - @ConditionalOnEnabledInfoContributor management.info.defaults.enabled is considered true (OnEnabledInfoContributorCondition)

   InfoContributorAutoConfiguration#gitInfoContributor:
      Did not match:
         - @ConditionalOnSingleCandidate (types: org.springframework.boot.info.GitProperties; SearchStrategy: all) did not find any beans (OnBeanCondition)
      Matched:
         - @ConditionalOnEnabledInfoContributor management.info.defaults.enabled is considered true (OnEnabledInfoContributorCondition)

   InfoContributorAutoConfiguration#javaInfoContributor:
      Did not match:
         - @ConditionalOnEnabledInfoContributor management.info.java.enabled is not true (OnEnabledInfoContributorCondition)

   InfoContributorAutoConfiguration#osInfoContributor:
      Did not match:
         - @ConditionalOnEnabledInfoContributor management.info.os.enabled is not true (OnEnabledInfoContributorCondition)

   InfoContributorAutoConfiguration#processInfoContributor:
      Did not match:
         - @ConditionalOnEnabledInfoContributor management.info.process.enabled is not true (OnEnabledInfoContributorCondition)

   InfoContributorAutoConfiguration#sslInfo:
      Did not match:
         - @ConditionalOnEnabledInfoContributor management.info.ssl.enabled is not true (OnEnabledInfoContributorCondition)
      Matched:
         - @ConditionalOnMissingBean (types: org.springframework.boot.info.SslInfo; SearchStrategy: all) did not find any beans (OnBeanCondition)

   InfoContributorAutoConfiguration#sslInfoContributor:
      Did not match:
         - @ConditionalOnEnabledInfoContributor management.info.ssl.enabled is not true (OnEnabledInfoContributorCondition)

   IntegrationAutoConfiguration:
      Did not match:
         - @ConditionalOnClass did not find required class 'org.springframework.integration.config.EnableIntegration' (OnClassCondition)

   IntegrationGraphEndpointAutoConfiguration:
      Did not match:
         - @ConditionalOnClass did not find required class 'org.springframework.integration.graph.IntegrationGraphServer' (OnClassCondition)

   JCacheCacheConfiguration:
      Did not match:
         - @ConditionalOnClass did not find required class 'javax.cache.Caching' (OnClassCondition)

   JdbcClientAutoConfiguration:
      Did not match:
         - @ConditionalOnSingleCandidate did not find required type 'org.springframework.jdbc.core.namedparam.NamedParameterJdbcTemplate' (OnBeanCondition)

   JdbcRepositoriesAutoConfiguration:
      Did not match:
         - @ConditionalOnClass did not find required class 'org.springframework.data.jdbc.repository.config.AbstractJdbcConfiguration' (OnClassCondition)

   JdbcTemplateAutoConfiguration:
      Did not match:
         - @ConditionalOnClass did not find required class 'org.springframework.jdbc.core.JdbcTemplate' (OnClassCondition)

   JerseyAutoConfiguration:
      Did not match:
         - @ConditionalOnClass did not find required class 'org.glassfish.jersey.server.spring.SpringComponentProvider' (OnClassCondition)

   JerseySameManagementContextConfiguration:
      Did not match:
         - @ConditionalOnClass did not find required class 'org.glassfish.jersey.server.ResourceConfig' (OnClassCondition)

   JerseyServerMetricsAutoConfiguration:
      Did not match:
         - @ConditionalOnClass did not find required class 'org.glassfish.jersey.micrometer.server.ObservationApplicationEventListener' (OnClassCondition)

   JerseyWebEndpointManagementContextConfiguration:
      Did not match:
         - @ConditionalOnClass did not find required class 'org.glassfish.jersey.server.ResourceConfig' (OnClassCondition)

   JettyMetricsAutoConfiguration:
      Did not match:
         - @ConditionalOnClass did not find required class 'org.eclipse.jetty.server.Server' (OnClassCondition)

   JmsAutoConfiguration:
      Did not match:
         - @ConditionalOnClass did not find required class 'jakarta.jms.Message' (OnClassCondition)

   JmsHealthContributorAutoConfiguration:
      Did not match:
         - @ConditionalOnClass did not find required class 'jakarta.jms.ConnectionFactory' (OnClassCondition)

   JmxAutoConfiguration:
      Did not match:
         - @ConditionalOnProperty (spring.jmx.enabled=true) found different value in property 'enabled' (OnPropertyCondition)
      Matched:
         - @ConditionalOnClass found required class 'org.springframework.jmx.export.MBeanExporter' (OnClassCondition)

   JmxEndpointAutoConfiguration:
      Did not match:
         - @ConditionalOnProperty (spring.jmx.enabled=true) found different value in property 'enabled' (OnPropertyCondition)

   JmxMetricsExportAutoConfiguration:
      Did not match:
         - @ConditionalOnClass did not find required class 'io.micrometer.jmx.JmxMeterRegistry' (OnClassCondition)

   JndiConnectionFactoryAutoConfiguration:
      Did not match:
         - @ConditionalOnClass did not find required class 'org.springframework.jms.core.JmsTemplate' (OnClassCondition)

   JndiDataSourceAutoConfiguration:
      Did not match:
         - @ConditionalOnClass did not find required class 'org.springframework.jdbc.datasource.embedded.EmbeddedDatabaseType' (OnClassCondition)

   JooqAutoConfiguration:
      Did not match:
         - @ConditionalOnClass did not find required class 'org.jooq.DSLContext' (OnClassCondition)

   JpaRepositoriesAutoConfiguration:
      Did not match:
         - @ConditionalOnClass did not find required class 'org.springframework.data.jpa.repository.JpaRepository' (OnClassCondition)

   JsonbAutoConfiguration:
      Did not match:
         - @ConditionalOnClass did not find required class 'jakarta.json.bind.Jsonb' (OnClassCondition)

   JsonbHttpMessageConvertersConfiguration:
      Did not match:
         - @ConditionalOnClass did not find required class 'jakarta.json.bind.Jsonb' (OnClassCondition)

   JtaAutoConfiguration:
      Did not match:
         - @ConditionalOnClass did not find required class 'jakarta.transaction.Transaction' (OnClassCondition)

   KafkaAutoConfiguration:
      Did not match:
         - @ConditionalOnClass did not find required class 'org.springframework.kafka.core.KafkaTemplate' (OnClassCondition)

   KafkaMetricsAutoConfiguration:
      Did not match:
         - @ConditionalOnClass did not find required class 'org.springframework.kafka.core.ProducerFactory' (OnClassCondition)

   KairosMetricsExportAutoConfiguration:
      Did not match:
         - @ConditionalOnClass did not find required class 'io.micrometer.kairos.KairosMeterRegistry' (OnClassCondition)

   LdapAutoConfiguration:
      Did not match:
         - @ConditionalOnClass did not find required class 'org.springframework.ldap.core.ContextSource' (OnClassCondition)

   LdapHealthContributorAutoConfiguration:
      Did not match:
         - @ConditionalOnClass did not find required class 'org.springframework.ldap.core.LdapOperations' (OnClassCondition)

   LdapRepositoriesAutoConfiguration:
      Did not match:
         - @ConditionalOnClass did not find required class 'org.springframework.data.ldap.repository.LdapRepository' (OnClassCondition)

   LettuceMetricsAutoConfiguration:
      Did not match:
         - @ConditionalOnClass did not find required class 'io.lettuce.core.metrics.MicrometerCommandLatencyRecorder' (OnClassCondition)

   LiquibaseAutoConfiguration:
      Did not match:
         - @ConditionalOnClass did not find required class 'liquibase.change.DatabaseChange' (OnClassCondition)

   LiquibaseEndpointAutoConfiguration:
      Did not match:
         - @ConditionalOnClass did not find required class 'liquibase.integration.spring.SpringLiquibase' (OnClassCondition)

   LocalDevToolsAutoConfiguration:
      Did not match:
         - Initialized Restarter Condition initialized without URLs (OnInitializedRestarterCondition)

   Log4J2MetricsAutoConfiguration:
      Did not match:
         - @ConditionalOnClass did not find required class 'org.apache.logging.log4j.core.LoggerContext' (OnClassCondition)

   LogFileWebEndpointAutoConfiguration:
      Did not match:
         - @ConditionalOnAvailableEndpoint not exposed (OnAvailableEndpointCondition)

   LoggersEndpointAutoConfiguration:
      Did not match:
         - @ConditionalOnAvailableEndpoint not exposed (OnAvailableEndpointCondition)

   MailSenderJndiConfiguration:
      Did not match:
         - @ConditionalOnProperty (spring.mail.jndi-name) did not find property 'jndi-name' (OnPropertyCondition)
      Matched:
         - @ConditionalOnClass found required class 'jakarta.mail.Session' (OnClassCondition)

   MailSenderValidatorAutoConfiguration:
      Did not match:
         - @ConditionalOnProperty (spring.mail.test-connection) did not find property 'test-connection' (OnPropertyCondition)

   ManagementContextAutoConfiguration.DifferentManagementContextConfiguration:
      Did not match:
         - Management Port actual port type (SAME) did not match required type (DIFFERENT) (OnManagementPortCondition)

   ManagementWebSecurityAutoConfiguration:
      Did not match:
         - AllNestedConditions 1 matched 1 did not; NestedCondition on DefaultWebSecurityCondition.Beans @ConditionalOnMissingBean (types: org.springframework.security.web.SecurityFilterChain; SearchStrategy: all) found beans of type 'org.springframework.security.web.SecurityFilterChain' oauth2SecurityFilterChain; NestedCondition on DefaultWebSecurityCondition.Classes @ConditionalOnClass found required classes 'org.springframework.security.web.SecurityFilterChain', 'org.springframework.security.config.annotation.web.builders.HttpSecurity' (DefaultWebSecurityCondition)
      Matched:
         - found 'session' scope (OnWebApplicationCondition)

   MappingsEndpointAutoConfiguration.ReactiveWebConfiguration:
      Did not match:
         - @ConditionalOnClass did not find required class 'org.springframework.web.reactive.DispatcherHandler' (OnClassCondition)

   MessageSourceAutoConfiguration:
      Did not match:
         - ResourceBundle did not find bundle with basename messages (MessageSourceAutoConfiguration.ResourceBundleCondition)

   MetricsAspectsAutoConfiguration:
      Did not match:
         - AnyNestedCondition 0 matched 2 did not; NestedCondition on MetricsAspectsAutoConfiguration.ObservationAnnotationsEnabledCondition.ManagementObservationsEnabledCondition @ConditionalOnProperty (management.observations.annotations.enabled=true) did not find property 'enabled'; NestedCondition on MetricsAspectsAutoConfiguration.ObservationAnnotationsEnabledCondition.MicrometerObservationsEnabledCondition @ConditionalOnProperty (micrometer.observations.annotations.enabled=true) did not find property 'enabled' (MetricsAspectsAutoConfiguration.ObservationAnnotationsEnabledCondition)
      Matched:
         - @ConditionalOnClass found required classes 'io.micrometer.core.instrument.MeterRegistry', 'org.aspectj.weaver.Advice' (OnClassCondition)

   MetricsEndpointAutoConfiguration:
      Did not match:
         - @ConditionalOnAvailableEndpoint not exposed (OnAvailableEndpointCondition)
      Matched:
         - @ConditionalOnClass found required class 'io.micrometer.core.annotation.Timed' (OnClassCondition)

   MicrometerTracingAutoConfiguration:
      Did not match:
         - @ConditionalOnClass did not find required class 'io.micrometer.tracing.Tracer' (OnClassCondition)

   MongoAutoConfiguration:
      Did not match:
         - @ConditionalOnClass did not find required class 'com.mongodb.client.MongoClient' (OnClassCondition)

   MongoDataAutoConfiguration:
      Did not match:
         - @ConditionalOnClass did not find required class 'com.mongodb.client.MongoClient' (OnClassCondition)

   MongoHealthContributorAutoConfiguration:
      Did not match:
         - @ConditionalOnClass did not find required class 'org.springframework.data.mongodb.core.MongoTemplate' (OnClassCondition)

   MongoMetricsAutoConfiguration:
      Did not match:
         - @ConditionalOnClass did not find required class 'com.mongodb.MongoClientSettings' (OnClassCondition)

   MongoReactiveAutoConfiguration:
      Did not match:
         - @ConditionalOnClass did not find required class 'com.mongodb.reactivestreams.client.MongoClient' (OnClassCondition)

   MongoReactiveDataAutoConfiguration:
      Did not match:
         - @ConditionalOnClass did not find required class 'com.mongodb.reactivestreams.client.MongoClient' (OnClassCondition)

   MongoReactiveHealthContributorAutoConfiguration:
      Did not match:
         - @ConditionalOnClass did not find required class 'org.springframework.data.mongodb.core.ReactiveMongoTemplate' (OnClassCondition)

   MongoReactiveRepositoriesAutoConfiguration:
      Did not match:
         - @ConditionalOnClass did not find required class 'com.mongodb.reactivestreams.client.MongoClient' (OnClassCondition)

   MongoRepositoriesAutoConfiguration:
      Did not match:
         - @ConditionalOnClass did not find required class 'com.mongodb.client.MongoClient' (OnClassCondition)

   MustacheAutoConfiguration:
      Did not match:
         - @ConditionalOnClass did not find required class 'com.samskivert.mustache.Mustache' (OnClassCondition)

   Neo4jAutoConfiguration:
      Did not match:
         - @ConditionalOnClass did not find required class 'org.neo4j.driver.Driver' (OnClassCondition)

   Neo4jDataAutoConfiguration:
      Did not match:
         - @ConditionalOnClass did not find required class 'org.neo4j.driver.Driver' (OnClassCondition)

   Neo4jHealthContributorAutoConfiguration:
      Did not match:
         - @ConditionalOnClass did not find required class 'org.neo4j.driver.Driver' (OnClassCondition)

   Neo4jReactiveDataAutoConfiguration:
      Did not match:
         - @ConditionalOnClass did not find required class 'org.neo4j.driver.Driver' (OnClassCondition)

   Neo4jReactiveRepositoriesAutoConfiguration:
      Did not match:
         - @ConditionalOnClass did not find required class 'org.neo4j.driver.Driver' (OnClassCondition)

   Neo4jRepositoriesAutoConfiguration:
      Did not match:
         - @ConditionalOnClass did not find required class 'org.neo4j.driver.Driver' (OnClassCondition)

   NewRelicMetricsExportAutoConfiguration:
      Did not match:
         - @ConditionalOnClass did not find required class 'io.micrometer.newrelic.NewRelicMeterRegistry' (OnClassCondition)

   NoOpMeterRegistryConfiguration:
      Did not match:
         - @ConditionalOnMissingBean (types: io.micrometer.core.instrument.MeterRegistry; SearchStrategy: all) found beans of type 'io.micrometer.core.instrument.MeterRegistry' simpleMeterRegistry (OnBeanCondition)

   NoopTracerAutoConfiguration:
      Did not match:
         - @ConditionalOnClass did not find required class 'io.micrometer.tracing.Tracer' (OnClassCondition)

   OAuth2AuthorizationServerAutoConfiguration:
      Did not match:
         - @ConditionalOnClass did not find required class 'org.springframework.security.oauth2.server.authorization.OAuth2Authorization' (OnClassCondition)

   OAuth2AuthorizationServerJwtAutoConfiguration:
      Did not match:
         - @ConditionalOnClass did not find required class 'org.springframework.security.oauth2.server.authorization.OAuth2Authorization' (OnClassCondition)

   OAuth2ResourceServerAutoConfiguration:
      Did not match:
         - @ConditionalOnClass did not find required class 'org.springframework.security.oauth2.server.resource.authentication.BearerTokenAuthenticationToken' (OnClassCondition)

   ObservationAutoConfiguration.MeterObservationHandlerConfiguration.TracingAndMetricsObservationHandlerConfiguration:
      Did not match:
         - @ConditionalOnBean did not find required type 'io.micrometer.tracing.Tracer' (OnBeanCondition)
         - @ConditionalOnBean (types: io.micrometer.tracing.Tracer; SearchStrategy: all) did not find any beans of type io.micrometer.tracing.Tracer (OnBeanCondition)

   ObservationAutoConfiguration.MetricsWithTracingConfiguration:
      Did not match:
         - @ConditionalOnClass did not find required class 'io.micrometer.tracing.Tracer' (OnClassCondition)

   ObservationAutoConfiguration.ObservedAspectConfiguration:
      Did not match:
         - AnyNestedCondition 0 matched 2 did not; NestedCondition on ObservationAutoConfiguration.ObservationAnnotationsEnabledCondition.ManagementObservationsEnabledCondition @ConditionalOnProperty (management.observations.annotations.enabled=true) did not find property 'enabled'; NestedCondition on ObservationAutoConfiguration.ObservationAnnotationsEnabledCondition.MicrometerObservationsEnabledCondition @ConditionalOnProperty (micrometer.observations.annotations.enabled=true) did not find property 'enabled' (ObservationAutoConfiguration.ObservationAnnotationsEnabledCondition)
      Matched:
         - @ConditionalOnClass found required class 'org.aspectj.weaver.Advice' (OnClassCondition)

   ObservationAutoConfiguration.OnlyTracingConfiguration:
      Did not match:
         - @ConditionalOnClass did not find required class 'io.micrometer.tracing.Tracer' (OnClassCondition)

   OpenTelemetryAutoConfiguration:
      Did not match:
         - @ConditionalOnClass did not find required class 'io.opentelemetry.sdk.OpenTelemetrySdk' (OnClassCondition)

   OpenTelemetryLoggingAutoConfiguration:
      Did not match:
         - @ConditionalOnClass did not find required class 'io.opentelemetry.api.OpenTelemetry' (OnClassCondition)

   OpenTelemetryTracingAutoConfiguration:
      Did not match:
         - @ConditionalOnClass did not find required class 'io.micrometer.tracing.otel.bridge.OtelTracer' (OnClassCondition)

   OtlpLoggingAutoConfiguration:
      Did not match:
         - @ConditionalOnClass did not find required class 'io.opentelemetry.api.OpenTelemetry' (OnClassCondition)

   OtlpMetricsExportAutoConfiguration:
      Did not match:
         - @ConditionalOnClass did not find required class 'io.micrometer.registry.otlp.OtlpMeterRegistry' (OnClassCondition)

   OtlpTracingAutoConfiguration:
      Did not match:
         - @ConditionalOnClass did not find required class 'io.micrometer.tracing.otel.bridge.OtelTracer' (OnClassCondition)

   PersistenceExceptionTranslationAutoConfiguration:
      Did not match:
         - @ConditionalOnClass did not find required class 'org.springframework.dao.annotation.PersistenceExceptionTranslationPostProcessor' (OnClassCondition)

   ProjectInfoAutoConfiguration#buildProperties:
      Did not match:
         - @ConditionalOnResource did not find resource '${spring.info.build.location:classpath:META-INF/build-info.properties}' (OnResourceCondition)

   ProjectInfoAutoConfiguration#gitProperties:
      Did not match:
         - GitResource did not find git info at classpath:git.properties (ProjectInfoAutoConfiguration.GitResourceAvailableCondition)

   PrometheusExemplarsAutoConfiguration:
      Did not match:
         - @ConditionalOnClass did not find required class 'io.micrometer.tracing.Tracer' (OnClassCondition)

   PrometheusMetricsExportAutoConfiguration:
      Did not match:
         - @ConditionalOnClass did not find required class 'io.micrometer.prometheusmetrics.PrometheusMeterRegistry' (OnClassCondition)

   PrometheusSimpleclientExemplarsAutoConfiguration:
      Did not match:
         - @ConditionalOnClass did not find required class 'io.micrometer.tracing.Tracer' (OnClassCondition)

   PrometheusSimpleclientMetricsExportAutoConfiguration:
      Did not match:
         - @ConditionalOnClass did not find required class 'io.micrometer.prometheus.PrometheusMeterRegistry' (OnClassCondition)

   PulsarAutoConfiguration:
      Did not match:
         - @ConditionalOnClass did not find required class 'org.apache.pulsar.client.api.PulsarClient' (OnClassCondition)

   PulsarReactiveAutoConfiguration:
      Did not match:
         - @ConditionalOnClass did not find required class 'org.apache.pulsar.client.api.PulsarClient' (OnClassCondition)

   QuartzAutoConfiguration:
      Did not match:
         - @ConditionalOnClass did not find required class 'org.quartz.Scheduler' (OnClassCondition)

   QuartzEndpointAutoConfiguration:
      Did not match:
         - @ConditionalOnClass did not find required class 'org.quartz.Scheduler' (OnClassCondition)

   R2dbcAutoConfiguration:
      Did not match:
         - @ConditionalOnClass did not find required class 'io.r2dbc.spi.ConnectionFactory' (OnClassCondition)

   R2dbcDataAutoConfiguration:
      Did not match:
         - @ConditionalOnClass did not find required class 'org.springframework.data.r2dbc.core.R2dbcEntityTemplate' (OnClassCondition)

   R2dbcInitializationConfiguration:
      Did not match:
         - @ConditionalOnClass did not find required classes 'io.r2dbc.spi.ConnectionFactory', 'org.springframework.r2dbc.connection.init.DatabasePopulator' (OnClassCondition)

   R2dbcObservationAutoConfiguration:
      Did not match:
         - @ConditionalOnClass did not find required class 'io.r2dbc.proxy.ProxyConnectionFactory' (OnClassCondition)

   R2dbcProxyAutoConfiguration:
      Did not match:
         - @ConditionalOnClass did not find required class 'io.r2dbc.proxy.ProxyConnectionFactory' (OnClassCondition)

   R2dbcRepositoriesAutoConfiguration:
      Did not match:
         - @ConditionalOnClass did not find required class 'io.r2dbc.spi.ConnectionFactory' (OnClassCondition)

   R2dbcTransactionManagerAutoConfiguration:
      Did not match:
         - @ConditionalOnClass did not find required class 'org.springframework.r2dbc.connection.R2dbcTransactionManager' (OnClassCondition)

   RSocketGraphQlClientAutoConfiguration:
      Did not match:
         - @ConditionalOnClass did not find required class 'graphql.GraphQL' (OnClassCondition)

   RSocketMessagingAutoConfiguration:
      Did not match:
         - @ConditionalOnClass did not find required class 'io.rsocket.RSocket' (OnClassCondition)

   RSocketRequesterAutoConfiguration:
      Did not match:
         - @ConditionalOnClass did not find required class 'io.rsocket.RSocket' (OnClassCondition)

   RSocketSecurityAutoConfiguration:
      Did not match:
         - @ConditionalOnClass did not find required class 'org.springframework.security.rsocket.core.SecuritySocketAcceptorInterceptor' (OnClassCondition)

   RSocketServerAutoConfiguration:
      Did not match:
         - @ConditionalOnClass did not find required class 'io.rsocket.core.RSocketServer' (OnClassCondition)

   RSocketStrategiesAutoConfiguration:
      Did not match:
         - @ConditionalOnClass did not find required class 'io.rsocket.RSocket' (OnClassCondition)

   RabbitAutoConfiguration:
      Did not match:
         - @ConditionalOnClass did not find required class 'com.rabbitmq.client.Channel' (OnClassCondition)

   RabbitHealthContributorAutoConfiguration:
      Did not match:
         - @ConditionalOnClass did not find required class 'org.springframework.amqp.rabbit.core.RabbitTemplate' (OnClassCondition)

   RabbitMetricsAutoConfiguration:
      Did not match:
         - @ConditionalOnClass did not find required class 'com.rabbitmq.client.ConnectionFactory' (OnClassCondition)

   ReactiveCloudFoundryActuatorAutoConfiguration:
      Did not match:
         - @ConditionalOnWebApplication did not find reactive web application classes (OnWebApplicationCondition)

   ReactiveElasticsearchClientAutoConfiguration:
      Did not match:
         - @ConditionalOnClass did not find required class 'co.elastic.clients.transport.ElasticsearchTransport' (OnClassCondition)

   ReactiveElasticsearchRepositoriesAutoConfiguration:
      Did not match:
         - @ConditionalOnClass did not find required class 'org.springframework.data.elasticsearch.client.elc.ReactiveElasticsearchClient' (OnClassCondition)

   ReactiveManagementContextAutoConfiguration:
      Did not match:
         - @ConditionalOnWebApplication did not find reactive web application classes (OnWebApplicationCondition)

   ReactiveManagementWebSecurityAutoConfiguration:
      Did not match:
         - @ConditionalOnWebApplication did not find reactive web application classes (OnWebApplicationCondition)

   ReactiveMultipartAutoConfiguration:
      Did not match:
         - @ConditionalOnClass did not find required class 'org.springframework.web.reactive.config.WebFluxConfigurer' (OnClassCondition)

   ReactiveOAuth2ClientAutoConfiguration:
      Did not match:
         - NoneNestedConditions 1 matched 0 did not; NestedCondition on ReactiveOAuth2ClientAutoConfiguration.NonServletApplicationCondition.ServletApplicationCondition found 'session' scope (ReactiveOAuth2ClientAutoConfiguration.NonServletApplicationCondition)
      Matched:
         - @ConditionalOnClass found required classes 'reactor.core.publisher.Flux', 'org.springframework.security.config.annotation.web.reactive.EnableWebFluxSecurity', 'org.springframework.security.oauth2.client.registration.ClientRegistration' (OnClassCondition)

   ReactiveOAuth2ResourceServerAutoConfiguration:
      Did not match:
         - @ConditionalOnWebApplication did not find reactive web application classes (OnWebApplicationCondition)

   ReactiveSecurityAutoConfiguration:
      Did not match:
         - @ConditionalOnClass did not find required class 'org.springframework.web.reactive.config.WebFluxConfigurer' (OnClassCondition)

   ReactiveUserDetailsServiceAutoConfiguration:
      Did not match:
         - AnyNestedCondition 0 matched 2 did not; NestedCondition on ReactiveUserDetailsServiceAutoConfiguration.RSocketEnabledOrReactiveWebApplication.ReactiveWebApplicationCondition did not find reactive web application classes; NestedCondition on ReactiveUserDetailsServiceAutoConfiguration.RSocketEnabledOrReactiveWebApplication.RSocketSecurityEnabledCondition @ConditionalOnBean (types: org.springframework.messaging.rsocket.annotation.support.RSocketMessageHandler; SearchStrategy: all) did not find any beans of type org.springframework.messaging.rsocket.annotation.support.RSocketMessageHandler (ReactiveUserDetailsServiceAutoConfiguration.RSocketEnabledOrReactiveWebApplication)
      Matched:
         - @ConditionalOnClass found required class 'org.springframework.security.authentication.ReactiveAuthenticationManager' (OnClassCondition)
         - AnyNestedCondition 2 matched 1 did not; NestedCondition on ReactiveUserDetailsServiceAutoConfiguration.MissingAlternativeOrUserPropertiesConfigured.PasswordConfigured @ConditionalOnProperty (spring.security.user.password) matched; NestedCondition on ReactiveUserDetailsServiceAutoConfiguration.MissingAlternativeOrUserPropertiesConfigured.NameConfigured @ConditionalOnProperty (spring.security.user.name) matched; NestedCondition on ReactiveUserDetailsServiceAutoConfiguration.MissingAlternativeOrUserPropertiesConfigured.MissingAlternative @ConditionalOnMissingClass found unwanted class 'org.springframework.security.oauth2.client.registration.ClientRegistrationRepository' (ReactiveUserDetailsServiceAutoConfiguration.MissingAlternativeOrUserPropertiesConfigured)

   ReactiveWebServerFactoryAutoConfiguration:
      Did not match:
         - @ConditionalOnWebApplication did not find reactive web application classes (OnWebApplicationCondition)

   RedisAutoConfiguration:
      Did not match:
         - @ConditionalOnClass did not find required class 'org.springframework.data.redis.core.RedisOperations' (OnClassCondition)

   RedisCacheConfiguration:
      Did not match:
         - @ConditionalOnClass did not find required class 'org.springframework.data.redis.connection.RedisConnectionFactory' (OnClassCondition)

   RedisHealthContributorAutoConfiguration:
      Did not match:
         - @ConditionalOnClass did not find required class 'org.springframework.data.redis.connection.RedisConnectionFactory' (OnClassCondition)

   RedisReactiveAutoConfiguration:
      Did not match:
         - @ConditionalOnClass did not find required class 'org.springframework.data.redis.connection.ReactiveRedisConnectionFactory' (OnClassCondition)

   RedisReactiveHealthContributorAutoConfiguration:
      Did not match:
         - @ConditionalOnClass did not find required class 'org.springframework.data.redis.connection.ReactiveRedisConnectionFactory' (OnClassCondition)

   RedisRepositoriesAutoConfiguration:
      Did not match:
         - @ConditionalOnClass did not find required class 'org.springframework.data.redis.repository.configuration.EnableRedisRepositories' (OnClassCondition)

   RemoteDevToolsAutoConfiguration:
      Did not match:
         - @ConditionalOnProperty (spring.devtools.remote.secret) did not find property 'secret' (OnPropertyCondition)
      Matched:
         - @ConditionalOnClass found required classes 'jakarta.servlet.Filter', 'org.springframework.http.server.ServerHttpRequest' (OnClassCondition)

   RepositoryMetricsAutoConfiguration:
      Did not match:
         - @ConditionalOnClass did not find required class 'org.springframework.data.repository.Repository' (OnClassCondition)

   RepositoryRestMvcAutoConfiguration:
      Did not match:
         - @ConditionalOnClass did not find required class 'org.springframework.data.rest.webmvc.config.RepositoryRestMvcConfiguration' (OnClassCondition)

   Saml2RelyingPartyAutoConfiguration:
      Did not match:
         - @ConditionalOnClass did not find required class 'org.springframework.security.saml2.provider.service.registration.RelyingPartyRegistrationRepository' (OnClassCondition)

   SbomEndpointAutoConfiguration:
      Did not match:
         - @ConditionalOnAvailableEndpoint not exposed (OnAvailableEndpointCondition)

   ScheduledTasksEndpointAutoConfiguration:
      Did not match:
         - @ConditionalOnAvailableEndpoint not exposed (OnAvailableEndpointCondition)

   SecurityDataConfiguration:
      Did not match:
         - @ConditionalOnClass did not find required class 'org.springframework.security.data.repository.query.SecurityEvaluationContextExtension' (OnClassCondition)

   SecurityRequestMatchersManagementContextConfiguration.JerseyRequestMatcherConfiguration:
      Did not match:
         - @ConditionalOnClass did not find required class 'org.glassfish.jersey.server.ResourceConfig' (OnClassCondition)

   SendGridAutoConfiguration:
      Did not match:
         - @ConditionalOnClass did not find required class 'com.sendgrid.SendGrid' (OnClassCondition)

   ServiceBusJmsAutoConfiguration:
      Did not match:
         - @ConditionalOnClass did not find required classes 'jakarta.jms.ConnectionFactory', 'org.apache.qpid.jms.JmsConnectionFactory', 'org.springframework.jms.core.JmsTemplate' (OnClassCondition)

   ServletEndpointManagementContextConfiguration.JerseyServletEndpointManagementContextConfiguration:
      Did not match:
         - @ConditionalOnClass did not find required class 'org.glassfish.jersey.server.ResourceConfig' (OnClassCondition)

   ServletManagementContextAutoConfiguration.ApplicationContextFilterConfiguration:
      Did not match:
         - @ConditionalOnProperty (management.server.add-application-context-header=true) did not find property 'add-application-context-header' (OnPropertyCondition)

   ServletWebServerFactoryAutoConfiguration.ForwardedHeaderFilterConfiguration:
      Did not match:
         - @ConditionalOnProperty (server.forward-headers-strategy=framework) did not find property 'server.forward-headers-strategy' (OnPropertyCondition)

   ServletWebServerFactoryConfiguration.EmbeddedJetty:
      Did not match:
         - @ConditionalOnClass did not find required classes 'org.eclipse.jetty.server.Server', 'org.eclipse.jetty.util.Loader', 'org.eclipse.jetty.ee10.webapp.WebAppContext' (OnClassCondition)

   ServletWebServerFactoryConfiguration.EmbeddedUndertow:
      Did not match:
         - @ConditionalOnClass did not find required classes 'io.undertow.Undertow', 'org.xnio.SslClientAuthMode' (OnClassCondition)

   SessionAutoConfiguration:
      Did not match:
         - @ConditionalOnClass did not find required class 'org.springframework.session.Session' (OnClassCondition)

   SessionsEndpointAutoConfiguration:
      Did not match:
         - @ConditionalOnClass did not find required class 'org.springframework.session.Session' (OnClassCondition)

   ShutdownEndpointAutoConfiguration:
      Did not match:
         - @ConditionalOnAvailableEndpoint the configured access for endpoint 'shutdown' is NONE (OnAvailableEndpointCondition)

   SignalFxMetricsExportAutoConfiguration:
      Did not match:
         - @ConditionalOnClass did not find required class 'io.micrometer.signalfx.SignalFxMeterRegistry' (OnClassCondition)

   SpringApplicationAdminJmxAutoConfiguration:
      Did not match:
         - @ConditionalOnProperty (spring.application.admin.enabled=true) did not find property 'enabled' (OnPropertyCondition)

   SpringBootWebSecurityConfiguration.SecurityFilterChainConfiguration:
      Did not match:
         - AllNestedConditions 1 matched 1 did not; NestedCondition on DefaultWebSecurityCondition.Beans @ConditionalOnMissingBean (types: org.springframework.security.web.SecurityFilterChain; SearchStrategy: all) found beans of type 'org.springframework.security.web.SecurityFilterChain' oauth2SecurityFilterChain; NestedCondition on DefaultWebSecurityCondition.Classes @ConditionalOnClass found required classes 'org.springframework.security.web.SecurityFilterChain', 'org.springframework.security.config.annotation.web.builders.HttpSecurity' (DefaultWebSecurityCondition)

   SpringBootWebSecurityConfiguration.WebSecurityEnablerConfiguration:
      Did not match:
         - @ConditionalOnMissingBean (names: springSecurityFilterChain; SearchStrategy: all) found beans named springSecurityFilterChain (OnBeanCondition)
      Matched:
         - @ConditionalOnClass found required class 'org.springframework.security.config.annotation.web.configuration.EnableWebSecurity' (OnClassCondition)

   SpringDataWebAutoConfiguration:
      Did not match:
         - @ConditionalOnClass did not find required class 'org.springframework.data.web.PageableHandlerMethodArgumentResolver' (OnClassCondition)

   StackdriverMetricsExportAutoConfiguration:
      Did not match:
         - @ConditionalOnClass did not find required class 'io.micrometer.stackdriver.StackdriverMeterRegistry' (OnClassCondition)

   StartupEndpointAutoConfiguration:
      Did not match:
         - ApplicationStartup configured applicationStartup is of type class org.springframework.core.metrics.DefaultApplicationStartup, expected BufferingApplicationStartup. (StartupEndpointAutoConfiguration.ApplicationStartupCondition)

   StatsdMetricsExportAutoConfiguration:
      Did not match:
         - @ConditionalOnClass did not find required class 'io.micrometer.statsd.StatsdMeterRegistry' (OnClassCondition)

   TaskExecutorConfigurations.SimpleAsyncTaskExecutorBuilderConfiguration#simpleAsyncTaskExecutorBuilderVirtualThreads:
      Did not match:
         - @ConditionalOnMissingBean (types: org.springframework.boot.task.SimpleAsyncTaskExecutorBuilder; SearchStrategy: all) found beans of type 'org.springframework.boot.task.SimpleAsyncTaskExecutorBuilder' simpleAsyncTaskExecutorBuilder (OnBeanCondition)

   TaskExecutorConfigurations.TaskExecutorConfiguration#applicationTaskExecutorVirtualThreads:
      Did not match:
         - @ConditionalOnThreading did not find VIRTUAL (OnThreadingCondition)

   TaskSchedulingConfigurations.SimpleAsyncTaskSchedulerBuilderConfiguration#simpleAsyncTaskSchedulerBuilderVirtualThreads:
      Did not match:
         - @ConditionalOnMissingBean (types: org.springframework.boot.task.SimpleAsyncTaskSchedulerBuilder; SearchStrategy: all) found beans of type 'org.springframework.boot.task.SimpleAsyncTaskSchedulerBuilder' simpleAsyncTaskSchedulerBuilder (OnBeanCondition)

   TaskSchedulingConfigurations.TaskSchedulerConfiguration#taskSchedulerVirtualThreads:
      Did not match:
         - @ConditionalOnThreading did not find VIRTUAL (OnThreadingCondition)

   TemplateEngineConfigurations.ReactiveTemplateEngineConfiguration:
      Did not match:
         - did not find reactive web application classes (OnWebApplicationCondition)

   ThymeleafAutoConfiguration.DataAttributeDialectConfiguration:
      Did not match:
         - @ConditionalOnClass did not find required class 'com.github.mxab.thymeleaf.extras.dataattribute.dialect.DataAttributeDialect' (OnClassCondition)

   ThymeleafAutoConfiguration.ThymeleafSecurityDialectConfiguration:
      Did not match:
         - @ConditionalOnClass did not find required class 'org.thymeleaf.extras.springsecurity6.dialect.SpringSecurityDialect' (OnClassCondition)

   ThymeleafAutoConfiguration.ThymeleafWebFluxConfiguration:
      Did not match:
         - did not find reactive web application classes (OnWebApplicationCondition)

   ThymeleafAutoConfiguration.ThymeleafWebLayoutConfiguration:
      Did not match:
         - @ConditionalOnClass did not find required class 'nz.net.ultraq.thymeleaf.layoutdialect.LayoutDialect' (OnClassCondition)

   ThymeleafAutoConfiguration.ThymeleafWebMvcConfiguration#resourceUrlEncodingFilter:
      Did not match:
         - @ConditionalOnEnabledResourceChain did not find class org.webjars.WebJarVersionLocator (OnEnabledResourceChainCondition)

   TransactionAutoConfiguration:
      Did not match:
         - @ConditionalOnClass did not find required class 'org.springframework.transaction.PlatformTransactionManager' (OnClassCondition)

   TransactionManagerCustomizationAutoConfiguration:
      Did not match:
         - @ConditionalOnClass did not find required class 'org.springframework.transaction.PlatformTransactionManager' (OnClassCondition)

   UserDetailsServiceAutoConfiguration:
      Did not match:
         - @ConditionalOnMissingBean (types: org.springframework.security.authentication.AuthenticationManager,org.springframework.security.authentication.AuthenticationProvider,org.springframework.security.core.userdetails.UserDetailsService,org.springframework.security.authentication.AuthenticationManagerResolver,org.springframework.security.oauth2.jwt.JwtDecoder; SearchStrategy: all) found beans of type 'org.springframework.security.authentication.AuthenticationManager' authenticationManager and found beans of type 'org.springframework.security.core.userdetails.UserDetailsService' customUserDetailsService and found beans of type 'org.springframework.security.authentication.AuthenticationProvider' authenticationProvider (OnBeanCondition)
      Matched:
         - @ConditionalOnClass found required class 'org.springframework.security.authentication.AuthenticationManager' (OnClassCondition)
         - found 'session' scope (OnWebApplicationCondition)
         - AnyNestedCondition 2 matched 1 did not; NestedCondition on UserDetailsServiceAutoConfiguration.MissingAlternativeOrUserPropertiesConfigured.PasswordConfigured @ConditionalOnProperty (spring.security.user.password) matched; NestedCondition on UserDetailsServiceAutoConfiguration.MissingAlternativeOrUserPropertiesConfigured.NameConfigured @ConditionalOnProperty (spring.security.user.name) matched; NestedCondition on UserDetailsServiceAutoConfiguration.MissingAlternativeOrUserPropertiesConfigured.MissingAlternative @ConditionalOnMissingClass found unwanted class 'org.springframework.security.oauth2.client.registration.ClientRegistrationRepository' (UserDetailsServiceAutoConfiguration.MissingAlternativeOrUserPropertiesConfigured)

   WavefrontAutoConfiguration:
      Did not match:
         - @ConditionalOnClass did not find required class 'com.wavefront.sdk.common.application.ApplicationTags' (OnClassCondition)

   WavefrontMetricsExportAutoConfiguration:
      Did not match:
         - @ConditionalOnClass did not find required class 'com.wavefront.sdk.common.WavefrontSender' (OnClassCondition)

   WavefrontTracingAutoConfiguration:
      Did not match:
         - @ConditionalOnClass did not find required class 'com.wavefront.sdk.common.WavefrontSender' (OnClassCondition)

   WebClientAutoConfiguration:
      Did not match:
         - @ConditionalOnClass did not find required class 'org.springframework.web.reactive.function.client.WebClient' (OnClassCondition)

   WebClientObservationConfiguration:
      Did not match:
         - @ConditionalOnClass did not find required class 'org.springframework.web.reactive.function.client.WebClient' (OnClassCondition)

   WebFluxAutoConfiguration:
      Did not match:
         - @ConditionalOnClass did not find required class 'org.springframework.web.reactive.config.WebFluxConfigurer' (OnClassCondition)

   WebFluxEndpointManagementContextConfiguration:
      Did not match:
         - @ConditionalOnClass did not find required class 'org.springframework.web.reactive.DispatcherHandler' (OnClassCondition)

   WebFluxObservationAutoConfiguration:
      Did not match:
         - @ConditionalOnWebApplication did not find reactive web application classes (OnWebApplicationCondition)

   WebMvcAutoConfiguration:
      Did not match:
         - @ConditionalOnMissingBean (types: org.springframework.web.servlet.config.annotation.WebMvcConfigurationSupport; SearchStrategy: all) found beans of type 'org.springframework.web.servlet.config.annotation.WebMvcConfigurationSupport' org.springframework.web.servlet.config.annotation.DelegatingWebMvcConfiguration (OnBeanCondition)
      Matched:
         - @ConditionalOnClass found required classes 'jakarta.servlet.Servlet', 'org.springframework.web.servlet.DispatcherServlet', 'org.springframework.web.servlet.config.annotation.WebMvcConfigurer' (OnClassCondition)
         - found 'session' scope (OnWebApplicationCondition)

   WebMvcAutoConfiguration.ProblemDetailsErrorHandlingConfiguration:
      Did not match:
         - @ConditionalOnProperty (spring.mvc.problemdetails.enabled=true) did not find property 'enabled' (OnPropertyCondition)
         - Ancestor org.springframework.boot.autoconfigure.web.servlet.WebMvcAutoConfiguration did not match (ConditionEvaluationReport.AncestorsMatchedCondition)

   WebMvcAutoConfiguration.ResourceChainCustomizerConfiguration:
      Did not match:
         - @ConditionalOnEnabledResourceChain did not find class org.webjars.WebJarVersionLocator (OnEnabledResourceChainCondition)
         - Ancestor org.springframework.boot.autoconfigure.web.servlet.WebMvcAutoConfiguration did not match (ConditionEvaluationReport.AncestorsMatchedCondition)

   WebMvcEndpointManagementContextConfiguration#managementHealthEndpointWebMvcHandlerMapping:
      Did not match:
         - Management Port actual port type (SAME) did not match required type (DIFFERENT) (OnManagementPortCondition)

   WebServiceTemplateAutoConfiguration:
      Did not match:
         - @ConditionalOnClass did not find required class 'org.springframework.oxm.Marshaller' (OnClassCondition)

   WebServicesAutoConfiguration:
      Did not match:
         - @ConditionalOnClass did not find required class 'org.springframework.ws.transport.http.MessageDispatcherServlet' (OnClassCondition)

   WebSessionIdResolverAutoConfiguration:
      Did not match:
         - @ConditionalOnWebApplication did not find reactive web application classes (OnWebApplicationCondition)

   WebSocketMessagingAutoConfiguration:
      Did not match:
         - @ConditionalOnClass did not find required class 'org.springframework.web.socket.config.annotation.WebSocketMessageBrokerConfigurer' (OnClassCondition)

   WebSocketReactiveAutoConfiguration:
      Did not match:
         - @ConditionalOnWebApplication did not find reactive web application classes (OnWebApplicationCondition)

   WebSocketServletAutoConfiguration.JettyWebSocketConfiguration:
      Did not match:
         - @ConditionalOnClass did not find required class 'org.eclipse.jetty.ee10.websocket.jakarta.server.config.JakartaWebSocketServletContainerInitializer' (OnClassCondition)

   WebSocketServletAutoConfiguration.UndertowWebSocketConfiguration:
      Did not match:
         - @ConditionalOnClass did not find required class 'io.undertow.websockets.jsr.Bootstrap' (OnClassCondition)

   XADataSourceAutoConfiguration:
      Did not match:
         - @ConditionalOnClass did not find required class 'jakarta.transaction.TransactionManager' (OnClassCondition)

   ZipkinAutoConfiguration:
      Did not match:
         - @ConditionalOnClass did not find required class 'zipkin2.reporter.Encoding' (OnClassCondition)


Exclusions:
-----------

    None


Unconditional classes:
----------------------

    org.springframework.boot.autoconfigure.context.ConfigurationPropertiesAutoConfiguration

    org.springframework.boot.actuate.autoconfigure.availability.AvailabilityHealthContributorAutoConfiguration

    org.springframework.boot.autoconfigure.ssl.SslAutoConfiguration

    org.springframework.boot.actuate.autoconfigure.info.InfoContributorAutoConfiguration

    org.springframework.boot.autoconfigure.context.PropertyPlaceholderAutoConfiguration

    org.springframework.boot.autoconfigure.context.LifecycleAutoConfiguration

    org.springframework.boot.actuate.autoconfigure.metrics.integration.IntegrationMetricsAutoConfiguration

    org.springframework.boot.actuate.autoconfigure.endpoint.EndpointAutoConfiguration

    com.azure.spring.cloud.autoconfigure.implementation.context.AzureGlobalPropertiesAutoConfiguration

    org.springframework.boot.actuate.autoconfigure.web.server.ManagementContextAutoConfiguration

    com.azure.spring.cloud.autoconfigure.implementation.context.AzureTokenCredentialAutoConfiguration

    org.springframework.boot.actuate.autoconfigure.health.HealthContributorAutoConfiguration

    org.springframework.boot.actuate.autoconfigure.endpoint.jackson.JacksonEndpointAutoConfiguration

    org.springframework.boot.autoconfigure.availability.ApplicationAvailabilityAutoConfiguration

    org.springframework.boot.autoconfigure.info.ProjectInfoAutoConfiguration



2026-06-02 11:05:18.904 [main] INFO  o.s.b.a.l.ConditionEvaluationReportLogger - 

Error starting ApplicationContext. To display the condition evaluation report re-run your application with 'debug' enabled.
2026-06-02 11:05:18.942 [main] ERROR o.s.boot.SpringApplication - Application run failed
org.springframework.beans.factory.BeanCreationException: Error creating bean with name 'org.springframework.security.config.annotation.web.configuration.WebSecurityConfiguration': Injection of autowired dependencies failed
	at org.springframework.beans.factory.annotation.AutowiredAnnotationBeanPostProcessor.postProcessProperties(AutowiredAnnotationBeanPostProcessor.java:515)
	at org.springframework.beans.factory.support.AbstractAutowireCapableBeanFactory.populateBean(AbstractAutowireCapableBeanFactory.java:1459)
	at org.springframework.beans.factory.support.AbstractAutowireCapableBeanFactory.doCreateBean(AbstractAutowireCapableBeanFactory.java:606)
	at org.springframework.beans.factory.support.AbstractAutowireCapableBeanFactory.createBean(AbstractAutowireCapableBeanFactory.java:529)
	at org.springframework.beans.factory.support.AbstractBeanFactory.lambda$doGetBean$0(AbstractBeanFactory.java:339)
	at org.springframework.beans.factory.support.DefaultSingletonBeanRegistry.getSingleton(DefaultSingletonBeanRegistry.java:373)
	at org.springframework.beans.factory.support.AbstractBeanFactory.doGetBean(AbstractBeanFactory.java:337)
	at org.springframework.beans.factory.support.AbstractBeanFactory.getBean(AbstractBeanFactory.java:202)
	at org.springframework.beans.factory.support.DefaultListableBeanFactory.instantiateSingleton(DefaultListableBeanFactory.java:1222)
	at org.springframework.beans.factory.support.DefaultListableBeanFactory.preInstantiateSingleton(DefaultListableBeanFactory.java:1188)
	at org.springframework.beans.factory.support.DefaultListableBeanFactory.preInstantiateSingletons(DefaultListableBeanFactory.java:1123)
	at org.springframework.context.support.AbstractApplicationContext.finishBeanFactoryInitialization(AbstractApplicationContext.java:987)
	at org.springframework.context.support.AbstractApplicationContext.refresh(AbstractApplicationContext.java:627)
	at org.springframework.boot.SpringApplication.refresh(SpringApplication.java:753)
	at org.springframework.boot.SpringApplication.refreshContext(SpringApplication.java:439)
	at org.springframework.boot.SpringApplication.run(SpringApplication.java:318)
	at org.springframework.boot.test.context.SpringBootContextLoader.lambda$loadContext$3(SpringBootContextLoader.java:144)
	at org.springframework.util.function.ThrowingSupplier.get(ThrowingSupplier.java:58)
	at org.springframework.util.function.ThrowingSupplier.get(ThrowingSupplier.java:46)
	at org.springframework.boot.SpringApplication.withHook(SpringApplication.java:1462)
	at org.springframework.boot.test.context.SpringBootContextLoader$ContextLoaderHook.run(SpringBootContextLoader.java:563)
	at org.springframework.boot.test.context.SpringBootContextLoader.loadContext(SpringBootContextLoader.java:144)
	at org.springframework.boot.test.context.SpringBootContextLoader.loadContext(SpringBootContextLoader.java:110)
	at org.springframework.test.context.cache.DefaultCacheAwareContextLoaderDelegate.loadContextInternal(DefaultCacheAwareContextLoaderDelegate.java:225)
	at org.springframework.test.context.cache.DefaultCacheAwareContextLoaderDelegate.loadContext(DefaultCacheAwareContextLoaderDelegate.java:152)
	at org.springframework.test.context.support.DefaultTestContext.getApplicationContext(DefaultTestContext.java:130)
	at org.springframework.test.context.web.ServletTestExecutionListener.setUpRequestContextIfNecessary(ServletTestExecutionListener.java:200)
	at org.springframework.test.context.web.ServletTestExecutionListener.prepareTestInstance(ServletTestExecutionListener.java:139)
	at org.springframework.test.context.TestContextManager.prepareTestInstance(TestContextManager.java:260)
	at org.springframework.test.context.junit.jupiter.SpringExtension.postProcessTestInstance(SpringExtension.java:159)
	at org.junit.jupiter.engine.descriptor.ClassBasedTestDescriptor.lambda$invokeTestInstancePostProcessors$11(ClassBasedTestDescriptor.java:378)
	at org.junit.jupiter.engine.descriptor.ClassBasedTestDescriptor.executeAndMaskThrowable(ClassBasedTestDescriptor.java:383)
	at org.junit.jupiter.engine.descriptor.ClassBasedTestDescriptor.lambda$invokeTestInstancePostProcessors$12(ClassBasedTestDescriptor.java:378)
	at java.base/java.util.stream.ForEachOps$ForEachOp$OfRef.accept(ForEachOps.java:183)
	at java.base/java.util.stream.ReferencePipeline$3$1.accept(ReferencePipeline.java:197)
	at java.base/java.util.stream.ReferencePipeline$2$1.accept(ReferencePipeline.java:179)
	at java.base/java.util.stream.ReferencePipeline$3$1.accept(ReferencePipeline.java:197)
	at java.base/java.util.ArrayList$ArrayListSpliterator.forEachRemaining(ArrayList.java:1625)
	at java.base/java.util.stream.AbstractPipeline.copyInto(AbstractPipeline.java:509)
	at java.base/java.util.stream.AbstractPipeline.wrapAndCopyInto(AbstractPipeline.java:499)
	at java.base/java.util.stream.ForEachOps$ForEachOp.evaluateSequential(ForEachOps.java:150)
	at java.base/java.util.stream.ForEachOps$ForEachOp$OfRef.evaluateSequential(ForEachOps.java:173)
	at java.base/java.util.stream.AbstractPipeline.evaluate(AbstractPipeline.java:234)
	at java.base/java.util.stream.ReferencePipeline.forEach(ReferencePipeline.java:596)
	at org.junit.jupiter.engine.descriptor.ClassBasedTestDescriptor.invokeTestInstancePostProcessors(ClassBasedTestDescriptor.java:377)
	at org.junit.jupiter.engine.descriptor.ClassBasedTestDescriptor.lambda$instantiateAndPostProcessTestInstance$7(ClassBasedTestDescriptor.java:290)
	at org.junit.platform.engine.support.hierarchical.ThrowableCollector.execute(ThrowableCollector.java:73)
	at org.junit.jupiter.engine.descriptor.ClassBasedTestDescriptor.instantiateAndPostProcessTestInstance(ClassBasedTestDescriptor.java:289)
	at org.junit.jupiter.engine.descriptor.ClassBasedTestDescriptor.lambda$testInstancesProvider$5(ClassBasedTestDescriptor.java:279)
	at java.base/java.util.Optional.orElseGet(Optional.java:364)
	at org.junit.jupiter.engine.descriptor.ClassBasedTestDescriptor.lambda$testInstancesProvider$6(ClassBasedTestDescriptor.java:278)
	at org.junit.jupiter.engine.execution.TestInstancesProvider.getTestInstances(TestInstancesProvider.java:31)
	at org.junit.jupiter.engine.descriptor.TestMethodTestDescriptor.lambda$prepare$1(TestMethodTestDescriptor.java:105)
	at org.junit.platform.engine.support.hierarchical.ThrowableCollector.execute(ThrowableCollector.java:73)
	at org.junit.jupiter.engine.descriptor.TestMethodTestDescriptor.prepare(TestMethodTestDescriptor.java:104)
	at org.junit.jupiter.engine.descriptor.TestMethodTestDescriptor.prepare(TestMethodTestDescriptor.java:68)
	at org.junit.platform.engine.support.hierarchical.NodeTestTask.lambda$prepare$2(NodeTestTask.java:128)
	at org.junit.platform.engine.support.hierarchical.ThrowableCollector.execute(ThrowableCollector.java:73)
	at org.junit.platform.engine.support.hierarchical.NodeTestTask.prepare(NodeTestTask.java:128)
	at org.junit.platform.engine.support.hierarchical.NodeTestTask.execute(NodeTestTask.java:95)
	at java.base/java.util.ArrayList.forEach(ArrayList.java:1511)
	at org.junit.platform.engine.support.hierarchical.SameThreadHierarchicalTestExecutorService.invokeAll(SameThreadHierarchicalTestExecutorService.java:41)
	at org.junit.platform.engine.support.hierarchical.NodeTestTask.lambda$executeRecursively$6(NodeTestTask.java:160)
	at org.junit.platform.engine.support.hierarchical.ThrowableCollector.execute(ThrowableCollector.java:73)
	at org.junit.platform.engine.support.hierarchical.NodeTestTask.lambda$executeRecursively$8(NodeTestTask.java:146)
	at org.junit.platform.engine.support.hierarchical.Node.around(Node.java:137)
	at org.junit.platform.engine.support.hierarchical.NodeTestTask.lambda$executeRecursively$9(NodeTestTask.java:144)
	at org.junit.platform.engine.support.hierarchical.ThrowableCollector.execute(ThrowableCollector.java:73)
	at org.junit.platform.engine.support.hierarchical.NodeTestTask.executeRecursively(NodeTestTask.java:143)
	at org.junit.platform.engine.support.hierarchical.NodeTestTask.execute(NodeTestTask.java:100)
	at java.base/java.util.ArrayList.forEach(ArrayList.java:1511)
	at org.junit.platform.engine.support.hierarchical.SameThreadHierarchicalTestExecutorService.invokeAll(SameThreadHierarchicalTestExecutorService.java:41)
	at org.junit.platform.engine.support.hierarchical.NodeTestTask.lambda$executeRecursively$6(NodeTestTask.java:160)
	at org.junit.platform.engine.support.hierarchical.ThrowableCollector.execute(ThrowableCollector.java:73)
	at org.junit.platform.engine.support.hierarchical.NodeTestTask.lambda$executeRecursively$8(NodeTestTask.java:146)
	at org.junit.platform.engine.support.hierarchical.Node.around(Node.java:137)
	at org.junit.platform.engine.support.hierarchical.NodeTestTask.lambda$executeRecursively$9(NodeTestTask.java:144)
	at org.junit.platform.engine.support.hierarchical.ThrowableCollector.execute(ThrowableCollector.java:73)
	at org.junit.platform.engine.support.hierarchical.NodeTestTask.executeRecursively(NodeTestTask.java:143)
	at org.junit.platform.engine.support.hierarchical.NodeTestTask.execute(NodeTestTask.java:100)
	at org.junit.platform.engine.support.hierarchical.SameThreadHierarchicalTestExecutorService.submit(SameThreadHierarchicalTestExecutorService.java:35)
	at org.junit.platform.engine.support.hierarchical.HierarchicalTestExecutor.execute(HierarchicalTestExecutor.java:57)
	at org.junit.platform.engine.support.hierarchical.HierarchicalTestEngine.execute(HierarchicalTestEngine.java:54)
	at org.junit.platform.launcher.core.EngineExecutionOrchestrator.execute(EngineExecutionOrchestrator.java:198)
	at org.junit.platform.launcher.core.EngineExecutionOrchestrator.execute(EngineExecutionOrchestrator.java:169)
	at org.junit.platform.launcher.core.EngineExecutionOrchestrator.execute(EngineExecutionOrchestrator.java:93)
	at org.junit.platform.launcher.core.EngineExecutionOrchestrator.lambda$execute$0(EngineExecutionOrchestrator.java:58)
	at org.junit.platform.launcher.core.EngineExecutionOrchestrator.withInterceptedStreams(EngineExecutionOrchestrator.java:141)
	at org.junit.platform.launcher.core.EngineExecutionOrchestrator.execute(EngineExecutionOrchestrator.java:57)
	at org.junit.platform.launcher.core.DefaultLauncher.execute(DefaultLauncher.java:103)
	at org.junit.platform.launcher.core.DefaultLauncher.execute(DefaultLauncher.java:85)
	at org.junit.platform.launcher.core.DelegatingLauncher.execute(DelegatingLauncher.java:47)
	at org.apache.maven.surefire.junitplatform.LazyLauncher.execute(LazyLauncher.java:56)
	at org.apache.maven.surefire.junitplatform.JUnitPlatformProvider.execute(JUnitPlatformProvider.java:194)
	at org.apache.maven.surefire.junitplatform.JUnitPlatformProvider.invokeAllTests(JUnitPlatformProvider.java:150)
	at org.apache.maven.surefire.junitplatform.JUnitPlatformProvider.invoke(JUnitPlatformProvider.java:124)
	at org.apache.maven.surefire.booter.ForkedBooter.runSuitesInProcess(ForkedBooter.java:385)
	at org.apache.maven.surefire.booter.ForkedBooter.execute(ForkedBooter.java:162)
	at org.apache.maven.surefire.booter.ForkedBooter.run(ForkedBooter.java:507)
	at org.apache.maven.surefire.booter.ForkedBooter.main(ForkedBooter.java:495)
Caused by: java.lang.RuntimeException: Could not postProcess org.springframework.security.config.annotation.web.builders.WebSecurity@1aee6983 of type class org.springframework.security.config.annotation.web.builders.WebSecurity
	at org.springframework.security.config.annotation.configuration.AutowireBeanFactoryObjectPostProcessor.postProcess(AutowireBeanFactoryObjectPostProcessor.java:71)
	at org.springframework.security.config.annotation.web.configuration.WebSecurityConfiguration.setFilterChainProxySecurityConfigurer(WebSecurityConfiguration.java:145)
	at java.base/jdk.internal.reflect.NativeMethodAccessorImpl.invoke0(Native Method)
	at java.base/jdk.internal.reflect.NativeMethodAccessorImpl.invoke(NativeMethodAccessorImpl.java:77)
	at java.base/jdk.internal.reflect.DelegatingMethodAccessorImpl.invoke(DelegatingMethodAccessorImpl.java:43)
	at java.base/java.lang.reflect.Method.invoke(Method.java:568)
	at org.springframework.beans.factory.annotation.AutowiredAnnotationBeanPostProcessor$AutowiredMethodElement.inject(AutowiredAnnotationBeanPostProcessor.java:854)
	at org.springframework.beans.factory.annotation.InjectionMetadata.inject(InjectionMetadata.java:146)
	at org.springframework.beans.factory.annotation.AutowiredAnnotationBeanPostProcessor.postProcessProperties(AutowiredAnnotationBeanPostProcessor.java:509)
	... 99 common frames omitted
Caused by: org.springframework.beans.factory.BeanCreationException: Error creating bean with name 'mvcHandlerMappingIntrospectorRequestTransformer': Cannot resolve reference to bean 'mvcHandlerMappingIntrospector' while setting constructor argument
	at org.springframework.beans.factory.support.BeanDefinitionValueResolver.resolveReference(BeanDefinitionValueResolver.java:377)
	at org.springframework.beans.factory.support.BeanDefinitionValueResolver.resolveValueIfNecessary(BeanDefinitionValueResolver.java:135)
	at org.springframework.beans.factory.support.ConstructorResolver.resolveConstructorArguments(ConstructorResolver.java:691)
	at org.springframework.beans.factory.support.ConstructorResolver.autowireConstructor(ConstructorResolver.java:206)
	at org.springframework.beans.factory.support.AbstractAutowireCapableBeanFactory.autowireConstructor(AbstractAutowireCapableBeanFactory.java:1395)
	at org.springframework.beans.factory.support.AbstractAutowireCapableBeanFactory.createBeanInstance(AbstractAutowireCapableBeanFactory.java:1232)
	at org.springframework.beans.factory.support.AbstractAutowireCapableBeanFactory.doCreateBean(AbstractAutowireCapableBeanFactory.java:569)
	at org.springframework.beans.factory.support.AbstractAutowireCapableBeanFactory.createBean(AbstractAutowireCapableBeanFactory.java:529)
	at org.springframework.beans.factory.support.AbstractBeanFactory.lambda$doGetBean$0(AbstractBeanFactory.java:339)
	at org.springframework.beans.factory.support.DefaultSingletonBeanRegistry.getSingleton(DefaultSingletonBeanRegistry.java:373)
	at org.springframework.beans.factory.support.AbstractBeanFactory.doGetBean(AbstractBeanFactory.java:337)
	at org.springframework.beans.factory.support.AbstractBeanFactory.getBean(AbstractBeanFactory.java:227)
	at org.springframework.beans.factory.support.DefaultListableBeanFactory.resolveNamedBean(DefaultListableBeanFactory.java:1598)
	at org.springframework.beans.factory.support.DefaultListableBeanFactory.resolveNamedBean(DefaultListableBeanFactory.java:1556)
	at org.springframework.beans.factory.support.DefaultListableBeanFactory.resolveBean(DefaultListableBeanFactory.java:563)
	at org.springframework.beans.factory.support.DefaultListableBeanFactory$1.getIfUnique(DefaultListableBeanFactory.java:489)
	at org.springframework.security.config.annotation.web.builders.WebSecurity.setApplicationContext(WebSecurity.java:428)
	at org.springframework.context.support.ApplicationContextAwareProcessor.invokeAwareInterfaces(ApplicationContextAwareProcessor.java:110)
	at org.springframework.context.support.ApplicationContextAwareProcessor.postProcessBeforeInitialization(ApplicationContextAwareProcessor.java:85)
	at org.springframework.beans.factory.support.AbstractAutowireCapableBeanFactory.applyBeanPostProcessorsBeforeInitialization(AbstractAutowireCapableBeanFactory.java:429)
	at org.springframework.beans.factory.support.AbstractAutowireCapableBeanFactory.initializeBean(AbstractAutowireCapableBeanFactory.java:1818)
	at org.springframework.beans.factory.support.AbstractAutowireCapableBeanFactory.initializeBean(AbstractAutowireCapableBeanFactory.java:419)
	at org.springframework.security.config.annotation.configuration.AutowireBeanFactoryObjectPostProcessor.initializeBeanIfNeeded(AutowireBeanFactoryObjectPostProcessor.java:98)
	at org.springframework.security.config.annotation.configuration.AutowireBeanFactoryObjectPostProcessor.postProcess(AutowireBeanFactoryObjectPostProcessor.java:67)
	... 107 common frames omitted
Caused by: org.springframework.beans.factory.BeanCreationException: Error creating bean with name 'mvcHandlerMappingIntrospector' defined in class path resource [org/springframework/web/servlet/config/annotation/DelegatingWebMvcConfiguration.class]: Error creating bean with name 'healthEndpointWebMvcHandlerMapping' defined in class path resource [org/springframework/boot/actuate/autoconfigure/health/HealthEndpointWebExtensionConfiguration$MvcAdditionalHealthEndpointPathsConfiguration.class]: Failed to instantiate [org.springframework.boot.actuate.endpoint.web.servlet.AdditionalHealthEndpointPathsWebMvcHandlerMapping]: Factory method 'healthEndpointWebMvcHandlerMapping' threw exception with message: Error creating bean with name 'healthEndpoint' defined in class path resource [org/springframework/boot/actuate/autoconfigure/health/HealthEndpointConfiguration.class]: Unsatisfied dependency expressed through method 'healthEndpoint' parameter 0: Error creating bean with name 'healthContributorRegistry' defined in class path resource [org/springframework/boot/actuate/autoconfigure/health/HealthEndpointConfiguration.class]: Unsatisfied dependency expressed through method 'healthContributorRegistry' parameter 2: Error creating bean with name 'mailHealthContributor' defined in class path resource [org/springframework/boot/actuate/autoconfigure/mail/MailHealthContributorAutoConfiguration.class]: Failed to instantiate [org.springframework.boot.actuate.health.HealthContributor]: Factory method 'mailHealthContributor' threw exception with message: Beans must not be empty
	at org.springframework.beans.factory.support.AbstractAutowireCapableBeanFactory.initializeBean(AbstractAutowireCapableBeanFactory.java:1826)
	at org.springframework.beans.factory.support.AbstractAutowireCapableBeanFactory.doCreateBean(AbstractAutowireCapableBeanFactory.java:607)
	at org.springframework.beans.factory.support.AbstractAutowireCapableBeanFactory.createBean(AbstractAutowireCapableBeanFactory.java:529)
	at org.springframework.beans.factory.support.AbstractBeanFactory.lambda$doGetBean$0(AbstractBeanFactory.java:339)
	at org.springframework.beans.factory.support.DefaultSingletonBeanRegistry.getSingleton(DefaultSingletonBeanRegistry.java:373)
	at org.springframework.beans.factory.support.AbstractBeanFactory.doGetBean(AbstractBeanFactory.java:337)
	at org.springframework.beans.factory.support.AbstractBeanFactory.getBean(AbstractBeanFactory.java:202)
	at org.springframework.beans.factory.support.BeanDefinitionValueResolver.resolveReference(BeanDefinitionValueResolver.java:365)
	... 130 common frames omitted
Caused by: org.springframework.beans.factory.BeanCreationException: Error creating bean with name 'healthEndpointWebMvcHandlerMapping' defined in class path resource [org/springframework/boot/actuate/autoconfigure/health/HealthEndpointWebExtensionConfiguration$MvcAdditionalHealthEndpointPathsConfiguration.class]: Failed to instantiate [org.springframework.boot.actuate.endpoint.web.servlet.AdditionalHealthEndpointPathsWebMvcHandlerMapping]: Factory method 'healthEndpointWebMvcHandlerMapping' threw exception with message: Error creating bean with name 'healthEndpoint' defined in class path resource [org/springframework/boot/actuate/autoconfigure/health/HealthEndpointConfiguration.class]: Unsatisfied dependency expressed through method 'healthEndpoint' parameter 0: Error creating bean with name 'healthContributorRegistry' defined in class path resource [org/springframework/boot/actuate/autoconfigure/health/HealthEndpointConfiguration.class]: Unsatisfied dependency expressed through method 'healthContributorRegistry' parameter 2: Error creating bean with name 'mailHealthContributor' defined in class path resource [org/springframework/boot/actuate/autoconfigure/mail/MailHealthContributorAutoConfiguration.class]: Failed to instantiate [org.springframework.boot.actuate.health.HealthContributor]: Factory method 'mailHealthContributor' threw exception with message: Beans must not be empty
	at org.springframework.beans.factory.support.ConstructorResolver.instantiate(ConstructorResolver.java:657)
	at org.springframework.beans.factory.support.ConstructorResolver.instantiateUsingFactoryMethod(ConstructorResolver.java:645)
	at org.springframework.beans.factory.support.AbstractAutowireCapableBeanFactory.instantiateUsingFactoryMethod(AbstractAutowireCapableBeanFactory.java:1375)
	at org.springframework.beans.factory.support.AbstractAutowireCapableBeanFactory.createBeanInstance(AbstractAutowireCapableBeanFactory.java:1205)
	at org.springframework.beans.factory.support.AbstractAutowireCapableBeanFactory.doCreateBean(AbstractAutowireCapableBeanFactory.java:569)
	at org.springframework.beans.factory.support.AbstractAutowireCapableBeanFactory.createBean(AbstractAutowireCapableBeanFactory.java:529)
	at org.springframework.beans.factory.support.AbstractBeanFactory.lambda$doGetBean$0(AbstractBeanFactory.java:339)
	at org.springframework.beans.factory.support.DefaultSingletonBeanRegistry.getSingleton(DefaultSingletonBeanRegistry.java:373)
	at org.springframework.beans.factory.support.AbstractBeanFactory.doGetBean(AbstractBeanFactory.java:337)
	at org.springframework.beans.factory.support.AbstractBeanFactory.getBean(AbstractBeanFactory.java:202)
	at org.springframework.beans.factory.support.DefaultListableBeanFactory.getBeansOfType(DefaultListableBeanFactory.java:747)
	at org.springframework.context.support.AbstractApplicationContext.getBeansOfType(AbstractApplicationContext.java:1426)
	at org.springframework.beans.factory.BeanFactoryUtils.beansOfTypeIncludingAncestors(BeanFactoryUtils.java:372)
	at org.springframework.web.servlet.handler.HandlerMappingIntrospector.initHandlerMappings(HandlerMappingIntrospector.java:135)
	at org.springframework.web.servlet.handler.HandlerMappingIntrospector.afterPropertiesSet(HandlerMappingIntrospector.java:123)
	at org.springframework.beans.factory.support.AbstractAutowireCapableBeanFactory.invokeInitMethods(AbstractAutowireCapableBeanFactory.java:1873)
	at org.springframework.beans.factory.support.AbstractAutowireCapableBeanFactory.initializeBean(AbstractAutowireCapableBeanFactory.java:1822)
	... 137 common frames omitted
Caused by: org.springframework.beans.BeanInstantiationException: Failed to instantiate [org.springframework.boot.actuate.endpoint.web.servlet.AdditionalHealthEndpointPathsWebMvcHandlerMapping]: Factory method 'healthEndpointWebMvcHandlerMapping' threw exception with message: Error creating bean with name 'healthEndpoint' defined in class path resource [org/springframework/boot/actuate/autoconfigure/health/HealthEndpointConfiguration.class]: Unsatisfied dependency expressed through method 'healthEndpoint' parameter 0: Error creating bean with name 'healthContributorRegistry' defined in class path resource [org/springframework/boot/actuate/autoconfigure/health/HealthEndpointConfiguration.class]: Unsatisfied dependency expressed through method 'healthContributorRegistry' parameter 2: Error creating bean with name 'mailHealthContributor' defined in class path resource [org/springframework/boot/actuate/autoconfigure/mail/MailHealthContributorAutoConfiguration.class]: Failed to instantiate [org.springframework.boot.actuate.health.HealthContributor]: Factory method 'mailHealthContributor' threw exception with message: Beans must not be empty
	at org.springframework.beans.factory.support.SimpleInstantiationStrategy.lambda$instantiate$0(SimpleInstantiationStrategy.java:199)
	at org.springframework.beans.factory.support.SimpleInstantiationStrategy.instantiateWithFactoryMethod(SimpleInstantiationStrategy.java:88)
	at org.springframework.beans.factory.support.SimpleInstantiationStrategy.instantiate(SimpleInstantiationStrategy.java:168)
	at org.springframework.beans.factory.support.ConstructorResolver.instantiate(ConstructorResolver.java:653)
	... 153 common frames omitted
Caused by: org.springframework.beans.factory.UnsatisfiedDependencyException: Error creating bean with name 'healthEndpoint' defined in class path resource [org/springframework/boot/actuate/autoconfigure/health/HealthEndpointConfiguration.class]: Unsatisfied dependency expressed through method 'healthEndpoint' parameter 0: Error creating bean with name 'healthContributorRegistry' defined in class path resource [org/springframework/boot/actuate/autoconfigure/health/HealthEndpointConfiguration.class]: Unsatisfied dependency expressed through method 'healthContributorRegistry' parameter 2: Error creating bean with name 'mailHealthContributor' defined in class path resource [org/springframework/boot/actuate/autoconfigure/mail/MailHealthContributorAutoConfiguration.class]: Failed to instantiate [org.springframework.boot.actuate.health.HealthContributor]: Factory method 'mailHealthContributor' threw exception with message: Beans must not be empty
	at org.springframework.beans.factory.support.ConstructorResolver.createArgumentArray(ConstructorResolver.java:804)
	at org.springframework.beans.factory.support.ConstructorResolver.instantiateUsingFactoryMethod(ConstructorResolver.java:546)
	at org.springframework.beans.factory.support.AbstractAutowireCapableBeanFactory.instantiateUsingFactoryMethod(AbstractAutowireCapableBeanFactory.java:1375)
	at org.springframework.beans.factory.support.AbstractAutowireCapableBeanFactory.createBeanInstance(AbstractAutowireCapableBeanFactory.java:1205)
	at org.springframework.beans.factory.support.AbstractAutowireCapableBeanFactory.doCreateBean(AbstractAutowireCapableBeanFactory.java:569)
	at org.springframework.beans.factory.support.AbstractAutowireCapableBeanFactory.createBean(AbstractAutowireCapableBeanFactory.java:529)
	at org.springframework.beans.factory.support.AbstractBeanFactory.lambda$doGetBean$0(AbstractBeanFactory.java:339)
	at org.springframework.beans.factory.support.DefaultSingletonBeanRegistry.getSingleton(DefaultSingletonBeanRegistry.java:373)
	at org.springframework.beans.factory.support.AbstractBeanFactory.doGetBean(AbstractBeanFactory.java:337)
	at org.springframework.beans.factory.support.AbstractBeanFactory.getBean(AbstractBeanFactory.java:202)
	at org.springframework.context.support.AbstractApplicationContext.getBean(AbstractApplicationContext.java:1272)
	at org.springframework.boot.actuate.endpoint.annotation.EndpointDiscoverer.lambda$createEndpointBean$1(EndpointDiscoverer.java:174)
	at org.springframework.boot.actuate.endpoint.annotation.EndpointDiscoverer$EndpointBean.getBean(EndpointDiscoverer.java:530)
	at org.springframework.boot.actuate.endpoint.annotation.EndpointDiscoverer.lambda$getFilterEndpoint$8(EndpointDiscoverer.java:375)
	at java.base/java.util.concurrent.ConcurrentHashMap.computeIfAbsent(ConcurrentHashMap.java:1708)
	at org.springframework.boot.actuate.endpoint.annotation.EndpointDiscoverer.getFilterEndpoint(EndpointDiscoverer.java:375)
	at org.springframework.boot.actuate.endpoint.annotation.EndpointDiscoverer.isFilterMatch(EndpointDiscoverer.java:335)
	at org.springframework.boot.actuate.endpoint.annotation.EndpointDiscoverer.isExtensionExposed(EndpointDiscoverer.java:289)
	at org.springframework.boot.actuate.endpoint.annotation.EndpointDiscoverer.addExtensionBean(EndpointDiscoverer.java:199)
	at org.springframework.boot.actuate.endpoint.annotation.EndpointDiscoverer.addExtensionBeans(EndpointDiscoverer.java:188)
	at org.springframework.boot.actuate.endpoint.annotation.EndpointDiscoverer.discoverEndpoints(EndpointDiscoverer.java:153)
	at org.springframework.boot.actuate.endpoint.annotation.EndpointDiscoverer.getEndpoints(EndpointDiscoverer.java:146)
	at org.springframework.boot.actuate.autoconfigure.health.HealthEndpointWebExtensionConfiguration.getHealthEndpoint(HealthEndpointWebExtensionConfiguration.java:79)
	at org.springframework.boot.actuate.autoconfigure.health.HealthEndpointWebExtensionConfiguration$MvcAdditionalHealthEndpointPathsConfiguration.healthEndpointWebMvcHandlerMapping(HealthEndpointWebExtensionConfiguration.java:92)
	at java.base/jdk.internal.reflect.NativeMethodAccessorImpl.invoke0(Native Method)
	at java.base/jdk.internal.reflect.NativeMethodAccessorImpl.invoke(NativeMethodAccessorImpl.java:77)
	at java.base/jdk.internal.reflect.DelegatingMethodAccessorImpl.invoke(DelegatingMethodAccessorImpl.java:43)
	at java.base/java.lang.reflect.Method.invoke(Method.java:568)
	at org.springframework.beans.factory.support.SimpleInstantiationStrategy.lambda$instantiate$0(SimpleInstantiationStrategy.java:171)
	... 156 common frames omitted
Caused by: org.springframework.beans.factory.UnsatisfiedDependencyException: Error creating bean with name 'healthContributorRegistry' defined in class path resource [org/springframework/boot/actuate/autoconfigure/health/HealthEndpointConfiguration.class]: Unsatisfied dependency expressed through method 'healthContributorRegistry' parameter 2: Error creating bean with name 'mailHealthContributor' defined in class path resource [org/springframework/boot/actuate/autoconfigure/mail/MailHealthContributorAutoConfiguration.class]: Failed to instantiate [org.springframework.boot.actuate.health.HealthContributor]: Factory method 'mailHealthContributor' threw exception with message: Beans must not be empty
	at org.springframework.beans.factory.support.ConstructorResolver.createArgumentArray(ConstructorResolver.java:804)
	at org.springframework.beans.factory.support.ConstructorResolver.instantiateUsingFactoryMethod(ConstructorResolver.java:546)
	at org.springframework.beans.factory.support.AbstractAutowireCapableBeanFactory.instantiateUsingFactoryMethod(AbstractAutowireCapableBeanFactory.java:1375)
	at org.springframework.beans.factory.support.AbstractAutowireCapableBeanFactory.createBeanInstance(AbstractAutowireCapableBeanFactory.java:1205)
	at org.springframework.beans.factory.support.AbstractAutowireCapableBeanFactory.doCreateBean(AbstractAutowireCapableBeanFactory.java:569)
	at org.springframework.beans.factory.support.AbstractAutowireCapableBeanFactory.createBean(AbstractAutowireCapableBeanFactory.java:529)
	at org.springframework.beans.factory.support.AbstractBeanFactory.lambda$doGetBean$0(AbstractBeanFactory.java:339)
	at org.springframework.beans.factory.support.DefaultSingletonBeanRegistry.getSingleton(DefaultSingletonBeanRegistry.java:373)
	at org.springframework.beans.factory.support.AbstractBeanFactory.doGetBean(AbstractBeanFactory.java:337)
	at org.springframework.beans.factory.support.AbstractBeanFactory.getBean(AbstractBeanFactory.java:202)
	at org.springframework.beans.factory.config.DependencyDescriptor.resolveCandidate(DependencyDescriptor.java:254)
	at org.springframework.beans.factory.support.DefaultListableBeanFactory.doResolveDependency(DefaultListableBeanFactory.java:1740)
	at org.springframework.beans.factory.support.DefaultListableBeanFactory.resolveDependency(DefaultListableBeanFactory.java:1628)
	at org.springframework.beans.factory.support.ConstructorResolver.resolveAutowiredArgument(ConstructorResolver.java:913)
	at org.springframework.beans.factory.support.ConstructorResolver.createArgumentArray(ConstructorResolver.java:791)
	... 184 common frames omitted
Caused by: org.springframework.beans.factory.BeanCreationException: Error creating bean with name 'mailHealthContributor' defined in class path resource [org/springframework/boot/actuate/autoconfigure/mail/MailHealthContributorAutoConfiguration.class]: Failed to instantiate [org.springframework.boot.actuate.health.HealthContributor]: Factory method 'mailHealthContributor' threw exception with message: Beans must not be empty
	at org.springframework.beans.factory.support.ConstructorResolver.instantiate(ConstructorResolver.java:657)
	at org.springframework.beans.factory.support.ConstructorResolver.instantiateUsingFactoryMethod(ConstructorResolver.java:645)
	at org.springframework.beans.factory.support.AbstractAutowireCapableBeanFactory.instantiateUsingFactoryMethod(AbstractAutowireCapableBeanFactory.java:1375)
	at org.springframework.beans.factory.support.AbstractAutowireCapableBeanFactory.createBeanInstance(AbstractAutowireCapableBeanFactory.java:1205)
	at org.springframework.beans.factory.support.AbstractAutowireCapableBeanFactory.doCreateBean(AbstractAutowireCapableBeanFactory.java:569)
	at org.springframework.beans.factory.support.AbstractAutowireCapableBeanFactory.createBean(AbstractAutowireCapableBeanFactory.java:529)
	at org.springframework.beans.factory.support.AbstractBeanFactory.lambda$doGetBean$0(AbstractBeanFactory.java:339)
	at org.springframework.beans.factory.support.DefaultSingletonBeanRegistry.getSingleton(DefaultSingletonBeanRegistry.java:373)
	at org.springframework.beans.factory.support.AbstractBeanFactory.doGetBean(AbstractBeanFactory.java:337)
	at org.springframework.beans.factory.support.AbstractBeanFactory.getBean(AbstractBeanFactory.java:202)
	at org.springframework.beans.factory.config.DependencyDescriptor.resolveCandidate(DependencyDescriptor.java:254)
	at org.springframework.beans.factory.support.DefaultListableBeanFactory.addCandidateEntry(DefaultListableBeanFactory.java:1992)
	at org.springframework.beans.factory.support.DefaultListableBeanFactory.findAutowireCandidates(DefaultListableBeanFactory.java:1956)
	at org.springframework.beans.factory.support.DefaultListableBeanFactory.resolveMultipleBeanMap(DefaultListableBeanFactory.java:1878)
	at org.springframework.beans.factory.support.DefaultListableBeanFactory.resolveMultipleBeans(DefaultListableBeanFactory.java:1817)
	at org.springframework.beans.factory.support.DefaultListableBeanFactory.doResolveDependency(DefaultListableBeanFactory.java:1689)
	at org.springframework.beans.factory.support.DefaultListableBeanFactory.resolveDependency(DefaultListableBeanFactory.java:1628)
	at org.springframework.beans.factory.support.ConstructorResolver.resolveAutowiredArgument(ConstructorResolver.java:913)
	at org.springframework.beans.factory.support.ConstructorResolver.createArgumentArray(ConstructorResolver.java:791)
	... 198 common frames omitted
Caused by: org.springframework.beans.BeanInstantiationException: Failed to instantiate [org.springframework.boot.actuate.health.HealthContributor]: Factory method 'mailHealthContributor' threw exception with message: Beans must not be empty
	at org.springframework.beans.factory.support.SimpleInstantiationStrategy.lambda$instantiate$0(SimpleInstantiationStrategy.java:199)
	at org.springframework.beans.factory.support.SimpleInstantiationStrategy.instantiateWithFactoryMethod(SimpleInstantiationStrategy.java:88)
	at org.springframework.beans.factory.support.SimpleInstantiationStrategy.instantiate(SimpleInstantiationStrategy.java:168)
	at org.springframework.beans.factory.support.ConstructorResolver.instantiate(ConstructorResolver.java:653)
	... 216 common frames omitted
Caused by: java.lang.IllegalArgumentException: Beans must not be empty
	at org.springframework.util.Assert.notEmpty(Assert.java:474)
	at org.springframework.boot.actuate.autoconfigure.health.AbstractCompositeHealthContributorConfiguration.createContributor(AbstractCompositeHealthContributorConfiguration.java:64)
	at org.springframework.boot.actuate.autoconfigure.health.AbstractCompositeHealthContributorConfiguration.createContributor(AbstractCompositeHealthContributorConfiguration.java:60)
	at org.springframework.boot.actuate.autoconfigure.mail.MailHealthContributorAutoConfiguration.mailHealthContributor(MailHealthContributorAutoConfiguration.java:53)
	at java.base/jdk.internal.reflect.NativeMethodAccessorImpl.invoke0(Native Method)
	at java.base/jdk.internal.reflect.NativeMethodAccessorImpl.invoke(NativeMethodAccessorImpl.java:77)
	at java.base/jdk.internal.reflect.DelegatingMethodAccessorImpl.invoke(DelegatingMethodAccessorImpl.java:43)
	at java.base/java.lang.reflect.Method.invoke(Method.java:568)
	at org.springframework.beans.factory.support.SimpleInstantiationStrategy.lambda$instantiate$0(SimpleInstantiationStrategy.java:171)
	... 219 common frames omitted
2026-06-02 11:05:18.957 [main] WARN  o.s.test.context.TestContextManager - Caught exception while allowing TestExecutionListener [org.springframework.test.context.web.ServletTestExecutionListener] to prepare test instance [org.llin.demo.northwind.SecurityConfigTest@68af8288]
java.lang.IllegalStateException: Failed to load ApplicationContext for [WebMergedContextConfiguration@7772ec28 testClass = org.llin.demo.northwind.SecurityConfigTest, locations = [], classes = [org.llin.demo.northwind.Application], contextInitializerClasses = [], activeProfiles = [], propertySourceDescriptors = [], propertySourceProperties = ["org.springframework.boot.test.context.SpringBootTestContextBootstrapper=true"], contextCustomizers = [[ImportsContextCustomizer@14d513ca key = [@org.springframework.boot.context.properties.EnableConfigurationProperties({org.llin.demo.northwind.config.PropertyDefaultProperties.class}), @org.springframework.boot.test.context.SpringBootTest(args={}, classes={}, properties={}, useMainMethod=NEVER, value={}, webEnvironment=MOCK), @org.apiguardian.api.API(consumers={"*"}, since="5.0", status=STABLE), @org.springframework.context.annotation.Import(value={org.springframework.boot.context.properties.EnableConfigurationPropertiesRegistrar.class}), @org.springframework.test.context.BootstrapWith(value=org.springframework.boot.test.context.SpringBootTestContextBootstrapper.class)]], org.springframework.boot.test.context.filter.ExcludeFilterContextCustomizer@ca30bc1, org.springframework.boot.test.json.DuplicateJsonObjectContextCustomizerFactory$DuplicateJsonObjectContextCustomizer@73cd37c0, org.springframework.boot.test.mock.mockito.MockitoContextCustomizer@fe080806, org.springframework.boot.test.web.client.TestRestTemplateContextCustomizer@673be18f, org.springframework.boot.test.web.reactor.netty.DisableReactorResourceFactoryGlobalResourcesContextCustomizerFactory$DisableReactorResourceFactoryGlobalResourcesContextCustomizerCustomizer@34c01041, org.springframework.boot.test.autoconfigure.OnFailureConditionReportContextCustomizerFactory$OnFailureConditionReportContextCustomizer@36328d33, org.springframework.boot.test.autoconfigure.actuate.observability.ObservabilityContextCustomizerFactory$DisableObservabilityContextCustomizer@1f, org.springframework.boot.test.autoconfigure.properties.PropertyMappingContextCustomizer@0, org.springframework.boot.test.autoconfigure.web.servlet.WebDriverContextCustomizer@554e218, org.springframework.test.context.support.DynamicPropertiesContextCustomizer@0, org.springframework.boot.test.context.SpringBootTestAnnotation@62fe9f3e], resourceBasePath = "src/main/webapp", contextLoader = org.springframework.boot.test.context.SpringBootContextLoader, parent = null]
	at org.springframework.test.context.cache.DefaultCacheAwareContextLoaderDelegate.loadContext(DefaultCacheAwareContextLoaderDelegate.java:180)
	at org.springframework.test.context.support.DefaultTestContext.getApplicationContext(DefaultTestContext.java:130)
	at org.springframework.test.context.web.ServletTestExecutionListener.setUpRequestContextIfNecessary(ServletTestExecutionListener.java:200)
	at org.springframework.test.context.web.ServletTestExecutionListener.prepareTestInstance(ServletTestExecutionListener.java:139)
	at org.springframework.test.context.TestContextManager.prepareTestInstance(TestContextManager.java:260)
	at org.springframework.test.context.junit.jupiter.SpringExtension.postProcessTestInstance(SpringExtension.java:159)
	at org.junit.jupiter.engine.descriptor.ClassBasedTestDescriptor.lambda$invokeTestInstancePostProcessors$11(ClassBasedTestDescriptor.java:378)
	at org.junit.jupiter.engine.descriptor.ClassBasedTestDescriptor.executeAndMaskThrowable(ClassBasedTestDescriptor.java:383)
	at org.junit.jupiter.engine.descriptor.ClassBasedTestDescriptor.lambda$invokeTestInstancePostProcessors$12(ClassBasedTestDescriptor.java:378)
	at java.base/java.util.stream.ForEachOps$ForEachOp$OfRef.accept(ForEachOps.java:183)
	at java.base/java.util.stream.ReferencePipeline$3$1.accept(ReferencePipeline.java:197)
	at java.base/java.util.stream.ReferencePipeline$2$1.accept(ReferencePipeline.java:179)
	at java.base/java.util.stream.ReferencePipeline$3$1.accept(ReferencePipeline.java:197)
	at java.base/java.util.ArrayList$ArrayListSpliterator.forEachRemaining(ArrayList.java:1625)
	at java.base/java.util.stream.AbstractPipeline.copyInto(AbstractPipeline.java:509)
	at java.base/java.util.stream.AbstractPipeline.wrapAndCopyInto(AbstractPipeline.java:499)
	at java.base/java.util.stream.ForEachOps$ForEachOp.evaluateSequential(ForEachOps.java:150)
	at java.base/java.util.stream.ForEachOps$ForEachOp$OfRef.evaluateSequential(ForEachOps.java:173)
	at java.base/java.util.stream.AbstractPipeline.evaluate(AbstractPipeline.java:234)
	at java.base/java.util.stream.ReferencePipeline.forEach(ReferencePipeline.java:596)
	at org.junit.jupiter.engine.descriptor.ClassBasedTestDescriptor.invokeTestInstancePostProcessors(ClassBasedTestDescriptor.java:377)
	at org.junit.jupiter.engine.descriptor.ClassBasedTestDescriptor.lambda$instantiateAndPostProcessTestInstance$7(ClassBasedTestDescriptor.java:290)
	at org.junit.platform.engine.support.hierarchical.ThrowableCollector.execute(ThrowableCollector.java:73)
	at org.junit.jupiter.engine.descriptor.ClassBasedTestDescriptor.instantiateAndPostProcessTestInstance(ClassBasedTestDescriptor.java:289)
	at org.junit.jupiter.engine.descriptor.ClassBasedTestDescriptor.lambda$testInstancesProvider$5(ClassBasedTestDescriptor.java:279)
	at java.base/java.util.Optional.orElseGet(Optional.java:364)
	at org.junit.jupiter.engine.descriptor.ClassBasedTestDescriptor.lambda$testInstancesProvider$6(ClassBasedTestDescriptor.java:278)
	at org.junit.jupiter.engine.execution.TestInstancesProvider.getTestInstances(TestInstancesProvider.java:31)
	at org.junit.jupiter.engine.descriptor.TestMethodTestDescriptor.lambda$prepare$1(TestMethodTestDescriptor.java:105)
	at org.junit.platform.engine.support.hierarchical.ThrowableCollector.execute(ThrowableCollector.java:73)
	at org.junit.jupiter.engine.descriptor.TestMethodTestDescriptor.prepare(TestMethodTestDescriptor.java:104)
	at org.junit.jupiter.engine.descriptor.TestMethodTestDescriptor.prepare(TestMethodTestDescriptor.java:68)
	at org.junit.platform.engine.support.hierarchical.NodeTestTask.lambda$prepare$2(NodeTestTask.java:128)
	at org.junit.platform.engine.support.hierarchical.ThrowableCollector.execute(ThrowableCollector.java:73)
	at org.junit.platform.engine.support.hierarchical.NodeTestTask.prepare(NodeTestTask.java:128)
	at org.junit.platform.engine.support.hierarchical.NodeTestTask.execute(NodeTestTask.java:95)
	at java.base/java.util.ArrayList.forEach(ArrayList.java:1511)
	at org.junit.platform.engine.support.hierarchical.SameThreadHierarchicalTestExecutorService.invokeAll(SameThreadHierarchicalTestExecutorService.java:41)
	at org.junit.platform.engine.support.hierarchical.NodeTestTask.lambda$executeRecursively$6(NodeTestTask.java:160)
	at org.junit.platform.engine.support.hierarchical.ThrowableCollector.execute(ThrowableCollector.java:73)
	at org.junit.platform.engine.support.hierarchical.NodeTestTask.lambda$executeRecursively$8(NodeTestTask.java:146)
	at org.junit.platform.engine.support.hierarchical.Node.around(Node.java:137)
	at org.junit.platform.engine.support.hierarchical.NodeTestTask.lambda$executeRecursively$9(NodeTestTask.java:144)
	at org.junit.platform.engine.support.hierarchical.ThrowableCollector.execute(ThrowableCollector.java:73)
	at org.junit.platform.engine.support.hierarchical.NodeTestTask.executeRecursively(NodeTestTask.java:143)
	at org.junit.platform.engine.support.hierarchical.NodeTestTask.execute(NodeTestTask.java:100)
	at java.base/java.util.ArrayList.forEach(ArrayList.java:1511)
	at org.junit.platform.engine.support.hierarchical.SameThreadHierarchicalTestExecutorService.invokeAll(SameThreadHierarchicalTestExecutorService.java:41)
	at org.junit.platform.engine.support.hierarchical.NodeTestTask.lambda$executeRecursively$6(NodeTestTask.java:160)
	at org.junit.platform.engine.support.hierarchical.ThrowableCollector.execute(ThrowableCollector.java:73)
	at org.junit.platform.engine.support.hierarchical.NodeTestTask.lambda$executeRecursively$8(NodeTestTask.java:146)
	at org.junit.platform.engine.support.hierarchical.Node.around(Node.java:137)
	at org.junit.platform.engine.support.hierarchical.NodeTestTask.lambda$executeRecursively$9(NodeTestTask.java:144)
	at org.junit.platform.engine.support.hierarchical.ThrowableCollector.execute(ThrowableCollector.java:73)
	at org.junit.platform.engine.support.hierarchical.NodeTestTask.executeRecursively(NodeTestTask.java:143)
	at org.junit.platform.engine.support.hierarchical.NodeTestTask.execute(NodeTestTask.java:100)
	at org.junit.platform.engine.support.hierarchical.SameThreadHierarchicalTestExecutorService.submit(SameThreadHierarchicalTestExecutorService.java:35)
	at org.junit.platform.engine.support.hierarchical.HierarchicalTestExecutor.execute(HierarchicalTestExecutor.java:57)
	at org.junit.platform.engine.support.hierarchical.HierarchicalTestEngine.execute(HierarchicalTestEngine.java:54)
	at org.junit.platform.launcher.core.EngineExecutionOrchestrator.execute(EngineExecutionOrchestrator.java:198)
	at org.junit.platform.launcher.core.EngineExecutionOrchestrator.execute(EngineExecutionOrchestrator.java:169)
	at org.junit.platform.launcher.core.EngineExecutionOrchestrator.execute(EngineExecutionOrchestrator.java:93)
	at org.junit.platform.launcher.core.EngineExecutionOrchestrator.lambda$execute$0(EngineExecutionOrchestrator.java:58)
	at org.junit.platform.launcher.core.EngineExecutionOrchestrator.withInterceptedStreams(EngineExecutionOrchestrator.java:141)
	at org.junit.platform.launcher.core.EngineExecutionOrchestrator.execute(EngineExecutionOrchestrator.java:57)
	at org.junit.platform.launcher.core.DefaultLauncher.execute(DefaultLauncher.java:103)
	at org.junit.platform.launcher.core.DefaultLauncher.execute(DefaultLauncher.java:85)
	at org.junit.platform.launcher.core.DelegatingLauncher.execute(DelegatingLauncher.java:47)
	at org.apache.maven.surefire.junitplatform.LazyLauncher.execute(LazyLauncher.java:56)
	at org.apache.maven.surefire.junitplatform.JUnitPlatformProvider.execute(JUnitPlatformProvider.java:194)
	at org.apache.maven.surefire.junitplatform.JUnitPlatformProvider.invokeAllTests(JUnitPlatformProvider.java:150)
	at org.apache.maven.surefire.junitplatform.JUnitPlatformProvider.invoke(JUnitPlatformProvider.java:124)
	at org.apache.maven.surefire.booter.ForkedBooter.runSuitesInProcess(ForkedBooter.java:385)
	at org.apache.maven.surefire.booter.ForkedBooter.execute(ForkedBooter.java:162)
	at org.apache.maven.surefire.booter.ForkedBooter.run(ForkedBooter.java:507)
	at org.apache.maven.surefire.booter.ForkedBooter.main(ForkedBooter.java:495)
Caused by: org.springframework.beans.factory.BeanCreationException: Error creating bean with name 'org.springframework.security.config.annotation.web.configuration.WebSecurityConfiguration': Injection of autowired dependencies failed
	at org.springframework.beans.factory.annotation.AutowiredAnnotationBeanPostProcessor.postProcessProperties(AutowiredAnnotationBeanPostProcessor.java:515)
	at org.springframework.beans.factory.support.AbstractAutowireCapableBeanFactory.populateBean(AbstractAutowireCapableBeanFactory.java:1459)
	at org.springframework.beans.factory.support.AbstractAutowireCapableBeanFactory.doCreateBean(AbstractAutowireCapableBeanFactory.java:606)
	at org.springframework.beans.factory.support.AbstractAutowireCapableBeanFactory.createBean(AbstractAutowireCapableBeanFactory.java:529)
	at org.springframework.beans.factory.support.AbstractBeanFactory.lambda$doGetBean$0(AbstractBeanFactory.java:339)
	at org.springframework.beans.factory.support.DefaultSingletonBeanRegistry.getSingleton(DefaultSingletonBeanRegistry.java:373)
	at org.springframework.beans.factory.support.AbstractBeanFactory.doGetBean(AbstractBeanFactory.java:337)
	at org.springframework.beans.factory.support.AbstractBeanFactory.getBean(AbstractBeanFactory.java:202)
	at org.springframework.beans.factory.support.DefaultListableBeanFactory.instantiateSingleton(DefaultListableBeanFactory.java:1222)
	at org.springframework.beans.factory.support.DefaultListableBeanFactory.preInstantiateSingleton(DefaultListableBeanFactory.java:1188)
	at org.springframework.beans.factory.support.DefaultListableBeanFactory.preInstantiateSingletons(DefaultListableBeanFactory.java:1123)
	at org.springframework.context.support.AbstractApplicationContext.finishBeanFactoryInitialization(AbstractApplicationContext.java:987)
	at org.springframework.context.support.AbstractApplicationContext.refresh(AbstractApplicationContext.java:627)
	at org.springframework.boot.SpringApplication.refresh(SpringApplication.java:753)
	at org.springframework.boot.SpringApplication.refreshContext(SpringApplication.java:439)
	at org.springframework.boot.SpringApplication.run(SpringApplication.java:318)
	at org.springframework.boot.test.context.SpringBootContextLoader.lambda$loadContext$3(SpringBootContextLoader.java:144)
	at org.springframework.util.function.ThrowingSupplier.get(ThrowingSupplier.java:58)
	at org.springframework.util.function.ThrowingSupplier.get(ThrowingSupplier.java:46)
	at org.springframework.boot.SpringApplication.withHook(SpringApplication.java:1462)
	at org.springframework.boot.test.context.SpringBootContextLoader$ContextLoaderHook.run(SpringBootContextLoader.java:563)
	at org.springframework.boot.test.context.SpringBootContextLoader.loadContext(SpringBootContextLoader.java:144)
	at org.springframework.boot.test.context.SpringBootContextLoader.loadContext(SpringBootContextLoader.java:110)
	at org.springframework.test.context.cache.DefaultCacheAwareContextLoaderDelegate.loadContextInternal(DefaultCacheAwareContextLoaderDelegate.java:225)
	at org.springframework.test.context.cache.DefaultCacheAwareContextLoaderDelegate.loadContext(DefaultCacheAwareContextLoaderDelegate.java:152)
	... 75 common frames omitted
Caused by: java.lang.RuntimeException: Could not postProcess org.springframework.security.config.annotation.web.builders.WebSecurity@1aee6983 of type class org.springframework.security.config.annotation.web.builders.WebSecurity
	at org.springframework.security.config.annotation.configuration.AutowireBeanFactoryObjectPostProcessor.postProcess(AutowireBeanFactoryObjectPostProcessor.java:71)
	at org.springframework.security.config.annotation.web.configuration.WebSecurityConfiguration.setFilterChainProxySecurityConfigurer(WebSecurityConfiguration.java:145)
	at java.base/jdk.internal.reflect.NativeMethodAccessorImpl.invoke0(Native Method)
	at java.base/jdk.internal.reflect.NativeMethodAccessorImpl.invoke(NativeMethodAccessorImpl.java:77)
	at java.base/jdk.internal.reflect.DelegatingMethodAccessorImpl.invoke(DelegatingMethodAccessorImpl.java:43)
	at java.base/java.lang.reflect.Method.invoke(Method.java:568)
	at org.springframework.beans.factory.annotation.AutowiredAnnotationBeanPostProcessor$AutowiredMethodElement.inject(AutowiredAnnotationBeanPostProcessor.java:854)
	at org.springframework.beans.factory.annotation.InjectionMetadata.inject(InjectionMetadata.java:146)
	at org.springframework.beans.factory.annotation.AutowiredAnnotationBeanPostProcessor.postProcessProperties(AutowiredAnnotationBeanPostProcessor.java:509)
	... 99 common frames omitted
Caused by: org.springframework.beans.factory.BeanCreationException: Error creating bean with name 'mvcHandlerMappingIntrospectorRequestTransformer': Cannot resolve reference to bean 'mvcHandlerMappingIntrospector' while setting constructor argument
	at org.springframework.beans.factory.support.BeanDefinitionValueResolver.resolveReference(BeanDefinitionValueResolver.java:377)
	at org.springframework.beans.factory.support.BeanDefinitionValueResolver.resolveValueIfNecessary(BeanDefinitionValueResolver.java:135)
	at org.springframework.beans.factory.support.ConstructorResolver.resolveConstructorArguments(ConstructorResolver.java:691)
	at org.springframework.beans.factory.support.ConstructorResolver.autowireConstructor(ConstructorResolver.java:206)
	at org.springframework.beans.factory.support.AbstractAutowireCapableBeanFactory.autowireConstructor(AbstractAutowireCapableBeanFactory.java:1395)
	at org.springframework.beans.factory.support.AbstractAutowireCapableBeanFactory.createBeanInstance(AbstractAutowireCapableBeanFactory.java:1232)
	at org.springframework.beans.factory.support.AbstractAutowireCapableBeanFactory.doCreateBean(AbstractAutowireCapableBeanFactory.java:569)
	at org.springframework.beans.factory.support.AbstractAutowireCapableBeanFactory.createBean(AbstractAutowireCapableBeanFactory.java:529)
	at org.springframework.beans.factory.support.AbstractBeanFactory.lambda$doGetBean$0(AbstractBeanFactory.java:339)
	at org.springframework.beans.factory.support.DefaultSingletonBeanRegistry.getSingleton(DefaultSingletonBeanRegistry.java:373)
	at org.springframework.beans.factory.support.AbstractBeanFactory.doGetBean(AbstractBeanFactory.java:337)
	at org.springframework.beans.factory.support.AbstractBeanFactory.getBean(AbstractBeanFactory.java:227)
	at org.springframework.beans.factory.support.DefaultListableBeanFactory.resolveNamedBean(DefaultListableBeanFactory.java:1598)
	at org.springframework.beans.factory.support.DefaultListableBeanFactory.resolveNamedBean(DefaultListableBeanFactory.java:1556)
	at org.springframework.beans.factory.support.DefaultListableBeanFactory.resolveBean(DefaultListableBeanFactory.java:563)
	at org.springframework.beans.factory.support.DefaultListableBeanFactory$1.getIfUnique(DefaultListableBeanFactory.java:489)
	at org.springframework.security.config.annotation.web.builders.WebSecurity.setApplicationContext(WebSecurity.java:428)
	at org.springframework.context.support.ApplicationContextAwareProcessor.invokeAwareInterfaces(ApplicationContextAwareProcessor.java:110)
	at org.springframework.context.support.ApplicationContextAwareProcessor.postProcessBeforeInitialization(ApplicationContextAwareProcessor.java:85)
	at org.springframework.beans.factory.support.AbstractAutowireCapableBeanFactory.applyBeanPostProcessorsBeforeInitialization(AbstractAutowireCapableBeanFactory.java:429)
	at org.springframework.beans.factory.support.AbstractAutowireCapableBeanFactory.initializeBean(AbstractAutowireCapableBeanFactory.java:1818)
	at org.springframework.beans.factory.support.AbstractAutowireCapableBeanFactory.initializeBean(AbstractAutowireCapableBeanFactory.java:419)
	at org.springframework.security.config.annotation.configuration.AutowireBeanFactoryObjectPostProcessor.initializeBeanIfNeeded(AutowireBeanFactoryObjectPostProcessor.java:98)
	at org.springframework.security.config.annotation.configuration.AutowireBeanFactoryObjectPostProcessor.postProcess(AutowireBeanFactoryObjectPostProcessor.java:67)
	... 107 common frames omitted
Caused by: org.springframework.beans.factory.BeanCreationException: Error creating bean with name 'mvcHandlerMappingIntrospector' defined in class path resource [org/springframework/web/servlet/config/annotation/DelegatingWebMvcConfiguration.class]: Error creating bean with name 'healthEndpointWebMvcHandlerMapping' defined in class path resource [org/springframework/boot/actuate/autoconfigure/health/HealthEndpointWebExtensionConfiguration$MvcAdditionalHealthEndpointPathsConfiguration.class]: Failed to instantiate [org.springframework.boot.actuate.endpoint.web.servlet.AdditionalHealthEndpointPathsWebMvcHandlerMapping]: Factory method 'healthEndpointWebMvcHandlerMapping' threw exception with message: Error creating bean with name 'healthEndpoint' defined in class path resource [org/springframework/boot/actuate/autoconfigure/health/HealthEndpointConfiguration.class]: Unsatisfied dependency expressed through method 'healthEndpoint' parameter 0: Error creating bean with name 'healthContributorRegistry' defined in class path resource [org/springframework/boot/actuate/autoconfigure/health/HealthEndpointConfiguration.class]: Unsatisfied dependency expressed through method 'healthContributorRegistry' parameter 2: Error creating bean with name 'mailHealthContributor' defined in class path resource [org/springframework/boot/actuate/autoconfigure/mail/MailHealthContributorAutoConfiguration.class]: Failed to instantiate [org.springframework.boot.actuate.health.HealthContributor]: Factory method 'mailHealthContributor' threw exception with message: Beans must not be empty
	at org.springframework.beans.factory.support.AbstractAutowireCapableBeanFactory.initializeBean(AbstractAutowireCapableBeanFactory.java:1826)
	at org.springframework.beans.factory.support.AbstractAutowireCapableBeanFactory.doCreateBean(AbstractAutowireCapableBeanFactory.java:607)
	at org.springframework.beans.factory.support.AbstractAutowireCapableBeanFactory.createBean(AbstractAutowireCapableBeanFactory.java:529)
	at org.springframework.beans.factory.support.AbstractBeanFactory.lambda$doGetBean$0(AbstractBeanFactory.java:339)
	at org.springframework.beans.factory.support.DefaultSingletonBeanRegistry.getSingleton(DefaultSingletonBeanRegistry.java:373)
	at org.springframework.beans.factory.support.AbstractBeanFactory.doGetBean(AbstractBeanFactory.java:337)
	at org.springframework.beans.factory.support.AbstractBeanFactory.getBean(AbstractBeanFactory.java:202)
	at org.springframework.beans.factory.support.BeanDefinitionValueResolver.resolveReference(BeanDefinitionValueResolver.java:365)
	... 130 common frames omitted
Caused by: org.springframework.beans.factory.BeanCreationException: Error creating bean with name 'healthEndpointWebMvcHandlerMapping' defined in class path resource [org/springframework/boot/actuate/autoconfigure/health/HealthEndpointWebExtensionConfiguration$MvcAdditionalHealthEndpointPathsConfiguration.class]: Failed to instantiate [org.springframework.boot.actuate.endpoint.web.servlet.AdditionalHealthEndpointPathsWebMvcHandlerMapping]: Factory method 'healthEndpointWebMvcHandlerMapping' threw exception with message: Error creating bean with name 'healthEndpoint' defined in class path resource [org/springframework/boot/actuate/autoconfigure/health/HealthEndpointConfiguration.class]: Unsatisfied dependency expressed through method 'healthEndpoint' parameter 0: Error creating bean with name 'healthContributorRegistry' defined in class path resource [org/springframework/boot/actuate/autoconfigure/health/HealthEndpointConfiguration.class]: Unsatisfied dependency expressed through method 'healthContributorRegistry' parameter 2: Error creating bean with name 'mailHealthContributor' defined in class path resource [org/springframework/boot/actuate/autoconfigure/mail/MailHealthContributorAutoConfiguration.class]: Failed to instantiate [org.springframework.boot.actuate.health.HealthContributor]: Factory method 'mailHealthContributor' threw exception with message: Beans must not be empty
	at org.springframework.beans.factory.support.ConstructorResolver.instantiate(ConstructorResolver.java:657)
	at org.springframework.beans.factory.support.ConstructorResolver.instantiateUsingFactoryMethod(ConstructorResolver.java:645)
	at org.springframework.beans.factory.support.AbstractAutowireCapableBeanFactory.instantiateUsingFactoryMethod(AbstractAutowireCapableBeanFactory.java:1375)
	at org.springframework.beans.factory.support.AbstractAutowireCapableBeanFactory.createBeanInstance(AbstractAutowireCapableBeanFactory.java:1205)
	at org.springframework.beans.factory.support.AbstractAutowireCapableBeanFactory.doCreateBean(AbstractAutowireCapableBeanFactory.java:569)
	at org.springframework.beans.factory.support.AbstractAutowireCapableBeanFactory.createBean(AbstractAutowireCapableBeanFactory.java:529)
	at org.springframework.beans.factory.support.AbstractBeanFactory.lambda$doGetBean$0(AbstractBeanFactory.java:339)
	at org.springframework.beans.factory.support.DefaultSingletonBeanRegistry.getSingleton(DefaultSingletonBeanRegistry.java:373)
	at org.springframework.beans.factory.support.AbstractBeanFactory.doGetBean(AbstractBeanFactory.java:337)
	at org.springframework.beans.factory.support.AbstractBeanFactory.getBean(AbstractBeanFactory.java:202)
	at org.springframework.beans.factory.support.DefaultListableBeanFactory.getBeansOfType(DefaultListableBeanFactory.java:747)
	at org.springframework.context.support.AbstractApplicationContext.getBeansOfType(AbstractApplicationContext.java:1426)
	at org.springframework.beans.factory.BeanFactoryUtils.beansOfTypeIncludingAncestors(BeanFactoryUtils.java:372)
	at org.springframework.web.servlet.handler.HandlerMappingIntrospector.initHandlerMappings(HandlerMappingIntrospector.java:135)
	at org.springframework.web.servlet.handler.HandlerMappingIntrospector.afterPropertiesSet(HandlerMappingIntrospector.java:123)
	at org.springframework.beans.factory.support.AbstractAutowireCapableBeanFactory.invokeInitMethods(AbstractAutowireCapableBeanFactory.java:1873)
	at org.springframework.beans.factory.support.AbstractAutowireCapableBeanFactory.initializeBean(AbstractAutowireCapableBeanFactory.java:1822)
	... 137 common frames omitted
Caused by: org.springframework.beans.BeanInstantiationException: Failed to instantiate [org.springframework.boot.actuate.endpoint.web.servlet.AdditionalHealthEndpointPathsWebMvcHandlerMapping]: Factory method 'healthEndpointWebMvcHandlerMapping' threw exception with message: Error creating bean with name 'healthEndpoint' defined in class path resource [org/springframework/boot/actuate/autoconfigure/health/HealthEndpointConfiguration.class]: Unsatisfied dependency expressed through method 'healthEndpoint' parameter 0: Error creating bean with name 'healthContributorRegistry' defined in class path resource [org/springframework/boot/actuate/autoconfigure/health/HealthEndpointConfiguration.class]: Unsatisfied dependency expressed through method 'healthContributorRegistry' parameter 2: Error creating bean with name 'mailHealthContributor' defined in class path resource [org/springframework/boot/actuate/autoconfigure/mail/MailHealthContributorAutoConfiguration.class]: Failed to instantiate [org.springframework.boot.actuate.health.HealthContributor]: Factory method 'mailHealthContributor' threw exception with message: Beans must not be empty
	at org.springframework.beans.factory.support.SimpleInstantiationStrategy.lambda$instantiate$0(SimpleInstantiationStrategy.java:199)
	at org.springframework.beans.factory.support.SimpleInstantiationStrategy.instantiateWithFactoryMethod(SimpleInstantiationStrategy.java:88)
	at org.springframework.beans.factory.support.SimpleInstantiationStrategy.instantiate(SimpleInstantiationStrategy.java:168)
	at org.springframework.beans.factory.support.ConstructorResolver.instantiate(ConstructorResolver.java:653)
	... 153 common frames omitted
Caused by: org.springframework.beans.factory.UnsatisfiedDependencyException: Error creating bean with name 'healthEndpoint' defined in class path resource [org/springframework/boot/actuate/autoconfigure/health/HealthEndpointConfiguration.class]: Unsatisfied dependency expressed through method 'healthEndpoint' parameter 0: Error creating bean with name 'healthContributorRegistry' defined in class path resource [org/springframework/boot/actuate/autoconfigure/health/HealthEndpointConfiguration.class]: Unsatisfied dependency expressed through method 'healthContributorRegistry' parameter 2: Error creating bean with name 'mailHealthContributor' defined in class path resource [org/springframework/boot/actuate/autoconfigure/mail/MailHealthContributorAutoConfiguration.class]: Failed to instantiate [org.springframework.boot.actuate.health.HealthContributor]: Factory method 'mailHealthContributor' threw exception with message: Beans must not be empty
	at org.springframework.beans.factory.support.ConstructorResolver.createArgumentArray(ConstructorResolver.java:804)
	at org.springframework.beans.factory.support.ConstructorResolver.instantiateUsingFactoryMethod(ConstructorResolver.java:546)
	at org.springframework.beans.factory.support.AbstractAutowireCapableBeanFactory.instantiateUsingFactoryMethod(AbstractAutowireCapableBeanFactory.java:1375)
	at org.springframework.beans.factory.support.AbstractAutowireCapableBeanFactory.createBeanInstance(AbstractAutowireCapableBeanFactory.java:1205)
	at org.springframework.beans.factory.support.AbstractAutowireCapableBeanFactory.doCreateBean(AbstractAutowireCapableBeanFactory.java:569)
	at org.springframework.beans.factory.support.AbstractAutowireCapableBeanFactory.createBean(AbstractAutowireCapableBeanFactory.java:529)
	at org.springframework.beans.factory.support.AbstractBeanFactory.lambda$doGetBean$0(AbstractBeanFactory.java:339)
	at org.springframework.beans.factory.support.DefaultSingletonBeanRegistry.getSingleton(DefaultSingletonBeanRegistry.java:373)
	at org.springframework.beans.factory.support.AbstractBeanFactory.doGetBean(AbstractBeanFactory.java:337)
	at org.springframework.beans.factory.support.AbstractBeanFactory.getBean(AbstractBeanFactory.java:202)
	at org.springframework.context.support.AbstractApplicationContext.getBean(AbstractApplicationContext.java:1272)
	at org.springframework.boot.actuate.endpoint.annotation.EndpointDiscoverer.lambda$createEndpointBean$1(EndpointDiscoverer.java:174)
	at org.springframework.boot.actuate.endpoint.annotation.EndpointDiscoverer$EndpointBean.getBean(EndpointDiscoverer.java:530)
	at org.springframework.boot.actuate.endpoint.annotation.EndpointDiscoverer.lambda$getFilterEndpoint$8(EndpointDiscoverer.java:375)
	at java.base/java.util.concurrent.ConcurrentHashMap.computeIfAbsent(ConcurrentHashMap.java:1708)
	at org.springframework.boot.actuate.endpoint.annotation.EndpointDiscoverer.getFilterEndpoint(EndpointDiscoverer.java:375)
	at org.springframework.boot.actuate.endpoint.annotation.EndpointDiscoverer.isFilterMatch(EndpointDiscoverer.java:335)
	at org.springframework.boot.actuate.endpoint.annotation.EndpointDiscoverer.isExtensionExposed(EndpointDiscoverer.java:289)
	at org.springframework.boot.actuate.endpoint.annotation.EndpointDiscoverer.addExtensionBean(EndpointDiscoverer.java:199)
	at org.springframework.boot.actuate.endpoint.annotation.EndpointDiscoverer.addExtensionBeans(EndpointDiscoverer.java:188)
	at org.springframework.boot.actuate.endpoint.annotation.EndpointDiscoverer.discoverEndpoints(EndpointDiscoverer.java:153)
	at org.springframework.boot.actuate.endpoint.annotation.EndpointDiscoverer.getEndpoints(EndpointDiscoverer.java:146)
	at org.springframework.boot.actuate.autoconfigure.health.HealthEndpointWebExtensionConfiguration.getHealthEndpoint(HealthEndpointWebExtensionConfiguration.java:79)
	at org.springframework.boot.actuate.autoconfigure.health.HealthEndpointWebExtensionConfiguration$MvcAdditionalHealthEndpointPathsConfiguration.healthEndpointWebMvcHandlerMapping(HealthEndpointWebExtensionConfiguration.java:92)
	at java.base/jdk.internal.reflect.NativeMethodAccessorImpl.invoke0(Native Method)
	at java.base/jdk.internal.reflect.NativeMethodAccessorImpl.invoke(NativeMethodAccessorImpl.java:77)
	at java.base/jdk.internal.reflect.DelegatingMethodAccessorImpl.invoke(DelegatingMethodAccessorImpl.java:43)
	at java.base/java.lang.reflect.Method.invoke(Method.java:568)
	at org.springframework.beans.factory.support.SimpleInstantiationStrategy.lambda$instantiate$0(SimpleInstantiationStrategy.java:171)
	... 156 common frames omitted
Caused by: org.springframework.beans.factory.UnsatisfiedDependencyException: Error creating bean with name 'healthContributorRegistry' defined in class path resource [org/springframework/boot/actuate/autoconfigure/health/HealthEndpointConfiguration.class]: Unsatisfied dependency expressed through method 'healthContributorRegistry' parameter 2: Error creating bean with name 'mailHealthContributor' defined in class path resource [org/springframework/boot/actuate/autoconfigure/mail/MailHealthContributorAutoConfiguration.class]: Failed to instantiate [org.springframework.boot.actuate.health.HealthContributor]: Factory method 'mailHealthContributor' threw exception with message: Beans must not be empty
	at org.springframework.beans.factory.support.ConstructorResolver.createArgumentArray(ConstructorResolver.java:804)
	at org.springframework.beans.factory.support.ConstructorResolver.instantiateUsingFactoryMethod(ConstructorResolver.java:546)
	at org.springframework.beans.factory.support.AbstractAutowireCapableBeanFactory.instantiateUsingFactoryMethod(AbstractAutowireCapableBeanFactory.java:1375)
	at org.springframework.beans.factory.support.AbstractAutowireCapableBeanFactory.createBeanInstance(AbstractAutowireCapableBeanFactory.java:1205)
	at org.springframework.beans.factory.support.AbstractAutowireCapableBeanFactory.doCreateBean(AbstractAutowireCapableBeanFactory.java:569)
	at org.springframework.beans.factory.support.AbstractAutowireCapableBeanFactory.createBean(AbstractAutowireCapableBeanFactory.java:529)
	at org.springframework.beans.factory.support.AbstractBeanFactory.lambda$doGetBean$0(AbstractBeanFactory.java:339)
	at org.springframework.beans.factory.support.DefaultSingletonBeanRegistry.getSingleton(DefaultSingletonBeanRegistry.java:373)
	at org.springframework.beans.factory.support.AbstractBeanFactory.doGetBean(AbstractBeanFactory.java:337)
	at org.springframework.beans.factory.support.AbstractBeanFactory.getBean(AbstractBeanFactory.java:202)
	at org.springframework.beans.factory.config.DependencyDescriptor.resolveCandidate(DependencyDescriptor.java:254)
	at org.springframework.beans.factory.support.DefaultListableBeanFactory.doResolveDependency(DefaultListableBeanFactory.java:1740)
	at org.springframework.beans.factory.support.DefaultListableBeanFactory.resolveDependency(DefaultListableBeanFactory.java:1628)
	at org.springframework.beans.factory.support.ConstructorResolver.resolveAutowiredArgument(ConstructorResolver.java:913)
	at org.springframework.beans.factory.support.ConstructorResolver.createArgumentArray(ConstructorResolver.java:791)
	... 184 common frames omitted
Caused by: org.springframework.beans.factory.BeanCreationException: Error creating bean with name 'mailHealthContributor' defined in class path resource [org/springframework/boot/actuate/autoconfigure/mail/MailHealthContributorAutoConfiguration.class]: Failed to instantiate [org.springframework.boot.actuate.health.HealthContributor]: Factory method 'mailHealthContributor' threw exception with message: Beans must not be empty
	at org.springframework.beans.factory.support.ConstructorResolver.instantiate(ConstructorResolver.java:657)
	at org.springframework.beans.factory.support.ConstructorResolver.instantiateUsingFactoryMethod(ConstructorResolver.java:645)
	at org.springframework.beans.factory.support.AbstractAutowireCapableBeanFactory.instantiateUsingFactoryMethod(AbstractAutowireCapableBeanFactory.java:1375)
	at org.springframework.beans.factory.support.AbstractAutowireCapableBeanFactory.createBeanInstance(AbstractAutowireCapableBeanFactory.java:1205)
	at org.springframework.beans.factory.support.AbstractAutowireCapableBeanFactory.doCreateBean(AbstractAutowireCapableBeanFactory.java:569)
	at org.springframework.beans.factory.support.AbstractAutowireCapableBeanFactory.createBean(AbstractAutowireCapableBeanFactory.java:529)
	at org.springframework.beans.factory.support.AbstractBeanFactory.lambda$doGetBean$0(AbstractBeanFactory.java:339)
	at org.springframework.beans.factory.support.DefaultSingletonBeanRegistry.getSingleton(DefaultSingletonBeanRegistry.java:373)
	at org.springframework.beans.factory.support.AbstractBeanFactory.doGetBean(AbstractBeanFactory.java:337)
	at org.springframework.beans.factory.support.AbstractBeanFactory.getBean(AbstractBeanFactory.java:202)
	at org.springframework.beans.factory.config.DependencyDescriptor.resolveCandidate(DependencyDescriptor.java:254)
	at org.springframework.beans.factory.support.DefaultListableBeanFactory.addCandidateEntry(DefaultListableBeanFactory.java:1992)
	at org.springframework.beans.factory.support.DefaultListableBeanFactory.findAutowireCandidates(DefaultListableBeanFactory.java:1956)
	at org.springframework.beans.factory.support.DefaultListableBeanFactory.resolveMultipleBeanMap(DefaultListableBeanFactory.java:1878)
	at org.springframework.beans.factory.support.DefaultListableBeanFactory.resolveMultipleBeans(DefaultListableBeanFactory.java:1817)
	at org.springframework.beans.factory.support.DefaultListableBeanFactory.doResolveDependency(DefaultListableBeanFactory.java:1689)
	at org.springframework.beans.factory.support.DefaultListableBeanFactory.resolveDependency(DefaultListableBeanFactory.java:1628)
	at org.springframework.beans.factory.support.ConstructorResolver.resolveAutowiredArgument(ConstructorResolver.java:913)
	at org.springframework.beans.factory.support.ConstructorResolver.createArgumentArray(ConstructorResolver.java:791)
	... 198 common frames omitted
Caused by: org.springframework.beans.BeanInstantiationException: Failed to instantiate [org.springframework.boot.actuate.health.HealthContributor]: Factory method 'mailHealthContributor' threw exception with message: Beans must not be empty
	at org.springframework.beans.factory.support.SimpleInstantiationStrategy.lambda$instantiate$0(SimpleInstantiationStrategy.java:199)
	at org.springframework.beans.factory.support.SimpleInstantiationStrategy.instantiateWithFactoryMethod(SimpleInstantiationStrategy.java:88)
	at org.springframework.beans.factory.support.SimpleInstantiationStrategy.instantiate(SimpleInstantiationStrategy.java:168)
	at org.springframework.beans.factory.support.ConstructorResolver.instantiate(ConstructorResolver.java:653)
	... 216 common frames omitted
Caused by: java.lang.IllegalArgumentException: Beans must not be empty
	at org.springframework.util.Assert.notEmpty(Assert.java:474)
	at org.springframework.boot.actuate.autoconfigure.health.AbstractCompositeHealthContributorConfiguration.createContributor(AbstractCompositeHealthContributorConfiguration.java:64)
	at org.springframework.boot.actuate.autoconfigure.health.AbstractCompositeHealthContributorConfiguration.createContributor(AbstractCompositeHealthContributorConfiguration.java:60)
	at org.springframework.boot.actuate.autoconfigure.mail.MailHealthContributorAutoConfiguration.mailHealthContributor(MailHealthContributorAutoConfiguration.java:53)
	at java.base/jdk.internal.reflect.NativeMethodAccessorImpl.invoke0(Native Method)
	at java.base/jdk.internal.reflect.NativeMethodAccessorImpl.invoke(NativeMethodAccessorImpl.java:77)
	at java.base/jdk.internal.reflect.DelegatingMethodAccessorImpl.invoke(DelegatingMethodAccessorImpl.java:43)
	at java.base/java.lang.reflect.Method.invoke(Method.java:568)
	at org.springframework.beans.factory.support.SimpleInstantiationStrategy.lambda$instantiate$0(SimpleInstantiationStrategy.java:171)
	... 219 common frames omitted
2026-06-02 11:05:18.983 [main] WARN  o.s.test.context.TestContextManager - Caught exception while allowing TestExecutionListener [org.springframework.test.context.web.ServletTestExecutionListener] to prepare test instance [org.llin.demo.northwind.SecurityConfigTest@5fa9971f]
java.lang.IllegalStateException: ApplicationContext failure threshold (1) exceeded: skipping repeated attempt to load context for [WebMergedContextConfiguration@7772ec28 testClass = org.llin.demo.northwind.SecurityConfigTest, locations = [], classes = [org.llin.demo.northwind.Application], contextInitializerClasses = [], activeProfiles = [], propertySourceDescriptors = [], propertySourceProperties = ["org.springframework.boot.test.context.SpringBootTestContextBootstrapper=true"], contextCustomizers = [[ImportsContextCustomizer@14d513ca key = [@org.springframework.boot.context.properties.EnableConfigurationProperties({org.llin.demo.northwind.config.PropertyDefaultProperties.class}), @org.springframework.boot.test.context.SpringBootTest(args={}, classes={}, properties={}, useMainMethod=NEVER, value={}, webEnvironment=MOCK), @org.apiguardian.api.API(consumers={"*"}, since="5.0", status=STABLE), @org.springframework.context.annotation.Import(value={org.springframework.boot.context.properties.EnableConfigurationPropertiesRegistrar.class}), @org.springframework.test.context.BootstrapWith(value=org.springframework.boot.test.context.SpringBootTestContextBootstrapper.class)]], org.springframework.boot.test.context.filter.ExcludeFilterContextCustomizer@ca30bc1, org.springframework.boot.test.json.DuplicateJsonObjectContextCustomizerFactory$DuplicateJsonObjectContextCustomizer@73cd37c0, org.springframework.boot.test.mock.mockito.MockitoContextCustomizer@fe080806, org.springframework.boot.test.web.client.TestRestTemplateContextCustomizer@673be18f, org.springframework.boot.test.web.reactor.netty.DisableReactorResourceFactoryGlobalResourcesContextCustomizerFactory$DisableReactorResourceFactoryGlobalResourcesContextCustomizerCustomizer@34c01041, org.springframework.boot.test.autoconfigure.OnFailureConditionReportContextCustomizerFactory$OnFailureConditionReportContextCustomizer@36328d33, org.springframework.boot.test.autoconfigure.actuate.observability.ObservabilityContextCustomizerFactory$DisableObservabilityContextCustomizer@1f, org.springframework.boot.test.autoconfigure.properties.PropertyMappingContextCustomizer@0, org.springframework.boot.test.autoconfigure.web.servlet.WebDriverContextCustomizer@554e218, org.springframework.test.context.support.DynamicPropertiesContextCustomizer@0, org.springframework.boot.test.context.SpringBootTestAnnotation@62fe9f3e], resourceBasePath = "src/main/webapp", contextLoader = org.springframework.boot.test.context.SpringBootContextLoader, parent = null]
	at org.springframework.test.context.cache.DefaultCacheAwareContextLoaderDelegate.loadContext(DefaultCacheAwareContextLoaderDelegate.java:145)
	at org.springframework.test.context.support.DefaultTestContext.getApplicationContext(DefaultTestContext.java:130)
	at org.springframework.test.context.web.ServletTestExecutionListener.setUpRequestContextIfNecessary(ServletTestExecutionListener.java:200)
	at org.springframework.test.context.web.ServletTestExecutionListener.prepareTestInstance(ServletTestExecutionListener.java:139)
	at org.springframework.test.context.TestContextManager.prepareTestInstance(TestContextManager.java:260)
	at org.springframework.test.context.junit.jupiter.SpringExtension.postProcessTestInstance(SpringExtension.java:159)
	at org.junit.jupiter.engine.descriptor.ClassBasedTestDescriptor.lambda$invokeTestInstancePostProcessors$11(ClassBasedTestDescriptor.java:378)
	at org.junit.jupiter.engine.descriptor.ClassBasedTestDescriptor.executeAndMaskThrowable(ClassBasedTestDescriptor.java:383)
	at org.junit.jupiter.engine.descriptor.ClassBasedTestDescriptor.lambda$invokeTestInstancePostProcessors$12(ClassBasedTestDescriptor.java:378)
	at java.base/java.util.stream.ForEachOps$ForEachOp$OfRef.accept(ForEachOps.java:183)
	at java.base/java.util.stream.ReferencePipeline$3$1.accept(ReferencePipeline.java:197)
	at java.base/java.util.stream.ReferencePipeline$2$1.accept(ReferencePipeline.java:179)
	at java.base/java.util.stream.ReferencePipeline$3$1.accept(ReferencePipeline.java:197)
	at java.base/java.util.ArrayList$ArrayListSpliterator.forEachRemaining(ArrayList.java:1625)
	at java.base/java.util.stream.AbstractPipeline.copyInto(AbstractPipeline.java:509)
	at java.base/java.util.stream.AbstractPipeline.wrapAndCopyInto(AbstractPipeline.java:499)
	at java.base/java.util.stream.ForEachOps$ForEachOp.evaluateSequential(ForEachOps.java:150)
	at java.base/java.util.stream.ForEachOps$ForEachOp$OfRef.evaluateSequential(ForEachOps.java:173)
	at java.base/java.util.stream.AbstractPipeline.evaluate(AbstractPipeline.java:234)
	at java.base/java.util.stream.ReferencePipeline.forEach(ReferencePipeline.java:596)
	at org.junit.jupiter.engine.descriptor.ClassBasedTestDescriptor.invokeTestInstancePostProcessors(ClassBasedTestDescriptor.java:377)
	at org.junit.jupiter.engine.descriptor.ClassBasedTestDescriptor.lambda$instantiateAndPostProcessTestInstance$7(ClassBasedTestDescriptor.java:290)
	at org.junit.platform.engine.support.hierarchical.ThrowableCollector.execute(ThrowableCollector.java:73)
	at org.junit.jupiter.engine.descriptor.ClassBasedTestDescriptor.instantiateAndPostProcessTestInstance(ClassBasedTestDescriptor.java:289)
	at org.junit.jupiter.engine.descriptor.ClassBasedTestDescriptor.lambda$testInstancesProvider$5(ClassBasedTestDescriptor.java:279)
	at java.base/java.util.Optional.orElseGet(Optional.java:364)
	at org.junit.jupiter.engine.descriptor.ClassBasedTestDescriptor.lambda$testInstancesProvider$6(ClassBasedTestDescriptor.java:278)
	at org.junit.jupiter.engine.execution.TestInstancesProvider.getTestInstances(TestInstancesProvider.java:31)
	at org.junit.jupiter.engine.descriptor.TestMethodTestDescriptor.lambda$prepare$1(TestMethodTestDescriptor.java:105)
	at org.junit.platform.engine.support.hierarchical.ThrowableCollector.execute(ThrowableCollector.java:73)
	at org.junit.jupiter.engine.descriptor.TestMethodTestDescriptor.prepare(TestMethodTestDescriptor.java:104)
	at org.junit.jupiter.engine.descriptor.TestMethodTestDescriptor.prepare(TestMethodTestDescriptor.java:68)
	at org.junit.platform.engine.support.hierarchical.NodeTestTask.lambda$prepare$2(NodeTestTask.java:128)
	at org.junit.platform.engine.support.hierarchical.ThrowableCollector.execute(ThrowableCollector.java:73)
	at org.junit.platform.engine.support.hierarchical.NodeTestTask.prepare(NodeTestTask.java:128)
	at org.junit.platform.engine.support.hierarchical.NodeTestTask.execute(NodeTestTask.java:95)
	at java.base/java.util.ArrayList.forEach(ArrayList.java:1511)
	at org.junit.platform.engine.support.hierarchical.SameThreadHierarchicalTestExecutorService.invokeAll(SameThreadHierarchicalTestExecutorService.java:41)
	at org.junit.platform.engine.support.hierarchical.NodeTestTask.lambda$executeRecursively$6(NodeTestTask.java:160)
	at org.junit.platform.engine.support.hierarchical.ThrowableCollector.execute(ThrowableCollector.java:73)
	at org.junit.platform.engine.support.hierarchical.NodeTestTask.lambda$executeRecursively$8(NodeTestTask.java:146)
	at org.junit.platform.engine.support.hierarchical.Node.around(Node.java:137)
	at org.junit.platform.engine.support.hierarchical.NodeTestTask.lambda$executeRecursively$9(NodeTestTask.java:144)
	at org.junit.platform.engine.support.hierarchical.ThrowableCollector.execute(ThrowableCollector.java:73)
	at org.junit.platform.engine.support.hierarchical.NodeTestTask.executeRecursively(NodeTestTask.java:143)
	at org.junit.platform.engine.support.hierarchical.NodeTestTask.execute(NodeTestTask.java:100)
	at java.base/java.util.ArrayList.forEach(ArrayList.java:1511)
	at org.junit.platform.engine.support.hierarchical.SameThreadHierarchicalTestExecutorService.invokeAll(SameThreadHierarchicalTestExecutorService.java:41)
	at org.junit.platform.engine.support.hierarchical.NodeTestTask.lambda$executeRecursively$6(NodeTestTask.java:160)
	at org.junit.platform.engine.support.hierarchical.ThrowableCollector.execute(ThrowableCollector.java:73)
	at org.junit.platform.engine.support.hierarchical.NodeTestTask.lambda$executeRecursively$8(NodeTestTask.java:146)
	at org.junit.platform.engine.support.hierarchical.Node.around(Node.java:137)
	at org.junit.platform.engine.support.hierarchical.NodeTestTask.lambda$executeRecursively$9(NodeTestTask.java:144)
	at org.junit.platform.engine.support.hierarchical.ThrowableCollector.execute(ThrowableCollector.java:73)
	at org.junit.platform.engine.support.hierarchical.NodeTestTask.executeRecursively(NodeTestTask.java:143)
	at org.junit.platform.engine.support.hierarchical.NodeTestTask.execute(NodeTestTask.java:100)
	at org.junit.platform.engine.support.hierarchical.SameThreadHierarchicalTestExecutorService.submit(SameThreadHierarchicalTestExecutorService.java:35)
	at org.junit.platform.engine.support.hierarchical.HierarchicalTestExecutor.execute(HierarchicalTestExecutor.java:57)
	at org.junit.platform.engine.support.hierarchical.HierarchicalTestEngine.execute(HierarchicalTestEngine.java:54)
	at org.junit.platform.launcher.core.EngineExecutionOrchestrator.execute(EngineExecutionOrchestrator.java:198)
	at org.junit.platform.launcher.core.EngineExecutionOrchestrator.execute(EngineExecutionOrchestrator.java:169)
	at org.junit.platform.launcher.core.EngineExecutionOrchestrator.execute(EngineExecutionOrchestrator.java:93)
	at org.junit.platform.launcher.core.EngineExecutionOrchestrator.lambda$execute$0(EngineExecutionOrchestrator.java:58)
	at org.junit.platform.launcher.core.EngineExecutionOrchestrator.withInterceptedStreams(EngineExecutionOrchestrator.java:141)
	at org.junit.platform.launcher.core.EngineExecutionOrchestrator.execute(EngineExecutionOrchestrator.java:57)
	at org.junit.platform.launcher.core.DefaultLauncher.execute(DefaultLauncher.java:103)
	at org.junit.platform.launcher.core.DefaultLauncher.execute(DefaultLauncher.java:85)
	at org.junit.platform.launcher.core.DelegatingLauncher.execute(DelegatingLauncher.java:47)
	at org.apache.maven.surefire.junitplatform.LazyLauncher.execute(LazyLauncher.java:56)
	at org.apache.maven.surefire.junitplatform.JUnitPlatformProvider.execute(JUnitPlatformProvider.java:194)
	at org.apache.maven.surefire.junitplatform.JUnitPlatformProvider.invokeAllTests(JUnitPlatformProvider.java:150)
	at org.apache.maven.surefire.junitplatform.JUnitPlatformProvider.invoke(JUnitPlatformProvider.java:124)
	at org.apache.maven.surefire.booter.ForkedBooter.runSuitesInProcess(ForkedBooter.java:385)
	at org.apache.maven.surefire.booter.ForkedBooter.execute(ForkedBooter.java:162)
	at org.apache.maven.surefire.booter.ForkedBooter.run(ForkedBooter.java:507)
	at org.apache.maven.surefire.booter.ForkedBooter.main(ForkedBooter.java:495)
2026-06-02 11:05:18.986 [main] WARN  o.s.test.context.TestContextManager - Caught exception while allowing TestExecutionListener [org.springframework.test.context.web.ServletTestExecutionListener] to prepare test instance [org.llin.demo.northwind.SecurityConfigTest@684430c1]
java.lang.IllegalStateException: ApplicationContext failure threshold (1) exceeded: skipping repeated attempt to load context for [WebMergedContextConfiguration@7772ec28 testClass = org.llin.demo.northwind.SecurityConfigTest, locations = [], classes = [org.llin.demo.northwind.Application], contextInitializerClasses = [], activeProfiles = [], propertySourceDescriptors = [], propertySourceProperties = ["org.springframework.boot.test.context.SpringBootTestContextBootstrapper=true"], contextCustomizers = [[ImportsContextCustomizer@14d513ca key = [@org.springframework.boot.context.properties.EnableConfigurationProperties({org.llin.demo.northwind.config.PropertyDefaultProperties.class}), @org.springframework.boot.test.context.SpringBootTest(args={}, classes={}, properties={}, useMainMethod=NEVER, value={}, webEnvironment=MOCK), @org.apiguardian.api.API(consumers={"*"}, since="5.0", status=STABLE), @org.springframework.context.annotation.Import(value={org.springframework.boot.context.properties.EnableConfigurationPropertiesRegistrar.class}), @org.springframework.test.context.BootstrapWith(value=org.springframework.boot.test.context.SpringBootTestContextBootstrapper.class)]], org.springframework.boot.test.context.filter.ExcludeFilterContextCustomizer@ca30bc1, org.springframework.boot.test.json.DuplicateJsonObjectContextCustomizerFactory$DuplicateJsonObjectContextCustomizer@73cd37c0, org.springframework.boot.test.mock.mockito.MockitoContextCustomizer@fe080806, org.springframework.boot.test.web.client.TestRestTemplateContextCustomizer@673be18f, org.springframework.boot.test.web.reactor.netty.DisableReactorResourceFactoryGlobalResourcesContextCustomizerFactory$DisableReactorResourceFactoryGlobalResourcesContextCustomizerCustomizer@34c01041, org.springframework.boot.test.autoconfigure.OnFailureConditionReportContextCustomizerFactory$OnFailureConditionReportContextCustomizer@36328d33, org.springframework.boot.test.autoconfigure.actuate.observability.ObservabilityContextCustomizerFactory$DisableObservabilityContextCustomizer@1f, org.springframework.boot.test.autoconfigure.properties.PropertyMappingContextCustomizer@0, org.springframework.boot.test.autoconfigure.web.servlet.WebDriverContextCustomizer@554e218, org.springframework.test.context.support.DynamicPropertiesContextCustomizer@0, org.springframework.boot.test.context.SpringBootTestAnnotation@62fe9f3e], resourceBasePath = "src/main/webapp", contextLoader = org.springframework.boot.test.context.SpringBootContextLoader, parent = null]
	at org.springframework.test.context.cache.DefaultCacheAwareContextLoaderDelegate.loadContext(DefaultCacheAwareContextLoaderDelegate.java:145)
	at org.springframework.test.context.support.DefaultTestContext.getApplicationContext(DefaultTestContext.java:130)
	at org.springframework.test.context.web.ServletTestExecutionListener.setUpRequestContextIfNecessary(ServletTestExecutionListener.java:200)
	at org.springframework.test.context.web.ServletTestExecutionListener.prepareTestInstance(ServletTestExecutionListener.java:139)
	at org.springframework.test.context.TestContextManager.prepareTestInstance(TestContextManager.java:260)
	at org.springframework.test.context.junit.jupiter.SpringExtension.postProcessTestInstance(SpringExtension.java:159)
	at org.junit.jupiter.engine.descriptor.ClassBasedTestDescriptor.lambda$invokeTestInstancePostProcessors$11(ClassBasedTestDescriptor.java:378)
	at org.junit.jupiter.engine.descriptor.ClassBasedTestDescriptor.executeAndMaskThrowable(ClassBasedTestDescriptor.java:383)
	at org.junit.jupiter.engine.descriptor.ClassBasedTestDescriptor.lambda$invokeTestInstancePostProcessors$12(ClassBasedTestDescriptor.java:378)
	at java.base/java.util.stream.ForEachOps$ForEachOp$OfRef.accept(ForEachOps.java:183)
	at java.base/java.util.stream.ReferencePipeline$3$1.accept(ReferencePipeline.java:197)
	at java.base/java.util.stream.ReferencePipeline$2$1.accept(ReferencePipeline.java:179)
	at java.base/java.util.stream.ReferencePipeline$3$1.accept(ReferencePipeline.java:197)
	at java.base/java.util.ArrayList$ArrayListSpliterator.forEachRemaining(ArrayList.java:1625)
	at java.base/java.util.stream.AbstractPipeline.copyInto(AbstractPipeline.java:509)
	at java.base/java.util.stream.AbstractPipeline.wrapAndCopyInto(AbstractPipeline.java:499)
	at java.base/java.util.stream.ForEachOps$ForEachOp.evaluateSequential(ForEachOps.java:150)
	at java.base/java.util.stream.ForEachOps$ForEachOp$OfRef.evaluateSequential(ForEachOps.java:173)
	at java.base/java.util.stream.AbstractPipeline.evaluate(AbstractPipeline.java:234)
	at java.base/java.util.stream.ReferencePipeline.forEach(ReferencePipeline.java:596)
	at org.junit.jupiter.engine.descriptor.ClassBasedTestDescriptor.invokeTestInstancePostProcessors(ClassBasedTestDescriptor.java:377)
	at org.junit.jupiter.engine.descriptor.ClassBasedTestDescriptor.lambda$instantiateAndPostProcessTestInstance$7(ClassBasedTestDescriptor.java:290)
	at org.junit.platform.engine.support.hierarchical.ThrowableCollector.execute(ThrowableCollector.java:73)
	at org.junit.jupiter.engine.descriptor.ClassBasedTestDescriptor.instantiateAndPostProcessTestInstance(ClassBasedTestDescriptor.java:289)
	at org.junit.jupiter.engine.descriptor.ClassBasedTestDescriptor.lambda$testInstancesProvider$5(ClassBasedTestDescriptor.java:279)
	at java.base/java.util.Optional.orElseGet(Optional.java:364)
	at org.junit.jupiter.engine.descriptor.ClassBasedTestDescriptor.lambda$testInstancesProvider$6(ClassBasedTestDescriptor.java:278)
	at org.junit.jupiter.engine.execution.TestInstancesProvider.getTestInstances(TestInstancesProvider.java:31)
	at org.junit.jupiter.engine.descriptor.TestMethodTestDescriptor.lambda$prepare$1(TestMethodTestDescriptor.java:105)
	at org.junit.platform.engine.support.hierarchical.ThrowableCollector.execute(ThrowableCollector.java:73)
	at org.junit.jupiter.engine.descriptor.TestMethodTestDescriptor.prepare(TestMethodTestDescriptor.java:104)
	at org.junit.jupiter.engine.descriptor.TestMethodTestDescriptor.prepare(TestMethodTestDescriptor.java:68)
	at org.junit.platform.engine.support.hierarchical.NodeTestTask.lambda$prepare$2(NodeTestTask.java:128)
	at org.junit.platform.engine.support.hierarchical.ThrowableCollector.execute(ThrowableCollector.java:73)
	at org.junit.platform.engine.support.hierarchical.NodeTestTask.prepare(NodeTestTask.java:128)
	at org.junit.platform.engine.support.hierarchical.NodeTestTask.execute(NodeTestTask.java:95)
	at java.base/java.util.ArrayList.forEach(ArrayList.java:1511)
	at org.junit.platform.engine.support.hierarchical.SameThreadHierarchicalTestExecutorService.invokeAll(SameThreadHierarchicalTestExecutorService.java:41)
	at org.junit.platform.engine.support.hierarchical.NodeTestTask.lambda$executeRecursively$6(NodeTestTask.java:160)
	at org.junit.platform.engine.support.hierarchical.ThrowableCollector.execute(ThrowableCollector.java:73)
	at org.junit.platform.engine.support.hierarchical.NodeTestTask.lambda$executeRecursively$8(NodeTestTask.java:146)
	at org.junit.platform.engine.support.hierarchical.Node.around(Node.java:137)
	at org.junit.platform.engine.support.hierarchical.NodeTestTask.lambda$executeRecursively$9(NodeTestTask.java:144)
	at org.junit.platform.engine.support.hierarchical.ThrowableCollector.execute(ThrowableCollector.java:73)
	at org.junit.platform.engine.support.hierarchical.NodeTestTask.executeRecursively(NodeTestTask.java:143)
	at org.junit.platform.engine.support.hierarchical.NodeTestTask.execute(NodeTestTask.java:100)
	at java.base/java.util.ArrayList.forEach(ArrayList.java:1511)
	at org.junit.platform.engine.support.hierarchical.SameThreadHierarchicalTestExecutorService.invokeAll(SameThreadHierarchicalTestExecutorService.java:41)
	at org.junit.platform.engine.support.hierarchical.NodeTestTask.lambda$executeRecursively$6(NodeTestTask.java:160)
	at org.junit.platform.engine.support.hierarchical.ThrowableCollector.execute(ThrowableCollector.java:73)
	at org.junit.platform.engine.support.hierarchical.NodeTestTask.lambda$executeRecursively$8(NodeTestTask.java:146)
	at org.junit.platform.engine.support.hierarchical.Node.around(Node.java:137)
	at org.junit.platform.engine.support.hierarchical.NodeTestTask.lambda$executeRecursively$9(NodeTestTask.java:144)
	at org.junit.platform.engine.support.hierarchical.ThrowableCollector.execute(ThrowableCollector.java:73)
	at org.junit.platform.engine.support.hierarchical.NodeTestTask.executeRecursively(NodeTestTask.java:143)
	at org.junit.platform.engine.support.hierarchical.NodeTestTask.execute(NodeTestTask.java:100)
	at org.junit.platform.engine.support.hierarchical.SameThreadHierarchicalTestExecutorService.submit(SameThreadHierarchicalTestExecutorService.java:35)
	at org.junit.platform.engine.support.hierarchical.HierarchicalTestExecutor.execute(HierarchicalTestExecutor.java:57)
	at org.junit.platform.engine.support.hierarchical.HierarchicalTestEngine.execute(HierarchicalTestEngine.java:54)
	at org.junit.platform.launcher.core.EngineExecutionOrchestrator.execute(EngineExecutionOrchestrator.java:198)
	at org.junit.platform.launcher.core.EngineExecutionOrchestrator.execute(EngineExecutionOrchestrator.java:169)
	at org.junit.platform.launcher.core.EngineExecutionOrchestrator.execute(EngineExecutionOrchestrator.java:93)
	at org.junit.platform.launcher.core.EngineExecutionOrchestrator.lambda$execute$0(EngineExecutionOrchestrator.java:58)
	at org.junit.platform.launcher.core.EngineExecutionOrchestrator.withInterceptedStreams(EngineExecutionOrchestrator.java:141)
	at org.junit.platform.launcher.core.EngineExecutionOrchestrator.execute(EngineExecutionOrchestrator.java:57)
	at org.junit.platform.launcher.core.DefaultLauncher.execute(DefaultLauncher.java:103)
	at org.junit.platform.launcher.core.DefaultLauncher.execute(DefaultLauncher.java:85)
	at org.junit.platform.launcher.core.DelegatingLauncher.execute(DelegatingLauncher.java:47)
	at org.apache.maven.surefire.junitplatform.LazyLauncher.execute(LazyLauncher.java:56)
	at org.apache.maven.surefire.junitplatform.JUnitPlatformProvider.execute(JUnitPlatformProvider.java:194)
	at org.apache.maven.surefire.junitplatform.JUnitPlatformProvider.invokeAllTests(JUnitPlatformProvider.java:150)
	at org.apache.maven.surefire.junitplatform.JUnitPlatformProvider.invoke(JUnitPlatformProvider.java:124)
	at org.apache.maven.surefire.booter.ForkedBooter.runSuitesInProcess(ForkedBooter.java:385)
	at org.apache.maven.surefire.booter.ForkedBooter.execute(ForkedBooter.java:162)
	at org.apache.maven.surefire.booter.ForkedBooter.run(ForkedBooter.java:507)
	at org.apache.maven.surefire.booter.ForkedBooter.main(ForkedBooter.java:495)
2026-06-02 11:05:18.989 [main] WARN  o.s.test.context.TestContextManager - Caught exception while allowing TestExecutionListener [org.springframework.test.context.web.ServletTestExecutionListener] to prepare test instance [org.llin.demo.northwind.SecurityConfigTest@556944cd]
java.lang.IllegalStateException: ApplicationContext failure threshold (1) exceeded: skipping repeated attempt to load context for [WebMergedContextConfiguration@7772ec28 testClass = org.llin.demo.northwind.SecurityConfigTest, locations = [], classes = [org.llin.demo.northwind.Application], contextInitializerClasses = [], activeProfiles = [], propertySourceDescriptors = [], propertySourceProperties = ["org.springframework.boot.test.context.SpringBootTestContextBootstrapper=true"], contextCustomizers = [[ImportsContextCustomizer@14d513ca key = [@org.springframework.boot.context.properties.EnableConfigurationProperties({org.llin.demo.northwind.config.PropertyDefaultProperties.class}), @org.springframework.boot.test.context.SpringBootTest(args={}, classes={}, properties={}, useMainMethod=NEVER, value={}, webEnvironment=MOCK), @org.apiguardian.api.API(consumers={"*"}, since="5.0", status=STABLE), @org.springframework.context.annotation.Import(value={org.springframework.boot.context.properties.EnableConfigurationPropertiesRegistrar.class}), @org.springframework.test.context.BootstrapWith(value=org.springframework.boot.test.context.SpringBootTestContextBootstrapper.class)]], org.springframework.boot.test.context.filter.ExcludeFilterContextCustomizer@ca30bc1, org.springframework.boot.test.json.DuplicateJsonObjectContextCustomizerFactory$DuplicateJsonObjectContextCustomizer@73cd37c0, org.springframework.boot.test.mock.mockito.MockitoContextCustomizer@fe080806, org.springframework.boot.test.web.client.TestRestTemplateContextCustomizer@673be18f, org.springframework.boot.test.web.reactor.netty.DisableReactorResourceFactoryGlobalResourcesContextCustomizerFactory$DisableReactorResourceFactoryGlobalResourcesContextCustomizerCustomizer@34c01041, org.springframework.boot.test.autoconfigure.OnFailureConditionReportContextCustomizerFactory$OnFailureConditionReportContextCustomizer@36328d33, org.springframework.boot.test.autoconfigure.actuate.observability.ObservabilityContextCustomizerFactory$DisableObservabilityContextCustomizer@1f, org.springframework.boot.test.autoconfigure.properties.PropertyMappingContextCustomizer@0, org.springframework.boot.test.autoconfigure.web.servlet.WebDriverContextCustomizer@554e218, org.springframework.test.context.support.DynamicPropertiesContextCustomizer@0, org.springframework.boot.test.context.SpringBootTestAnnotation@62fe9f3e], resourceBasePath = "src/main/webapp", contextLoader = org.springframework.boot.test.context.SpringBootContextLoader, parent = null]
	at org.springframework.test.context.cache.DefaultCacheAwareContextLoaderDelegate.loadContext(DefaultCacheAwareContextLoaderDelegate.java:145)
	at org.springframework.test.context.support.DefaultTestContext.getApplicationContext(DefaultTestContext.java:130)
	at org.springframework.test.context.web.ServletTestExecutionListener.setUpRequestContextIfNecessary(ServletTestExecutionListener.java:200)
	at org.springframework.test.context.web.ServletTestExecutionListener.prepareTestInstance(ServletTestExecutionListener.java:139)
	at org.springframework.test.context.TestContextManager.prepareTestInstance(TestContextManager.java:260)
	at org.springframework.test.context.junit.jupiter.SpringExtension.postProcessTestInstance(SpringExtension.java:159)
	at org.junit.jupiter.engine.descriptor.ClassBasedTestDescriptor.lambda$invokeTestInstancePostProcessors$11(ClassBasedTestDescriptor.java:378)
	at org.junit.jupiter.engine.descriptor.ClassBasedTestDescriptor.executeAndMaskThrowable(ClassBasedTestDescriptor.java:383)
	at org.junit.jupiter.engine.descriptor.ClassBasedTestDescriptor.lambda$invokeTestInstancePostProcessors$12(ClassBasedTestDescriptor.java:378)
	at java.base/java.util.stream.ForEachOps$ForEachOp$OfRef.accept(ForEachOps.java:183)
	at java.base/java.util.stream.ReferencePipeline$3$1.accept(ReferencePipeline.java:197)
	at java.base/java.util.stream.ReferencePipeline$2$1.accept(ReferencePipeline.java:179)
	at java.base/java.util.stream.ReferencePipeline$3$1.accept(ReferencePipeline.java:197)
	at java.base/java.util.ArrayList$ArrayListSpliterator.forEachRemaining(ArrayList.java:1625)
	at java.base/java.util.stream.AbstractPipeline.copyInto(AbstractPipeline.java:509)
	at java.base/java.util.stream.AbstractPipeline.wrapAndCopyInto(AbstractPipeline.java:499)
	at java.base/java.util.stream.ForEachOps$ForEachOp.evaluateSequential(ForEachOps.java:150)
	at java.base/java.util.stream.ForEachOps$ForEachOp$OfRef.evaluateSequential(ForEachOps.java:173)
	at java.base/java.util.stream.AbstractPipeline.evaluate(AbstractPipeline.java:234)
	at java.base/java.util.stream.ReferencePipeline.forEach(ReferencePipeline.java:596)
	at org.junit.jupiter.engine.descriptor.ClassBasedTestDescriptor.invokeTestInstancePostProcessors(ClassBasedTestDescriptor.java:377)
	at org.junit.jupiter.engine.descriptor.ClassBasedTestDescriptor.lambda$instantiateAndPostProcessTestInstance$7(ClassBasedTestDescriptor.java:290)
	at org.junit.platform.engine.support.hierarchical.ThrowableCollector.execute(ThrowableCollector.java:73)
	at org.junit.jupiter.engine.descriptor.ClassBasedTestDescriptor.instantiateAndPostProcessTestInstance(ClassBasedTestDescriptor.java:289)
	at org.junit.jupiter.engine.descriptor.ClassBasedTestDescriptor.lambda$testInstancesProvider$5(ClassBasedTestDescriptor.java:279)
	at java.base/java.util.Optional.orElseGet(Optional.java:364)
	at org.junit.jupiter.engine.descriptor.ClassBasedTestDescriptor.lambda$testInstancesProvider$6(ClassBasedTestDescriptor.java:278)
	at org.junit.jupiter.engine.execution.TestInstancesProvider.getTestInstances(TestInstancesProvider.java:31)
	at org.junit.jupiter.engine.descriptor.TestMethodTestDescriptor.lambda$prepare$1(TestMethodTestDescriptor.java:105)
	at org.junit.platform.engine.support.hierarchical.ThrowableCollector.execute(ThrowableCollector.java:73)
	at org.junit.jupiter.engine.descriptor.TestMethodTestDescriptor.prepare(TestMethodTestDescriptor.java:104)
	at org.junit.jupiter.engine.descriptor.TestMethodTestDescriptor.prepare(TestMethodTestDescriptor.java:68)
	at org.junit.platform.engine.support.hierarchical.NodeTestTask.lambda$prepare$2(NodeTestTask.java:128)
	at org.junit.platform.engine.support.hierarchical.ThrowableCollector.execute(ThrowableCollector.java:73)
	at org.junit.platform.engine.support.hierarchical.NodeTestTask.prepare(NodeTestTask.java:128)
	at org.junit.platform.engine.support.hierarchical.NodeTestTask.execute(NodeTestTask.java:95)
	at java.base/java.util.ArrayList.forEach(ArrayList.java:1511)
	at org.junit.platform.engine.support.hierarchical.SameThreadHierarchicalTestExecutorService.invokeAll(SameThreadHierarchicalTestExecutorService.java:41)
	at org.junit.platform.engine.support.hierarchical.NodeTestTask.lambda$executeRecursively$6(NodeTestTask.java:160)
	at org.junit.platform.engine.support.hierarchical.ThrowableCollector.execute(ThrowableCollector.java:73)
	at org.junit.platform.engine.support.hierarchical.NodeTestTask.lambda$executeRecursively$8(NodeTestTask.java:146)
	at org.junit.platform.engine.support.hierarchical.Node.around(Node.java:137)
	at org.junit.platform.engine.support.hierarchical.NodeTestTask.lambda$executeRecursively$9(NodeTestTask.java:144)
	at org.junit.platform.engine.support.hierarchical.ThrowableCollector.execute(ThrowableCollector.java:73)
	at org.junit.platform.engine.support.hierarchical.NodeTestTask.executeRecursively(NodeTestTask.java:143)
	at org.junit.platform.engine.support.hierarchical.NodeTestTask.execute(NodeTestTask.java:100)
	at java.base/java.util.ArrayList.forEach(ArrayList.java:1511)
	at org.junit.platform.engine.support.hierarchical.SameThreadHierarchicalTestExecutorService.invokeAll(SameThreadHierarchicalTestExecutorService.java:41)
	at org.junit.platform.engine.support.hierarchical.NodeTestTask.lambda$executeRecursively$6(NodeTestTask.java:160)
	at org.junit.platform.engine.support.hierarchical.ThrowableCollector.execute(ThrowableCollector.java:73)
	at org.junit.platform.engine.support.hierarchical.NodeTestTask.lambda$executeRecursively$8(NodeTestTask.java:146)
	at org.junit.platform.engine.support.hierarchical.Node.around(Node.java:137)
	at org.junit.platform.engine.support.hierarchical.NodeTestTask.lambda$executeRecursively$9(NodeTestTask.java:144)
	at org.junit.platform.engine.support.hierarchical.ThrowableCollector.execute(ThrowableCollector.java:73)
	at org.junit.platform.engine.support.hierarchical.NodeTestTask.executeRecursively(NodeTestTask.java:143)
	at org.junit.platform.engine.support.hierarchical.NodeTestTask.execute(NodeTestTask.java:100)
	at org.junit.platform.engine.support.hierarchical.SameThreadHierarchicalTestExecutorService.submit(SameThreadHierarchicalTestExecutorService.java:35)
	at org.junit.platform.engine.support.hierarchical.HierarchicalTestExecutor.execute(HierarchicalTestExecutor.java:57)
	at org.junit.platform.engine.support.hierarchical.HierarchicalTestEngine.execute(HierarchicalTestEngine.java:54)
	at org.junit.platform.launcher.core.EngineExecutionOrchestrator.execute(EngineExecutionOrchestrator.java:198)
	at org.junit.platform.launcher.core.EngineExecutionOrchestrator.execute(EngineExecutionOrchestrator.java:169)
	at org.junit.platform.launcher.core.EngineExecutionOrchestrator.execute(EngineExecutionOrchestrator.java:93)
	at org.junit.platform.launcher.core.EngineExecutionOrchestrator.lambda$execute$0(EngineExecutionOrchestrator.java:58)
	at org.junit.platform.launcher.core.EngineExecutionOrchestrator.withInterceptedStreams(EngineExecutionOrchestrator.java:141)
	at org.junit.platform.launcher.core.EngineExecutionOrchestrator.execute(EngineExecutionOrchestrator.java:57)
	at org.junit.platform.launcher.core.DefaultLauncher.execute(DefaultLauncher.java:103)
	at org.junit.platform.launcher.core.DefaultLauncher.execute(DefaultLauncher.java:85)
	at org.junit.platform.launcher.core.DelegatingLauncher.execute(DelegatingLauncher.java:47)
	at org.apache.maven.surefire.junitplatform.LazyLauncher.execute(LazyLauncher.java:56)
	at org.apache.maven.surefire.junitplatform.JUnitPlatformProvider.execute(JUnitPlatformProvider.java:194)
	at org.apache.maven.surefire.junitplatform.JUnitPlatformProvider.invokeAllTests(JUnitPlatformProvider.java:150)
	at org.apache.maven.surefire.junitplatform.JUnitPlatformProvider.invoke(JUnitPlatformProvider.java:124)
	at org.apache.maven.surefire.booter.ForkedBooter.runSuitesInProcess(ForkedBooter.java:385)
	at org.apache.maven.surefire.booter.ForkedBooter.execute(ForkedBooter.java:162)
	at org.apache.maven.surefire.booter.ForkedBooter.run(ForkedBooter.java:507)
	at org.apache.maven.surefire.booter.ForkedBooter.main(ForkedBooter.java:495)
2026-06-02 11:05:18.995 [main] WARN  o.s.test.context.TestContextManager - Caught exception while allowing TestExecutionListener [org.springframework.test.context.web.ServletTestExecutionListener] to prepare test instance [org.llin.demo.northwind.SecurityConfigTest@7e017f47]
java.lang.IllegalStateException: ApplicationContext failure threshold (1) exceeded: skipping repeated attempt to load context for [WebMergedContextConfiguration@7772ec28 testClass = org.llin.demo.northwind.SecurityConfigTest, locations = [], classes = [org.llin.demo.northwind.Application], contextInitializerClasses = [], activeProfiles = [], propertySourceDescriptors = [], propertySourceProperties = ["org.springframework.boot.test.context.SpringBootTestContextBootstrapper=true"], contextCustomizers = [[ImportsContextCustomizer@14d513ca key = [@org.springframework.boot.context.properties.EnableConfigurationProperties({org.llin.demo.northwind.config.PropertyDefaultProperties.class}), @org.springframework.boot.test.context.SpringBootTest(args={}, classes={}, properties={}, useMainMethod=NEVER, value={}, webEnvironment=MOCK), @org.apiguardian.api.API(consumers={"*"}, since="5.0", status=STABLE), @org.springframework.context.annotation.Import(value={org.springframework.boot.context.properties.EnableConfigurationPropertiesRegistrar.class}), @org.springframework.test.context.BootstrapWith(value=org.springframework.boot.test.context.SpringBootTestContextBootstrapper.class)]], org.springframework.boot.test.context.filter.ExcludeFilterContextCustomizer@ca30bc1, org.springframework.boot.test.json.DuplicateJsonObjectContextCustomizerFactory$DuplicateJsonObjectContextCustomizer@73cd37c0, org.springframework.boot.test.mock.mockito.MockitoContextCustomizer@fe080806, org.springframework.boot.test.web.client.TestRestTemplateContextCustomizer@673be18f, org.springframework.boot.test.web.reactor.netty.DisableReactorResourceFactoryGlobalResourcesContextCustomizerFactory$DisableReactorResourceFactoryGlobalResourcesContextCustomizerCustomizer@34c01041, org.springframework.boot.test.autoconfigure.OnFailureConditionReportContextCustomizerFactory$OnFailureConditionReportContextCustomizer@36328d33, org.springframework.boot.test.autoconfigure.actuate.observability.ObservabilityContextCustomizerFactory$DisableObservabilityContextCustomizer@1f, org.springframework.boot.test.autoconfigure.properties.PropertyMappingContextCustomizer@0, org.springframework.boot.test.autoconfigure.web.servlet.WebDriverContextCustomizer@554e218, org.springframework.test.context.support.DynamicPropertiesContextCustomizer@0, org.springframework.boot.test.context.SpringBootTestAnnotation@62fe9f3e], resourceBasePath = "src/main/webapp", contextLoader = org.springframework.boot.test.context.SpringBootContextLoader, parent = null]
	at org.springframework.test.context.cache.DefaultCacheAwareContextLoaderDelegate.loadContext(DefaultCacheAwareContextLoaderDelegate.java:145)
	at org.springframework.test.context.support.DefaultTestContext.getApplicationContext(DefaultTestContext.java:130)
	at org.springframework.test.context.web.ServletTestExecutionListener.setUpRequestContextIfNecessary(ServletTestExecutionListener.java:200)
	at org.springframework.test.context.web.ServletTestExecutionListener.prepareTestInstance(ServletTestExecutionListener.java:139)
	at org.springframework.test.context.TestContextManager.prepareTestInstance(TestContextManager.java:260)
	at org.springframework.test.context.junit.jupiter.SpringExtension.postProcessTestInstance(SpringExtension.java:159)
	at org.junit.jupiter.engine.descriptor.ClassBasedTestDescriptor.lambda$invokeTestInstancePostProcessors$11(ClassBasedTestDescriptor.java:378)
	at org.junit.jupiter.engine.descriptor.ClassBasedTestDescriptor.executeAndMaskThrowable(ClassBasedTestDescriptor.java:383)
	at org.junit.jupiter.engine.descriptor.ClassBasedTestDescriptor.lambda$invokeTestInstancePostProcessors$12(ClassBasedTestDescriptor.java:378)
	at java.base/java.util.stream.ForEachOps$ForEachOp$OfRef.accept(ForEachOps.java:183)
	at java.base/java.util.stream.ReferencePipeline$3$1.accept(ReferencePipeline.java:197)
	at java.base/java.util.stream.ReferencePipeline$2$1.accept(ReferencePipeline.java:179)
	at java.base/java.util.stream.ReferencePipeline$3$1.accept(ReferencePipeline.java:197)
	at java.base/java.util.ArrayList$ArrayListSpliterator.forEachRemaining(ArrayList.java:1625)
	at java.base/java.util.stream.AbstractPipeline.copyInto(AbstractPipeline.java:509)
	at java.base/java.util.stream.AbstractPipeline.wrapAndCopyInto(AbstractPipeline.java:499)
	at java.base/java.util.stream.ForEachOps$ForEachOp.evaluateSequential(ForEachOps.java:150)
	at java.base/java.util.stream.ForEachOps$ForEachOp$OfRef.evaluateSequential(ForEachOps.java:173)
	at java.base/java.util.stream.AbstractPipeline.evaluate(AbstractPipeline.java:234)
	at java.base/java.util.stream.ReferencePipeline.forEach(ReferencePipeline.java:596)
	at org.junit.jupiter.engine.descriptor.ClassBasedTestDescriptor.invokeTestInstancePostProcessors(ClassBasedTestDescriptor.java:377)
	at org.junit.jupiter.engine.descriptor.ClassBasedTestDescriptor.lambda$instantiateAndPostProcessTestInstance$7(ClassBasedTestDescriptor.java:290)
	at org.junit.platform.engine.support.hierarchical.ThrowableCollector.execute(ThrowableCollector.java:73)
	at org.junit.jupiter.engine.descriptor.ClassBasedTestDescriptor.instantiateAndPostProcessTestInstance(ClassBasedTestDescriptor.java:289)
	at org.junit.jupiter.engine.descriptor.ClassBasedTestDescriptor.lambda$testInstancesProvider$5(ClassBasedTestDescriptor.java:279)
	at java.base/java.util.Optional.orElseGet(Optional.java:364)
	at org.junit.jupiter.engine.descriptor.ClassBasedTestDescriptor.lambda$testInstancesProvider$6(ClassBasedTestDescriptor.java:278)
	at org.junit.jupiter.engine.execution.TestInstancesProvider.getTestInstances(TestInstancesProvider.java:31)
	at org.junit.jupiter.engine.descriptor.TestMethodTestDescriptor.lambda$prepare$1(TestMethodTestDescriptor.java:105)
	at org.junit.platform.engine.support.hierarchical.ThrowableCollector.execute(ThrowableCollector.java:73)
	at org.junit.jupiter.engine.descriptor.TestMethodTestDescriptor.prepare(TestMethodTestDescriptor.java:104)
	at org.junit.jupiter.engine.descriptor.TestMethodTestDescriptor.prepare(TestMethodTestDescriptor.java:68)
	at org.junit.platform.engine.support.hierarchical.NodeTestTask.lambda$prepare$2(NodeTestTask.java:128)
	at org.junit.platform.engine.support.hierarchical.ThrowableCollector.execute(ThrowableCollector.java:73)
	at org.junit.platform.engine.support.hierarchical.NodeTestTask.prepare(NodeTestTask.java:128)
	at org.junit.platform.engine.support.hierarchical.NodeTestTask.execute(NodeTestTask.java:95)
	at java.base/java.util.ArrayList.forEach(ArrayList.java:1511)
	at org.junit.platform.engine.support.hierarchical.SameThreadHierarchicalTestExecutorService.invokeAll(SameThreadHierarchicalTestExecutorService.java:41)
	at org.junit.platform.engine.support.hierarchical.NodeTestTask.lambda$executeRecursively$6(NodeTestTask.java:160)
	at org.junit.platform.engine.support.hierarchical.ThrowableCollector.execute(ThrowableCollector.java:73)
	at org.junit.platform.engine.support.hierarchical.NodeTestTask.lambda$executeRecursively$8(NodeTestTask.java:146)
	at org.junit.platform.engine.support.hierarchical.Node.around(Node.java:137)
	at org.junit.platform.engine.support.hierarchical.NodeTestTask.lambda$executeRecursively$9(NodeTestTask.java:144)
	at org.junit.platform.engine.support.hierarchical.ThrowableCollector.execute(ThrowableCollector.java:73)
	at org.junit.platform.engine.support.hierarchical.NodeTestTask.executeRecursively(NodeTestTask.java:143)
	at org.junit.platform.engine.support.hierarchical.NodeTestTask.execute(NodeTestTask.java:100)
	at java.base/java.util.ArrayList.forEach(ArrayList.java:1511)
	at org.junit.platform.engine.support.hierarchical.SameThreadHierarchicalTestExecutorService.invokeAll(SameThreadHierarchicalTestExecutorService.java:41)
	at org.junit.platform.engine.support.hierarchical.NodeTestTask.lambda$executeRecursively$6(NodeTestTask.java:160)
	at org.junit.platform.engine.support.hierarchical.ThrowableCollector.execute(ThrowableCollector.java:73)
	at org.junit.platform.engine.support.hierarchical.NodeTestTask.lambda$executeRecursively$8(NodeTestTask.java:146)
	at org.junit.platform.engine.support.hierarchical.Node.around(Node.java:137)
	at org.junit.platform.engine.support.hierarchical.NodeTestTask.lambda$executeRecursively$9(NodeTestTask.java:144)
	at org.junit.platform.engine.support.hierarchical.ThrowableCollector.execute(ThrowableCollector.java:73)
	at org.junit.platform.engine.support.hierarchical.NodeTestTask.executeRecursively(NodeTestTask.java:143)
	at org.junit.platform.engine.support.hierarchical.NodeTestTask.execute(NodeTestTask.java:100)
	at org.junit.platform.engine.support.hierarchical.SameThreadHierarchicalTestExecutorService.submit(SameThreadHierarchicalTestExecutorService.java:35)
	at org.junit.platform.engine.support.hierarchical.HierarchicalTestExecutor.execute(HierarchicalTestExecutor.java:57)
	at org.junit.platform.engine.support.hierarchical.HierarchicalTestEngine.execute(HierarchicalTestEngine.java:54)
	at org.junit.platform.launcher.core.EngineExecutionOrchestrator.execute(EngineExecutionOrchestrator.java:198)
	at org.junit.platform.launcher.core.EngineExecutionOrchestrator.execute(EngineExecutionOrchestrator.java:169)
	at org.junit.platform.launcher.core.EngineExecutionOrchestrator.execute(EngineExecutionOrchestrator.java:93)
	at org.junit.platform.launcher.core.EngineExecutionOrchestrator.lambda$execute$0(EngineExecutionOrchestrator.java:58)
	at org.junit.platform.launcher.core.EngineExecutionOrchestrator.withInterceptedStreams(EngineExecutionOrchestrator.java:141)
	at org.junit.platform.launcher.core.EngineExecutionOrchestrator.execute(EngineExecutionOrchestrator.java:57)
	at org.junit.platform.launcher.core.DefaultLauncher.execute(DefaultLauncher.java:103)
	at org.junit.platform.launcher.core.DefaultLauncher.execute(DefaultLauncher.java:85)
	at org.junit.platform.launcher.core.DelegatingLauncher.execute(DelegatingLauncher.java:47)
	at org.apache.maven.surefire.junitplatform.LazyLauncher.execute(LazyLauncher.java:56)
	at org.apache.maven.surefire.junitplatform.JUnitPlatformProvider.execute(JUnitPlatformProvider.java:194)
	at org.apache.maven.surefire.junitplatform.JUnitPlatformProvider.invokeAllTests(JUnitPlatformProvider.java:150)
	at org.apache.maven.surefire.junitplatform.JUnitPlatformProvider.invoke(JUnitPlatformProvider.java:124)
	at org.apache.maven.surefire.booter.ForkedBooter.runSuitesInProcess(ForkedBooter.java:385)
	at org.apache.maven.surefire.booter.ForkedBooter.execute(ForkedBooter.java:162)
	at org.apache.maven.surefire.booter.ForkedBooter.run(ForkedBooter.java:507)
	at org.apache.maven.surefire.booter.ForkedBooter.main(ForkedBooter.java:495)
2026-06-02 11:05:18.998 [main] WARN  o.s.test.context.TestContextManager - Caught exception while allowing TestExecutionListener [org.springframework.test.context.web.ServletTestExecutionListener] to prepare test instance [org.llin.demo.northwind.SecurityConfigTest@7e36d508]
java.lang.IllegalStateException: ApplicationContext failure threshold (1) exceeded: skipping repeated attempt to load context for [WebMergedContextConfiguration@7772ec28 testClass = org.llin.demo.northwind.SecurityConfigTest, locations = [], classes = [org.llin.demo.northwind.Application], contextInitializerClasses = [], activeProfiles = [], propertySourceDescriptors = [], propertySourceProperties = ["org.springframework.boot.test.context.SpringBootTestContextBootstrapper=true"], contextCustomizers = [[ImportsContextCustomizer@14d513ca key = [@org.springframework.boot.context.properties.EnableConfigurationProperties({org.llin.demo.northwind.config.PropertyDefaultProperties.class}), @org.springframework.boot.test.context.SpringBootTest(args={}, classes={}, properties={}, useMainMethod=NEVER, value={}, webEnvironment=MOCK), @org.apiguardian.api.API(consumers={"*"}, since="5.0", status=STABLE), @org.springframework.context.annotation.Import(value={org.springframework.boot.context.properties.EnableConfigurationPropertiesRegistrar.class}), @org.springframework.test.context.BootstrapWith(value=org.springframework.boot.test.context.SpringBootTestContextBootstrapper.class)]], org.springframework.boot.test.context.filter.ExcludeFilterContextCustomizer@ca30bc1, org.springframework.boot.test.json.DuplicateJsonObjectContextCustomizerFactory$DuplicateJsonObjectContextCustomizer@73cd37c0, org.springframework.boot.test.mock.mockito.MockitoContextCustomizer@fe080806, org.springframework.boot.test.web.client.TestRestTemplateContextCustomizer@673be18f, org.springframework.boot.test.web.reactor.netty.DisableReactorResourceFactoryGlobalResourcesContextCustomizerFactory$DisableReactorResourceFactoryGlobalResourcesContextCustomizerCustomizer@34c01041, org.springframework.boot.test.autoconfigure.OnFailureConditionReportContextCustomizerFactory$OnFailureConditionReportContextCustomizer@36328d33, org.springframework.boot.test.autoconfigure.actuate.observability.ObservabilityContextCustomizerFactory$DisableObservabilityContextCustomizer@1f, org.springframework.boot.test.autoconfigure.properties.PropertyMappingContextCustomizer@0, org.springframework.boot.test.autoconfigure.web.servlet.WebDriverContextCustomizer@554e218, org.springframework.test.context.support.DynamicPropertiesContextCustomizer@0, org.springframework.boot.test.context.SpringBootTestAnnotation@62fe9f3e], resourceBasePath = "src/main/webapp", contextLoader = org.springframework.boot.test.context.SpringBootContextLoader, parent = null]
	at org.springframework.test.context.cache.DefaultCacheAwareContextLoaderDelegate.loadContext(DefaultCacheAwareContextLoaderDelegate.java:145)
	at org.springframework.test.context.support.DefaultTestContext.getApplicationContext(DefaultTestContext.java:130)
	at org.springframework.test.context.web.ServletTestExecutionListener.setUpRequestContextIfNecessary(ServletTestExecutionListener.java:200)
	at org.springframework.test.context.web.ServletTestExecutionListener.prepareTestInstance(ServletTestExecutionListener.java:139)
	at org.springframework.test.context.TestContextManager.prepareTestInstance(TestContextManager.java:260)
	at org.springframework.test.context.junit.jupiter.SpringExtension.postProcessTestInstance(SpringExtension.java:159)
	at org.junit.jupiter.engine.descriptor.ClassBasedTestDescriptor.lambda$invokeTestInstancePostProcessors$11(ClassBasedTestDescriptor.java:378)
	at org.junit.jupiter.engine.descriptor.ClassBasedTestDescriptor.executeAndMaskThrowable(ClassBasedTestDescriptor.java:383)
	at org.junit.jupiter.engine.descriptor.ClassBasedTestDescriptor.lambda$invokeTestInstancePostProcessors$12(ClassBasedTestDescriptor.java:378)
	at java.base/java.util.stream.ForEachOps$ForEachOp$OfRef.accept(ForEachOps.java:183)
	at java.base/java.util.stream.ReferencePipeline$3$1.accept(ReferencePipeline.java:197)
	at java.base/java.util.stream.ReferencePipeline$2$1.accept(ReferencePipeline.java:179)
	at java.base/java.util.stream.ReferencePipeline$3$1.accept(ReferencePipeline.java:197)
	at java.base/java.util.ArrayList$ArrayListSpliterator.forEachRemaining(ArrayList.java:1625)
	at java.base/java.util.stream.AbstractPipeline.copyInto(AbstractPipeline.java:509)
	at java.base/java.util.stream.AbstractPipeline.wrapAndCopyInto(AbstractPipeline.java:499)
	at java.base/java.util.stream.ForEachOps$ForEachOp.evaluateSequential(ForEachOps.java:150)
	at java.base/java.util.stream.ForEachOps$ForEachOp$OfRef.evaluateSequential(ForEachOps.java:173)
	at java.base/java.util.stream.AbstractPipeline.evaluate(AbstractPipeline.java:234)
	at java.base/java.util.stream.ReferencePipeline.forEach(ReferencePipeline.java:596)
	at org.junit.jupiter.engine.descriptor.ClassBasedTestDescriptor.invokeTestInstancePostProcessors(ClassBasedTestDescriptor.java:377)
	at org.junit.jupiter.engine.descriptor.ClassBasedTestDescriptor.lambda$instantiateAndPostProcessTestInstance$7(ClassBasedTestDescriptor.java:290)
	at org.junit.platform.engine.support.hierarchical.ThrowableCollector.execute(ThrowableCollector.java:73)
	at org.junit.jupiter.engine.descriptor.ClassBasedTestDescriptor.instantiateAndPostProcessTestInstance(ClassBasedTestDescriptor.java:289)
	at org.junit.jupiter.engine.descriptor.ClassBasedTestDescriptor.lambda$testInstancesProvider$5(ClassBasedTestDescriptor.java:279)
	at java.base/java.util.Optional.orElseGet(Optional.java:364)
	at org.junit.jupiter.engine.descriptor.ClassBasedTestDescriptor.lambda$testInstancesProvider$6(ClassBasedTestDescriptor.java:278)
	at org.junit.jupiter.engine.execution.TestInstancesProvider.getTestInstances(TestInstancesProvider.java:31)
	at org.junit.jupiter.engine.descriptor.TestMethodTestDescriptor.lambda$prepare$1(TestMethodTestDescriptor.java:105)
	at org.junit.platform.engine.support.hierarchical.ThrowableCollector.execute(ThrowableCollector.java:73)
	at org.junit.jupiter.engine.descriptor.TestMethodTestDescriptor.prepare(TestMethodTestDescriptor.java:104)
	at org.junit.jupiter.engine.descriptor.TestMethodTestDescriptor.prepare(TestMethodTestDescriptor.java:68)
	at org.junit.platform.engine.support.hierarchical.NodeTestTask.lambda$prepare$2(NodeTestTask.java:128)
	at org.junit.platform.engine.support.hierarchical.ThrowableCollector.execute(ThrowableCollector.java:73)
	at org.junit.platform.engine.support.hierarchical.NodeTestTask.prepare(NodeTestTask.java:128)
	at org.junit.platform.engine.support.hierarchical.NodeTestTask.execute(NodeTestTask.java:95)
	at java.base/java.util.ArrayList.forEach(ArrayList.java:1511)
	at org.junit.platform.engine.support.hierarchical.SameThreadHierarchicalTestExecutorService.invokeAll(SameThreadHierarchicalTestExecutorService.java:41)
	at org.junit.platform.engine.support.hierarchical.NodeTestTask.lambda$executeRecursively$6(NodeTestTask.java:160)
	at org.junit.platform.engine.support.hierarchical.ThrowableCollector.execute(ThrowableCollector.java:73)
	at org.junit.platform.engine.support.hierarchical.NodeTestTask.lambda$executeRecursively$8(NodeTestTask.java:146)
	at org.junit.platform.engine.support.hierarchical.Node.around(Node.java:137)
	at org.junit.platform.engine.support.hierarchical.NodeTestTask.lambda$executeRecursively$9(NodeTestTask.java:144)
	at org.junit.platform.engine.support.hierarchical.ThrowableCollector.execute(ThrowableCollector.java:73)
	at org.junit.platform.engine.support.hierarchical.NodeTestTask.executeRecursively(NodeTestTask.java:143)
	at org.junit.platform.engine.support.hierarchical.NodeTestTask.execute(NodeTestTask.java:100)
	at java.base/java.util.ArrayList.forEach(ArrayList.java:1511)
	at org.junit.platform.engine.support.hierarchical.SameThreadHierarchicalTestExecutorService.invokeAll(SameThreadHierarchicalTestExecutorService.java:41)
	at org.junit.platform.engine.support.hierarchical.NodeTestTask.lambda$executeRecursively$6(NodeTestTask.java:160)
	at org.junit.platform.engine.support.hierarchical.ThrowableCollector.execute(ThrowableCollector.java:73)
	at org.junit.platform.engine.support.hierarchical.NodeTestTask.lambda$executeRecursively$8(NodeTestTask.java:146)
	at org.junit.platform.engine.support.hierarchical.Node.around(Node.java:137)
	at org.junit.platform.engine.support.hierarchical.NodeTestTask.lambda$executeRecursively$9(NodeTestTask.java:144)
	at org.junit.platform.engine.support.hierarchical.ThrowableCollector.execute(ThrowableCollector.java:73)
	at org.junit.platform.engine.support.hierarchical.NodeTestTask.executeRecursively(NodeTestTask.java:143)
	at org.junit.platform.engine.support.hierarchical.NodeTestTask.execute(NodeTestTask.java:100)
	at org.junit.platform.engine.support.hierarchical.SameThreadHierarchicalTestExecutorService.submit(SameThreadHierarchicalTestExecutorService.java:35)
	at org.junit.platform.engine.support.hierarchical.HierarchicalTestExecutor.execute(HierarchicalTestExecutor.java:57)
	at org.junit.platform.engine.support.hierarchical.HierarchicalTestEngine.execute(HierarchicalTestEngine.java:54)
	at org.junit.platform.launcher.core.EngineExecutionOrchestrator.execute(EngineExecutionOrchestrator.java:198)
	at org.junit.platform.launcher.core.EngineExecutionOrchestrator.execute(EngineExecutionOrchestrator.java:169)
	at org.junit.platform.launcher.core.EngineExecutionOrchestrator.execute(EngineExecutionOrchestrator.java:93)
	at org.junit.platform.launcher.core.EngineExecutionOrchestrator.lambda$execute$0(EngineExecutionOrchestrator.java:58)
	at org.junit.platform.launcher.core.EngineExecutionOrchestrator.withInterceptedStreams(EngineExecutionOrchestrator.java:141)
	at org.junit.platform.launcher.core.EngineExecutionOrchestrator.execute(EngineExecutionOrchestrator.java:57)
	at org.junit.platform.launcher.core.DefaultLauncher.execute(DefaultLauncher.java:103)
	at org.junit.platform.launcher.core.DefaultLauncher.execute(DefaultLauncher.java:85)
	at org.junit.platform.launcher.core.DelegatingLauncher.execute(DelegatingLauncher.java:47)
	at org.apache.maven.surefire.junitplatform.LazyLauncher.execute(LazyLauncher.java:56)
	at org.apache.maven.surefire.junitplatform.JUnitPlatformProvider.execute(JUnitPlatformProvider.java:194)
	at org.apache.maven.surefire.junitplatform.JUnitPlatformProvider.invokeAllTests(JUnitPlatformProvider.java:150)
	at org.apache.maven.surefire.junitplatform.JUnitPlatformProvider.invoke(JUnitPlatformProvider.java:124)
	at org.apache.maven.surefire.booter.ForkedBooter.runSuitesInProcess(ForkedBooter.java:385)
	at org.apache.maven.surefire.booter.ForkedBooter.execute(ForkedBooter.java:162)
	at org.apache.maven.surefire.booter.ForkedBooter.run(ForkedBooter.java:507)
	at org.apache.maven.surefire.booter.ForkedBooter.main(ForkedBooter.java:495)
2026-06-02 11:05:19.001 [main] WARN  o.s.test.context.TestContextManager - Caught exception while allowing TestExecutionListener [org.springframework.test.context.web.ServletTestExecutionListener] to prepare test instance [org.llin.demo.northwind.SecurityConfigTest@68cb8e52]
java.lang.IllegalStateException: ApplicationContext failure threshold (1) exceeded: skipping repeated attempt to load context for [WebMergedContextConfiguration@7772ec28 testClass = org.llin.demo.northwind.SecurityConfigTest, locations = [], classes = [org.llin.demo.northwind.Application], contextInitializerClasses = [], activeProfiles = [], propertySourceDescriptors = [], propertySourceProperties = ["org.springframework.boot.test.context.SpringBootTestContextBootstrapper=true"], contextCustomizers = [[ImportsContextCustomizer@14d513ca key = [@org.springframework.boot.context.properties.EnableConfigurationProperties({org.llin.demo.northwind.config.PropertyDefaultProperties.class}), @org.springframework.boot.test.context.SpringBootTest(args={}, classes={}, properties={}, useMainMethod=NEVER, value={}, webEnvironment=MOCK), @org.apiguardian.api.API(consumers={"*"}, since="5.0", status=STABLE), @org.springframework.context.annotation.Import(value={org.springframework.boot.context.properties.EnableConfigurationPropertiesRegistrar.class}), @org.springframework.test.context.BootstrapWith(value=org.springframework.boot.test.context.SpringBootTestContextBootstrapper.class)]], org.springframework.boot.test.context.filter.ExcludeFilterContextCustomizer@ca30bc1, org.springframework.boot.test.json.DuplicateJsonObjectContextCustomizerFactory$DuplicateJsonObjectContextCustomizer@73cd37c0, org.springframework.boot.test.mock.mockito.MockitoContextCustomizer@fe080806, org.springframework.boot.test.web.client.TestRestTemplateContextCustomizer@673be18f, org.springframework.boot.test.web.reactor.netty.DisableReactorResourceFactoryGlobalResourcesContextCustomizerFactory$DisableReactorResourceFactoryGlobalResourcesContextCustomizerCustomizer@34c01041, org.springframework.boot.test.autoconfigure.OnFailureConditionReportContextCustomizerFactory$OnFailureConditionReportContextCustomizer@36328d33, org.springframework.boot.test.autoconfigure.actuate.observability.ObservabilityContextCustomizerFactory$DisableObservabilityContextCustomizer@1f, org.springframework.boot.test.autoconfigure.properties.PropertyMappingContextCustomizer@0, org.springframework.boot.test.autoconfigure.web.servlet.WebDriverContextCustomizer@554e218, org.springframework.test.context.support.DynamicPropertiesContextCustomizer@0, org.springframework.boot.test.context.SpringBootTestAnnotation@62fe9f3e], resourceBasePath = "src/main/webapp", contextLoader = org.springframework.boot.test.context.SpringBootContextLoader, parent = null]
	at org.springframework.test.context.cache.DefaultCacheAwareContextLoaderDelegate.loadContext(DefaultCacheAwareContextLoaderDelegate.java:145)
	at org.springframework.test.context.support.DefaultTestContext.getApplicationContext(DefaultTestContext.java:130)
	at org.springframework.test.context.web.ServletTestExecutionListener.setUpRequestContextIfNecessary(ServletTestExecutionListener.java:200)
	at org.springframework.test.context.web.ServletTestExecutionListener.prepareTestInstance(ServletTestExecutionListener.java:139)
	at org.springframework.test.context.TestContextManager.prepareTestInstance(TestContextManager.java:260)
	at org.springframework.test.context.junit.jupiter.SpringExtension.postProcessTestInstance(SpringExtension.java:159)
	at org.junit.jupiter.engine.descriptor.ClassBasedTestDescriptor.lambda$invokeTestInstancePostProcessors$11(ClassBasedTestDescriptor.java:378)
	at org.junit.jupiter.engine.descriptor.ClassBasedTestDescriptor.executeAndMaskThrowable(ClassBasedTestDescriptor.java:383)
	at org.junit.jupiter.engine.descriptor.ClassBasedTestDescriptor.lambda$invokeTestInstancePostProcessors$12(ClassBasedTestDescriptor.java:378)
	at java.base/java.util.stream.ForEachOps$ForEachOp$OfRef.accept(ForEachOps.java:183)
	at java.base/java.util.stream.ReferencePipeline$3$1.accept(ReferencePipeline.java:197)
	at java.base/java.util.stream.ReferencePipeline$2$1.accept(ReferencePipeline.java:179)
	at java.base/java.util.stream.ReferencePipeline$3$1.accept(ReferencePipeline.java:197)
	at java.base/java.util.ArrayList$ArrayListSpliterator.forEachRemaining(ArrayList.java:1625)
	at java.base/java.util.stream.AbstractPipeline.copyInto(AbstractPipeline.java:509)
	at java.base/java.util.stream.AbstractPipeline.wrapAndCopyInto(AbstractPipeline.java:499)
	at java.base/java.util.stream.ForEachOps$ForEachOp.evaluateSequential(ForEachOps.java:150)
	at java.base/java.util.stream.ForEachOps$ForEachOp$OfRef.evaluateSequential(ForEachOps.java:173)
	at java.base/java.util.stream.AbstractPipeline.evaluate(AbstractPipeline.java:234)
	at java.base/java.util.stream.ReferencePipeline.forEach(ReferencePipeline.java:596)
	at org.junit.jupiter.engine.descriptor.ClassBasedTestDescriptor.invokeTestInstancePostProcessors(ClassBasedTestDescriptor.java:377)
	at org.junit.jupiter.engine.descriptor.ClassBasedTestDescriptor.lambda$instantiateAndPostProcessTestInstance$7(ClassBasedTestDescriptor.java:290)
	at org.junit.platform.engine.support.hierarchical.ThrowableCollector.execute(ThrowableCollector.java:73)
	at org.junit.jupiter.engine.descriptor.ClassBasedTestDescriptor.instantiateAndPostProcessTestInstance(ClassBasedTestDescriptor.java:289)
	at org.junit.jupiter.engine.descriptor.ClassBasedTestDescriptor.lambda$testInstancesProvider$5(ClassBasedTestDescriptor.java:279)
	at java.base/java.util.Optional.orElseGet(Optional.java:364)
	at org.junit.jupiter.engine.descriptor.ClassBasedTestDescriptor.lambda$testInstancesProvider$6(ClassBasedTestDescriptor.java:278)
	at org.junit.jupiter.engine.execution.TestInstancesProvider.getTestInstances(TestInstancesProvider.java:31)
	at org.junit.jupiter.engine.descriptor.TestMethodTestDescriptor.lambda$prepare$1(TestMethodTestDescriptor.java:105)
	at org.junit.platform.engine.support.hierarchical.ThrowableCollector.execute(ThrowableCollector.java:73)
	at org.junit.jupiter.engine.descriptor.TestMethodTestDescriptor.prepare(TestMethodTestDescriptor.java:104)
	at org.junit.jupiter.engine.descriptor.TestMethodTestDescriptor.prepare(TestMethodTestDescriptor.java:68)
	at org.junit.platform.engine.support.hierarchical.NodeTestTask.lambda$prepare$2(NodeTestTask.java:128)
	at org.junit.platform.engine.support.hierarchical.ThrowableCollector.execute(ThrowableCollector.java:73)
	at org.junit.platform.engine.support.hierarchical.NodeTestTask.prepare(NodeTestTask.java:128)
	at org.junit.platform.engine.support.hierarchical.NodeTestTask.execute(NodeTestTask.java:95)
	at java.base/java.util.ArrayList.forEach(ArrayList.java:1511)
	at org.junit.platform.engine.support.hierarchical.SameThreadHierarchicalTestExecutorService.invokeAll(SameThreadHierarchicalTestExecutorService.java:41)
	at org.junit.platform.engine.support.hierarchical.NodeTestTask.lambda$executeRecursively$6(NodeTestTask.java:160)
	at org.junit.platform.engine.support.hierarchical.ThrowableCollector.execute(ThrowableCollector.java:73)
	at org.junit.platform.engine.support.hierarchical.NodeTestTask.lambda$executeRecursively$8(NodeTestTask.java:146)
	at org.junit.platform.engine.support.hierarchical.Node.around(Node.java:137)
	at org.junit.platform.engine.support.hierarchical.NodeTestTask.lambda$executeRecursively$9(NodeTestTask.java:144)
	at org.junit.platform.engine.support.hierarchical.ThrowableCollector.execute(ThrowableCollector.java:73)
	at org.junit.platform.engine.support.hierarchical.NodeTestTask.executeRecursively(NodeTestTask.java:143)
	at org.junit.platform.engine.support.hierarchical.NodeTestTask.execute(NodeTestTask.java:100)
	at java.base/java.util.ArrayList.forEach(ArrayList.java:1511)
	at org.junit.platform.engine.support.hierarchical.SameThreadHierarchicalTestExecutorService.invokeAll(SameThreadHierarchicalTestExecutorService.java:41)
	at org.junit.platform.engine.support.hierarchical.NodeTestTask.lambda$executeRecursively$6(NodeTestTask.java:160)
	at org.junit.platform.engine.support.hierarchical.ThrowableCollector.execute(ThrowableCollector.java:73)
	at org.junit.platform.engine.support.hierarchical.NodeTestTask.lambda$executeRecursively$8(NodeTestTask.java:146)
	at org.junit.platform.engine.support.hierarchical.Node.around(Node.java:137)
	at org.junit.platform.engine.support.hierarchical.NodeTestTask.lambda$executeRecursively$9(NodeTestTask.java:144)
	at org.junit.platform.engine.support.hierarchical.ThrowableCollector.execute(ThrowableCollector.java:73)
	at org.junit.platform.engine.support.hierarchical.NodeTestTask.executeRecursively(NodeTestTask.java:143)
	at org.junit.platform.engine.support.hierarchical.NodeTestTask.execute(NodeTestTask.java:100)
	at org.junit.platform.engine.support.hierarchical.SameThreadHierarchicalTestExecutorService.submit(SameThreadHierarchicalTestExecutorService.java:35)
	at org.junit.platform.engine.support.hierarchical.HierarchicalTestExecutor.execute(HierarchicalTestExecutor.java:57)
	at org.junit.platform.engine.support.hierarchical.HierarchicalTestEngine.execute(HierarchicalTestEngine.java:54)
	at org.junit.platform.launcher.core.EngineExecutionOrchestrator.execute(EngineExecutionOrchestrator.java:198)
	at org.junit.platform.launcher.core.EngineExecutionOrchestrator.execute(EngineExecutionOrchestrator.java:169)
	at org.junit.platform.launcher.core.EngineExecutionOrchestrator.execute(EngineExecutionOrchestrator.java:93)
	at org.junit.platform.launcher.core.EngineExecutionOrchestrator.lambda$execute$0(EngineExecutionOrchestrator.java:58)
	at org.junit.platform.launcher.core.EngineExecutionOrchestrator.withInterceptedStreams(EngineExecutionOrchestrator.java:141)
	at org.junit.platform.launcher.core.EngineExecutionOrchestrator.execute(EngineExecutionOrchestrator.java:57)
	at org.junit.platform.launcher.core.DefaultLauncher.execute(DefaultLauncher.java:103)
	at org.junit.platform.launcher.core.DefaultLauncher.execute(DefaultLauncher.java:85)
	at org.junit.platform.launcher.core.DelegatingLauncher.execute(DelegatingLauncher.java:47)
	at org.apache.maven.surefire.junitplatform.LazyLauncher.execute(LazyLauncher.java:56)
	at org.apache.maven.surefire.junitplatform.JUnitPlatformProvider.execute(JUnitPlatformProvider.java:194)
	at org.apache.maven.surefire.junitplatform.JUnitPlatformProvider.invokeAllTests(JUnitPlatformProvider.java:150)
	at org.apache.maven.surefire.junitplatform.JUnitPlatformProvider.invoke(JUnitPlatformProvider.java:124)
	at org.apache.maven.surefire.booter.ForkedBooter.runSuitesInProcess(ForkedBooter.java:385)
	at org.apache.maven.surefire.booter.ForkedBooter.execute(ForkedBooter.java:162)
	at org.apache.maven.surefire.booter.ForkedBooter.run(ForkedBooter.java:507)
	at org.apache.maven.surefire.booter.ForkedBooter.main(ForkedBooter.java:495)
[ERROR] Tests run: 7, Failures: 0, Errors: 7, Skipped: 0, Time elapsed: 6.964 s <<< FAILURE! -- in org.llin.demo.northwind.SecurityConfigTest
[ERROR] org.llin.demo.northwind.SecurityConfigTest.passwordEncoderBeanExists -- Time elapsed: 0.011 s <<< ERROR!
java.lang.IllegalStateException: Failed to load ApplicationContext for [WebMergedContextConfiguration@7772ec28 testClass = org.llin.demo.northwind.SecurityConfigTest, locations = [], classes = [org.llin.demo.northwind.Application], contextInitializerClasses = [], activeProfiles = [], propertySourceDescriptors = [], propertySourceProperties = ["org.springframework.boot.test.context.SpringBootTestContextBootstrapper=true"], contextCustomizers = [[ImportsContextCustomizer@14d513ca key = [@org.springframework.boot.context.properties.EnableConfigurationProperties({org.llin.demo.northwind.config.PropertyDefaultProperties.class}), @org.springframework.boot.test.context.SpringBootTest(args={}, classes={}, properties={}, useMainMethod=NEVER, value={}, webEnvironment=MOCK), @org.apiguardian.api.API(consumers={"*"}, since="5.0", status=STABLE), @org.springframework.context.annotation.Import(value={org.springframework.boot.context.properties.EnableConfigurationPropertiesRegistrar.class}), @org.springframework.test.context.BootstrapWith(value=org.springframework.boot.test.context.SpringBootTestContextBootstrapper.class)]], org.springframework.boot.test.context.filter.ExcludeFilterContextCustomizer@ca30bc1, org.springframework.boot.test.json.DuplicateJsonObjectContextCustomizerFactory$DuplicateJsonObjectContextCustomizer@73cd37c0, org.springframework.boot.test.mock.mockito.MockitoContextCustomizer@fe080806, org.springframework.boot.test.web.client.TestRestTemplateContextCustomizer@673be18f, org.springframework.boot.test.web.reactor.netty.DisableReactorResourceFactoryGlobalResourcesContextCustomizerFactory$DisableReactorResourceFactoryGlobalResourcesContextCustomizerCustomizer@34c01041, org.springframework.boot.test.autoconfigure.OnFailureConditionReportContextCustomizerFactory$OnFailureConditionReportContextCustomizer@36328d33, org.springframework.boot.test.autoconfigure.actuate.observability.ObservabilityContextCustomizerFactory$DisableObservabilityContextCustomizer@1f, org.springframework.boot.test.autoconfigure.properties.PropertyMappingContextCustomizer@0, org.springframework.boot.test.autoconfigure.web.servlet.WebDriverContextCustomizer@554e218, org.springframework.test.context.support.DynamicPropertiesContextCustomizer@0, org.springframework.boot.test.context.SpringBootTestAnnotation@62fe9f3e], resourceBasePath = "src/main/webapp", contextLoader = org.springframework.boot.test.context.SpringBootContextLoader, parent = null]
	at org.springframework.test.context.cache.DefaultCacheAwareContextLoaderDelegate.loadContext(DefaultCacheAwareContextLoaderDelegate.java:180)
	at org.springframework.test.context.support.DefaultTestContext.getApplicationContext(DefaultTestContext.java:130)
	at org.springframework.test.context.web.ServletTestExecutionListener.setUpRequestContextIfNecessary(ServletTestExecutionListener.java:200)
	at org.springframework.test.context.web.ServletTestExecutionListener.prepareTestInstance(ServletTestExecutionListener.java:139)
	at org.springframework.test.context.TestContextManager.prepareTestInstance(TestContextManager.java:260)
	at org.springframework.test.context.junit.jupiter.SpringExtension.postProcessTestInstance(SpringExtension.java:159)
	at java.base/java.util.stream.ForEachOps$ForEachOp$OfRef.accept(ForEachOps.java:183)
	at java.base/java.util.stream.ReferencePipeline$3$1.accept(ReferencePipeline.java:197)
	at java.base/java.util.stream.ReferencePipeline$2$1.accept(ReferencePipeline.java:179)
	at java.base/java.util.stream.ReferencePipeline$3$1.accept(ReferencePipeline.java:197)
	at java.base/java.util.ArrayList$ArrayListSpliterator.forEachRemaining(ArrayList.java:1625)
	at java.base/java.util.stream.AbstractPipeline.copyInto(AbstractPipeline.java:509)
	at java.base/java.util.stream.AbstractPipeline.wrapAndCopyInto(AbstractPipeline.java:499)
	at java.base/java.util.stream.ForEachOps$ForEachOp.evaluateSequential(ForEachOps.java:150)
	at java.base/java.util.stream.ForEachOps$ForEachOp$OfRef.evaluateSequential(ForEachOps.java:173)
	at java.base/java.util.stream.AbstractPipeline.evaluate(AbstractPipeline.java:234)
	at java.base/java.util.stream.ReferencePipeline.forEach(ReferencePipeline.java:596)
	at java.base/java.util.Optional.orElseGet(Optional.java:364)
	at java.base/java.util.ArrayList.forEach(ArrayList.java:1511)
	at java.base/java.util.ArrayList.forEach(ArrayList.java:1511)
Caused by: org.springframework.beans.factory.BeanCreationException: Error creating bean with name 'org.springframework.security.config.annotation.web.configuration.WebSecurityConfiguration': Injection of autowired dependencies failed
	at org.springframework.beans.factory.annotation.AutowiredAnnotationBeanPostProcessor.postProcessProperties(AutowiredAnnotationBeanPostProcessor.java:515)
	at org.springframework.beans.factory.support.AbstractAutowireCapableBeanFactory.populateBean(AbstractAutowireCapableBeanFactory.java:1459)
	at org.springframework.beans.factory.support.AbstractAutowireCapableBeanFactory.doCreateBean(AbstractAutowireCapableBeanFactory.java:606)
	at org.springframework.beans.factory.support.AbstractAutowireCapableBeanFactory.createBean(AbstractAutowireCapableBeanFactory.java:529)
	at org.springframework.beans.factory.support.AbstractBeanFactory.lambda$doGetBean$0(AbstractBeanFactory.java:339)
	at org.springframework.beans.factory.support.DefaultSingletonBeanRegistry.getSingleton(DefaultSingletonBeanRegistry.java:373)
	at org.springframework.beans.factory.support.AbstractBeanFactory.doGetBean(AbstractBeanFactory.java:337)
	at org.springframework.beans.factory.support.AbstractBeanFactory.getBean(AbstractBeanFactory.java:202)
	at org.springframework.beans.factory.support.DefaultListableBeanFactory.instantiateSingleton(DefaultListableBeanFactory.java:1222)
	at org.springframework.beans.factory.support.DefaultListableBeanFactory.preInstantiateSingleton(DefaultListableBeanFactory.java:1188)
	at org.springframework.beans.factory.support.DefaultListableBeanFactory.preInstantiateSingletons(DefaultListableBeanFactory.java:1123)
	at org.springframework.context.support.AbstractApplicationContext.finishBeanFactoryInitialization(AbstractApplicationContext.java:987)
	at org.springframework.context.support.AbstractApplicationContext.refresh(AbstractApplicationContext.java:627)
	at org.springframework.boot.SpringApplication.refresh(SpringApplication.java:753)
	at org.springframework.boot.SpringApplication.refreshContext(SpringApplication.java:439)
	at org.springframework.boot.SpringApplication.run(SpringApplication.java:318)
	at org.springframework.boot.test.context.SpringBootContextLoader.lambda$loadContext$3(SpringBootContextLoader.java:144)
	at org.springframework.util.function.ThrowingSupplier.get(ThrowingSupplier.java:58)
	at org.springframework.util.function.ThrowingSupplier.get(ThrowingSupplier.java:46)
	at org.springframework.boot.SpringApplication.withHook(SpringApplication.java:1462)
	at org.springframework.boot.test.context.SpringBootContextLoader$ContextLoaderHook.run(SpringBootContextLoader.java:563)
	at org.springframework.boot.test.context.SpringBootContextLoader.loadContext(SpringBootContextLoader.java:144)
	at org.springframework.boot.test.context.SpringBootContextLoader.loadContext(SpringBootContextLoader.java:110)
	at org.springframework.test.context.cache.DefaultCacheAwareContextLoaderDelegate.loadContextInternal(DefaultCacheAwareContextLoaderDelegate.java:225)
	at org.springframework.test.context.cache.DefaultCacheAwareContextLoaderDelegate.loadContext(DefaultCacheAwareContextLoaderDelegate.java:152)
	... 19 more
Caused by: java.lang.RuntimeException: Could not postProcess org.springframework.security.config.annotation.web.builders.WebSecurity@1aee6983 of type class org.springframework.security.config.annotation.web.builders.WebSecurity
	at org.springframework.security.config.annotation.configuration.AutowireBeanFactoryObjectPostProcessor.postProcess(AutowireBeanFactoryObjectPostProcessor.java:71)
	at org.springframework.security.config.annotation.web.configuration.WebSecurityConfiguration.setFilterChainProxySecurityConfigurer(WebSecurityConfiguration.java:145)
	at java.base/java.lang.reflect.Method.invoke(Method.java:568)
	at org.springframework.beans.factory.annotation.AutowiredAnnotationBeanPostProcessor$AutowiredMethodElement.inject(AutowiredAnnotationBeanPostProcessor.java:854)
	at org.springframework.beans.factory.annotation.InjectionMetadata.inject(InjectionMetadata.java:146)
	at org.springframework.beans.factory.annotation.AutowiredAnnotationBeanPostProcessor.postProcessProperties(AutowiredAnnotationBeanPostProcessor.java:509)
	... 43 more
Caused by: org.springframework.beans.factory.BeanCreationException: Error creating bean with name 'mvcHandlerMappingIntrospectorRequestTransformer': Cannot resolve reference to bean 'mvcHandlerMappingIntrospector' while setting constructor argument
	at org.springframework.beans.factory.support.BeanDefinitionValueResolver.resolveReference(BeanDefinitionValueResolver.java:377)
	at org.springframework.beans.factory.support.BeanDefinitionValueResolver.resolveValueIfNecessary(BeanDefinitionValueResolver.java:135)
	at org.springframework.beans.factory.support.ConstructorResolver.resolveConstructorArguments(ConstructorResolver.java:691)
	at org.springframework.beans.factory.support.ConstructorResolver.autowireConstructor(ConstructorResolver.java:206)
	at org.springframework.beans.factory.support.AbstractAutowireCapableBeanFactory.autowireConstructor(AbstractAutowireCapableBeanFactory.java:1395)
	at org.springframework.beans.factory.support.AbstractAutowireCapableBeanFactory.createBeanInstance(AbstractAutowireCapableBeanFactory.java:1232)
	at org.springframework.beans.factory.support.AbstractAutowireCapableBeanFactory.doCreateBean(AbstractAutowireCapableBeanFactory.java:569)
	at org.springframework.beans.factory.support.AbstractAutowireCapableBeanFactory.createBean(AbstractAutowireCapableBeanFactory.java:529)
	at org.springframework.beans.factory.support.AbstractBeanFactory.lambda$doGetBean$0(AbstractBeanFactory.java:339)
	at org.springframework.beans.factory.support.DefaultSingletonBeanRegistry.getSingleton(DefaultSingletonBeanRegistry.java:373)
	at org.springframework.beans.factory.support.AbstractBeanFactory.doGetBean(AbstractBeanFactory.java:337)
	at org.springframework.beans.factory.support.AbstractBeanFactory.getBean(AbstractBeanFactory.java:227)
	at org.springframework.beans.factory.support.DefaultListableBeanFactory.resolveNamedBean(DefaultListableBeanFactory.java:1598)
	at org.springframework.beans.factory.support.DefaultListableBeanFactory.resolveNamedBean(DefaultListableBeanFactory.java:1556)
	at org.springframework.beans.factory.support.DefaultListableBeanFactory.resolveBean(DefaultListableBeanFactory.java:563)
	at org.springframework.beans.factory.support.DefaultListableBeanFactory$1.getIfUnique(DefaultListableBeanFactory.java:489)
	at org.springframework.security.config.annotation.web.builders.WebSecurity.setApplicationContext(WebSecurity.java:428)
	at org.springframework.context.support.ApplicationContextAwareProcessor.invokeAwareInterfaces(ApplicationContextAwareProcessor.java:110)
	at org.springframework.context.support.ApplicationContextAwareProcessor.postProcessBeforeInitialization(ApplicationContextAwareProcessor.java:85)
	at org.springframework.beans.factory.support.AbstractAutowireCapableBeanFactory.applyBeanPostProcessorsBeforeInitialization(AbstractAutowireCapableBeanFactory.java:429)
	at org.springframework.beans.factory.support.AbstractAutowireCapableBeanFactory.initializeBean(AbstractAutowireCapableBeanFactory.java:1818)
	at org.springframework.beans.factory.support.AbstractAutowireCapableBeanFactory.initializeBean(AbstractAutowireCapableBeanFactory.java:419)
	at org.springframework.security.config.annotation.configuration.AutowireBeanFactoryObjectPostProcessor.initializeBeanIfNeeded(AutowireBeanFactoryObjectPostProcessor.java:98)
	at org.springframework.security.config.annotation.configuration.AutowireBeanFactoryObjectPostProcessor.postProcess(AutowireBeanFactoryObjectPostProcessor.java:67)
	... 48 more
Caused by: org.springframework.beans.factory.BeanCreationException: Error creating bean with name 'mvcHandlerMappingIntrospector' defined in class path resource [org/springframework/web/servlet/config/annotation/DelegatingWebMvcConfiguration.class]: Error creating bean with name 'healthEndpointWebMvcHandlerMapping' defined in class path resource [org/springframework/boot/actuate/autoconfigure/health/HealthEndpointWebExtensionConfiguration$MvcAdditionalHealthEndpointPathsConfiguration.class]: Failed to instantiate [org.springframework.boot.actuate.endpoint.web.servlet.AdditionalHealthEndpointPathsWebMvcHandlerMapping]: Factory method 'healthEndpointWebMvcHandlerMapping' threw exception with message: Error creating bean with name 'healthEndpoint' defined in class path resource [org/springframework/boot/actuate/autoconfigure/health/HealthEndpointConfiguration.class]: Unsatisfied dependency expressed through method 'healthEndpoint' parameter 0: Error creating bean with name 'healthContributorRegistry' defined in class path resource [org/springframework/boot/actuate/autoconfigure/health/HealthEndpointConfiguration.class]: Unsatisfied dependency expressed through method 'healthContributorRegistry' parameter 2: Error creating bean with name 'mailHealthContributor' defined in class path resource [org/springframework/boot/actuate/autoconfigure/mail/MailHealthContributorAutoConfiguration.class]: Failed to instantiate [org.springframework.boot.actuate.health.HealthContributor]: Factory method 'mailHealthContributor' threw exception with message: Beans must not be empty
	at org.springframework.beans.factory.support.AbstractAutowireCapableBeanFactory.initializeBean(AbstractAutowireCapableBeanFactory.java:1826)
	at org.springframework.beans.factory.support.AbstractAutowireCapableBeanFactory.doCreateBean(AbstractAutowireCapableBeanFactory.java:607)
	at org.springframework.beans.factory.support.AbstractAutowireCapableBeanFactory.createBean(AbstractAutowireCapableBeanFactory.java:529)
	at org.springframework.beans.factory.support.AbstractBeanFactory.lambda$doGetBean$0(AbstractBeanFactory.java:339)
	at org.springframework.beans.factory.support.DefaultSingletonBeanRegistry.getSingleton(DefaultSingletonBeanRegistry.java:373)
	at org.springframework.beans.factory.support.AbstractBeanFactory.doGetBean(AbstractBeanFactory.java:337)
	at org.springframework.beans.factory.support.AbstractBeanFactory.getBean(AbstractBeanFactory.java:202)
	at org.springframework.beans.factory.support.BeanDefinitionValueResolver.resolveReference(BeanDefinitionValueResolver.java:365)
	... 71 more
Caused by: org.springframework.beans.factory.BeanCreationException: Error creating bean with name 'healthEndpointWebMvcHandlerMapping' defined in class path resource [org/springframework/boot/actuate/autoconfigure/health/HealthEndpointWebExtensionConfiguration$MvcAdditionalHealthEndpointPathsConfiguration.class]: Failed to instantiate [org.springframework.boot.actuate.endpoint.web.servlet.AdditionalHealthEndpointPathsWebMvcHandlerMapping]: Factory method 'healthEndpointWebMvcHandlerMapping' threw exception with message: Error creating bean with name 'healthEndpoint' defined in class path resource [org/springframework/boot/actuate/autoconfigure/health/HealthEndpointConfiguration.class]: Unsatisfied dependency expressed through method 'healthEndpoint' parameter 0: Error creating bean with name 'healthContributorRegistry' defined in class path resource [org/springframework/boot/actuate/autoconfigure/health/HealthEndpointConfiguration.class]: Unsatisfied dependency expressed through method 'healthContributorRegistry' parameter 2: Error creating bean with name 'mailHealthContributor' defined in class path resource [org/springframework/boot/actuate/autoconfigure/mail/MailHealthContributorAutoConfiguration.class]: Failed to instantiate [org.springframework.boot.actuate.health.HealthContributor]: Factory method 'mailHealthContributor' threw exception with message: Beans must not be empty
	at org.springframework.beans.factory.support.ConstructorResolver.instantiate(ConstructorResolver.java:657)
	at org.springframework.beans.factory.support.ConstructorResolver.instantiateUsingFactoryMethod(ConstructorResolver.java:645)
	at org.springframework.beans.factory.support.AbstractAutowireCapableBeanFactory.instantiateUsingFactoryMethod(AbstractAutowireCapableBeanFactory.java:1375)
	at org.springframework.beans.factory.support.AbstractAutowireCapableBeanFactory.createBeanInstance(AbstractAutowireCapableBeanFactory.java:1205)
	at org.springframework.beans.factory.support.AbstractAutowireCapableBeanFactory.doCreateBean(AbstractAutowireCapableBeanFactory.java:569)
	at org.springframework.beans.factory.support.AbstractAutowireCapableBeanFactory.createBean(AbstractAutowireCapableBeanFactory.java:529)
	at org.springframework.beans.factory.support.AbstractBeanFactory.lambda$doGetBean$0(AbstractBeanFactory.java:339)
	at org.springframework.beans.factory.support.DefaultSingletonBeanRegistry.getSingleton(DefaultSingletonBeanRegistry.java:373)
	at org.springframework.beans.factory.support.AbstractBeanFactory.doGetBean(AbstractBeanFactory.java:337)
	at org.springframework.beans.factory.support.AbstractBeanFactory.getBean(AbstractBeanFactory.java:202)
	at org.springframework.beans.factory.support.DefaultListableBeanFactory.getBeansOfType(DefaultListableBeanFactory.java:747)
	at org.springframework.context.support.AbstractApplicationContext.getBeansOfType(AbstractApplicationContext.java:1426)
	at org.springframework.beans.factory.BeanFactoryUtils.beansOfTypeIncludingAncestors(BeanFactoryUtils.java:372)
	at org.springframework.web.servlet.handler.HandlerMappingIntrospector.initHandlerMappings(HandlerMappingIntrospector.java:135)
	at org.springframework.web.servlet.handler.HandlerMappingIntrospector.afterPropertiesSet(HandlerMappingIntrospector.java:123)
	at org.springframework.beans.factory.support.AbstractAutowireCapableBeanFactory.invokeInitMethods(AbstractAutowireCapableBeanFactory.java:1873)
	at org.springframework.beans.factory.support.AbstractAutowireCapableBeanFactory.initializeBean(AbstractAutowireCapableBeanFactory.java:1822)
	... 78 more
Caused by: org.springframework.beans.BeanInstantiationException: Failed to instantiate [org.springframework.boot.actuate.endpoint.web.servlet.AdditionalHealthEndpointPathsWebMvcHandlerMapping]: Factory method 'healthEndpointWebMvcHandlerMapping' threw exception with message: Error creating bean with name 'healthEndpoint' defined in class path resource [org/springframework/boot/actuate/autoconfigure/health/HealthEndpointConfiguration.class]: Unsatisfied dependency expressed through method 'healthEndpoint' parameter 0: Error creating bean with name 'healthContributorRegistry' defined in class path resource [org/springframework/boot/actuate/autoconfigure/health/HealthEndpointConfiguration.class]: Unsatisfied dependency expressed through method 'healthContributorRegistry' parameter 2: Error creating bean with name 'mailHealthContributor' defined in class path resource [org/springframework/boot/actuate/autoconfigure/mail/MailHealthContributorAutoConfiguration.class]: Failed to instantiate [org.springframework.boot.actuate.health.HealthContributor]: Factory method 'mailHealthContributor' threw exception with message: Beans must not be empty
	at org.springframework.beans.factory.support.SimpleInstantiationStrategy.lambda$instantiate$0(SimpleInstantiationStrategy.java:199)
	at org.springframework.beans.factory.support.SimpleInstantiationStrategy.instantiateWithFactoryMethod(SimpleInstantiationStrategy.java:88)
	at org.springframework.beans.factory.support.SimpleInstantiationStrategy.instantiate(SimpleInstantiationStrategy.java:168)
	at org.springframework.beans.factory.support.ConstructorResolver.instantiate(ConstructorResolver.java:653)
	... 94 more
Caused by: org.springframework.beans.factory.UnsatisfiedDependencyException: Error creating bean with name 'healthEndpoint' defined in class path resource [org/springframework/boot/actuate/autoconfigure/health/HealthEndpointConfiguration.class]: Unsatisfied dependency expressed through method 'healthEndpoint' parameter 0: Error creating bean with name 'healthContributorRegistry' defined in class path resource [org/springframework/boot/actuate/autoconfigure/health/HealthEndpointConfiguration.class]: Unsatisfied dependency expressed through method 'healthContributorRegistry' parameter 2: Error creating bean with name 'mailHealthContributor' defined in class path resource [org/springframework/boot/actuate/autoconfigure/mail/MailHealthContributorAutoConfiguration.class]: Failed to instantiate [org.springframework.boot.actuate.health.HealthContributor]: Factory method 'mailHealthContributor' threw exception with message: Beans must not be empty
	at org.springframework.beans.factory.support.ConstructorResolver.createArgumentArray(ConstructorResolver.java:804)
	at org.springframework.beans.factory.support.ConstructorResolver.instantiateUsingFactoryMethod(ConstructorResolver.java:546)
	at org.springframework.beans.factory.support.AbstractAutowireCapableBeanFactory.instantiateUsingFactoryMethod(AbstractAutowireCapableBeanFactory.java:1375)
	at org.springframework.beans.factory.support.AbstractAutowireCapableBeanFactory.createBeanInstance(AbstractAutowireCapableBeanFactory.java:1205)
	at org.springframework.beans.factory.support.AbstractAutowireCapableBeanFactory.doCreateBean(AbstractAutowireCapableBeanFactory.java:569)
	at org.springframework.beans.factory.support.AbstractAutowireCapableBeanFactory.createBean(AbstractAutowireCapableBeanFactory.java:529)
	at org.springframework.beans.factory.support.AbstractBeanFactory.lambda$doGetBean$0(AbstractBeanFactory.java:339)
	at org.springframework.beans.factory.support.DefaultSingletonBeanRegistry.getSingleton(DefaultSingletonBeanRegistry.java:373)
	at org.springframework.beans.factory.support.AbstractBeanFactory.doGetBean(AbstractBeanFactory.java:337)
	at org.springframework.beans.factory.support.AbstractBeanFactory.getBean(AbstractBeanFactory.java:202)
	at org.springframework.context.support.AbstractApplicationContext.getBean(AbstractApplicationContext.java:1272)
	at org.springframework.boot.actuate.endpoint.annotation.EndpointDiscoverer.lambda$createEndpointBean$1(EndpointDiscoverer.java:174)
	at org.springframework.boot.actuate.endpoint.annotation.EndpointDiscoverer$EndpointBean.getBean(EndpointDiscoverer.java:530)
	at org.springframework.boot.actuate.endpoint.annotation.EndpointDiscoverer.lambda$getFilterEndpoint$8(EndpointDiscoverer.java:375)
	at java.base/java.util.concurrent.ConcurrentHashMap.computeIfAbsent(ConcurrentHashMap.java:1708)
	at org.springframework.boot.actuate.endpoint.annotation.EndpointDiscoverer.getFilterEndpoint(EndpointDiscoverer.java:375)
	at org.springframework.boot.actuate.endpoint.annotation.EndpointDiscoverer.isFilterMatch(EndpointDiscoverer.java:335)
	at org.springframework.boot.actuate.endpoint.annotation.EndpointDiscoverer.isExtensionExposed(EndpointDiscoverer.java:289)
	at org.springframework.boot.actuate.endpoint.annotation.EndpointDiscoverer.addExtensionBean(EndpointDiscoverer.java:199)
	at org.springframework.boot.actuate.endpoint.annotation.EndpointDiscoverer.addExtensionBeans(EndpointDiscoverer.java:188)
	at org.springframework.boot.actuate.endpoint.annotation.EndpointDiscoverer.discoverEndpoints(EndpointDiscoverer.java:153)
	at org.springframework.boot.actuate.endpoint.annotation.EndpointDiscoverer.getEndpoints(EndpointDiscoverer.java:146)
	at org.springframework.boot.actuate.autoconfigure.health.HealthEndpointWebExtensionConfiguration.getHealthEndpoint(HealthEndpointWebExtensionConfiguration.java:79)
	at org.springframework.boot.actuate.autoconfigure.health.HealthEndpointWebExtensionConfiguration$MvcAdditionalHealthEndpointPathsConfiguration.healthEndpointWebMvcHandlerMapping(HealthEndpointWebExtensionConfiguration.java:92)
	at java.base/java.lang.reflect.Method.invoke(Method.java:568)
	at org.springframework.beans.factory.support.SimpleInstantiationStrategy.lambda$instantiate$0(SimpleInstantiationStrategy.java:171)
	... 97 more
Caused by: org.springframework.beans.factory.UnsatisfiedDependencyException: Error creating bean with name 'healthContributorRegistry' defined in class path resource [org/springframework/boot/actuate/autoconfigure/health/HealthEndpointConfiguration.class]: Unsatisfied dependency expressed through method 'healthContributorRegistry' parameter 2: Error creating bean with name 'mailHealthContributor' defined in class path resource [org/springframework/boot/actuate/autoconfigure/mail/MailHealthContributorAutoConfiguration.class]: Failed to instantiate [org.springframework.boot.actuate.health.HealthContributor]: Factory method 'mailHealthContributor' threw exception with message: Beans must not be empty
	at org.springframework.beans.factory.support.ConstructorResolver.createArgumentArray(ConstructorResolver.java:804)
	at org.springframework.beans.factory.support.ConstructorResolver.instantiateUsingFactoryMethod(ConstructorResolver.java:546)
	at org.springframework.beans.factory.support.AbstractAutowireCapableBeanFactory.instantiateUsingFactoryMethod(AbstractAutowireCapableBeanFactory.java:1375)
	at org.springframework.beans.factory.support.AbstractAutowireCapableBeanFactory.createBeanInstance(AbstractAutowireCapableBeanFactory.java:1205)
	at org.springframework.beans.factory.support.AbstractAutowireCapableBeanFactory.doCreateBean(AbstractAutowireCapableBeanFactory.java:569)
	at org.springframework.beans.factory.support.AbstractAutowireCapableBeanFactory.createBean(AbstractAutowireCapableBeanFactory.java:529)
	at org.springframework.beans.factory.support.AbstractBeanFactory.lambda$doGetBean$0(AbstractBeanFactory.java:339)
	at org.springframework.beans.factory.support.DefaultSingletonBeanRegistry.getSingleton(DefaultSingletonBeanRegistry.java:373)
	at org.springframework.beans.factory.support.AbstractBeanFactory.doGetBean(AbstractBeanFactory.java:337)
	at org.springframework.beans.factory.support.AbstractBeanFactory.getBean(AbstractBeanFactory.java:202)
	at org.springframework.beans.factory.config.DependencyDescriptor.resolveCandidate(DependencyDescriptor.java:254)
	at org.springframework.beans.factory.support.DefaultListableBeanFactory.doResolveDependency(DefaultListableBeanFactory.java:1740)
	at org.springframework.beans.factory.support.DefaultListableBeanFactory.resolveDependency(DefaultListableBeanFactory.java:1628)
	at org.springframework.beans.factory.support.ConstructorResolver.resolveAutowiredArgument(ConstructorResolver.java:913)
	at org.springframework.beans.factory.support.ConstructorResolver.createArgumentArray(ConstructorResolver.java:791)
	... 122 more
Caused by: org.springframework.beans.factory.BeanCreationException: Error creating bean with name 'mailHealthContributor' defined in class path resource [org/springframework/boot/actuate/autoconfigure/mail/MailHealthContributorAutoConfiguration.class]: Failed to instantiate [org.springframework.boot.actuate.health.HealthContributor]: Factory method 'mailHealthContributor' threw exception with message: Beans must not be empty
	at org.springframework.beans.factory.support.ConstructorResolver.instantiate(ConstructorResolver.java:657)
	at org.springframework.beans.factory.support.ConstructorResolver.instantiateUsingFactoryMethod(ConstructorResolver.java:645)
	at org.springframework.beans.factory.support.AbstractAutowireCapableBeanFactory.instantiateUsingFactoryMethod(AbstractAutowireCapableBeanFactory.java:1375)
	at org.springframework.beans.factory.support.AbstractAutowireCapableBeanFactory.createBeanInstance(AbstractAutowireCapableBeanFactory.java:1205)
	at org.springframework.beans.factory.support.AbstractAutowireCapableBeanFactory.doCreateBean(AbstractAutowireCapableBeanFactory.java:569)
	at org.springframework.beans.factory.support.AbstractAutowireCapableBeanFactory.createBean(AbstractAutowireCapableBeanFactory.java:529)
	at org.springframework.beans.factory.support.AbstractBeanFactory.lambda$doGetBean$0(AbstractBeanFactory.java:339)
	at org.springframework.beans.factory.support.DefaultSingletonBeanRegistry.getSingleton(DefaultSingletonBeanRegistry.java:373)
	at org.springframework.beans.factory.support.AbstractBeanFactory.doGetBean(AbstractBeanFactory.java:337)
	at org.springframework.beans.factory.support.AbstractBeanFactory.getBean(AbstractBeanFactory.java:202)
	at org.springframework.beans.factory.config.DependencyDescriptor.resolveCandidate(DependencyDescriptor.java:254)
	at org.springframework.beans.factory.support.DefaultListableBeanFactory.addCandidateEntry(DefaultListableBeanFactory.java:1992)
	at org.springframework.beans.factory.support.DefaultListableBeanFactory.findAutowireCandidates(DefaultListableBeanFactory.java:1956)
	at org.springframework.beans.factory.support.DefaultListableBeanFactory.resolveMultipleBeanMap(DefaultListableBeanFactory.java:1878)
	at org.springframework.beans.factory.support.DefaultListableBeanFactory.resolveMultipleBeans(DefaultListableBeanFactory.java:1817)
	at org.springframework.beans.factory.support.DefaultListableBeanFactory.doResolveDependency(DefaultListableBeanFactory.java:1689)
	at org.springframework.beans.factory.support.DefaultListableBeanFactory.resolveDependency(DefaultListableBeanFactory.java:1628)
	at org.springframework.beans.factory.support.ConstructorResolver.resolveAutowiredArgument(ConstructorResolver.java:913)
	at org.springframework.beans.factory.support.ConstructorResolver.createArgumentArray(ConstructorResolver.java:791)
	... 136 more
Caused by: org.springframework.beans.BeanInstantiationException: Failed to instantiate [org.springframework.boot.actuate.health.HealthContributor]: Factory method 'mailHealthContributor' threw exception with message: Beans must not be empty
	at org.springframework.beans.factory.support.SimpleInstantiationStrategy.lambda$instantiate$0(SimpleInstantiationStrategy.java:199)
	at org.springframework.beans.factory.support.SimpleInstantiationStrategy.instantiateWithFactoryMethod(SimpleInstantiationStrategy.java:88)
	at org.springframework.beans.factory.support.SimpleInstantiationStrategy.instantiate(SimpleInstantiationStrategy.java:168)
	at org.springframework.beans.factory.support.ConstructorResolver.instantiate(ConstructorResolver.java:653)
	... 154 more
Caused by: java.lang.IllegalArgumentException: Beans must not be empty
	at org.springframework.util.Assert.notEmpty(Assert.java:474)
	at org.springframework.boot.actuate.autoconfigure.health.AbstractCompositeHealthContributorConfiguration.createContributor(AbstractCompositeHealthContributorConfiguration.java:64)
	at org.springframework.boot.actuate.autoconfigure.health.AbstractCompositeHealthContributorConfiguration.createContributor(AbstractCompositeHealthContributorConfiguration.java:60)
	at org.springframework.boot.actuate.autoconfigure.mail.MailHealthContributorAutoConfiguration.mailHealthContributor(MailHealthContributorAutoConfiguration.java:53)
	at java.base/java.lang.reflect.Method.invoke(Method.java:568)
	at org.springframework.beans.factory.support.SimpleInstantiationStrategy.lambda$instantiate$0(SimpleInstantiationStrategy.java:171)
	... 157 more

[ERROR] org.llin.demo.northwind.SecurityConfigTest.authenticationManagerBeanExists -- Time elapsed: 0 s <<< ERROR!
java.lang.IllegalStateException: ApplicationContext failure threshold (1) exceeded: skipping repeated attempt to load context for [WebMergedContextConfiguration@7772ec28 testClass = org.llin.demo.northwind.SecurityConfigTest, locations = [], classes = [org.llin.demo.northwind.Application], contextInitializerClasses = [], activeProfiles = [], propertySourceDescriptors = [], propertySourceProperties = ["org.springframework.boot.test.context.SpringBootTestContextBootstrapper=true"], contextCustomizers = [[ImportsContextCustomizer@14d513ca key = [@org.springframework.boot.context.properties.EnableConfigurationProperties({org.llin.demo.northwind.config.PropertyDefaultProperties.class}), @org.springframework.boot.test.context.SpringBootTest(args={}, classes={}, properties={}, useMainMethod=NEVER, value={}, webEnvironment=MOCK), @org.apiguardian.api.API(consumers={"*"}, since="5.0", status=STABLE), @org.springframework.context.annotation.Import(value={org.springframework.boot.context.properties.EnableConfigurationPropertiesRegistrar.class}), @org.springframework.test.context.BootstrapWith(value=org.springframework.boot.test.context.SpringBootTestContextBootstrapper.class)]], org.springframework.boot.test.context.filter.ExcludeFilterContextCustomizer@ca30bc1, org.springframework.boot.test.json.DuplicateJsonObjectContextCustomizerFactory$DuplicateJsonObjectContextCustomizer@73cd37c0, org.springframework.boot.test.mock.mockito.MockitoContextCustomizer@fe080806, org.springframework.boot.test.web.client.TestRestTemplateContextCustomizer@673be18f, org.springframework.boot.test.web.reactor.netty.DisableReactorResourceFactoryGlobalResourcesContextCustomizerFactory$DisableReactorResourceFactoryGlobalResourcesContextCustomizerCustomizer@34c01041, org.springframework.boot.test.autoconfigure.OnFailureConditionReportContextCustomizerFactory$OnFailureConditionReportContextCustomizer@36328d33, org.springframework.boot.test.autoconfigure.actuate.observability.ObservabilityContextCustomizerFactory$DisableObservabilityContextCustomizer@1f, org.springframework.boot.test.autoconfigure.properties.PropertyMappingContextCustomizer@0, org.springframework.boot.test.autoconfigure.web.servlet.WebDriverContextCustomizer@554e218, org.springframework.test.context.support.DynamicPropertiesContextCustomizer@0, org.springframework.boot.test.context.SpringBootTestAnnotation@62fe9f3e], resourceBasePath = "src/main/webapp", contextLoader = org.springframework.boot.test.context.SpringBootContextLoader, parent = null]
	at org.springframework.test.context.cache.DefaultCacheAwareContextLoaderDelegate.loadContext(DefaultCacheAwareContextLoaderDelegate.java:145)
	at org.springframework.test.context.support.DefaultTestContext.getApplicationContext(DefaultTestContext.java:130)
	at org.springframework.test.context.web.ServletTestExecutionListener.setUpRequestContextIfNecessary(ServletTestExecutionListener.java:200)
	at org.springframework.test.context.web.ServletTestExecutionListener.prepareTestInstance(ServletTestExecutionListener.java:139)
	at org.springframework.test.context.TestContextManager.prepareTestInstance(TestContextManager.java:260)
	at org.springframework.test.context.junit.jupiter.SpringExtension.postProcessTestInstance(SpringExtension.java:159)
	at java.base/java.util.stream.ForEachOps$ForEachOp$OfRef.accept(ForEachOps.java:183)
	at java.base/java.util.stream.ReferencePipeline$3$1.accept(ReferencePipeline.java:197)
	at java.base/java.util.stream.ReferencePipeline$2$1.accept(ReferencePipeline.java:179)
	at java.base/java.util.stream.ReferencePipeline$3$1.accept(ReferencePipeline.java:197)
	at java.base/java.util.ArrayList$ArrayListSpliterator.forEachRemaining(ArrayList.java:1625)
	at java.base/java.util.stream.AbstractPipeline.copyInto(AbstractPipeline.java:509)
	at java.base/java.util.stream.AbstractPipeline.wrapAndCopyInto(AbstractPipeline.java:499)
	at java.base/java.util.stream.ForEachOps$ForEachOp.evaluateSequential(ForEachOps.java:150)
	at java.base/java.util.stream.ForEachOps$ForEachOp$OfRef.evaluateSequential(ForEachOps.java:173)
	at java.base/java.util.stream.AbstractPipeline.evaluate(AbstractPipeline.java:234)
	at java.base/java.util.stream.ReferencePipeline.forEach(ReferencePipeline.java:596)
	at java.base/java.util.Optional.orElseGet(Optional.java:364)
	at java.base/java.util.ArrayList.forEach(ArrayList.java:1511)
	at java.base/java.util.ArrayList.forEach(ArrayList.java:1511)

[ERROR] org.llin.demo.northwind.SecurityConfigTest.authenticationProviderHasExpectedDependencies -- Time elapsed: 0.001 s <<< ERROR!
java.lang.IllegalStateException: ApplicationContext failure threshold (1) exceeded: skipping repeated attempt to load context for [WebMergedContextConfiguration@7772ec28 testClass = org.llin.demo.northwind.SecurityConfigTest, locations = [], classes = [org.llin.demo.northwind.Application], contextInitializerClasses = [], activeProfiles = [], propertySourceDescriptors = [], propertySourceProperties = ["org.springframework.boot.test.context.SpringBootTestContextBootstrapper=true"], contextCustomizers = [[ImportsContextCustomizer@14d513ca key = [@org.springframework.boot.context.properties.EnableConfigurationProperties({org.llin.demo.northwind.config.PropertyDefaultProperties.class}), @org.springframework.boot.test.context.SpringBootTest(args={}, classes={}, properties={}, useMainMethod=NEVER, value={}, webEnvironment=MOCK), @org.apiguardian.api.API(consumers={"*"}, since="5.0", status=STABLE), @org.springframework.context.annotation.Import(value={org.springframework.boot.context.properties.EnableConfigurationPropertiesRegistrar.class}), @org.springframework.test.context.BootstrapWith(value=org.springframework.boot.test.context.SpringBootTestContextBootstrapper.class)]], org.springframework.boot.test.context.filter.ExcludeFilterContextCustomizer@ca30bc1, org.springframework.boot.test.json.DuplicateJsonObjectContextCustomizerFactory$DuplicateJsonObjectContextCustomizer@73cd37c0, org.springframework.boot.test.mock.mockito.MockitoContextCustomizer@fe080806, org.springframework.boot.test.web.client.TestRestTemplateContextCustomizer@673be18f, org.springframework.boot.test.web.reactor.netty.DisableReactorResourceFactoryGlobalResourcesContextCustomizerFactory$DisableReactorResourceFactoryGlobalResourcesContextCustomizerCustomizer@34c01041, org.springframework.boot.test.autoconfigure.OnFailureConditionReportContextCustomizerFactory$OnFailureConditionReportContextCustomizer@36328d33, org.springframework.boot.test.autoconfigure.actuate.observability.ObservabilityContextCustomizerFactory$DisableObservabilityContextCustomizer@1f, org.springframework.boot.test.autoconfigure.properties.PropertyMappingContextCustomizer@0, org.springframework.boot.test.autoconfigure.web.servlet.WebDriverContextCustomizer@554e218, org.springframework.test.context.support.DynamicPropertiesContextCustomizer@0, org.springframework.boot.test.context.SpringBootTestAnnotation@62fe9f3e], resourceBasePath = "src/main/webapp", contextLoader = org.springframework.boot.test.context.SpringBootContextLoader, parent = null]
	at org.springframework.test.context.cache.DefaultCacheAwareContextLoaderDelegate.loadContext(DefaultCacheAwareContextLoaderDelegate.java:145)
	at org.springframework.test.context.support.DefaultTestContext.getApplicationContext(DefaultTestContext.java:130)
	at org.springframework.test.context.web.ServletTestExecutionListener.setUpRequestContextIfNecessary(ServletTestExecutionListener.java:200)
	at org.springframework.test.context.web.ServletTestExecutionListener.prepareTestInstance(ServletTestExecutionListener.java:139)
	at org.springframework.test.context.TestContextManager.prepareTestInstance(TestContextManager.java:260)
	at org.springframework.test.context.junit.jupiter.SpringExtension.postProcessTestInstance(SpringExtension.java:159)
	at java.base/java.util.stream.ForEachOps$ForEachOp$OfRef.accept(ForEachOps.java:183)
	at java.base/java.util.stream.ReferencePipeline$3$1.accept(ReferencePipeline.java:197)
	at java.base/java.util.stream.ReferencePipeline$2$1.accept(ReferencePipeline.java:179)
	at java.base/java.util.stream.ReferencePipeline$3$1.accept(ReferencePipeline.java:197)
	at java.base/java.util.ArrayList$ArrayListSpliterator.forEachRemaining(ArrayList.java:1625)
	at java.base/java.util.stream.AbstractPipeline.copyInto(AbstractPipeline.java:509)
	at java.base/java.util.stream.AbstractPipeline.wrapAndCopyInto(AbstractPipeline.java:499)
	at java.base/java.util.stream.ForEachOps$ForEachOp.evaluateSequential(ForEachOps.java:150)
	at java.base/java.util.stream.ForEachOps$ForEachOp$OfRef.evaluateSequential(ForEachOps.java:173)
	at java.base/java.util.stream.AbstractPipeline.evaluate(AbstractPipeline.java:234)
	at java.base/java.util.stream.ReferencePipeline.forEach(ReferencePipeline.java:596)
	at java.base/java.util.Optional.orElseGet(Optional.java:364)
	at java.base/java.util.ArrayList.forEach(ArrayList.java:1511)
	at java.base/java.util.ArrayList.forEach(ArrayList.java:1511)

[ERROR] org.llin.demo.northwind.SecurityConfigTest.authenticationProviderSupportsUsernamePasswordToken -- Time elapsed: 0.001 s <<< ERROR!
java.lang.IllegalStateException: ApplicationContext failure threshold (1) exceeded: skipping repeated attempt to load context for [WebMergedContextConfiguration@7772ec28 testClass = org.llin.demo.northwind.SecurityConfigTest, locations = [], classes = [org.llin.demo.northwind.Application], contextInitializerClasses = [], activeProfiles = [], propertySourceDescriptors = [], propertySourceProperties = ["org.springframework.boot.test.context.SpringBootTestContextBootstrapper=true"], contextCustomizers = [[ImportsContextCustomizer@14d513ca key = [@org.springframework.boot.context.properties.EnableConfigurationProperties({org.llin.demo.northwind.config.PropertyDefaultProperties.class}), @org.springframework.boot.test.context.SpringBootTest(args={}, classes={}, properties={}, useMainMethod=NEVER, value={}, webEnvironment=MOCK), @org.apiguardian.api.API(consumers={"*"}, since="5.0", status=STABLE), @org.springframework.context.annotation.Import(value={org.springframework.boot.context.properties.EnableConfigurationPropertiesRegistrar.class}), @org.springframework.test.context.BootstrapWith(value=org.springframework.boot.test.context.SpringBootTestContextBootstrapper.class)]], org.springframework.boot.test.context.filter.ExcludeFilterContextCustomizer@ca30bc1, org.springframework.boot.test.json.DuplicateJsonObjectContextCustomizerFactory$DuplicateJsonObjectContextCustomizer@73cd37c0, org.springframework.boot.test.mock.mockito.MockitoContextCustomizer@fe080806, org.springframework.boot.test.web.client.TestRestTemplateContextCustomizer@673be18f, org.springframework.boot.test.web.reactor.netty.DisableReactorResourceFactoryGlobalResourcesContextCustomizerFactory$DisableReactorResourceFactoryGlobalResourcesContextCustomizerCustomizer@34c01041, org.springframework.boot.test.autoconfigure.OnFailureConditionReportContextCustomizerFactory$OnFailureConditionReportContextCustomizer@36328d33, org.springframework.boot.test.autoconfigure.actuate.observability.ObservabilityContextCustomizerFactory$DisableObservabilityContextCustomizer@1f, org.springframework.boot.test.autoconfigure.properties.PropertyMappingContextCustomizer@0, org.springframework.boot.test.autoconfigure.web.servlet.WebDriverContextCustomizer@554e218, org.springframework.test.context.support.DynamicPropertiesContextCustomizer@0, org.springframework.boot.test.context.SpringBootTestAnnotation@62fe9f3e], resourceBasePath = "src/main/webapp", contextLoader = org.springframework.boot.test.context.SpringBootContextLoader, parent = null]
	at org.springframework.test.context.cache.DefaultCacheAwareContextLoaderDelegate.loadContext(DefaultCacheAwareContextLoaderDelegate.java:145)
	at org.springframework.test.context.support.DefaultTestContext.getApplicationContext(DefaultTestContext.java:130)
	at org.springframework.test.context.web.ServletTestExecutionListener.setUpRequestContextIfNecessary(ServletTestExecutionListener.java:200)
	at org.springframework.test.context.web.ServletTestExecutionListener.prepareTestInstance(ServletTestExecutionListener.java:139)
	at org.springframework.test.context.TestContextManager.prepareTestInstance(TestContextManager.java:260)
	at org.springframework.test.context.junit.jupiter.SpringExtension.postProcessTestInstance(SpringExtension.java:159)
	at java.base/java.util.stream.ForEachOps$ForEachOp$OfRef.accept(ForEachOps.java:183)
	at java.base/java.util.stream.ReferencePipeline$3$1.accept(ReferencePipeline.java:197)
	at java.base/java.util.stream.ReferencePipeline$2$1.accept(ReferencePipeline.java:179)
	at java.base/java.util.stream.ReferencePipeline$3$1.accept(ReferencePipeline.java:197)
	at java.base/java.util.ArrayList$ArrayListSpliterator.forEachRemaining(ArrayList.java:1625)
	at java.base/java.util.stream.AbstractPipeline.copyInto(AbstractPipeline.java:509)
	at java.base/java.util.stream.AbstractPipeline.wrapAndCopyInto(AbstractPipeline.java:499)
	at java.base/java.util.stream.ForEachOps$ForEachOp.evaluateSequential(ForEachOps.java:150)
	at java.base/java.util.stream.ForEachOps$ForEachOp$OfRef.evaluateSequential(ForEachOps.java:173)
	at java.base/java.util.stream.AbstractPipeline.evaluate(AbstractPipeline.java:234)
	at java.base/java.util.stream.ReferencePipeline.forEach(ReferencePipeline.java:596)
	at java.base/java.util.Optional.orElseGet(Optional.java:364)
	at java.base/java.util.ArrayList.forEach(ArrayList.java:1511)
	at java.base/java.util.ArrayList.forEach(ArrayList.java:1511)

[ERROR] org.llin.demo.northwind.SecurityConfigTest.providerCanAuthenticateWithDummyCredentials -- Time elapsed: 0.001 s <<< ERROR!
java.lang.IllegalStateException: ApplicationContext failure threshold (1) exceeded: skipping repeated attempt to load context for [WebMergedContextConfiguration@7772ec28 testClass = org.llin.demo.northwind.SecurityConfigTest, locations = [], classes = [org.llin.demo.northwind.Application], contextInitializerClasses = [], activeProfiles = [], propertySourceDescriptors = [], propertySourceProperties = ["org.springframework.boot.test.context.SpringBootTestContextBootstrapper=true"], contextCustomizers = [[ImportsContextCustomizer@14d513ca key = [@org.springframework.boot.context.properties.EnableConfigurationProperties({org.llin.demo.northwind.config.PropertyDefaultProperties.class}), @org.springframework.boot.test.context.SpringBootTest(args={}, classes={}, properties={}, useMainMethod=NEVER, value={}, webEnvironment=MOCK), @org.apiguardian.api.API(consumers={"*"}, since="5.0", status=STABLE), @org.springframework.context.annotation.Import(value={org.springframework.boot.context.properties.EnableConfigurationPropertiesRegistrar.class}), @org.springframework.test.context.BootstrapWith(value=org.springframework.boot.test.context.SpringBootTestContextBootstrapper.class)]], org.springframework.boot.test.context.filter.ExcludeFilterContextCustomizer@ca30bc1, org.springframework.boot.test.json.DuplicateJsonObjectContextCustomizerFactory$DuplicateJsonObjectContextCustomizer@73cd37c0, org.springframework.boot.test.mock.mockito.MockitoContextCustomizer@fe080806, org.springframework.boot.test.web.client.TestRestTemplateContextCustomizer@673be18f, org.springframework.boot.test.web.reactor.netty.DisableReactorResourceFactoryGlobalResourcesContextCustomizerFactory$DisableReactorResourceFactoryGlobalResourcesContextCustomizerCustomizer@34c01041, org.springframework.boot.test.autoconfigure.OnFailureConditionReportContextCustomizerFactory$OnFailureConditionReportContextCustomizer@36328d33, org.springframework.boot.test.autoconfigure.actuate.observability.ObservabilityContextCustomizerFactory$DisableObservabilityContextCustomizer@1f, org.springframework.boot.test.autoconfigure.properties.PropertyMappingContextCustomizer@0, org.springframework.boot.test.autoconfigure.web.servlet.WebDriverContextCustomizer@554e218, org.springframework.test.context.support.DynamicPropertiesContextCustomizer@0, org.springframework.boot.test.context.SpringBootTestAnnotation@62fe9f3e], resourceBasePath = "src/main/webapp", contextLoader = org.springframework.boot.test.context.SpringBootContextLoader, parent = null]
	at org.springframework.test.context.cache.DefaultCacheAwareContextLoaderDelegate.loadContext(DefaultCacheAwareContextLoaderDelegate.java:145)
	at org.springframework.test.context.support.DefaultTestContext.getApplicationContext(DefaultTestContext.java:130)
	at org.springframework.test.context.web.ServletTestExecutionListener.setUpRequestContextIfNecessary(ServletTestExecutionListener.java:200)
	at org.springframework.test.context.web.ServletTestExecutionListener.prepareTestInstance(ServletTestExecutionListener.java:139)
	at org.springframework.test.context.TestContextManager.prepareTestInstance(TestContextManager.java:260)
	at org.springframework.test.context.junit.jupiter.SpringExtension.postProcessTestInstance(SpringExtension.java:159)
	at java.base/java.util.stream.ForEachOps$ForEachOp$OfRef.accept(ForEachOps.java:183)
	at java.base/java.util.stream.ReferencePipeline$3$1.accept(ReferencePipeline.java:197)
	at java.base/java.util.stream.ReferencePipeline$2$1.accept(ReferencePipeline.java:179)
	at java.base/java.util.stream.ReferencePipeline$3$1.accept(ReferencePipeline.java:197)
	at java.base/java.util.ArrayList$ArrayListSpliterator.forEachRemaining(ArrayList.java:1625)
	at java.base/java.util.stream.AbstractPipeline.copyInto(AbstractPipeline.java:509)
	at java.base/java.util.stream.AbstractPipeline.wrapAndCopyInto(AbstractPipeline.java:499)
	at java.base/java.util.stream.ForEachOps$ForEachOp.evaluateSequential(ForEachOps.java:150)
	at java.base/java.util.stream.ForEachOps$ForEachOp$OfRef.evaluateSequential(ForEachOps.java:173)
	at java.base/java.util.stream.AbstractPipeline.evaluate(AbstractPipeline.java:234)
	at java.base/java.util.stream.ReferencePipeline.forEach(ReferencePipeline.java:596)
	at java.base/java.util.Optional.orElseGet(Optional.java:364)
	at java.base/java.util.ArrayList.forEach(ArrayList.java:1511)
	at java.base/java.util.ArrayList.forEach(ArrayList.java:1511)

[ERROR] org.llin.demo.northwind.SecurityConfigTest.userDetailsServiceBeanExists -- Time elapsed: 0 s <<< ERROR!
java.lang.IllegalStateException: ApplicationContext failure threshold (1) exceeded: skipping repeated attempt to load context for [WebMergedContextConfiguration@7772ec28 testClass = org.llin.demo.northwind.SecurityConfigTest, locations = [], classes = [org.llin.demo.northwind.Application], contextInitializerClasses = [], activeProfiles = [], propertySourceDescriptors = [], propertySourceProperties = ["org.springframework.boot.test.context.SpringBootTestContextBootstrapper=true"], contextCustomizers = [[ImportsContextCustomizer@14d513ca key = [@org.springframework.boot.context.properties.EnableConfigurationProperties({org.llin.demo.northwind.config.PropertyDefaultProperties.class}), @org.springframework.boot.test.context.SpringBootTest(args={}, classes={}, properties={}, useMainMethod=NEVER, value={}, webEnvironment=MOCK), @org.apiguardian.api.API(consumers={"*"}, since="5.0", status=STABLE), @org.springframework.context.annotation.Import(value={org.springframework.boot.context.properties.EnableConfigurationPropertiesRegistrar.class}), @org.springframework.test.context.BootstrapWith(value=org.springframework.boot.test.context.SpringBootTestContextBootstrapper.class)]], org.springframework.boot.test.context.filter.ExcludeFilterContextCustomizer@ca30bc1, org.springframework.boot.test.json.DuplicateJsonObjectContextCustomizerFactory$DuplicateJsonObjectContextCustomizer@73cd37c0, org.springframework.boot.test.mock.mockito.MockitoContextCustomizer@fe080806, org.springframework.boot.test.web.client.TestRestTemplateContextCustomizer@673be18f, org.springframework.boot.test.web.reactor.netty.DisableReactorResourceFactoryGlobalResourcesContextCustomizerFactory$DisableReactorResourceFactoryGlobalResourcesContextCustomizerCustomizer@34c01041, org.springframework.boot.test.autoconfigure.OnFailureConditionReportContextCustomizerFactory$OnFailureConditionReportContextCustomizer@36328d33, org.springframework.boot.test.autoconfigure.actuate.observability.ObservabilityContextCustomizerFactory$DisableObservabilityContextCustomizer@1f, org.springframework.boot.test.autoconfigure.properties.PropertyMappingContextCustomizer@0, org.springframework.boot.test.autoconfigure.web.servlet.WebDriverContextCustomizer@554e218, org.springframework.test.context.support.DynamicPropertiesContextCustomizer@0, org.springframework.boot.test.context.SpringBootTestAnnotation@62fe9f3e], resourceBasePath = "src/main/webapp", contextLoader = org.springframework.boot.test.context.SpringBootContextLoader, parent = null]
	at org.springframework.test.context.cache.DefaultCacheAwareContextLoaderDelegate.loadContext(DefaultCacheAwareContextLoaderDelegate.java:145)
	at org.springframework.test.context.support.DefaultTestContext.getApplicationContext(DefaultTestContext.java:130)
	at org.springframework.test.context.web.ServletTestExecutionListener.setUpRequestContextIfNecessary(ServletTestExecutionListener.java:200)
	at org.springframework.test.context.web.ServletTestExecutionListener.prepareTestInstance(ServletTestExecutionListener.java:139)
	at org.springframework.test.context.TestContextManager.prepareTestInstance(TestContextManager.java:260)
	at org.springframework.test.context.junit.jupiter.SpringExtension.postProcessTestInstance(SpringExtension.java:159)
	at java.base/java.util.stream.ForEachOps$ForEachOp$OfRef.accept(ForEachOps.java:183)
	at java.base/java.util.stream.ReferencePipeline$3$1.accept(ReferencePipeline.java:197)
	at java.base/java.util.stream.ReferencePipeline$2$1.accept(ReferencePipeline.java:179)
	at java.base/java.util.stream.ReferencePipeline$3$1.accept(ReferencePipeline.java:197)
	at java.base/java.util.ArrayList$ArrayListSpliterator.forEachRemaining(ArrayList.java:1625)
	at java.base/java.util.stream.AbstractPipeline.copyInto(AbstractPipeline.java:509)
	at java.base/java.util.stream.AbstractPipeline.wrapAndCopyInto(AbstractPipeline.java:499)
	at java.base/java.util.stream.ForEachOps$ForEachOp.evaluateSequential(ForEachOps.java:150)
	at java.base/java.util.stream.ForEachOps$ForEachOp$OfRef.evaluateSequential(ForEachOps.java:173)
	at java.base/java.util.stream.AbstractPipeline.evaluate(AbstractPipeline.java:234)
	at java.base/java.util.stream.ReferencePipeline.forEach(ReferencePipeline.java:596)
	at java.base/java.util.Optional.orElseGet(Optional.java:364)
	at java.base/java.util.ArrayList.forEach(ArrayList.java:1511)
	at java.base/java.util.ArrayList.forEach(ArrayList.java:1511)

[ERROR] org.llin.demo.northwind.SecurityConfigTest.securityFilterChainBeanExists -- Time elapsed: 0.001 s <<< ERROR!
java.lang.IllegalStateException: ApplicationContext failure threshold (1) exceeded: skipping repeated attempt to load context for [WebMergedContextConfiguration@7772ec28 testClass = org.llin.demo.northwind.SecurityConfigTest, locations = [], classes = [org.llin.demo.northwind.Application], contextInitializerClasses = [], activeProfiles = [], propertySourceDescriptors = [], propertySourceProperties = ["org.springframework.boot.test.context.SpringBootTestContextBootstrapper=true"], contextCustomizers = [[ImportsContextCustomizer@14d513ca key = [@org.springframework.boot.context.properties.EnableConfigurationProperties({org.llin.demo.northwind.config.PropertyDefaultProperties.class}), @org.springframework.boot.test.context.SpringBootTest(args={}, classes={}, properties={}, useMainMethod=NEVER, value={}, webEnvironment=MOCK), @org.apiguardian.api.API(consumers={"*"}, since="5.0", status=STABLE), @org.springframework.context.annotation.Import(value={org.springframework.boot.context.properties.EnableConfigurationPropertiesRegistrar.class}), @org.springframework.test.context.BootstrapWith(value=org.springframework.boot.test.context.SpringBootTestContextBootstrapper.class)]], org.springframework.boot.test.context.filter.ExcludeFilterContextCustomizer@ca30bc1, org.springframework.boot.test.json.DuplicateJsonObjectContextCustomizerFactory$DuplicateJsonObjectContextCustomizer@73cd37c0, org.springframework.boot.test.mock.mockito.MockitoContextCustomizer@fe080806, org.springframework.boot.test.web.client.TestRestTemplateContextCustomizer@673be18f, org.springframework.boot.test.web.reactor.netty.DisableReactorResourceFactoryGlobalResourcesContextCustomizerFactory$DisableReactorResourceFactoryGlobalResourcesContextCustomizerCustomizer@34c01041, org.springframework.boot.test.autoconfigure.OnFailureConditionReportContextCustomizerFactory$OnFailureConditionReportContextCustomizer@36328d33, org.springframework.boot.test.autoconfigure.actuate.observability.ObservabilityContextCustomizerFactory$DisableObservabilityContextCustomizer@1f, org.springframework.boot.test.autoconfigure.properties.PropertyMappingContextCustomizer@0, org.springframework.boot.test.autoconfigure.web.servlet.WebDriverContextCustomizer@554e218, org.springframework.test.context.support.DynamicPropertiesContextCustomizer@0, org.springframework.boot.test.context.SpringBootTestAnnotation@62fe9f3e], resourceBasePath = "src/main/webapp", contextLoader = org.springframework.boot.test.context.SpringBootContextLoader, parent = null]
	at org.springframework.test.context.cache.DefaultCacheAwareContextLoaderDelegate.loadContext(DefaultCacheAwareContextLoaderDelegate.java:145)
	at org.springframework.test.context.support.DefaultTestContext.getApplicationContext(DefaultTestContext.java:130)
	at org.springframework.test.context.web.ServletTestExecutionListener.setUpRequestContextIfNecessary(ServletTestExecutionListener.java:200)
	at org.springframework.test.context.web.ServletTestExecutionListener.prepareTestInstance(ServletTestExecutionListener.java:139)
	at org.springframework.test.context.TestContextManager.prepareTestInstance(TestContextManager.java:260)
	at org.springframework.test.context.junit.jupiter.SpringExtension.postProcessTestInstance(SpringExtension.java:159)
	at java.base/java.util.stream.ForEachOps$ForEachOp$OfRef.accept(ForEachOps.java:183)
	at java.base/java.util.stream.ReferencePipeline$3$1.accept(ReferencePipeline.java:197)
	at java.base/java.util.stream.ReferencePipeline$2$1.accept(ReferencePipeline.java:179)
	at java.base/java.util.stream.ReferencePipeline$3$1.accept(ReferencePipeline.java:197)
	at java.base/java.util.ArrayList$ArrayListSpliterator.forEachRemaining(ArrayList.java:1625)
	at java.base/java.util.stream.AbstractPipeline.copyInto(AbstractPipeline.java:509)
	at java.base/java.util.stream.AbstractPipeline.wrapAndCopyInto(AbstractPipeline.java:499)
	at java.base/java.util.stream.ForEachOps$ForEachOp.evaluateSequential(ForEachOps.java:150)
	at java.base/java.util.stream.ForEachOps$ForEachOp$OfRef.evaluateSequential(ForEachOps.java:173)
	at java.base/java.util.stream.AbstractPipeline.evaluate(AbstractPipeline.java:234)
	at java.base/java.util.stream.ReferencePipeline.forEach(ReferencePipeline.java:596)
	at java.base/java.util.Optional.orElseGet(Optional.java:364)
	at java.base/java.util.ArrayList.forEach(ArrayList.java:1511)
	at java.base/java.util.ArrayList.forEach(ArrayList.java:1511)

[INFO] Running org.llin.demo.northwind.TestDefaultProperties
2026-06-02 11:05:19.027 [main] INFO  o.s.t.c.s.AnnotationConfigContextLoaderUtils - Could not detect default configuration classes for test class [org.llin.demo.northwind.TestDefaultProperties]: TestDefaultProperties does not declare any static, non-private, non-final, nested classes annotated with @Configuration.
2026-06-02 11:05:19.031 [main] INFO  o.s.b.t.c.SpringBootTestContextBootstrapper - Found @SpringBootConfiguration org.llin.demo.northwind.Application for test class org.llin.demo.northwind.TestDefaultProperties
2026-06-02 11:05:19.034 [main] WARN  o.s.test.context.TestContextManager - Caught exception while allowing TestExecutionListener [org.springframework.test.context.web.ServletTestExecutionListener] to prepare test instance [org.llin.demo.northwind.TestDefaultProperties@c3ca482]
java.lang.IllegalStateException: ApplicationContext failure threshold (1) exceeded: skipping repeated attempt to load context for [WebMergedContextConfiguration@6cb417fc testClass = org.llin.demo.northwind.TestDefaultProperties, locations = [], classes = [org.llin.demo.northwind.Application], contextInitializerClasses = [], activeProfiles = [], propertySourceDescriptors = [], propertySourceProperties = ["org.springframework.boot.test.context.SpringBootTestContextBootstrapper=true"], contextCustomizers = [[ImportsContextCustomizer@239bc43f key = [@org.springframework.boot.context.properties.EnableConfigurationProperties({org.llin.demo.northwind.config.PropertyDefaultProperties.class}), @org.springframework.boot.test.context.SpringBootTest(args={}, classes={}, properties={}, useMainMethod=NEVER, value={}, webEnvironment=MOCK), @org.apiguardian.api.API(consumers={"*"}, since="5.0", status=STABLE), @org.springframework.context.annotation.Import(value={org.springframework.boot.context.properties.EnableConfigurationPropertiesRegistrar.class}), @org.springframework.test.context.BootstrapWith(value=org.springframework.boot.test.context.SpringBootTestContextBootstrapper.class)]], org.springframework.boot.test.context.filter.ExcludeFilterContextCustomizer@ca30bc1, org.springframework.boot.test.json.DuplicateJsonObjectContextCustomizerFactory$DuplicateJsonObjectContextCustomizer@73cd37c0, org.springframework.boot.test.mock.mockito.MockitoContextCustomizer@fe080806, org.springframework.boot.test.web.client.TestRestTemplateContextCustomizer@673be18f, org.springframework.boot.test.web.reactor.netty.DisableReactorResourceFactoryGlobalResourcesContextCustomizerFactory$DisableReactorResourceFactoryGlobalResourcesContextCustomizerCustomizer@34c01041, org.springframework.boot.test.autoconfigure.OnFailureConditionReportContextCustomizerFactory$OnFailureConditionReportContextCustomizer@36328d33, org.springframework.boot.test.autoconfigure.actuate.observability.ObservabilityContextCustomizerFactory$DisableObservabilityContextCustomizer@1f, org.springframework.boot.test.autoconfigure.properties.PropertyMappingContextCustomizer@0, org.springframework.boot.test.autoconfigure.web.servlet.WebDriverContextCustomizer@554e218, org.springframework.test.context.support.DynamicPropertiesContextCustomizer@0, org.springframework.boot.test.context.SpringBootTestAnnotation@62fe9f3e], resourceBasePath = "src/main/webapp", contextLoader = org.springframework.boot.test.context.SpringBootContextLoader, parent = null]
	at org.springframework.test.context.cache.DefaultCacheAwareContextLoaderDelegate.loadContext(DefaultCacheAwareContextLoaderDelegate.java:145)
	at org.springframework.test.context.support.DefaultTestContext.getApplicationContext(DefaultTestContext.java:130)
	at org.springframework.test.context.web.ServletTestExecutionListener.setUpRequestContextIfNecessary(ServletTestExecutionListener.java:200)
	at org.springframework.test.context.web.ServletTestExecutionListener.prepareTestInstance(ServletTestExecutionListener.java:139)
	at org.springframework.test.context.TestContextManager.prepareTestInstance(TestContextManager.java:260)
	at org.springframework.test.context.junit.jupiter.SpringExtension.postProcessTestInstance(SpringExtension.java:159)
	at org.junit.jupiter.engine.descriptor.ClassBasedTestDescriptor.lambda$invokeTestInstancePostProcessors$11(ClassBasedTestDescriptor.java:378)
	at org.junit.jupiter.engine.descriptor.ClassBasedTestDescriptor.executeAndMaskThrowable(ClassBasedTestDescriptor.java:383)
	at org.junit.jupiter.engine.descriptor.ClassBasedTestDescriptor.lambda$invokeTestInstancePostProcessors$12(ClassBasedTestDescriptor.java:378)
	at java.base/java.util.stream.ForEachOps$ForEachOp$OfRef.accept(ForEachOps.java:183)
	at java.base/java.util.stream.ReferencePipeline$3$1.accept(ReferencePipeline.java:197)
	at java.base/java.util.stream.ReferencePipeline$2$1.accept(ReferencePipeline.java:179)
	at java.base/java.util.stream.ReferencePipeline$3$1.accept(ReferencePipeline.java:197)
	at java.base/java.util.ArrayList$ArrayListSpliterator.forEachRemaining(ArrayList.java:1625)
	at java.base/java.util.stream.AbstractPipeline.copyInto(AbstractPipeline.java:509)
	at java.base/java.util.stream.AbstractPipeline.wrapAndCopyInto(AbstractPipeline.java:499)
	at java.base/java.util.stream.ForEachOps$ForEachOp.evaluateSequential(ForEachOps.java:150)
	at java.base/java.util.stream.ForEachOps$ForEachOp$OfRef.evaluateSequential(ForEachOps.java:173)
	at java.base/java.util.stream.AbstractPipeline.evaluate(AbstractPipeline.java:234)
	at java.base/java.util.stream.ReferencePipeline.forEach(ReferencePipeline.java:596)
	at org.junit.jupiter.engine.descriptor.ClassBasedTestDescriptor.invokeTestInstancePostProcessors(ClassBasedTestDescriptor.java:377)
	at org.junit.jupiter.engine.descriptor.ClassBasedTestDescriptor.lambda$instantiateAndPostProcessTestInstance$7(ClassBasedTestDescriptor.java:290)
	at org.junit.platform.engine.support.hierarchical.ThrowableCollector.execute(ThrowableCollector.java:73)
	at org.junit.jupiter.engine.descriptor.ClassBasedTestDescriptor.instantiateAndPostProcessTestInstance(ClassBasedTestDescriptor.java:289)
	at org.junit.jupiter.engine.descriptor.ClassBasedTestDescriptor.lambda$testInstancesProvider$5(ClassBasedTestDescriptor.java:279)
	at java.base/java.util.Optional.orElseGet(Optional.java:364)
	at org.junit.jupiter.engine.descriptor.ClassBasedTestDescriptor.lambda$testInstancesProvider$6(ClassBasedTestDescriptor.java:278)
	at org.junit.jupiter.engine.execution.TestInstancesProvider.getTestInstances(TestInstancesProvider.java:31)
	at org.junit.jupiter.engine.descriptor.TestMethodTestDescriptor.lambda$prepare$1(TestMethodTestDescriptor.java:105)
	at org.junit.platform.engine.support.hierarchical.ThrowableCollector.execute(ThrowableCollector.java:73)
	at org.junit.jupiter.engine.descriptor.TestMethodTestDescriptor.prepare(TestMethodTestDescriptor.java:104)
	at org.junit.jupiter.engine.descriptor.TestMethodTestDescriptor.prepare(TestMethodTestDescriptor.java:68)
	at org.junit.platform.engine.support.hierarchical.NodeTestTask.lambda$prepare$2(NodeTestTask.java:128)
	at org.junit.platform.engine.support.hierarchical.ThrowableCollector.execute(ThrowableCollector.java:73)
	at org.junit.platform.engine.support.hierarchical.NodeTestTask.prepare(NodeTestTask.java:128)
	at org.junit.platform.engine.support.hierarchical.NodeTestTask.execute(NodeTestTask.java:95)
	at java.base/java.util.ArrayList.forEach(ArrayList.java:1511)
	at org.junit.platform.engine.support.hierarchical.SameThreadHierarchicalTestExecutorService.invokeAll(SameThreadHierarchicalTestExecutorService.java:41)
	at org.junit.platform.engine.support.hierarchical.NodeTestTask.lambda$executeRecursively$6(NodeTestTask.java:160)
	at org.junit.platform.engine.support.hierarchical.ThrowableCollector.execute(ThrowableCollector.java:73)
	at org.junit.platform.engine.support.hierarchical.NodeTestTask.lambda$executeRecursively$8(NodeTestTask.java:146)
	at org.junit.platform.engine.support.hierarchical.Node.around(Node.java:137)
	at org.junit.platform.engine.support.hierarchical.NodeTestTask.lambda$executeRecursively$9(NodeTestTask.java:144)
	at org.junit.platform.engine.support.hierarchical.ThrowableCollector.execute(ThrowableCollector.java:73)
	at org.junit.platform.engine.support.hierarchical.NodeTestTask.executeRecursively(NodeTestTask.java:143)
	at org.junit.platform.engine.support.hierarchical.NodeTestTask.execute(NodeTestTask.java:100)
	at java.base/java.util.ArrayList.forEach(ArrayList.java:1511)
	at org.junit.platform.engine.support.hierarchical.SameThreadHierarchicalTestExecutorService.invokeAll(SameThreadHierarchicalTestExecutorService.java:41)
	at org.junit.platform.engine.support.hierarchical.NodeTestTask.lambda$executeRecursively$6(NodeTestTask.java:160)
	at org.junit.platform.engine.support.hierarchical.ThrowableCollector.execute(ThrowableCollector.java:73)
	at org.junit.platform.engine.support.hierarchical.NodeTestTask.lambda$executeRecursively$8(NodeTestTask.java:146)
	at org.junit.platform.engine.support.hierarchical.Node.around(Node.java:137)
	at org.junit.platform.engine.support.hierarchical.NodeTestTask.lambda$executeRecursively$9(NodeTestTask.java:144)
	at org.junit.platform.engine.support.hierarchical.ThrowableCollector.execute(ThrowableCollector.java:73)
	at org.junit.platform.engine.support.hierarchical.NodeTestTask.executeRecursively(NodeTestTask.java:143)
	at org.junit.platform.engine.support.hierarchical.NodeTestTask.execute(NodeTestTask.java:100)
	at org.junit.platform.engine.support.hierarchical.SameThreadHierarchicalTestExecutorService.submit(SameThreadHierarchicalTestExecutorService.java:35)
	at org.junit.platform.engine.support.hierarchical.HierarchicalTestExecutor.execute(HierarchicalTestExecutor.java:57)
	at org.junit.platform.engine.support.hierarchical.HierarchicalTestEngine.execute(HierarchicalTestEngine.java:54)
	at org.junit.platform.launcher.core.EngineExecutionOrchestrator.execute(EngineExecutionOrchestrator.java:198)
	at org.junit.platform.launcher.core.EngineExecutionOrchestrator.execute(EngineExecutionOrchestrator.java:169)
	at org.junit.platform.launcher.core.EngineExecutionOrchestrator.execute(EngineExecutionOrchestrator.java:93)
	at org.junit.platform.launcher.core.EngineExecutionOrchestrator.lambda$execute$0(EngineExecutionOrchestrator.java:58)
	at org.junit.platform.launcher.core.EngineExecutionOrchestrator.withInterceptedStreams(EngineExecutionOrchestrator.java:141)
	at org.junit.platform.launcher.core.EngineExecutionOrchestrator.execute(EngineExecutionOrchestrator.java:57)
	at org.junit.platform.launcher.core.DefaultLauncher.execute(DefaultLauncher.java:103)
	at org.junit.platform.launcher.core.DefaultLauncher.execute(DefaultLauncher.java:85)
	at org.junit.platform.launcher.core.DelegatingLauncher.execute(DelegatingLauncher.java:47)
	at org.apache.maven.surefire.junitplatform.LazyLauncher.execute(LazyLauncher.java:56)
	at org.apache.maven.surefire.junitplatform.JUnitPlatformProvider.execute(JUnitPlatformProvider.java:194)
	at org.apache.maven.surefire.junitplatform.JUnitPlatformProvider.invokeAllTests(JUnitPlatformProvider.java:150)
	at org.apache.maven.surefire.junitplatform.JUnitPlatformProvider.invoke(JUnitPlatformProvider.java:124)
	at org.apache.maven.surefire.booter.ForkedBooter.runSuitesInProcess(ForkedBooter.java:385)
	at org.apache.maven.surefire.booter.ForkedBooter.execute(ForkedBooter.java:162)
	at org.apache.maven.surefire.booter.ForkedBooter.run(ForkedBooter.java:507)
	at org.apache.maven.surefire.booter.ForkedBooter.main(ForkedBooter.java:495)
[ERROR] Tests run: 1, Failures: 0, Errors: 1, Skipped: 0, Time elapsed: 0.013 s <<< FAILURE! -- in org.llin.demo.northwind.TestDefaultProperties
[ERROR] org.llin.demo.northwind.TestDefaultProperties.testDefaultPropertyValues -- Time elapsed: 0 s <<< ERROR!
java.lang.IllegalStateException: ApplicationContext failure threshold (1) exceeded: skipping repeated attempt to load context for [WebMergedContextConfiguration@6cb417fc testClass = org.llin.demo.northwind.TestDefaultProperties, locations = [], classes = [org.llin.demo.northwind.Application], contextInitializerClasses = [], activeProfiles = [], propertySourceDescriptors = [], propertySourceProperties = ["org.springframework.boot.test.context.SpringBootTestContextBootstrapper=true"], contextCustomizers = [[ImportsContextCustomizer@239bc43f key = [@org.springframework.boot.context.properties.EnableConfigurationProperties({org.llin.demo.northwind.config.PropertyDefaultProperties.class}), @org.springframework.boot.test.context.SpringBootTest(args={}, classes={}, properties={}, useMainMethod=NEVER, value={}, webEnvironment=MOCK), @org.apiguardian.api.API(consumers={"*"}, since="5.0", status=STABLE), @org.springframework.context.annotation.Import(value={org.springframework.boot.context.properties.EnableConfigurationPropertiesRegistrar.class}), @org.springframework.test.context.BootstrapWith(value=org.springframework.boot.test.context.SpringBootTestContextBootstrapper.class)]], org.springframework.boot.test.context.filter.ExcludeFilterContextCustomizer@ca30bc1, org.springframework.boot.test.json.DuplicateJsonObjectContextCustomizerFactory$DuplicateJsonObjectContextCustomizer@73cd37c0, org.springframework.boot.test.mock.mockito.MockitoContextCustomizer@fe080806, org.springframework.boot.test.web.client.TestRestTemplateContextCustomizer@673be18f, org.springframework.boot.test.web.reactor.netty.DisableReactorResourceFactoryGlobalResourcesContextCustomizerFactory$DisableReactorResourceFactoryGlobalResourcesContextCustomizerCustomizer@34c01041, org.springframework.boot.test.autoconfigure.OnFailureConditionReportContextCustomizerFactory$OnFailureConditionReportContextCustomizer@36328d33, org.springframework.boot.test.autoconfigure.actuate.observability.ObservabilityContextCustomizerFactory$DisableObservabilityContextCustomizer@1f, org.springframework.boot.test.autoconfigure.properties.PropertyMappingContextCustomizer@0, org.springframework.boot.test.autoconfigure.web.servlet.WebDriverContextCustomizer@554e218, org.springframework.test.context.support.DynamicPropertiesContextCustomizer@0, org.springframework.boot.test.context.SpringBootTestAnnotation@62fe9f3e], resourceBasePath = "src/main/webapp", contextLoader = org.springframework.boot.test.context.SpringBootContextLoader, parent = null]
	at org.springframework.test.context.cache.DefaultCacheAwareContextLoaderDelegate.loadContext(DefaultCacheAwareContextLoaderDelegate.java:145)
	at org.springframework.test.context.support.DefaultTestContext.getApplicationContext(DefaultTestContext.java:130)
	at org.springframework.test.context.web.ServletTestExecutionListener.setUpRequestContextIfNecessary(ServletTestExecutionListener.java:200)
	at org.springframework.test.context.web.ServletTestExecutionListener.prepareTestInstance(ServletTestExecutionListener.java:139)
	at org.springframework.test.context.TestContextManager.prepareTestInstance(TestContextManager.java:260)
	at org.springframework.test.context.junit.jupiter.SpringExtension.postProcessTestInstance(SpringExtension.java:159)
	at java.base/java.util.stream.ForEachOps$ForEachOp$OfRef.accept(ForEachOps.java:183)
	at java.base/java.util.stream.ReferencePipeline$3$1.accept(ReferencePipeline.java:197)
	at java.base/java.util.stream.ReferencePipeline$2$1.accept(ReferencePipeline.java:179)
	at java.base/java.util.stream.ReferencePipeline$3$1.accept(ReferencePipeline.java:197)
	at java.base/java.util.ArrayList$ArrayListSpliterator.forEachRemaining(ArrayList.java:1625)
	at java.base/java.util.stream.AbstractPipeline.copyInto(AbstractPipeline.java:509)
	at java.base/java.util.stream.AbstractPipeline.wrapAndCopyInto(AbstractPipeline.java:499)
	at java.base/java.util.stream.ForEachOps$ForEachOp.evaluateSequential(ForEachOps.java:150)
	at java.base/java.util.stream.ForEachOps$ForEachOp$OfRef.evaluateSequential(ForEachOps.java:173)
	at java.base/java.util.stream.AbstractPipeline.evaluate(AbstractPipeline.java:234)
	at java.base/java.util.stream.ReferencePipeline.forEach(ReferencePipeline.java:596)
	at java.base/java.util.Optional.orElseGet(Optional.java:364)
	at java.base/java.util.ArrayList.forEach(ArrayList.java:1511)
	at java.base/java.util.ArrayList.forEach(ArrayList.java:1511)

[INFO] Running org.llin.demo.northwind.TestEmailService
2026-06-02 11:05:19.043 [main] INFO  o.s.t.c.s.AnnotationConfigContextLoaderUtils - Could not detect default configuration classes for test class [org.llin.demo.northwind.TestEmailService]: TestEmailService does not declare any static, non-private, non-final, nested classes annotated with @Configuration.
2026-06-02 11:05:19.044 [main] INFO  o.s.b.t.c.SpringBootTestContextBootstrapper - Found @SpringBootConfiguration org.llin.demo.northwind.Application for test class org.llin.demo.northwind.TestEmailService
2026-06-02 11:05:19.047 [main] WARN  o.s.test.context.TestContextManager - Caught exception while allowing TestExecutionListener [org.springframework.test.context.web.ServletTestExecutionListener] to prepare test instance [org.llin.demo.northwind.TestEmailService@33425171]
java.lang.IllegalStateException: ApplicationContext failure threshold (1) exceeded: skipping repeated attempt to load context for [WebMergedContextConfiguration@277474fc testClass = org.llin.demo.northwind.TestEmailService, locations = [], classes = [org.llin.demo.northwind.Application], contextInitializerClasses = [], activeProfiles = [], propertySourceDescriptors = [], propertySourceProperties = ["org.springframework.boot.test.context.SpringBootTestContextBootstrapper=true"], contextCustomizers = [[ImportsContextCustomizer@5ab3f611 key = [@org.springframework.boot.context.properties.EnableConfigurationProperties({org.llin.demo.northwind.config.PropertyDefaultProperties.class}), @org.springframework.boot.test.context.SpringBootTest(args={}, classes={}, properties={}, useMainMethod=NEVER, value={}, webEnvironment=MOCK), @org.apiguardian.api.API(consumers={"*"}, since="5.0", status=STABLE), @org.springframework.context.annotation.Import(value={org.springframework.boot.context.properties.EnableConfigurationPropertiesRegistrar.class}), @org.springframework.test.context.BootstrapWith(value=org.springframework.boot.test.context.SpringBootTestContextBootstrapper.class)]], org.springframework.boot.test.context.filter.ExcludeFilterContextCustomizer@ca30bc1, org.springframework.boot.test.json.DuplicateJsonObjectContextCustomizerFactory$DuplicateJsonObjectContextCustomizer@73cd37c0, org.springframework.boot.test.mock.mockito.MockitoContextCustomizer@fe080806, org.springframework.boot.test.web.client.TestRestTemplateContextCustomizer@673be18f, org.springframework.boot.test.web.reactor.netty.DisableReactorResourceFactoryGlobalResourcesContextCustomizerFactory$DisableReactorResourceFactoryGlobalResourcesContextCustomizerCustomizer@34c01041, org.springframework.boot.test.autoconfigure.OnFailureConditionReportContextCustomizerFactory$OnFailureConditionReportContextCustomizer@36328d33, org.springframework.boot.test.autoconfigure.actuate.observability.ObservabilityContextCustomizerFactory$DisableObservabilityContextCustomizer@1f, org.springframework.boot.test.autoconfigure.properties.PropertyMappingContextCustomizer@0, org.springframework.boot.test.autoconfigure.web.servlet.WebDriverContextCustomizer@554e218, org.springframework.test.context.support.DynamicPropertiesContextCustomizer@0, org.springframework.boot.test.context.SpringBootTestAnnotation@62fe9f3e], resourceBasePath = "src/main/webapp", contextLoader = org.springframework.boot.test.context.SpringBootContextLoader, parent = null]
	at org.springframework.test.context.cache.DefaultCacheAwareContextLoaderDelegate.loadContext(DefaultCacheAwareContextLoaderDelegate.java:145)
	at org.springframework.test.context.support.DefaultTestContext.getApplicationContext(DefaultTestContext.java:130)
	at org.springframework.test.context.web.ServletTestExecutionListener.setUpRequestContextIfNecessary(ServletTestExecutionListener.java:200)
	at org.springframework.test.context.web.ServletTestExecutionListener.prepareTestInstance(ServletTestExecutionListener.java:139)
	at org.springframework.test.context.TestContextManager.prepareTestInstance(TestContextManager.java:260)
	at org.springframework.test.context.junit.jupiter.SpringExtension.postProcessTestInstance(SpringExtension.java:159)
	at org.junit.jupiter.engine.descriptor.ClassBasedTestDescriptor.lambda$invokeTestInstancePostProcessors$11(ClassBasedTestDescriptor.java:378)
	at org.junit.jupiter.engine.descriptor.ClassBasedTestDescriptor.executeAndMaskThrowable(ClassBasedTestDescriptor.java:383)
	at org.junit.jupiter.engine.descriptor.ClassBasedTestDescriptor.lambda$invokeTestInstancePostProcessors$12(ClassBasedTestDescriptor.java:378)
	at java.base/java.util.stream.ForEachOps$ForEachOp$OfRef.accept(ForEachOps.java:183)
	at java.base/java.util.stream.ReferencePipeline$3$1.accept(ReferencePipeline.java:197)
	at java.base/java.util.stream.ReferencePipeline$2$1.accept(ReferencePipeline.java:179)
	at java.base/java.util.stream.ReferencePipeline$3$1.accept(ReferencePipeline.java:197)
	at java.base/java.util.ArrayList$ArrayListSpliterator.forEachRemaining(ArrayList.java:1625)
	at java.base/java.util.stream.AbstractPipeline.copyInto(AbstractPipeline.java:509)
	at java.base/java.util.stream.AbstractPipeline.wrapAndCopyInto(AbstractPipeline.java:499)
	at java.base/java.util.stream.ForEachOps$ForEachOp.evaluateSequential(ForEachOps.java:150)
	at java.base/java.util.stream.ForEachOps$ForEachOp$OfRef.evaluateSequential(ForEachOps.java:173)
	at java.base/java.util.stream.AbstractPipeline.evaluate(AbstractPipeline.java:234)
	at java.base/java.util.stream.ReferencePipeline.forEach(ReferencePipeline.java:596)
	at org.junit.jupiter.engine.descriptor.ClassBasedTestDescriptor.invokeTestInstancePostProcessors(ClassBasedTestDescriptor.java:377)
	at org.junit.jupiter.engine.descriptor.ClassBasedTestDescriptor.lambda$instantiateAndPostProcessTestInstance$7(ClassBasedTestDescriptor.java:290)
	at org.junit.platform.engine.support.hierarchical.ThrowableCollector.execute(ThrowableCollector.java:73)
	at org.junit.jupiter.engine.descriptor.ClassBasedTestDescriptor.instantiateAndPostProcessTestInstance(ClassBasedTestDescriptor.java:289)
	at org.junit.jupiter.engine.descriptor.ClassBasedTestDescriptor.lambda$testInstancesProvider$5(ClassBasedTestDescriptor.java:279)
	at java.base/java.util.Optional.orElseGet(Optional.java:364)
	at org.junit.jupiter.engine.descriptor.ClassBasedTestDescriptor.lambda$testInstancesProvider$6(ClassBasedTestDescriptor.java:278)
	at org.junit.jupiter.engine.execution.TestInstancesProvider.getTestInstances(TestInstancesProvider.java:31)
	at org.junit.jupiter.engine.descriptor.TestMethodTestDescriptor.lambda$prepare$1(TestMethodTestDescriptor.java:105)
	at org.junit.platform.engine.support.hierarchical.ThrowableCollector.execute(ThrowableCollector.java:73)
	at org.junit.jupiter.engine.descriptor.TestMethodTestDescriptor.prepare(TestMethodTestDescriptor.java:104)
	at org.junit.jupiter.engine.descriptor.TestMethodTestDescriptor.prepare(TestMethodTestDescriptor.java:68)
	at org.junit.platform.engine.support.hierarchical.NodeTestTask.lambda$prepare$2(NodeTestTask.java:128)
	at org.junit.platform.engine.support.hierarchical.ThrowableCollector.execute(ThrowableCollector.java:73)
	at org.junit.platform.engine.support.hierarchical.NodeTestTask.prepare(NodeTestTask.java:128)
	at org.junit.platform.engine.support.hierarchical.NodeTestTask.execute(NodeTestTask.java:95)
	at java.base/java.util.ArrayList.forEach(ArrayList.java:1511)
	at org.junit.platform.engine.support.hierarchical.SameThreadHierarchicalTestExecutorService.invokeAll(SameThreadHierarchicalTestExecutorService.java:41)
	at org.junit.platform.engine.support.hierarchical.NodeTestTask.lambda$executeRecursively$6(NodeTestTask.java:160)
	at org.junit.platform.engine.support.hierarchical.ThrowableCollector.execute(ThrowableCollector.java:73)
	at org.junit.platform.engine.support.hierarchical.NodeTestTask.lambda$executeRecursively$8(NodeTestTask.java:146)
	at org.junit.platform.engine.support.hierarchical.Node.around(Node.java:137)
	at org.junit.platform.engine.support.hierarchical.NodeTestTask.lambda$executeRecursively$9(NodeTestTask.java:144)
	at org.junit.platform.engine.support.hierarchical.ThrowableCollector.execute(ThrowableCollector.java:73)
	at org.junit.platform.engine.support.hierarchical.NodeTestTask.executeRecursively(NodeTestTask.java:143)
	at org.junit.platform.engine.support.hierarchical.NodeTestTask.execute(NodeTestTask.java:100)
	at java.base/java.util.ArrayList.forEach(ArrayList.java:1511)
	at org.junit.platform.engine.support.hierarchical.SameThreadHierarchicalTestExecutorService.invokeAll(SameThreadHierarchicalTestExecutorService.java:41)
	at org.junit.platform.engine.support.hierarchical.NodeTestTask.lambda$executeRecursively$6(NodeTestTask.java:160)
	at org.junit.platform.engine.support.hierarchical.ThrowableCollector.execute(ThrowableCollector.java:73)
	at org.junit.platform.engine.support.hierarchical.NodeTestTask.lambda$executeRecursively$8(NodeTestTask.java:146)
	at org.junit.platform.engine.support.hierarchical.Node.around(Node.java:137)
	at org.junit.platform.engine.support.hierarchical.NodeTestTask.lambda$executeRecursively$9(NodeTestTask.java:144)
	at org.junit.platform.engine.support.hierarchical.ThrowableCollector.execute(ThrowableCollector.java:73)
	at org.junit.platform.engine.support.hierarchical.NodeTestTask.executeRecursively(NodeTestTask.java:143)
	at org.junit.platform.engine.support.hierarchical.NodeTestTask.execute(NodeTestTask.java:100)
	at org.junit.platform.engine.support.hierarchical.SameThreadHierarchicalTestExecutorService.submit(SameThreadHierarchicalTestExecutorService.java:35)
	at org.junit.platform.engine.support.hierarchical.HierarchicalTestExecutor.execute(HierarchicalTestExecutor.java:57)
	at org.junit.platform.engine.support.hierarchical.HierarchicalTestEngine.execute(HierarchicalTestEngine.java:54)
	at org.junit.platform.launcher.core.EngineExecutionOrchestrator.execute(EngineExecutionOrchestrator.java:198)
	at org.junit.platform.launcher.core.EngineExecutionOrchestrator.execute(EngineExecutionOrchestrator.java:169)
	at org.junit.platform.launcher.core.EngineExecutionOrchestrator.execute(EngineExecutionOrchestrator.java:93)
	at org.junit.platform.launcher.core.EngineExecutionOrchestrator.lambda$execute$0(EngineExecutionOrchestrator.java:58)
	at org.junit.platform.launcher.core.EngineExecutionOrchestrator.withInterceptedStreams(EngineExecutionOrchestrator.java:141)
	at org.junit.platform.launcher.core.EngineExecutionOrchestrator.execute(EngineExecutionOrchestrator.java:57)
	at org.junit.platform.launcher.core.DefaultLauncher.execute(DefaultLauncher.java:103)
	at org.junit.platform.launcher.core.DefaultLauncher.execute(DefaultLauncher.java:85)
	at org.junit.platform.launcher.core.DelegatingLauncher.execute(DelegatingLauncher.java:47)
	at org.apache.maven.surefire.junitplatform.LazyLauncher.execute(LazyLauncher.java:56)
	at org.apache.maven.surefire.junitplatform.JUnitPlatformProvider.execute(JUnitPlatformProvider.java:194)
	at org.apache.maven.surefire.junitplatform.JUnitPlatformProvider.invokeAllTests(JUnitPlatformProvider.java:150)
	at org.apache.maven.surefire.junitplatform.JUnitPlatformProvider.invoke(JUnitPlatformProvider.java:124)
	at org.apache.maven.surefire.booter.ForkedBooter.runSuitesInProcess(ForkedBooter.java:385)
	at org.apache.maven.surefire.booter.ForkedBooter.execute(ForkedBooter.java:162)
	at org.apache.maven.surefire.booter.ForkedBooter.run(ForkedBooter.java:507)
	at org.apache.maven.surefire.booter.ForkedBooter.main(ForkedBooter.java:495)
[ERROR] Tests run: 1, Failures: 0, Errors: 1, Skipped: 0, Time elapsed: 0.009 s <<< FAILURE! -- in org.llin.demo.northwind.TestEmailService
[ERROR] org.llin.demo.northwind.TestEmailService.testEmail -- Time elapsed: 0 s <<< ERROR!
java.lang.IllegalStateException: ApplicationContext failure threshold (1) exceeded: skipping repeated attempt to load context for [WebMergedContextConfiguration@277474fc testClass = org.llin.demo.northwind.TestEmailService, locations = [], classes = [org.llin.demo.northwind.Application], contextInitializerClasses = [], activeProfiles = [], propertySourceDescriptors = [], propertySourceProperties = ["org.springframework.boot.test.context.SpringBootTestContextBootstrapper=true"], contextCustomizers = [[ImportsContextCustomizer@5ab3f611 key = [@org.springframework.boot.context.properties.EnableConfigurationProperties({org.llin.demo.northwind.config.PropertyDefaultProperties.class}), @org.springframework.boot.test.context.SpringBootTest(args={}, classes={}, properties={}, useMainMethod=NEVER, value={}, webEnvironment=MOCK), @org.apiguardian.api.API(consumers={"*"}, since="5.0", status=STABLE), @org.springframework.context.annotation.Import(value={org.springframework.boot.context.properties.EnableConfigurationPropertiesRegistrar.class}), @org.springframework.test.context.BootstrapWith(value=org.springframework.boot.test.context.SpringBootTestContextBootstrapper.class)]], org.springframework.boot.test.context.filter.ExcludeFilterContextCustomizer@ca30bc1, org.springframework.boot.test.json.DuplicateJsonObjectContextCustomizerFactory$DuplicateJsonObjectContextCustomizer@73cd37c0, org.springframework.boot.test.mock.mockito.MockitoContextCustomizer@fe080806, org.springframework.boot.test.web.client.TestRestTemplateContextCustomizer@673be18f, org.springframework.boot.test.web.reactor.netty.DisableReactorResourceFactoryGlobalResourcesContextCustomizerFactory$DisableReactorResourceFactoryGlobalResourcesContextCustomizerCustomizer@34c01041, org.springframework.boot.test.autoconfigure.OnFailureConditionReportContextCustomizerFactory$OnFailureConditionReportContextCustomizer@36328d33, org.springframework.boot.test.autoconfigure.actuate.observability.ObservabilityContextCustomizerFactory$DisableObservabilityContextCustomizer@1f, org.springframework.boot.test.autoconfigure.properties.PropertyMappingContextCustomizer@0, org.springframework.boot.test.autoconfigure.web.servlet.WebDriverContextCustomizer@554e218, org.springframework.test.context.support.DynamicPropertiesContextCustomizer@0, org.springframework.boot.test.context.SpringBootTestAnnotation@62fe9f3e], resourceBasePath = "src/main/webapp", contextLoader = org.springframework.boot.test.context.SpringBootContextLoader, parent = null]
	at org.springframework.test.context.cache.DefaultCacheAwareContextLoaderDelegate.loadContext(DefaultCacheAwareContextLoaderDelegate.java:145)
	at org.springframework.test.context.support.DefaultTestContext.getApplicationContext(DefaultTestContext.java:130)
	at org.springframework.test.context.web.ServletTestExecutionListener.setUpRequestContextIfNecessary(ServletTestExecutionListener.java:200)
	at org.springframework.test.context.web.ServletTestExecutionListener.prepareTestInstance(ServletTestExecutionListener.java:139)
	at org.springframework.test.context.TestContextManager.prepareTestInstance(TestContextManager.java:260)
	at org.springframework.test.context.junit.jupiter.SpringExtension.postProcessTestInstance(SpringExtension.java:159)
	at java.base/java.util.stream.ForEachOps$ForEachOp$OfRef.accept(ForEachOps.java:183)
	at java.base/java.util.stream.ReferencePipeline$3$1.accept(ReferencePipeline.java:197)
	at java.base/java.util.stream.ReferencePipeline$2$1.accept(ReferencePipeline.java:179)
	at java.base/java.util.stream.ReferencePipeline$3$1.accept(ReferencePipeline.java:197)
	at java.base/java.util.ArrayList$ArrayListSpliterator.forEachRemaining(ArrayList.java:1625)
	at java.base/java.util.stream.AbstractPipeline.copyInto(AbstractPipeline.java:509)
	at java.base/java.util.stream.AbstractPipeline.wrapAndCopyInto(AbstractPipeline.java:499)
	at java.base/java.util.stream.ForEachOps$ForEachOp.evaluateSequential(ForEachOps.java:150)
	at java.base/java.util.stream.ForEachOps$ForEachOp$OfRef.evaluateSequential(ForEachOps.java:173)
	at java.base/java.util.stream.AbstractPipeline.evaluate(AbstractPipeline.java:234)
	at java.base/java.util.stream.ReferencePipeline.forEach(ReferencePipeline.java:596)
	at java.base/java.util.Optional.orElseGet(Optional.java:364)
	at java.base/java.util.ArrayList.forEach(ArrayList.java:1511)
	at java.base/java.util.ArrayList.forEach(ArrayList.java:1511)

[INFO] 
[INFO] Results:
[INFO] 
[ERROR] Errors: 
[ERROR]   SecurityConfigTest.authenticationManagerBeanExists » IllegalState ApplicationContext failure threshold (1) exceeded: skipping repeated attempt to load context for [WebMergedContextConfiguration@7772ec28 testClass = org.llin.demo.northwind.SecurityConfigTest, locations = [], classes = [org.llin.demo.northwind.Application], contextInitializerClasses = [], activeProfiles = [], propertySourceDescriptors = [], propertySourceProperties = ["org.springframework.boot.test.context.SpringBootTestContextBootstrapper=true"], contextCustomizers = [[ImportsContextCustomizer@14d513ca key = [@org.springframework.boot.context.properties.EnableConfigurationProperties({org.llin.demo.northwind.config.PropertyDefaultProperties.class}), @org.springframework.boot.test.context.SpringBootTest(args={}, classes={}, properties={}, useMainMethod=NEVER, value={}, webEnvironment=MOCK), @org.apiguardian.api.API(consumers={"*"}, since="5.0", status=STABLE), @org.springframework.context.annotation.Import(value={org.springframework.boot.context.properties.EnableConfigurationPropertiesRegistrar.class}), @org.springframework.test.context.BootstrapWith(value=org.springframework.boot.test.context.SpringBootTestContextBootstrapper.class)]], org.springframework.boot.test.context.filter.ExcludeFilterContextCustomizer@ca30bc1, org.springframework.boot.test.json.DuplicateJsonObjectContextCustomizerFactory$DuplicateJsonObjectContextCustomizer@73cd37c0, org.springframework.boot.test.mock.mockito.MockitoContextCustomizer@fe080806, org.springframework.boot.test.web.client.TestRestTemplateContextCustomizer@673be18f, org.springframework.boot.test.web.reactor.netty.DisableReactorResourceFactoryGlobalResourcesContextCustomizerFactory$DisableReactorResourceFactoryGlobalResourcesContextCustomizerCustomizer@34c01041, org.springframework.boot.test.autoconfigure.OnFailureConditionReportContextCustomizerFactory$OnFailureConditionReportContextCustomizer@36328d33, org.springframework.boot.test.autoconfigure.actuate.observability.ObservabilityContextCustomizerFactory$DisableObservabilityContextCustomizer@1f, org.springframework.boot.test.autoconfigure.properties.PropertyMappingContextCustomizer@0, org.springframework.boot.test.autoconfigure.web.servlet.WebDriverContextCustomizer@554e218, org.springframework.test.context.support.DynamicPropertiesContextCustomizer@0, org.springframework.boot.test.context.SpringBootTestAnnotation@62fe9f3e], resourceBasePath = "src/main/webapp", contextLoader = org.springframework.boot.test.context.SpringBootContextLoader, parent = null]
[ERROR]   SecurityConfigTest.authenticationProviderHasExpectedDependencies » IllegalState ApplicationContext failure threshold (1) exceeded: skipping repeated attempt to load context for [WebMergedContextConfiguration@7772ec28 testClass = org.llin.demo.northwind.SecurityConfigTest, locations = [], classes = [org.llin.demo.northwind.Application], contextInitializerClasses = [], activeProfiles = [], propertySourceDescriptors = [], propertySourceProperties = ["org.springframework.boot.test.context.SpringBootTestContextBootstrapper=true"], contextCustomizers = [[ImportsContextCustomizer@14d513ca key = [@org.springframework.boot.context.properties.EnableConfigurationProperties({org.llin.demo.northwind.config.PropertyDefaultProperties.class}), @org.springframework.boot.test.context.SpringBootTest(args={}, classes={}, properties={}, useMainMethod=NEVER, value={}, webEnvironment=MOCK), @org.apiguardian.api.API(consumers={"*"}, since="5.0", status=STABLE), @org.springframework.context.annotation.Import(value={org.springframework.boot.context.properties.EnableConfigurationPropertiesRegistrar.class}), @org.springframework.test.context.BootstrapWith(value=org.springframework.boot.test.context.SpringBootTestContextBootstrapper.class)]], org.springframework.boot.test.context.filter.ExcludeFilterContextCustomizer@ca30bc1, org.springframework.boot.test.json.DuplicateJsonObjectContextCustomizerFactory$DuplicateJsonObjectContextCustomizer@73cd37c0, org.springframework.boot.test.mock.mockito.MockitoContextCustomizer@fe080806, org.springframework.boot.test.web.client.TestRestTemplateContextCustomizer@673be18f, org.springframework.boot.test.web.reactor.netty.DisableReactorResourceFactoryGlobalResourcesContextCustomizerFactory$DisableReactorResourceFactoryGlobalResourcesContextCustomizerCustomizer@34c01041, org.springframework.boot.test.autoconfigure.OnFailureConditionReportContextCustomizerFactory$OnFailureConditionReportContextCustomizer@36328d33, org.springframework.boot.test.autoconfigure.actuate.observability.ObservabilityContextCustomizerFactory$DisableObservabilityContextCustomizer@1f, org.springframework.boot.test.autoconfigure.properties.PropertyMappingContextCustomizer@0, org.springframework.boot.test.autoconfigure.web.servlet.WebDriverContextCustomizer@554e218, org.springframework.test.context.support.DynamicPropertiesContextCustomizer@0, org.springframework.boot.test.context.SpringBootTestAnnotation@62fe9f3e], resourceBasePath = "src/main/webapp", contextLoader = org.springframework.boot.test.context.SpringBootContextLoader, parent = null]
[ERROR]   SecurityConfigTest.authenticationProviderSupportsUsernamePasswordToken » IllegalState ApplicationContext failure threshold (1) exceeded: skipping repeated attempt to load context for [WebMergedContextConfiguration@7772ec28 testClass = org.llin.demo.northwind.SecurityConfigTest, locations = [], classes = [org.llin.demo.northwind.Application], contextInitializerClasses = [], activeProfiles = [], propertySourceDescriptors = [], propertySourceProperties = ["org.springframework.boot.test.context.SpringBootTestContextBootstrapper=true"], contextCustomizers = [[ImportsContextCustomizer@14d513ca key = [@org.springframework.boot.context.properties.EnableConfigurationProperties({org.llin.demo.northwind.config.PropertyDefaultProperties.class}), @org.springframework.boot.test.context.SpringBootTest(args={}, classes={}, properties={}, useMainMethod=NEVER, value={}, webEnvironment=MOCK), @org.apiguardian.api.API(consumers={"*"}, since="5.0", status=STABLE), @org.springframework.context.annotation.Import(value={org.springframework.boot.context.properties.EnableConfigurationPropertiesRegistrar.class}), @org.springframework.test.context.BootstrapWith(value=org.springframework.boot.test.context.SpringBootTestContextBootstrapper.class)]], org.springframework.boot.test.context.filter.ExcludeFilterContextCustomizer@ca30bc1, org.springframework.boot.test.json.DuplicateJsonObjectContextCustomizerFactory$DuplicateJsonObjectContextCustomizer@73cd37c0, org.springframework.boot.test.mock.mockito.MockitoContextCustomizer@fe080806, org.springframework.boot.test.web.client.TestRestTemplateContextCustomizer@673be18f, org.springframework.boot.test.web.reactor.netty.DisableReactorResourceFactoryGlobalResourcesContextCustomizerFactory$DisableReactorResourceFactoryGlobalResourcesContextCustomizerCustomizer@34c01041, org.springframework.boot.test.autoconfigure.OnFailureConditionReportContextCustomizerFactory$OnFailureConditionReportContextCustomizer@36328d33, org.springframework.boot.test.autoconfigure.actuate.observability.ObservabilityContextCustomizerFactory$DisableObservabilityContextCustomizer@1f, org.springframework.boot.test.autoconfigure.properties.PropertyMappingContextCustomizer@0, org.springframework.boot.test.autoconfigure.web.servlet.WebDriverContextCustomizer@554e218, org.springframework.test.context.support.DynamicPropertiesContextCustomizer@0, org.springframework.boot.test.context.SpringBootTestAnnotation@62fe9f3e], resourceBasePath = "src/main/webapp", contextLoader = org.springframework.boot.test.context.SpringBootContextLoader, parent = null]
[ERROR]   SecurityConfigTest.passwordEncoderBeanExists » IllegalState Failed to load ApplicationContext for [WebMergedContextConfiguration@7772ec28 testClass = org.llin.demo.northwind.SecurityConfigTest, locations = [], classes = [org.llin.demo.northwind.Application], contextInitializerClasses = [], activeProfiles = [], propertySourceDescriptors = [], propertySourceProperties = ["org.springframework.boot.test.context.SpringBootTestContextBootstrapper=true"], contextCustomizers = [[ImportsContextCustomizer@14d513ca key = [@org.springframework.boot.context.properties.EnableConfigurationProperties({org.llin.demo.northwind.config.PropertyDefaultProperties.class}), @org.springframework.boot.test.context.SpringBootTest(args={}, classes={}, properties={}, useMainMethod=NEVER, value={}, webEnvironment=MOCK), @org.apiguardian.api.API(consumers={"*"}, since="5.0", status=STABLE), @org.springframework.context.annotation.Import(value={org.springframework.boot.context.properties.EnableConfigurationPropertiesRegistrar.class}), @org.springframework.test.context.BootstrapWith(value=org.springframework.boot.test.context.SpringBootTestContextBootstrapper.class)]], org.springframework.boot.test.context.filter.ExcludeFilterContextCustomizer@ca30bc1, org.springframework.boot.test.json.DuplicateJsonObjectContextCustomizerFactory$DuplicateJsonObjectContextCustomizer@73cd37c0, org.springframework.boot.test.mock.mockito.MockitoContextCustomizer@fe080806, org.springframework.boot.test.web.client.TestRestTemplateContextCustomizer@673be18f, org.springframework.boot.test.web.reactor.netty.DisableReactorResourceFactoryGlobalResourcesContextCustomizerFactory$DisableReactorResourceFactoryGlobalResourcesContextCustomizerCustomizer@34c01041, org.springframework.boot.test.autoconfigure.OnFailureConditionReportContextCustomizerFactory$OnFailureConditionReportContextCustomizer@36328d33, org.springframework.boot.test.autoconfigure.actuate.observability.ObservabilityContextCustomizerFactory$DisableObservabilityContextCustomizer@1f, org.springframework.boot.test.autoconfigure.properties.PropertyMappingContextCustomizer@0, org.springframework.boot.test.autoconfigure.web.servlet.WebDriverContextCustomizer@554e218, org.springframework.test.context.support.DynamicPropertiesContextCustomizer@0, org.springframework.boot.test.context.SpringBootTestAnnotation@62fe9f3e], resourceBasePath = "src/main/webapp", contextLoader = org.springframework.boot.test.context.SpringBootContextLoader, parent = null]
[ERROR]   SecurityConfigTest.providerCanAuthenticateWithDummyCredentials » IllegalState ApplicationContext failure threshold (1) exceeded: skipping repeated attempt to load context for [WebMergedContextConfiguration@7772ec28 testClass = org.llin.demo.northwind.SecurityConfigTest, locations = [], classes = [org.llin.demo.northwind.Application], contextInitializerClasses = [], activeProfiles = [], propertySourceDescriptors = [], propertySourceProperties = ["org.springframework.boot.test.context.SpringBootTestContextBootstrapper=true"], contextCustomizers = [[ImportsContextCustomizer@14d513ca key = [@org.springframework.boot.context.properties.EnableConfigurationProperties({org.llin.demo.northwind.config.PropertyDefaultProperties.class}), @org.springframework.boot.test.context.SpringBootTest(args={}, classes={}, properties={}, useMainMethod=NEVER, value={}, webEnvironment=MOCK), @org.apiguardian.api.API(consumers={"*"}, since="5.0", status=STABLE), @org.springframework.context.annotation.Import(value={org.springframework.boot.context.properties.EnableConfigurationPropertiesRegistrar.class}), @org.springframework.test.context.BootstrapWith(value=org.springframework.boot.test.context.SpringBootTestContextBootstrapper.class)]], org.springframework.boot.test.context.filter.ExcludeFilterContextCustomizer@ca30bc1, org.springframework.boot.test.json.DuplicateJsonObjectContextCustomizerFactory$DuplicateJsonObjectContextCustomizer@73cd37c0, org.springframework.boot.test.mock.mockito.MockitoContextCustomizer@fe080806, org.springframework.boot.test.web.client.TestRestTemplateContextCustomizer@673be18f, org.springframework.boot.test.web.reactor.netty.DisableReactorResourceFactoryGlobalResourcesContextCustomizerFactory$DisableReactorResourceFactoryGlobalResourcesContextCustomizerCustomizer@34c01041, org.springframework.boot.test.autoconfigure.OnFailureConditionReportContextCustomizerFactory$OnFailureConditionReportContextCustomizer@36328d33, org.springframework.boot.test.autoconfigure.actuate.observability.ObservabilityContextCustomizerFactory$DisableObservabilityContextCustomizer@1f, org.springframework.boot.test.autoconfigure.properties.PropertyMappingContextCustomizer@0, org.springframework.boot.test.autoconfigure.web.servlet.WebDriverContextCustomizer@554e218, org.springframework.test.context.support.DynamicPropertiesContextCustomizer@0, org.springframework.boot.test.context.SpringBootTestAnnotation@62fe9f3e], resourceBasePath = "src/main/webapp", contextLoader = org.springframework.boot.test.context.SpringBootContextLoader, parent = null]
[ERROR]   SecurityConfigTest.securityFilterChainBeanExists » IllegalState ApplicationContext failure threshold (1) exceeded: skipping repeated attempt to load context for [WebMergedContextConfiguration@7772ec28 testClass = org.llin.demo.northwind.SecurityConfigTest, locations = [], classes = [org.llin.demo.northwind.Application], contextInitializerClasses = [], activeProfiles = [], propertySourceDescriptors = [], propertySourceProperties = ["org.springframework.boot.test.context.SpringBootTestContextBootstrapper=true"], contextCustomizers = [[ImportsContextCustomizer@14d513ca key = [@org.springframework.boot.context.properties.EnableConfigurationProperties({org.llin.demo.northwind.config.PropertyDefaultProperties.class}), @org.springframework.boot.test.context.SpringBootTest(args={}, classes={}, properties={}, useMainMethod=NEVER, value={}, webEnvironment=MOCK), @org.apiguardian.api.API(consumers={"*"}, since="5.0", status=STABLE), @org.springframework.context.annotation.Import(value={org.springframework.boot.context.properties.EnableConfigurationPropertiesRegistrar.class}), @org.springframework.test.context.BootstrapWith(value=org.springframework.boot.test.context.SpringBootTestContextBootstrapper.class)]], org.springframework.boot.test.context.filter.ExcludeFilterContextCustomizer@ca30bc1, org.springframework.boot.test.json.DuplicateJsonObjectContextCustomizerFactory$DuplicateJsonObjectContextCustomizer@73cd37c0, org.springframework.boot.test.mock.mockito.MockitoContextCustomizer@fe080806, org.springframework.boot.test.web.client.TestRestTemplateContextCustomizer@673be18f, org.springframework.boot.test.web.reactor.netty.DisableReactorResourceFactoryGlobalResourcesContextCustomizerFactory$DisableReactorResourceFactoryGlobalResourcesContextCustomizerCustomizer@34c01041, org.springframework.boot.test.autoconfigure.OnFailureConditionReportContextCustomizerFactory$OnFailureConditionReportContextCustomizer@36328d33, org.springframework.boot.test.autoconfigure.actuate.observability.ObservabilityContextCustomizerFactory$DisableObservabilityContextCustomizer@1f, org.springframework.boot.test.autoconfigure.properties.PropertyMappingContextCustomizer@0, org.springframework.boot.test.autoconfigure.web.servlet.WebDriverContextCustomizer@554e218, org.springframework.test.context.support.DynamicPropertiesContextCustomizer@0, org.springframework.boot.test.context.SpringBootTestAnnotation@62fe9f3e], resourceBasePath = "src/main/webapp", contextLoader = org.springframework.boot.test.context.SpringBootContextLoader, parent = null]
[ERROR]   SecurityConfigTest.userDetailsServiceBeanExists » IllegalState ApplicationContext failure threshold (1) exceeded: skipping repeated attempt to load context for [WebMergedContextConfiguration@7772ec28 testClass = org.llin.demo.northwind.SecurityConfigTest, locations = [], classes = [org.llin.demo.northwind.Application], contextInitializerClasses = [], activeProfiles = [], propertySourceDescriptors = [], propertySourceProperties = ["org.springframework.boot.test.context.SpringBootTestContextBootstrapper=true"], contextCustomizers = [[ImportsContextCustomizer@14d513ca key = [@org.springframework.boot.context.properties.EnableConfigurationProperties({org.llin.demo.northwind.config.PropertyDefaultProperties.class}), @org.springframework.boot.test.context.SpringBootTest(args={}, classes={}, properties={}, useMainMethod=NEVER, value={}, webEnvironment=MOCK), @org.apiguardian.api.API(consumers={"*"}, since="5.0", status=STABLE), @org.springframework.context.annotation.Import(value={org.springframework.boot.context.properties.EnableConfigurationPropertiesRegistrar.class}), @org.springframework.test.context.BootstrapWith(value=org.springframework.boot.test.context.SpringBootTestContextBootstrapper.class)]], org.springframework.boot.test.context.filter.ExcludeFilterContextCustomizer@ca30bc1, org.springframework.boot.test.json.DuplicateJsonObjectContextCustomizerFactory$DuplicateJsonObjectContextCustomizer@73cd37c0, org.springframework.boot.test.mock.mockito.MockitoContextCustomizer@fe080806, org.springframework.boot.test.web.client.TestRestTemplateContextCustomizer@673be18f, org.springframework.boot.test.web.reactor.netty.DisableReactorResourceFactoryGlobalResourcesContextCustomizerFactory$DisableReactorResourceFactoryGlobalResourcesContextCustomizerCustomizer@34c01041, org.springframework.boot.test.autoconfigure.OnFailureConditionReportContextCustomizerFactory$OnFailureConditionReportContextCustomizer@36328d33, org.springframework.boot.test.autoconfigure.actuate.observability.ObservabilityContextCustomizerFactory$DisableObservabilityContextCustomizer@1f, org.springframework.boot.test.autoconfigure.properties.PropertyMappingContextCustomizer@0, org.springframework.boot.test.autoconfigure.web.servlet.WebDriverContextCustomizer@554e218, org.springframework.test.context.support.DynamicPropertiesContextCustomizer@0, org.springframework.boot.test.context.SpringBootTestAnnotation@62fe9f3e], resourceBasePath = "src/main/webapp", contextLoader = org.springframework.boot.test.context.SpringBootContextLoader, parent = null]
[ERROR]   TestDefaultProperties.testDefaultPropertyValues » IllegalState ApplicationContext failure threshold (1) exceeded: skipping repeated attempt to load context for [WebMergedContextConfiguration@6cb417fc testClass = org.llin.demo.northwind.TestDefaultProperties, locations = [], classes = [org.llin.demo.northwind.Application], contextInitializerClasses = [], activeProfiles = [], propertySourceDescriptors = [], propertySourceProperties = ["org.springframework.boot.test.context.SpringBootTestContextBootstrapper=true"], contextCustomizers = [[ImportsContextCustomizer@239bc43f key = [@org.springframework.boot.context.properties.EnableConfigurationProperties({org.llin.demo.northwind.config.PropertyDefaultProperties.class}), @org.springframework.boot.test.context.SpringBootTest(args={}, classes={}, properties={}, useMainMethod=NEVER, value={}, webEnvironment=MOCK), @org.apiguardian.api.API(consumers={"*"}, since="5.0", status=STABLE), @org.springframework.context.annotation.Import(value={org.springframework.boot.context.properties.EnableConfigurationPropertiesRegistrar.class}), @org.springframework.test.context.BootstrapWith(value=org.springframework.boot.test.context.SpringBootTestContextBootstrapper.class)]], org.springframework.boot.test.context.filter.ExcludeFilterContextCustomizer@ca30bc1, org.springframework.boot.test.json.DuplicateJsonObjectContextCustomizerFactory$DuplicateJsonObjectContextCustomizer@73cd37c0, org.springframework.boot.test.mock.mockito.MockitoContextCustomizer@fe080806, org.springframework.boot.test.web.client.TestRestTemplateContextCustomizer@673be18f, org.springframework.boot.test.web.reactor.netty.DisableReactorResourceFactoryGlobalResourcesContextCustomizerFactory$DisableReactorResourceFactoryGlobalResourcesContextCustomizerCustomizer@34c01041, org.springframework.boot.test.autoconfigure.OnFailureConditionReportContextCustomizerFactory$OnFailureConditionReportContextCustomizer@36328d33, org.springframework.boot.test.autoconfigure.actuate.observability.ObservabilityContextCustomizerFactory$DisableObservabilityContextCustomizer@1f, org.springframework.boot.test.autoconfigure.properties.PropertyMappingContextCustomizer@0, org.springframework.boot.test.autoconfigure.web.servlet.WebDriverContextCustomizer@554e218, org.springframework.test.context.support.DynamicPropertiesContextCustomizer@0, org.springframework.boot.test.context.SpringBootTestAnnotation@62fe9f3e], resourceBasePath = "src/main/webapp", contextLoader = org.springframework.boot.test.context.SpringBootContextLoader, parent = null]
[ERROR]   TestEmailService.testEmail » IllegalState ApplicationContext failure threshold (1) exceeded: skipping repeated attempt to load context for [WebMergedContextConfiguration@277474fc testClass = org.llin.demo.northwind.TestEmailService, locations = [], classes = [org.llin.demo.northwind.Application], contextInitializerClasses = [], activeProfiles = [], propertySourceDescriptors = [], propertySourceProperties = ["org.springframework.boot.test.context.SpringBootTestContextBootstrapper=true"], contextCustomizers = [[ImportsContextCustomizer@5ab3f611 key = [@org.springframework.boot.context.properties.EnableConfigurationProperties({org.llin.demo.northwind.config.PropertyDefaultProperties.class}), @org.springframework.boot.test.context.SpringBootTest(args={}, classes={}, properties={}, useMainMethod=NEVER, value={}, webEnvironment=MOCK), @org.apiguardian.api.API(consumers={"*"}, since="5.0", status=STABLE), @org.springframework.context.annotation.Import(value={org.springframework.boot.context.properties.EnableConfigurationPropertiesRegistrar.class}), @org.springframework.test.context.BootstrapWith(value=org.springframework.boot.test.context.SpringBootTestContextBootstrapper.class)]], org.springframework.boot.test.context.filter.ExcludeFilterContextCustomizer@ca30bc1, org.springframework.boot.test.json.DuplicateJsonObjectContextCustomizerFactory$DuplicateJsonObjectContextCustomizer@73cd37c0, org.springframework.boot.test.mock.mockito.MockitoContextCustomizer@fe080806, org.springframework.boot.test.web.client.TestRestTemplateContextCustomizer@673be18f, org.springframework.boot.test.web.reactor.netty.DisableReactorResourceFactoryGlobalResourcesContextCustomizerFactory$DisableReactorResourceFactoryGlobalResourcesContextCustomizerCustomizer@34c01041, org.springframework.boot.test.autoconfigure.OnFailureConditionReportContextCustomizerFactory$OnFailureConditionReportContextCustomizer@36328d33, org.springframework.boot.test.autoconfigure.actuate.observability.ObservabilityContextCustomizerFactory$DisableObservabilityContextCustomizer@1f, org.springframework.boot.test.autoconfigure.properties.PropertyMappingContextCustomizer@0, org.springframework.boot.test.autoconfigure.web.servlet.WebDriverContextCustomizer@554e218, org.springframework.test.context.support.DynamicPropertiesContextCustomizer@0, org.springframework.boot.test.context.SpringBootTestAnnotation@62fe9f3e], resourceBasePath = "src/main/webapp", contextLoader = org.springframework.boot.test.context.SpringBootContextLoader, parent = null]
[INFO] 
[ERROR] Tests run: 9, Failures: 0, Errors: 9, Skipped: 0
[INFO] 
[INFO] ------------------------------------------------------------------------
[INFO] BUILD FAILURE
[INFO] ------------------------------------------------------------------------
[INFO] Total time:  34.699 s
[INFO] Finished at: 2026-06-02T11:05:20-04:00
[INFO] ------------------------------------------------------------------------
[ERROR] Failed to execute goal org.apache.maven.plugins:maven-surefire-plugin:3.5.3:test (default-test) on project northwind-frontend: 
[ERROR] 
[ERROR] See E:\Documents\eclipse-workspace\northwind-frontend\target\surefire-reports for the individual test results.
[ERROR] See dump files (if any exist) [date].dump, [date]-jvmRun[N].dump and [date].dumpstream.
[ERROR] -> [Help 1]
[ERROR] 
[ERROR] To see the full stack trace of the errors, re-run Maven with the -e switch.
[ERROR] Re-run Maven using the -X switch to enable full debug logging.
[ERROR] 
[ERROR] For more information about the errors and possible solutions, please read the following articles:
[ERROR] [Help 1] http://cwiki.apache.org/confluence/display/MAVEN/MojoFailureException
